[2022-03-27T20:29:08.626+0800][0.010s] Using Concurrent Mark Sweep
[2022-03-27T20:29:08.626+0800][0.010s] Heap address: 0x00000007e0000000, size: 512 MB, Compressed Oops mode: Zero based, Oop shift amount: 3
[2022-03-27T20:29:10.301+0800][1.685s] GC(0) Pause Young (Allocation Failure)
[2022-03-27T20:29:10.301+0800][1.686s] GC(0) Using 4 workers of 4 for evacuation
[2022-03-27T20:29:10.309+0800][1.694s] GC(0) ParNew: 87424K->10270K(109248K)
[2022-03-27T20:29:10.309+0800][1.694s] GC(0) CMS: 0K->0K(393216K)
[2022-03-27T20:29:10.309+0800][1.694s] GC(0) Metaspace: 14463K->14463K(1062912K)
[2022-03-27T20:29:10.309+0800][1.694s] GC(0) Pause Young (Allocation Failure) 85M->10M(490M) 8.357ms
[2022-03-27T20:29:10.309+0800][1.694s] GC(0) User=0.03s Sys=0.00s Real=0.00s
[2022-03-27T20:29:11.245+0800][2.629s] GC(1) Pause Young (Allocation Failure)
[2022-03-27T20:29:11.245+0800][2.629s] GC(1) Using 4 workers of 4 for evacuation
[2022-03-27T20:29:11.254+0800][2.638s] GC(1) ParNew: 97694K->15812K(109248K)
[2022-03-27T20:29:11.254+0800][2.638s] GC(1) CMS: 0K->0K(393216K)
[2022-03-27T20:29:11.254+0800][2.638s] GC(1) Metaspace: 23363K->23363K(1071104K)
[2022-03-27T20:29:11.254+0800][2.638s] GC(1) Pause Young (Allocation Failure) 95M->15M(490M) 9.266ms
[2022-03-27T20:29:11.254+0800][2.638s] GC(1) User=0.03s Sys=0.00s Real=0.01s
[2022-03-27T20:29:11.254+0800][2.639s] GC(2) Pause Initial Mark
[2022-03-27T20:29:11.256+0800][2.641s] GC(2) Pause Initial Mark 16M->16M(490M) 1.847ms
[2022-03-27T20:29:11.256+0800][2.641s] GC(2) User=0.01s Sys=0.00s Real=0.00s
[2022-03-27T20:29:11.256+0800][2.641s] GC(2) Concurrent Mark
[2022-03-27T20:29:11.257+0800][2.641s] GC(2) Using 4 workers of 4 for marking
[2022-03-27T20:29:11.257+0800][2.641s] GC(2) Concurrent Mark 0.334ms
[2022-03-27T20:29:11.257+0800][2.641s] GC(2) User=0.00s Sys=0.00s Real=0.00s
[2022-03-27T20:29:11.259+0800][2.644s] GC(2) Concurrent Preclean
[2022-03-27T20:29:11.260+0800][2.645s] GC(2) Concurrent Preclean 0.832ms
[2022-03-27T20:29:11.260+0800][2.645s] GC(2) User=0.00s Sys=0.00s Real=0.01s
[2022-03-27T20:29:11.260+0800][2.645s] GC(2) Pause Remark
[2022-03-27T20:29:11.260+0800][2.645s] GC(3) Pause Young (CMS Final Remark)
[2022-03-27T20:29:11.260+0800][2.645s] GC(3) Using 4 workers of 4 for evacuation
[2022-03-27T20:29:11.267+0800][2.651s] GC(3) ParNew: 17400K->18633K(109248K)
[2022-03-27T20:29:11.267+0800][2.651s] GC(3) CMS: 0K->0K(393216K)
[2022-03-27T20:29:11.267+0800][2.651s] GC(3) Metaspace: 23366K->23366K(1071104K)
[2022-03-27T20:29:11.267+0800][2.651s] GC(3) Pause Young (CMS Final Remark) 16M->18M(490M) 6.220ms
[2022-03-27T20:29:11.267+0800][2.651s] GC(3) User=0.02s Sys=0.00s Real=0.00s
[2022-03-27T20:29:11.272+0800][2.657s] GC(2) Pause Remark 16M->18M(490M) 12.073ms
[2022-03-27T20:29:11.272+0800][2.657s] GC(2) User=0.03s Sys=0.00s Real=0.01s
[2022-03-27T20:29:11.273+0800][2.657s] GC(2) Concurrent Sweep
[2022-03-27T20:29:11.273+0800][2.658s] GC(2) Concurrent Sweep 0.339ms
[2022-03-27T20:29:11.273+0800][2.658s] GC(2) User=0.00s Sys=0.00s Real=0.00s
[2022-03-27T20:29:11.274+0800][2.658s] GC(2) Concurrent Reset
[2022-03-27T20:29:11.277+0800][2.662s] GC(2) Concurrent Reset 3.847ms
[2022-03-27T20:29:11.277+0800][2.662s] GC(2) User=0.01s Sys=0.00s Real=0.00s
[2022-03-27T20:29:11.277+0800][2.662s] GC(2) Old: 0K->0K(393216K)
[2022-03-27T20:43:14.250+0800][845.639s] GC(4) Pause Young (Allocation Failure)
[2022-03-27T20:43:14.251+0800][845.640s] GC(4) Using 4 workers of 4 for evacuation
[2022-03-27T20:43:14.269+0800][845.658s] GC(4) ParNew: 106057K->21824K(109248K)
[2022-03-27T20:43:14.269+0800][845.658s] GC(4) CMS: 0K->80K(393216K)
[2022-03-27T20:43:14.269+0800][845.658s] GC(4) Metaspace: 28992K->28992K(1075200K)
[2022-03-27T20:43:14.269+0800][845.658s] GC(4) Pause Young (Allocation Failure) 103M->21M(490M) 18.166ms
[2022-03-27T20:43:14.269+0800][845.658s] GC(4) User=0.04s Sys=0.03s Real=0.01s
[2022-03-27T20:43:14.510+0800][845.899s] GC(5) Pause Young (Allocation Failure)
[2022-03-27T20:43:14.510+0800][845.899s] GC(5) Using 4 workers of 4 for evacuation
[2022-03-27T20:43:14.519+0800][845.908s] GC(5) ParNew: 109248K->21824K(109248K)
[2022-03-27T20:43:14.519+0800][845.908s] GC(5) CMS: 80K->80K(393216K)
[2022-03-27T20:43:14.519+0800][845.908s] GC(5) Metaspace: 30716K->30716K(1077248K)
[2022-03-27T20:43:14.519+0800][845.908s] GC(5) Pause Young (Allocation Failure) 106M->21M(490M) 9.364ms
[2022-03-27T20:43:14.519+0800][845.908s] GC(5) User=0.03s Sys=0.01s Real=0.00s
[2022-03-27T20:43:14.661+0800][846.050s] GC(6) Pause Young (Allocation Failure)
[2022-03-27T20:43:14.661+0800][846.050s] GC(6) Using 4 workers of 4 for evacuation
[2022-03-27T20:43:14.669+0800][846.058s] GC(6) ParNew: 109248K->21824K(109248K)
[2022-03-27T20:43:14.669+0800][846.058s] GC(6) CMS: 80K->97K(393216K)
[2022-03-27T20:43:14.669+0800][846.058s] GC(6) Metaspace: 31555K->31555K(1077248K)
[2022-03-27T20:43:14.669+0800][846.058s] GC(6) Pause Young (Allocation Failure) 106M->21M(490M) 7.937ms
[2022-03-27T20:43:14.669+0800][846.058s] GC(6) User=0.03s Sys=0.00s Real=0.00s
[2022-03-27T20:43:15.234+0800][846.623s] GC(7) Pause Young (Allocation Failure)
[2022-03-27T20:43:15.234+0800][846.623s] GC(7) Using 4 workers of 4 for evacuation
[2022-03-27T20:43:15.245+0800][846.634s] GC(7) ParNew: 109248K->21824K(109248K)
[2022-03-27T20:43:15.245+0800][846.634s] GC(7) CMS: 97K->253K(393216K)
[2022-03-27T20:43:15.245+0800][846.634s] GC(7) Metaspace: 35854K->35854K(1081344K)
[2022-03-27T20:43:15.245+0800][846.634s] GC(7) Pause Young (Allocation Failure) 106M->21M(490M) 10.389ms
[2022-03-27T20:43:15.245+0800][846.634s] GC(7) User=0.04s Sys=0.00s Real=0.01s
[2022-03-27T21:01:50.914+0800][1962.258s] GC(8) Pause Young (Allocation Failure)
[2022-03-27T21:01:50.914+0800][1962.259s] GC(8) Using 4 workers of 4 for evacuation
[2022-03-27T21:01:50.955+0800][1962.299s] GC(8) ParNew: 109248K->21824K(109248K)
[2022-03-27T21:01:50.955+0800][1962.299s] GC(8) CMS: 253K->9629K(393216K)
[2022-03-27T21:01:50.955+0800][1962.299s] GC(8) Metaspace: 40176K->40176K(1085440K)
[2022-03-27T21:01:50.955+0800][1962.299s] GC(8) Pause Young (Allocation Failure) 106M->30M(490M) 41.208ms
[2022-03-27T21:01:50.955+0800][1962.299s] GC(8) User=0.07s Sys=0.08s Real=0.04s
[2022-03-27T21:01:50.955+0800][1962.299s] GC(9) Pause Initial Mark
[2022-03-27T21:01:50.958+0800][1962.302s] GC(9) Pause Initial Mark 31M->31M(490M) 3.000ms
[2022-03-27T21:01:50.958+0800][1962.302s] GC(9) User=0.00s Sys=0.00s Real=0.00s
[2022-03-27T21:01:50.958+0800][1962.303s] GC(9) Concurrent Mark
[2022-03-27T21:01:50.958+0800][1962.303s] GC(9) Using 4 workers of 4 for marking
[2022-03-27T21:01:50.963+0800][1962.308s] GC(9) Concurrent Mark 5.031ms
[2022-03-27T21:01:50.963+0800][1962.308s] GC(9) User=0.02s Sys=0.00s Real=0.01s
[2022-03-27T21:01:50.963+0800][1962.308s] GC(9) Concurrent Preclean
[2022-03-27T21:01:50.964+0800][1962.308s] GC(9) Concurrent Preclean 0.683ms
[2022-03-27T21:01:50.964+0800][1962.308s] GC(9) User=0.00s Sys=0.00s Real=0.00s
[2022-03-27T21:01:50.964+0800][1962.308s] GC(9) Pause Remark
[2022-03-27T21:01:50.964+0800][1962.308s] GC(10) Pause Young (CMS Final Remark)
[2022-03-27T21:01:50.964+0800][1962.308s] GC(10) Using 4 workers of 4 for evacuation
[2022-03-27T21:01:50.971+0800][1962.316s] GC(10) ParNew: 22598K->21824K(109248K)
[2022-03-27T21:01:50.971+0800][1962.316s] GC(10) CMS: 9629K->9629K(393216K)
[2022-03-27T21:01:50.971+0800][1962.316s] GC(10) Metaspace: 40209K->40209K(1085440K)
[2022-03-27T21:01:50.971+0800][1962.316s] GC(10) Pause Young (CMS Final Remark) 31M->30M(490M) 7.228ms
[2022-03-27T21:01:50.971+0800][1962.316s] GC(10) User=0.03s Sys=0.00s Real=0.01s
[2022-03-27T21:01:50.983+0800][1962.328s] GC(9) Pause Remark 31M->30M(490M) 19.278ms
[2022-03-27T21:01:50.983+0800][1962.328s] GC(9) User=0.05s Sys=0.00s Real=0.02s
[2022-03-27T21:01:50.983+0800][1962.328s] GC(9) Concurrent Sweep
[2022-03-27T21:01:50.986+0800][1962.330s] GC(9) Concurrent Sweep 2.344ms
[2022-03-27T21:01:50.986+0800][1962.330s] GC(9) User=0.00s Sys=0.00s Real=0.00s
[2022-03-27T21:01:50.986+0800][1962.330s] GC(9) Concurrent Reset
[2022-03-27T21:01:50.989+0800][1962.333s] GC(9) Concurrent Reset 2.798ms
[2022-03-27T21:01:50.989+0800][1962.333s] GC(9) User=0.01s Sys=0.01s Real=0.00s
[2022-03-27T21:01:50.989+0800][1962.333s] GC(9) Old: 9629K->9599K(393216K)
[2022-03-27T21:01:51.910+0800][1963.254s] GC(11) Pause Young (Allocation Failure)
[2022-03-27T21:01:51.910+0800][1963.254s] GC(11) Using 4 workers of 4 for evacuation
[2022-03-27T21:01:51.922+0800][1963.266s] GC(11) ParNew: 109248K->21261K(109248K)
[2022-03-27T21:01:51.922+0800][1963.266s] GC(11) CMS: 9599K->12508K(393216K)
[2022-03-27T21:01:51.922+0800][1963.266s] GC(11) Metaspace: 43631K->43631K(1089536K)
[2022-03-27T21:01:51.922+0800][1963.266s] GC(11) Pause Young (Allocation Failure) 116M->32M(490M) 11.739ms
[2022-03-27T21:01:51.922+0800][1963.266s] GC(11) User=0.07s Sys=0.01s Real=0.01s
[2022-03-27T21:01:52.091+0800][1963.436s] GC(12) Pause Young (Allocation Failure)
[2022-03-27T21:01:52.091+0800][1963.436s] GC(12) Using 4 workers of 4 for evacuation
[2022-03-27T21:01:52.098+0800][1963.443s] GC(12) ParNew: 108685K->18458K(109248K)
[2022-03-27T21:01:52.098+0800][1963.443s] GC(12) CMS: 12508K->12513K(393216K)
[2022-03-27T21:01:52.098+0800][1963.443s] GC(12) Metaspace: 43708K->43708K(1089536K)
[2022-03-27T21:01:52.098+0800][1963.443s] GC(12) Pause Young (Allocation Failure) 118M->30M(490M) 7.217ms
[2022-03-27T21:01:52.098+0800][1963.443s] GC(12) User=0.04s Sys=0.00s Real=0.00s
[2022-03-27T21:01:52.477+0800][1963.821s] GC(13) Pause Young (Allocation Failure)
[2022-03-27T21:01:52.477+0800][1963.821s] GC(13) Using 4 workers of 4 for evacuation
[2022-03-27T21:01:52.489+0800][1963.834s] GC(13) ParNew: 105882K->21824K(109248K)
[2022-03-27T21:01:52.489+0800][1963.834s] GC(13) CMS: 12513K->18507K(393216K)
[2022-03-27T21:01:52.489+0800][1963.834s] GC(13) Metaspace: 44646K->44646K(1089536K)
[2022-03-27T21:01:52.489+0800][1963.834s] GC(13) Pause Young (Allocation Failure) 115M->39M(490M) 12.313ms
[2022-03-27T21:01:52.489+0800][1963.834s] GC(13) User=0.05s Sys=0.00s Real=0.01s
[2022-03-27T21:01:53.047+0800][1964.392s] GC(14) Pause Young (Allocation Failure)
[2022-03-27T21:01:53.047+0800][1964.392s] GC(14) Using 4 workers of 4 for evacuation
[2022-03-27T21:01:53.056+0800][1964.400s] GC(14) ParNew: 109248K->17358K(109248K)
[2022-03-27T21:01:53.056+0800][1964.400s] GC(14) CMS: 18507K->19000K(393216K)
[2022-03-27T21:01:53.056+0800][1964.400s] GC(14) Metaspace: 45039K->45039K(1089536K)
[2022-03-27T21:01:53.056+0800][1964.400s] GC(14) Pause Young (Allocation Failure) 124M->35M(490M) 8.408ms
[2022-03-27T21:01:53.056+0800][1964.400s] GC(14) User=0.03s Sys=0.01s Real=0.01s
[2022-03-27T21:01:53.445+0800][1964.789s] GC(15) Pause Young (Allocation Failure)
[2022-03-27T21:01:53.445+0800][1964.789s] GC(15) Using 4 workers of 4 for evacuation
[2022-03-27T21:01:53.452+0800][1964.796s] GC(15) ParNew: 104782K->21687K(109248K)
[2022-03-27T21:01:53.452+0800][1964.797s] GC(15) CMS: 19000K->19211K(393216K)
[2022-03-27T21:01:53.452+0800][1964.797s] GC(15) Metaspace: 45207K->45207K(1089536K)
[2022-03-27T21:01:53.452+0800][1964.797s] GC(15) Pause Young (Allocation Failure) 120M->39M(490M) 7.719ms
[2022-03-27T21:01:53.452+0800][1964.797s] GC(15) User=0.04s Sys=0.00s Real=0.01s
[2022-03-27T21:01:53.883+0800][1965.228s] GC(16) Pause Young (Allocation Failure)
[2022-03-27T21:01:53.883+0800][1965.228s] GC(16) Using 4 workers of 4 for evacuation
[2022-03-27T21:01:53.891+0800][1965.235s] GC(16) ParNew: 109111K->18659K(109248K)
[2022-03-27T21:01:53.891+0800][1965.235s] GC(16) CMS: 19211K->20368K(393216K)
[2022-03-27T21:01:53.891+0800][1965.235s] GC(16) Metaspace: 45362K->45362K(1089536K)
[2022-03-27T21:01:53.891+0800][1965.236s] GC(16) Pause Young (Allocation Failure) 125M->38M(490M) 7.798ms
[2022-03-27T21:01:53.891+0800][1965.236s] GC(16) User=0.03s Sys=0.00s Real=0.01s
[2022-03-27T21:01:54.305+0800][1965.649s] GC(17) Pause Young (Allocation Failure)
[2022-03-27T21:01:54.305+0800][1965.649s] GC(17) Using 4 workers of 4 for evacuation
[2022-03-27T21:01:54.315+0800][1965.660s] GC(17) ParNew: 106083K->13577K(109248K)
[2022-03-27T21:01:54.315+0800][1965.660s] GC(17) CMS: 20368K->25792K(393216K)
[2022-03-27T21:01:54.315+0800][1965.660s] GC(17) Metaspace: 45503K->45503K(1091584K)
[2022-03-27T21:01:54.315+0800][1965.660s] GC(17) Pause Young (Allocation Failure) 123M->38M(490M) 10.559ms
[2022-03-27T21:01:54.315+0800][1965.660s] GC(17) User=0.05s Sys=0.00s Real=0.01s
[2022-03-27T21:01:54.695+0800][1966.039s] GC(18) Pause Young (Allocation Failure)
[2022-03-27T21:01:54.695+0800][1966.039s] GC(18) Using 4 workers of 4 for evacuation
[2022-03-27T21:01:54.698+0800][1966.043s] GC(18) ParNew: 101001K->13408K(109248K)
[2022-03-27T21:01:54.698+0800][1966.043s] GC(18) CMS: 25792K->25803K(393216K)
[2022-03-27T21:01:54.698+0800][1966.043s] GC(18) Metaspace: 45623K->45623K(1091584K)
[2022-03-27T21:01:54.698+0800][1966.043s] GC(18) Pause Young (Allocation Failure) 123M->38M(490M) 3.614ms
[2022-03-27T21:01:54.698+0800][1966.043s] GC(18) User=0.02s Sys=0.00s Real=0.00s
[2022-03-27T21:01:55.078+0800][1966.423s] GC(19) Pause Young (Allocation Failure)
[2022-03-27T21:01:55.078+0800][1966.423s] GC(19) Using 4 workers of 4 for evacuation
[2022-03-27T21:01:55.083+0800][1966.427s] GC(19) ParNew: 100832K->11995K(109248K)
[2022-03-27T21:01:55.083+0800][1966.427s] GC(19) CMS: 25803K->27139K(393216K)
[2022-03-27T21:01:55.083+0800][1966.427s] GC(19) Metaspace: 45741K->45741K(1091584K)
[2022-03-27T21:01:55.083+0800][1966.427s] GC(19) Pause Young (Allocation Failure) 123M->38M(490M) 4.370ms
[2022-03-27T21:01:55.083+0800][1966.427s] GC(19) User=0.02s Sys=0.00s Real=0.01s
[2022-03-27T21:01:55.432+0800][1966.776s] GC(20) Pause Young (Allocation Failure)
[2022-03-27T21:01:55.432+0800][1966.776s] GC(20) Using 4 workers of 4 for evacuation
[2022-03-27T21:01:55.434+0800][1966.779s] GC(20) ParNew: 99419K->14268K(109248K)
[2022-03-27T21:01:55.435+0800][1966.779s] GC(20) CMS: 27139K->27160K(393216K)
[2022-03-27T21:01:55.435+0800][1966.779s] GC(20) Metaspace: 45799K->45799K(1091584K)
[2022-03-27T21:01:55.435+0800][1966.779s] GC(20) Pause Young (Allocation Failure) 123M->40M(490M) 2.526ms
[2022-03-27T21:01:55.435+0800][1966.779s] GC(20) User=0.01s Sys=0.00s Real=0.00s
[2022-03-27T21:01:55.785+0800][1967.129s] GC(21) Pause Young (Allocation Failure)
[2022-03-27T21:01:55.785+0800][1967.129s] GC(21) Using 4 workers of 4 for evacuation
[2022-03-27T21:01:55.789+0800][1967.134s] GC(21) ParNew: 101692K->11506K(109248K)
[2022-03-27T21:01:55.789+0800][1967.134s] GC(21) CMS: 27160K->32059K(393216K)
[2022-03-27T21:01:55.789+0800][1967.134s] GC(21) Metaspace: 45862K->45862K(1091584K)
[2022-03-27T21:01:55.789+0800][1967.134s] GC(21) Pause Young (Allocation Failure) 125M->42M(490M) 4.581ms
[2022-03-27T21:01:55.789+0800][1967.134s] GC(21) User=0.02s Sys=0.01s Real=0.00s
[2022-03-27T21:01:56.103+0800][1967.447s] GC(22) Pause Young (Allocation Failure)
[2022-03-27T21:01:56.103+0800][1967.448s] GC(22) Using 4 workers of 4 for evacuation
[2022-03-27T21:01:56.105+0800][1967.450s] GC(22) ParNew: 98930K->8012K(109248K)
[2022-03-27T21:01:56.105+0800][1967.450s] GC(22) CMS: 32059K->32595K(393216K)
[2022-03-27T21:01:56.105+0800][1967.450s] GC(22) Metaspace: 45912K->45912K(1091584K)
[2022-03-27T21:01:56.105+0800][1967.450s] GC(22) Pause Young (Allocation Failure) 127M->39M(490M) 2.273ms
[2022-03-27T21:01:56.105+0800][1967.450s] GC(22) User=0.01s Sys=0.00s Real=0.00s
[2022-03-27T21:01:56.393+0800][1967.737s] GC(23) Pause Young (Allocation Failure)
[2022-03-27T21:01:56.393+0800][1967.737s] GC(23) Using 4 workers of 4 for evacuation
[2022-03-27T21:01:56.395+0800][1967.739s] GC(23) ParNew: 95436K->7423K(109248K)
[2022-03-27T21:01:56.395+0800][1967.739s] GC(23) CMS: 32595K->33050K(393216K)
[2022-03-27T21:01:56.395+0800][1967.739s] GC(23) Metaspace: 45959K->45959K(1091584K)
[2022-03-27T21:01:56.395+0800][1967.740s] GC(23) Pause Young (Allocation Failure) 125M->39M(490M) 2.201ms
[2022-03-27T21:01:56.395+0800][1967.740s] GC(23) User=0.01s Sys=0.00s Real=0.00s
[2022-03-27T21:01:56.721+0800][1968.065s] GC(24) Pause Young (Allocation Failure)
[2022-03-27T21:01:56.721+0800][1968.065s] GC(24) Using 4 workers of 4 for evacuation
[2022-03-27T21:01:56.723+0800][1968.067s] GC(24) ParNew: 94847K->7252K(109248K)
[2022-03-27T21:01:56.723+0800][1968.067s] GC(24) CMS: 33050K->33483K(393216K)
[2022-03-27T21:01:56.723+0800][1968.067s] GC(24) Metaspace: 46047K->46047K(1091584K)
[2022-03-27T21:01:56.723+0800][1968.067s] GC(24) Pause Young (Allocation Failure) 124M->39M(490M) 2.445ms
[2022-03-27T21:01:56.723+0800][1968.067s] GC(24) User=0.02s Sys=0.00s Real=0.00s
[2022-03-27T21:01:57.050+0800][1968.395s] GC(25) Pause Young (Allocation Failure)
[2022-03-27T21:01:57.050+0800][1968.395s] GC(25) Using 4 workers of 4 for evacuation
[2022-03-27T21:01:57.052+0800][1968.397s] GC(25) ParNew: 94676K->8761K(109248K)
[2022-03-27T21:01:57.052+0800][1968.397s] GC(25) CMS: 33483K->33834K(393216K)
[2022-03-27T21:01:57.052+0800][1968.397s] GC(25) Metaspace: 46053K->46053K(1091584K)
[2022-03-27T21:01:57.052+0800][1968.397s] GC(25) Pause Young (Allocation Failure) 125M->41M(490M) 2.048ms
[2022-03-27T21:01:57.052+0800][1968.397s] GC(25) User=0.00s Sys=0.00s Real=0.00s
[2022-03-27T21:01:57.371+0800][1968.715s] GC(26) Pause Young (Allocation Failure)
[2022-03-27T21:01:57.371+0800][1968.715s] GC(26) Using 4 workers of 4 for evacuation
[2022-03-27T21:01:57.373+0800][1968.718s] GC(26) ParNew: 96185K->7404K(109248K)
[2022-03-27T21:01:57.373+0800][1968.718s] GC(26) CMS: 33834K->34226K(393216K)
[2022-03-27T21:01:57.373+0800][1968.718s] GC(26) Metaspace: 46114K->46114K(1091584K)
[2022-03-27T21:01:57.373+0800][1968.718s] GC(26) Pause Young (Allocation Failure) 126M->40M(490M) 2.639ms
[2022-03-27T21:01:57.373+0800][1968.718s] GC(26) User=0.01s Sys=0.00s Real=0.00s
[2022-03-27T21:01:57.685+0800][1969.030s] GC(27) Pause Young (Allocation Failure)
[2022-03-27T21:01:57.685+0800][1969.030s] GC(27) Using 4 workers of 4 for evacuation
[2022-03-27T21:01:57.687+0800][1969.032s] GC(27) ParNew: 94828K->9255K(109248K)
[2022-03-27T21:01:57.688+0800][1969.032s] GC(27) CMS: 34226K->34678K(393216K)
[2022-03-27T21:01:57.688+0800][1969.032s] GC(27) Metaspace: 46132K->46132K(1091584K)
[2022-03-27T21:01:57.688+0800][1969.032s] GC(27) Pause Young (Allocation Failure) 126M->42M(490M) 2.207ms
[2022-03-27T21:01:57.688+0800][1969.032s] GC(27) User=0.01s Sys=0.00s Real=0.00s
[2022-03-27T21:01:57.995+0800][1969.339s] GC(28) Pause Young (Allocation Failure)
[2022-03-27T21:01:57.995+0800][1969.339s] GC(28) Using 4 workers of 4 for evacuation
[2022-03-27T21:01:57.997+0800][1969.341s] GC(28) ParNew: 96679K->7005K(109248K)
[2022-03-27T21:01:57.997+0800][1969.341s] GC(28) CMS: 34678K->35025K(393216K)
[2022-03-27T21:01:57.997+0800][1969.341s] GC(28) Metaspace: 46159K->46159K(1091584K)
[2022-03-27T21:01:57.997+0800][1969.341s] GC(28) Pause Young (Allocation Failure) 128M->41M(490M) 2.183ms
[2022-03-27T21:01:57.997+0800][1969.341s] GC(28) User=0.00s Sys=0.00s Real=0.00s
[2022-03-27T21:01:58.290+0800][1969.634s] GC(29) Pause Young (Allocation Failure)
[2022-03-27T21:01:58.290+0800][1969.634s] GC(29) Using 4 workers of 4 for evacuation
[2022-03-27T21:01:58.292+0800][1969.636s] GC(29) ParNew: 94429K->8860K(109248K)
[2022-03-27T21:01:58.292+0800][1969.636s] GC(29) CMS: 35025K->35379K(393216K)
[2022-03-27T21:01:58.292+0800][1969.636s] GC(29) Metaspace: 46180K->46180K(1091584K)
[2022-03-27T21:01:58.292+0800][1969.636s] GC(29) Pause Young (Allocation Failure) 126M->43M(490M) 1.987ms
[2022-03-27T21:01:58.292+0800][1969.636s] GC(29) User=0.01s Sys=0.00s Real=0.00s
[2022-03-27T21:01:58.638+0800][1969.982s] GC(30) Pause Young (Allocation Failure)
[2022-03-27T21:01:58.638+0800][1969.982s] GC(30) Using 4 workers of 4 for evacuation
[2022-03-27T21:01:58.640+0800][1969.984s] GC(30) ParNew: 96284K->7447K(109248K)
[2022-03-27T21:01:58.640+0800][1969.984s] GC(30) CMS: 35379K->35696K(393216K)
[2022-03-27T21:01:58.640+0800][1969.984s] GC(30) Metaspace: 46228K->46228K(1091584K)
[2022-03-27T21:01:58.640+0800][1969.985s] GC(30) Pause Young (Allocation Failure) 128M->42M(490M) 2.330ms
[2022-03-27T21:01:58.640+0800][1969.985s] GC(30) User=0.00s Sys=0.00s Real=0.01s
[2022-03-27T21:01:58.927+0800][1970.272s] GC(31) Pause Young (Allocation Failure)
[2022-03-27T21:01:58.927+0800][1970.272s] GC(31) Using 4 workers of 4 for evacuation
[2022-03-27T21:01:58.930+0800][1970.275s] GC(31) ParNew: 94871K->8879K(109248K)
[2022-03-27T21:01:58.931+0800][1970.275s] GC(31) CMS: 35696K->35989K(393216K)
[2022-03-27T21:01:58.931+0800][1970.275s] GC(31) Metaspace: 46263K->46263K(1091584K)
[2022-03-27T21:01:58.931+0800][1970.275s] GC(31) Pause Young (Allocation Failure) 127M->43M(490M) 3.321ms
[2022-03-27T21:01:58.931+0800][1970.275s] GC(31) User=0.01s Sys=0.00s Real=0.01s
[2022-03-27T21:01:59.237+0800][1970.582s] GC(32) Pause Young (Allocation Failure)
[2022-03-27T21:01:59.237+0800][1970.582s] GC(32) Using 4 workers of 4 for evacuation
[2022-03-27T21:01:59.240+0800][1970.584s] GC(32) ParNew: 96303K->7228K(109248K)
[2022-03-27T21:01:59.240+0800][1970.584s] GC(32) CMS: 35989K->37511K(393216K)
[2022-03-27T21:01:59.240+0800][1970.584s] GC(32) Metaspace: 46345K->46345K(1091584K)
[2022-03-27T21:01:59.240+0800][1970.585s] GC(32) Pause Young (Allocation Failure) 129M->43M(490M) 2.861ms
[2022-03-27T21:01:59.240+0800][1970.585s] GC(32) User=0.01s Sys=0.00s Real=0.01s
[2022-03-27T21:01:59.537+0800][1970.881s] GC(33) Pause Young (Allocation Failure)
[2022-03-27T21:01:59.537+0800][1970.881s] GC(33) Using 4 workers of 4 for evacuation
[2022-03-27T21:01:59.539+0800][1970.883s] GC(33) ParNew: 94652K->6736K(109248K)
[2022-03-27T21:01:59.539+0800][1970.883s] GC(33) CMS: 37511K->37773K(393216K)
[2022-03-27T21:01:59.539+0800][1970.883s] GC(33) Metaspace: 46427K->46427K(1091584K)
[2022-03-27T21:01:59.539+0800][1970.883s] GC(33) Pause Young (Allocation Failure) 129M->43M(490M) 1.909ms
[2022-03-27T21:01:59.539+0800][1970.883s] GC(33) User=0.00s Sys=0.00s Real=0.00s
[2022-03-27T21:01:59.840+0800][1971.184s] GC(34) Pause Young (Allocation Failure)
[2022-03-27T21:01:59.840+0800][1971.184s] GC(34) Using 4 workers of 4 for evacuation
[2022-03-27T21:01:59.842+0800][1971.186s] GC(34) ParNew: 94160K->7955K(109248K)
[2022-03-27T21:01:59.842+0800][1971.186s] GC(34) CMS: 37773K->38095K(393216K)
[2022-03-27T21:01:59.842+0800][1971.186s] GC(34) Metaspace: 46506K->46506K(1091584K)
[2022-03-27T21:01:59.842+0800][1971.186s] GC(34) Pause Young (Allocation Failure) 128M->44M(490M) 2.048ms
[2022-03-27T21:01:59.842+0800][1971.186s] GC(34) User=0.00s Sys=0.00s Real=0.00s
[2022-03-27T21:02:00.187+0800][1971.531s] GC(35) Pause Young (Allocation Failure)
[2022-03-27T21:02:00.187+0800][1971.531s] GC(35) Using 4 workers of 4 for evacuation
[2022-03-27T21:02:00.189+0800][1971.533s] GC(35) ParNew: 95379K->7733K(109248K)
[2022-03-27T21:02:00.189+0800][1971.533s] GC(35) CMS: 38095K->38435K(393216K)
[2022-03-27T21:02:00.189+0800][1971.533s] GC(35) Metaspace: 46540K->46540K(1091584K)
[2022-03-27T21:02:00.189+0800][1971.533s] GC(35) Pause Young (Allocation Failure) 130M->45M(490M) 1.970ms
[2022-03-27T21:02:00.189+0800][1971.533s] GC(35) User=0.01s Sys=0.01s Real=0.00s
[2022-03-27T21:02:00.496+0800][1971.840s] GC(36) Pause Young (Allocation Failure)
[2022-03-27T21:02:00.496+0800][1971.840s] GC(36) Using 4 workers of 4 for evacuation
[2022-03-27T21:02:00.498+0800][1971.842s] GC(36) ParNew: 95157K->7853K(109248K)
[2022-03-27T21:02:00.498+0800][1971.842s] GC(36) CMS: 38435K->38756K(393216K)
[2022-03-27T21:02:00.498+0800][1971.842s] GC(36) Metaspace: 46548K->46548K(1091584K)
[2022-03-27T21:02:00.498+0800][1971.842s] GC(36) Pause Young (Allocation Failure) 130M->45M(490M) 2.311ms
[2022-03-27T21:02:00.498+0800][1971.842s] GC(36) User=0.01s Sys=0.00s Real=0.00s
[2022-03-27T21:02:00.799+0800][1972.143s] GC(37) Pause Young (Allocation Failure)
[2022-03-27T21:02:00.799+0800][1972.143s] GC(37) Using 4 workers of 4 for evacuation
[2022-03-27T21:02:00.801+0800][1972.146s] GC(37) ParNew: 95277K->7605K(109248K)
[2022-03-27T21:02:00.801+0800][1972.146s] GC(37) CMS: 38756K->39147K(393216K)
[2022-03-27T21:02:00.801+0800][1972.146s] GC(37) Metaspace: 46553K->46553K(1091584K)
[2022-03-27T21:02:00.801+0800][1972.146s] GC(37) Pause Young (Allocation Failure) 130M->45M(490M) 2.375ms
[2022-03-27T21:02:00.801+0800][1972.146s] GC(37) User=0.01s Sys=0.00s Real=0.01s
[2022-03-27T21:02:01.087+0800][1972.432s] GC(38) Pause Young (Allocation Failure)
[2022-03-27T21:02:01.087+0800][1972.432s] GC(38) Using 4 workers of 4 for evacuation
[2022-03-27T21:02:01.090+0800][1972.435s] GC(38) ParNew: 95029K->7069K(109248K)
[2022-03-27T21:02:01.091+0800][1972.435s] GC(38) CMS: 39147K->39567K(393216K)
[2022-03-27T21:02:01.091+0800][1972.435s] GC(38) Metaspace: 46561K->46561K(1091584K)
[2022-03-27T21:02:01.091+0800][1972.435s] GC(38) Pause Young (Allocation Failure) 131M->45M(490M) 3.148ms
[2022-03-27T21:02:01.091+0800][1972.435s] GC(38) User=0.01s Sys=0.00s Real=0.01s
[2022-03-27T21:02:01.455+0800][1972.799s] GC(39) Pause Young (Allocation Failure)
[2022-03-27T21:02:01.455+0800][1972.799s] GC(39) Using 4 workers of 4 for evacuation
[2022-03-27T21:02:01.457+0800][1972.802s] GC(39) ParNew: 94493K->9393K(109248K)
[2022-03-27T21:02:01.457+0800][1972.802s] GC(39) CMS: 39567K->39850K(393216K)
[2022-03-27T21:02:01.457+0800][1972.802s] GC(39) Metaspace: 46578K->46578K(1091584K)
[2022-03-27T21:02:01.457+0800][1972.802s] GC(39) Pause Young (Allocation Failure) 130M->48M(490M) 2.305ms
[2022-03-27T21:02:01.457+0800][1972.802s] GC(39) User=0.01s Sys=0.00s Real=0.00s
[2022-03-27T21:02:01.791+0800][1973.135s] GC(40) Pause Young (Allocation Failure)
[2022-03-27T21:02:01.791+0800][1973.136s] GC(40) Using 4 workers of 4 for evacuation
[2022-03-27T21:02:01.793+0800][1973.138s] GC(40) ParNew: 96817K->8582K(109248K)
[2022-03-27T21:02:01.793+0800][1973.138s] GC(40) CMS: 39850K->40239K(393216K)
[2022-03-27T21:02:01.793+0800][1973.138s] GC(40) Metaspace: 46580K->46580K(1091584K)
[2022-03-27T21:02:01.793+0800][1973.138s] GC(40) Pause Young (Allocation Failure) 133M->47M(490M) 2.164ms
[2022-03-27T21:02:01.793+0800][1973.138s] GC(40) User=0.00s Sys=0.00s Real=0.00s
[2022-03-27T21:02:02.127+0800][1973.471s] GC(41) Pause Young (Allocation Failure)
[2022-03-27T21:02:02.127+0800][1973.471s] GC(41) Using 4 workers of 4 for evacuation
[2022-03-27T21:02:02.129+0800][1973.474s] GC(41) ParNew: 96006K->10035K(109248K)
[2022-03-27T21:02:02.130+0800][1973.474s] GC(41) CMS: 40239K->40574K(393216K)
[2022-03-27T21:02:02.130+0800][1973.474s] GC(41) Metaspace: 46588K->46588K(1091584K)
[2022-03-27T21:02:02.130+0800][1973.474s] GC(41) Pause Young (Allocation Failure) 133M->49M(490M) 2.654ms
[2022-03-27T21:02:02.130+0800][1973.474s] GC(41) User=0.01s Sys=0.00s Real=0.01s
[2022-03-27T21:02:02.434+0800][1973.778s] GC(42) Pause Young (Allocation Failure)
[2022-03-27T21:02:02.434+0800][1973.778s] GC(42) Using 4 workers of 4 for evacuation
[2022-03-27T21:02:02.437+0800][1973.782s] GC(42) ParNew: 97459K->8604K(109248K)
[2022-03-27T21:02:02.437+0800][1973.782s] GC(42) CMS: 40574K->40939K(393216K)
[2022-03-27T21:02:02.438+0800][1973.782s] GC(42) Metaspace: 46646K->46646K(1091584K)
[2022-03-27T21:02:02.438+0800][1973.782s] GC(42) Pause Young (Allocation Failure) 134M->48M(490M) 3.865ms
[2022-03-27T21:02:02.438+0800][1973.782s] GC(42) User=0.01s Sys=0.00s Real=0.00s
[2022-03-27T21:02:02.775+0800][1974.119s] GC(43) Pause Young (Allocation Failure)
[2022-03-27T21:02:02.775+0800][1974.119s] GC(43) Using 4 workers of 4 for evacuation
[2022-03-27T21:02:02.777+0800][1974.122s] GC(43) ParNew: 96028K->10156K(109248K)
[2022-03-27T21:02:02.777+0800][1974.122s] GC(43) CMS: 40939K->41356K(393216K)
[2022-03-27T21:02:02.777+0800][1974.122s] GC(43) Metaspace: 46714K->46714K(1091584K)
[2022-03-27T21:02:02.777+0800][1974.122s] GC(43) Pause Young (Allocation Failure) 133M->50M(490M) 2.497ms
[2022-03-27T21:02:02.777+0800][1974.122s] GC(43) User=0.01s Sys=0.00s Real=0.00s
[2022-03-27T21:02:03.089+0800][1974.434s] GC(44) Pause Young (Allocation Failure)
[2022-03-27T21:02:03.089+0800][1974.434s] GC(44) Using 4 workers of 4 for evacuation
[2022-03-27T21:02:03.091+0800][1974.436s] GC(44) ParNew: 97580K->8842K(109248K)
[2022-03-27T21:02:03.091+0800][1974.436s] GC(44) CMS: 41356K->41716K(393216K)
[2022-03-27T21:02:03.091+0800][1974.436s] GC(44) Metaspace: 46804K->46804K(1091584K)
[2022-03-27T21:02:03.091+0800][1974.436s] GC(44) Pause Young (Allocation Failure) 135M->49M(490M) 2.154ms
[2022-03-27T21:02:03.091+0800][1974.436s] GC(44) User=0.00s Sys=0.00s Real=0.01s
[2022-03-27T21:02:03.393+0800][1974.737s] GC(45) Pause Young (Allocation Failure)
[2022-03-27T21:02:03.393+0800][1974.737s] GC(45) Using 4 workers of 4 for evacuation
[2022-03-27T21:02:03.396+0800][1974.740s] GC(45) ParNew: 96266K->9284K(109248K)
[2022-03-27T21:02:03.396+0800][1974.740s] GC(45) CMS: 41716K->42059K(393216K)
[2022-03-27T21:02:03.396+0800][1974.740s] GC(45) Metaspace: 46829K->46829K(1091584K)
[2022-03-27T21:02:03.396+0800][1974.741s] GC(45) Pause Young (Allocation Failure) 134M->50M(490M) 3.321ms
[2022-03-27T21:02:03.396+0800][1974.741s] GC(45) User=0.01s Sys=0.00s Real=0.00s
[2022-03-27T21:02:03.727+0800][1975.071s] GC(46) Pause Young (Allocation Failure)
[2022-03-27T21:02:03.727+0800][1975.071s] GC(46) Using 4 workers of 4 for evacuation
[2022-03-27T21:02:03.729+0800][1975.073s] GC(46) ParNew: 96708K->10534K(109248K)
[2022-03-27T21:02:03.729+0800][1975.073s] GC(46) CMS: 42059K->42353K(393216K)
[2022-03-27T21:02:03.729+0800][1975.073s] GC(46) Metaspace: 46849K->46849K(1091584K)
[2022-03-27T21:02:03.729+0800][1975.073s] GC(46) Pause Young (Allocation Failure) 135M->51M(490M) 2.347ms
[2022-03-27T21:02:03.729+0800][1975.073s] GC(46) User=0.00s Sys=0.00s Real=0.00s
[2022-03-27T21:02:04.090+0800][1975.434s] GC(47) Pause Young (Allocation Failure)
[2022-03-27T21:02:04.090+0800][1975.434s] GC(47) Using 4 workers of 4 for evacuation
[2022-03-27T21:02:04.092+0800][1975.436s] GC(47) ParNew: 97958K->9210K(109248K)
[2022-03-27T21:02:04.092+0800][1975.436s] GC(47) CMS: 42353K->43792K(393216K)
[2022-03-27T21:02:04.092+0800][1975.437s] GC(47) Metaspace: 46859K->46859K(1091584K)
[2022-03-27T21:02:04.092+0800][1975.437s] GC(47) Pause Young (Allocation Failure) 137M->51M(490M) 2.585ms
[2022-03-27T21:02:04.092+0800][1975.437s] GC(47) User=0.00s Sys=0.00s Real=0.00s
[2022-03-27T21:02:04.460+0800][1975.805s] GC(48) Pause Young (Allocation Failure)
[2022-03-27T21:02:04.460+0800][1975.805s] GC(48) Using 4 workers of 4 for evacuation
[2022-03-27T21:02:04.463+0800][1975.807s] GC(48) ParNew: 96634K->8170K(109248K)
[2022-03-27T21:02:04.463+0800][1975.807s] GC(48) CMS: 43792K->44176K(393216K)
[2022-03-27T21:02:04.463+0800][1975.807s] GC(48) Metaspace: 46867K->46867K(1091584K)
[2022-03-27T21:02:04.463+0800][1975.807s] GC(48) Pause Young (Allocation Failure) 137M->51M(490M) 2.388ms
[2022-03-27T21:02:04.463+0800][1975.807s] GC(48) User=0.01s Sys=0.00s Real=0.00s
[2022-03-27T21:02:04.785+0800][1976.129s] GC(49) Pause Young (Allocation Failure)
[2022-03-27T21:02:04.785+0800][1976.129s] GC(49) Using 4 workers of 4 for evacuation
[2022-03-27T21:02:04.787+0800][1976.132s] GC(49) ParNew: 95594K->9946K(109248K)
[2022-03-27T21:02:04.787+0800][1976.132s] GC(49) CMS: 44176K->44452K(393216K)
[2022-03-27T21:02:04.787+0800][1976.132s] GC(49) Metaspace: 46868K->46868K(1091584K)
[2022-03-27T21:02:04.787+0800][1976.132s] GC(49) Pause Young (Allocation Failure) 136M->53M(490M) 2.354ms
[2022-03-27T21:02:04.787+0800][1976.132s] GC(49) User=0.01s Sys=0.00s Real=0.00s
[2022-03-27T21:02:05.133+0800][1976.478s] GC(50) Pause Young (Allocation Failure)
[2022-03-27T21:02:05.133+0800][1976.478s] GC(50) Using 4 workers of 4 for evacuation
[2022-03-27T21:02:05.136+0800][1976.480s] GC(50) ParNew: 97370K->10282K(109248K)
[2022-03-27T21:02:05.136+0800][1976.480s] GC(50) CMS: 44452K->44819K(393216K)
[2022-03-27T21:02:05.136+0800][1976.480s] GC(50) Metaspace: 46868K->46868K(1091584K)
[2022-03-27T21:02:05.136+0800][1976.481s] GC(50) Pause Young (Allocation Failure) 138M->53M(490M) 2.903ms
[2022-03-27T21:02:05.136+0800][1976.481s] GC(50) User=0.01s Sys=0.00s Real=0.00s
[2022-03-27T21:02:05.453+0800][1976.797s] GC(51) Pause Young (Allocation Failure)
[2022-03-27T21:02:05.453+0800][1976.797s] GC(51) Using 4 workers of 4 for evacuation
[2022-03-27T21:02:05.455+0800][1976.799s] GC(51) ParNew: 97706K->9746K(109248K)
[2022-03-27T21:02:05.455+0800][1976.800s] GC(51) CMS: 44819K->45194K(393216K)
[2022-03-27T21:02:05.455+0800][1976.800s] GC(51) Metaspace: 46877K->46877K(1091584K)
[2022-03-27T21:02:05.455+0800][1976.800s] GC(51) Pause Young (Allocation Failure) 139M->53M(490M) 2.754ms
[2022-03-27T21:02:05.455+0800][1976.800s] GC(51) User=0.01s Sys=0.00s Real=0.00s
[2022-03-27T21:02:05.780+0800][1977.125s] GC(52) Pause Young (Allocation Failure)
[2022-03-27T21:02:05.781+0800][1977.125s] GC(52) Using 4 workers of 4 for evacuation
[2022-03-27T21:02:05.783+0800][1977.127s] GC(52) ParNew: 97170K->9352K(109248K)
[2022-03-27T21:02:05.783+0800][1977.127s] GC(52) CMS: 45194K->45440K(393216K)
[2022-03-27T21:02:05.783+0800][1977.127s] GC(52) Metaspace: 47041K->47041K(1091584K)
[2022-03-27T21:02:05.783+0800][1977.127s] GC(52) Pause Young (Allocation Failure) 139M->53M(490M) 2.531ms
[2022-03-27T21:02:05.783+0800][1977.127s] GC(52) User=0.01s Sys=0.00s Real=0.00s
[2022-03-27T21:02:06.067+0800][1977.412s] GC(53) Pause Young (Allocation Failure)
[2022-03-27T21:02:06.067+0800][1977.412s] GC(53) Using 4 workers of 4 for evacuation
[2022-03-27T21:02:06.071+0800][1977.415s] GC(53) ParNew: 96776K->10258K(109248K)
[2022-03-27T21:02:06.071+0800][1977.415s] GC(53) CMS: 45440K->46287K(393216K)
[2022-03-27T21:02:06.071+0800][1977.415s] GC(53) Metaspace: 47041K->47041K(1091584K)
[2022-03-27T21:02:06.071+0800][1977.416s] GC(53) Pause Young (Allocation Failure) 138M->55M(490M) 3.909ms
[2022-03-27T21:02:06.071+0800][1977.416s] GC(53) User=0.01s Sys=0.00s Real=0.01s
[2022-03-27T21:02:06.385+0800][1977.729s] GC(54) Pause Young (Allocation Failure)
[2022-03-27T21:02:06.385+0800][1977.729s] GC(54) Using 4 workers of 4 for evacuation
[2022-03-27T21:02:06.387+0800][1977.731s] GC(54) ParNew: 97682K->8599K(109248K)
[2022-03-27T21:02:06.387+0800][1977.731s] GC(54) CMS: 46287K->46556K(393216K)
[2022-03-27T21:02:06.387+0800][1977.731s] GC(54) Metaspace: 47045K->47045K(1091584K)
[2022-03-27T21:02:06.387+0800][1977.731s] GC(54) Pause Young (Allocation Failure) 140M->53M(490M) 2.204ms
[2022-03-27T21:02:06.387+0800][1977.731s] GC(54) User=0.00s Sys=0.00s Real=0.00s
[2022-03-27T21:02:06.690+0800][1978.034s] GC(55) Pause Young (Allocation Failure)
[2022-03-27T21:02:06.690+0800][1978.034s] GC(55) Using 4 workers of 4 for evacuation
[2022-03-27T21:02:06.693+0800][1978.037s] GC(55) ParNew: 96023K->9880K(109248K)
[2022-03-27T21:02:06.693+0800][1978.037s] GC(55) CMS: 46556K->46944K(393216K)
[2022-03-27T21:02:06.693+0800][1978.037s] GC(55) Metaspace: 47052K->47052K(1091584K)
[2022-03-27T21:02:06.693+0800][1978.037s] GC(55) Pause Young (Allocation Failure) 139M->55M(490M) 2.783ms
[2022-03-27T21:02:06.693+0800][1978.037s] GC(55) User=0.01s Sys=0.00s Real=0.00s
[2022-03-27T21:02:06.994+0800][1978.338s] GC(56) Pause Young (Allocation Failure)
[2022-03-27T21:02:06.994+0800][1978.339s] GC(56) Using 4 workers of 4 for evacuation
[2022-03-27T21:02:06.996+0800][1978.341s] GC(56) ParNew: 97304K->8504K(109248K)
[2022-03-27T21:02:06.996+0800][1978.341s] GC(56) CMS: 46944K->47292K(393216K)
[2022-03-27T21:02:06.996+0800][1978.341s] GC(56) Metaspace: 47055K->47055K(1091584K)
[2022-03-27T21:02:06.996+0800][1978.341s] GC(56) Pause Young (Allocation Failure) 140M->54M(490M) 2.276ms
[2022-03-27T21:02:06.996+0800][1978.341s] GC(56) User=0.01s Sys=0.00s Real=0.00s
[2022-03-27T21:02:07.290+0800][1978.634s] GC(57) Pause Young (Allocation Failure)
[2022-03-27T21:02:07.290+0800][1978.634s] GC(57) Using 4 workers of 4 for evacuation
[2022-03-27T21:02:07.292+0800][1978.637s] GC(57) ParNew: 95928K->11770K(109248K)
[2022-03-27T21:02:07.292+0800][1978.637s] GC(57) CMS: 47292K->47709K(393216K)
[2022-03-27T21:02:07.292+0800][1978.637s] GC(57) Metaspace: 47383K->47383K(1091584K)
[2022-03-27T21:02:07.292+0800][1978.637s] GC(57) Pause Young (Allocation Failure) 139M->58M(490M) 2.714ms
[2022-03-27T21:02:07.292+0800][1978.637s] GC(57) User=0.01s Sys=0.00s Real=0.00s
[2022-03-27T21:02:07.448+0800][1978.792s] GC(58) Pause Young (Allocation Failure)
[2022-03-27T21:02:07.448+0800][1978.792s] GC(58) Using 4 workers of 4 for evacuation
[2022-03-27T21:02:07.450+0800][1978.795s] GC(58) ParNew: 99194K->11263K(109248K)
[2022-03-27T21:02:07.450+0800][1978.795s] GC(58) CMS: 47709K->51033K(393216K)
[2022-03-27T21:02:07.450+0800][1978.795s] GC(58) Metaspace: 47577K->47577K(1093632K)
[2022-03-27T21:02:07.450+0800][1978.795s] GC(58) Pause Young (Allocation Failure) 143M->60M(490M) 2.866ms
[2022-03-27T21:02:07.450+0800][1978.795s] GC(58) User=0.01s Sys=0.00s Real=0.01s
[2022-03-27T21:02:07.648+0800][1978.992s] GC(59) Pause Young (Allocation Failure)
[2022-03-27T21:02:07.648+0800][1978.992s] GC(59) Using 4 workers of 4 for evacuation
[2022-03-27T21:02:07.651+0800][1978.995s] GC(59) ParNew: 98687K->9066K(109248K)
[2022-03-27T21:02:07.651+0800][1978.995s] GC(59) CMS: 51033K->51358K(393216K)
[2022-03-27T21:02:07.651+0800][1978.995s] GC(59) Metaspace: 47788K->47788K(1093632K)
[2022-03-27T21:02:07.651+0800][1978.995s] GC(59) Pause Young (Allocation Failure) 146M->59M(490M) 2.911ms
[2022-03-27T21:02:07.651+0800][1978.995s] GC(59) User=0.02s Sys=0.00s Real=0.01s
[2022-03-27T21:02:07.826+0800][1979.170s] GC(60) Pause Young (Allocation Failure)
[2022-03-27T21:02:07.826+0800][1979.170s] GC(60) Using 4 workers of 4 for evacuation
[2022-03-27T21:02:07.828+0800][1979.172s] GC(60) ParNew: 96490K->9632K(109248K)
[2022-03-27T21:02:07.828+0800][1979.172s] GC(60) CMS: 51358K->52039K(393216K)
[2022-03-27T21:02:07.828+0800][1979.172s] GC(60) Metaspace: 47793K->47793K(1093632K)
[2022-03-27T21:02:07.828+0800][1979.173s] GC(60) Pause Young (Allocation Failure) 144M->60M(490M) 2.242ms
[2022-03-27T21:02:07.828+0800][1979.173s] GC(60) User=0.00s Sys=0.00s Real=0.00s
[2022-03-27T21:02:08.331+0800][1979.676s] GC(61) Pause Young (Allocation Failure)
[2022-03-27T21:02:08.331+0800][1979.676s] GC(61) Using 4 workers of 4 for evacuation
[2022-03-27T21:02:08.334+0800][1979.678s] GC(61) ParNew: 97037K->8778K(109248K)
[2022-03-27T21:02:08.334+0800][1979.678s] GC(61) CMS: 52039K->52342K(393216K)
[2022-03-27T21:02:08.334+0800][1979.678s] GC(61) Metaspace: 47858K->47858K(1093632K)
[2022-03-27T21:02:08.334+0800][1979.678s] GC(61) Pause Young (Allocation Failure) 145M->59M(490M) 2.717ms
[2022-03-27T21:02:08.334+0800][1979.678s] GC(61) User=0.01s Sys=0.00s Real=0.00s
[2022-03-27T21:02:08.453+0800][1979.797s] GC(62) Pause Young (Allocation Failure)
[2022-03-27T21:02:08.453+0800][1979.797s] GC(62) Using 4 workers of 4 for evacuation
[2022-03-27T21:02:08.456+0800][1979.800s] GC(62) ParNew: 96056K->8215K(109248K)
[2022-03-27T21:02:08.456+0800][1979.800s] GC(62) CMS: 52342K->52969K(393216K)
[2022-03-27T21:02:08.456+0800][1979.800s] GC(62) Metaspace: 48154K->48154K(1093632K)
[2022-03-27T21:02:08.456+0800][1979.800s] GC(62) Pause Young (Allocation Failure) 144M->59M(490M) 2.812ms
[2022-03-27T21:02:08.456+0800][1979.800s] GC(62) User=0.00s Sys=0.01s Real=0.00s
[2022-03-27T21:02:08.770+0800][1980.115s] GC(63) Pause Young (Allocation Failure)
[2022-03-27T21:02:08.771+0800][1980.115s] GC(63) Using 4 workers of 4 for evacuation
[2022-03-27T21:02:08.773+0800][1980.117s] GC(63) ParNew: 95630K->8365K(109248K)
[2022-03-27T21:02:08.773+0800][1980.117s] GC(63) CMS: 52969K->53489K(393216K)
[2022-03-27T21:02:08.773+0800][1980.117s] GC(63) Metaspace: 48293K->48293K(1093632K)
[2022-03-27T21:02:08.773+0800][1980.117s] GC(63) Pause Young (Allocation Failure) 145M->60M(490M) 2.679ms
[2022-03-27T21:02:08.773+0800][1980.117s] GC(63) User=0.01s Sys=0.00s Real=0.00s
[2022-03-27T21:02:09.053+0800][1980.398s] GC(64) Pause Young (Allocation Failure)
[2022-03-27T21:02:09.053+0800][1980.398s] GC(64) Using 4 workers of 4 for evacuation
[2022-03-27T21:02:09.056+0800][1980.400s] GC(64) ParNew: 95789K->7947K(109248K)
[2022-03-27T21:02:09.056+0800][1980.400s] GC(64) CMS: 53489K->53909K(393216K)
[2022-03-27T21:02:09.056+0800][1980.400s] GC(64) Metaspace: 48319K->48319K(1093632K)
[2022-03-27T21:02:09.056+0800][1980.400s] GC(64) Pause Young (Allocation Failure) 145M->60M(490M) 2.530ms
[2022-03-27T21:02:09.056+0800][1980.400s] GC(64) User=0.01s Sys=0.00s Real=0.00s
[2022-03-27T21:02:09.365+0800][1980.710s] GC(65) Pause Young (Allocation Failure)
[2022-03-27T21:02:09.365+0800][1980.710s] GC(65) Using 4 workers of 4 for evacuation
[2022-03-27T21:02:09.368+0800][1980.712s] GC(65) ParNew: 95371K->8352K(109248K)
[2022-03-27T21:02:09.368+0800][1980.712s] GC(65) CMS: 53909K->54380K(393216K)
[2022-03-27T21:02:09.368+0800][1980.712s] GC(65) Metaspace: 48319K->48319K(1093632K)
[2022-03-27T21:02:09.368+0800][1980.712s] GC(65) Pause Young (Allocation Failure) 145M->61M(490M) 2.881ms
[2022-03-27T21:02:09.368+0800][1980.712s] GC(65) User=0.01s Sys=0.00s Real=0.00s
[2022-03-27T21:02:09.635+0800][1980.979s] GC(66) Pause Young (Allocation Failure)
[2022-03-27T21:02:09.635+0800][1980.979s] GC(66) Using 4 workers of 4 for evacuation
[2022-03-27T21:02:09.637+0800][1980.981s] GC(66) ParNew: 95776K->9630K(109248K)
[2022-03-27T21:02:09.637+0800][1980.981s] GC(66) CMS: 54380K->54438K(393216K)
[2022-03-27T21:02:09.637+0800][1980.981s] GC(66) Metaspace: 48319K->48319K(1093632K)
[2022-03-27T21:02:09.637+0800][1980.981s] GC(66) Pause Young (Allocation Failure) 146M->62M(490M) 2.168ms
[2022-03-27T21:02:09.637+0800][1980.982s] GC(66) User=0.01s Sys=0.00s Real=0.00s
[2022-03-27T21:02:09.921+0800][1981.265s] GC(67) Pause Young (Allocation Failure)
[2022-03-27T21:02:09.921+0800][1981.265s] GC(67) Using 4 workers of 4 for evacuation
[2022-03-27T21:02:09.923+0800][1981.267s] GC(67) ParNew: 97054K->9671K(109248K)
[2022-03-27T21:02:09.923+0800][1981.267s] GC(67) CMS: 54438K->54475K(393216K)
[2022-03-27T21:02:09.923+0800][1981.267s] GC(67) Metaspace: 48319K->48319K(1093632K)
[2022-03-27T21:02:09.923+0800][1981.267s] GC(67) Pause Young (Allocation Failure) 147M->62M(490M) 2.020ms
[2022-03-27T21:02:09.923+0800][1981.267s] GC(67) User=0.01s Sys=0.00s Real=0.00s
[2022-03-27T21:02:10.204+0800][1981.548s] GC(68) Pause Young (Allocation Failure)
[2022-03-27T21:02:10.204+0800][1981.548s] GC(68) Using 4 workers of 4 for evacuation
[2022-03-27T21:02:10.206+0800][1981.550s] GC(68) ParNew: 97095K->10159K(109248K)
[2022-03-27T21:02:10.206+0800][1981.550s] GC(68) CMS: 54475K->54488K(393216K)
[2022-03-27T21:02:10.206+0800][1981.550s] GC(68) Metaspace: 48319K->48319K(1093632K)
[2022-03-27T21:02:10.206+0800][1981.550s] GC(68) Pause Young (Allocation Failure) 148M->63M(490M) 2.257ms
[2022-03-27T21:02:10.206+0800][1981.550s] GC(68) User=0.01s Sys=0.00s Real=0.00s
[2022-03-27T21:02:10.502+0800][1981.846s] GC(69) Pause Young (Allocation Failure)
[2022-03-27T21:02:10.502+0800][1981.846s] GC(69) Using 4 workers of 4 for evacuation
[2022-03-27T21:02:10.504+0800][1981.848s] GC(69) ParNew: 97583K->11856K(109248K)
[2022-03-27T21:02:10.504+0800][1981.849s] GC(69) CMS: 54488K->54529K(393216K)
[2022-03-27T21:02:10.504+0800][1981.849s] GC(69) Metaspace: 48319K->48319K(1093632K)
[2022-03-27T21:02:10.504+0800][1981.849s] GC(69) Pause Young (Allocation Failure) 148M->64M(490M) 2.182ms
[2022-03-27T21:02:10.504+0800][1981.849s] GC(69) User=0.01s Sys=0.00s Real=0.00s
[2022-03-27T21:02:10.797+0800][1982.141s] GC(70) Pause Young (Allocation Failure)
[2022-03-27T21:02:10.797+0800][1982.141s] GC(70) Using 4 workers of 4 for evacuation
[2022-03-27T21:02:10.800+0800][1982.145s] GC(70) ParNew: 99280K->9000K(109248K)
[2022-03-27T21:02:10.801+0800][1982.145s] GC(70) CMS: 54529K->57833K(393216K)
[2022-03-27T21:02:10.801+0800][1982.145s] GC(70) Metaspace: 48319K->48319K(1093632K)
[2022-03-27T21:02:10.801+0800][1982.145s] GC(70) Pause Young (Allocation Failure) 150M->65M(490M) 3.769ms
[2022-03-27T21:02:10.801+0800][1982.145s] GC(70) User=0.01s Sys=0.00s Real=0.01s
[2022-03-27T21:02:11.098+0800][1982.443s] GC(71) Pause Young (Allocation Failure)
[2022-03-27T21:02:11.098+0800][1982.443s] GC(71) Using 4 workers of 4 for evacuation
[2022-03-27T21:02:11.101+0800][1982.445s] GC(71) ParNew: 96424K->7064K(109248K)
[2022-03-27T21:02:11.101+0800][1982.445s] GC(71) CMS: 57833K->58546K(393216K)
[2022-03-27T21:02:11.101+0800][1982.445s] GC(71) Metaspace: 48319K->48319K(1093632K)
[2022-03-27T21:02:11.101+0800][1982.445s] GC(71) Pause Young (Allocation Failure) 150M->64M(490M) 2.779ms
[2022-03-27T21:02:11.101+0800][1982.445s] GC(71) User=0.01s Sys=0.00s Real=0.01s
[2022-03-27T21:02:11.468+0800][1982.812s] GC(72) Pause Young (Allocation Failure)
[2022-03-27T21:02:11.468+0800][1982.812s] GC(72) Using 4 workers of 4 for evacuation
[2022-03-27T21:02:11.470+0800][1982.815s] GC(72) ParNew: 94488K->6700K(109248K)
[2022-03-27T21:02:11.470+0800][1982.815s] GC(72) CMS: 58546K->59095K(393216K)
[2022-03-27T21:02:11.470+0800][1982.815s] GC(72) Metaspace: 48319K->48319K(1093632K)
[2022-03-27T21:02:11.470+0800][1982.815s] GC(72) Pause Young (Allocation Failure) 149M->64M(490M) 2.334ms
[2022-03-27T21:02:11.470+0800][1982.815s] GC(72) User=0.01s Sys=0.00s Real=0.01s
[2022-03-27T21:02:11.787+0800][1983.132s] GC(73) Pause Young (Allocation Failure)
[2022-03-27T21:02:11.788+0800][1983.132s] GC(73) Using 4 workers of 4 for evacuation
[2022-03-27T21:02:11.790+0800][1983.134s] GC(73) ParNew: 94124K->7784K(109248K)
[2022-03-27T21:02:11.790+0800][1983.134s] GC(73) CMS: 59095K->59672K(393216K)
[2022-03-27T21:02:11.790+0800][1983.134s] GC(73) Metaspace: 48347K->48347K(1093632K)
[2022-03-27T21:02:11.790+0800][1983.134s] GC(73) Pause Young (Allocation Failure) 149M->65M(490M) 2.704ms
[2022-03-27T21:02:11.790+0800][1983.134s] GC(73) User=0.01s Sys=0.00s Real=0.01s
[2022-03-27T21:02:12.099+0800][1983.443s] GC(74) Pause Young (Allocation Failure)
[2022-03-27T21:02:12.099+0800][1983.443s] GC(74) Using 4 workers of 4 for evacuation
[2022-03-27T21:02:12.101+0800][1983.445s] GC(74) ParNew: 95203K->6617K(109248K)
[2022-03-27T21:02:12.101+0800][1983.445s] GC(74) CMS: 59672K->60007K(393216K)
[2022-03-27T21:02:12.101+0800][1983.445s] GC(74) Metaspace: 48348K->48348K(1093632K)
[2022-03-27T21:02:12.101+0800][1983.445s] GC(74) Pause Young (Allocation Failure) 151M->65M(490M) 2.195ms
[2022-03-27T21:02:12.101+0800][1983.445s] GC(74) User=0.01s Sys=0.00s Real=0.01s
[2022-03-27T21:02:12.410+0800][1983.754s] GC(75) Pause Young (Allocation Failure)
[2022-03-27T21:02:12.410+0800][1983.754s] GC(75) Using 4 workers of 4 for evacuation
[2022-03-27T21:02:12.412+0800][1983.756s] GC(75) ParNew: 94041K->7554K(109248K)
[2022-03-27T21:02:12.412+0800][1983.756s] GC(75) CMS: 60007K->60364K(393216K)
[2022-03-27T21:02:12.412+0800][1983.756s] GC(75) Metaspace: 48348K->48348K(1093632K)
[2022-03-27T21:02:12.412+0800][1983.756s] GC(75) Pause Young (Allocation Failure) 150M->66M(490M) 2.173ms
[2022-03-27T21:02:12.412+0800][1983.756s] GC(75) User=0.01s Sys=0.00s Real=0.00s
[2022-03-27T21:02:12.689+0800][1984.033s] GC(76) Pause Young (Allocation Failure)
[2022-03-27T21:02:12.689+0800][1984.033s] GC(76) Using 4 workers of 4 for evacuation
[2022-03-27T21:02:12.691+0800][1984.035s] GC(76) ParNew: 94933K->7389K(109248K)
[2022-03-27T21:02:12.691+0800][1984.035s] GC(76) CMS: 60364K->60744K(393216K)
[2022-03-27T21:02:12.691+0800][1984.035s] GC(76) Metaspace: 48348K->48348K(1093632K)
[2022-03-27T21:02:12.691+0800][1984.035s] GC(76) Pause Young (Allocation Failure) 151M->66M(490M) 2.452ms
[2022-03-27T21:02:12.691+0800][1984.035s] GC(76) User=0.00s Sys=0.00s Real=0.01s
[2022-03-27T21:02:12.976+0800][1984.320s] GC(77) Pause Young (Allocation Failure)
[2022-03-27T21:02:12.976+0800][1984.320s] GC(77) Using 4 workers of 4 for evacuation
[2022-03-27T21:02:12.979+0800][1984.323s] GC(77) ParNew: 94813K->7680K(109248K)
[2022-03-27T21:02:12.979+0800][1984.323s] GC(77) CMS: 60744K->61064K(393216K)
[2022-03-27T21:02:12.979+0800][1984.323s] GC(77) Metaspace: 48348K->48348K(1093632K)
[2022-03-27T21:02:12.979+0800][1984.323s] GC(77) Pause Young (Allocation Failure) 151M->67M(490M) 2.988ms
[2022-03-27T21:02:12.979+0800][1984.323s] GC(77) User=0.01s Sys=0.00s Real=0.00s
[2022-03-27T21:02:13.261+0800][1984.606s] GC(78) Pause Young (Allocation Failure)
[2022-03-27T21:02:13.261+0800][1984.606s] GC(78) Using 4 workers of 4 for evacuation
[2022-03-27T21:02:13.263+0800][1984.608s] GC(78) ParNew: 95104K->7360K(109248K)
[2022-03-27T21:02:13.263+0800][1984.608s] GC(78) CMS: 61064K->61347K(393216K)
[2022-03-27T21:02:13.263+0800][1984.608s] GC(78) Metaspace: 48348K->48348K(1093632K)
[2022-03-27T21:02:13.263+0800][1984.608s] GC(78) Pause Young (Allocation Failure) 152M->67M(490M) 2.039ms
[2022-03-27T21:02:13.263+0800][1984.608s] GC(78) User=0.01s Sys=0.00s Real=0.00s
[2022-03-27T21:02:13.557+0800][1984.902s] GC(79) Pause Young (Allocation Failure)
[2022-03-27T21:02:13.557+0800][1984.902s] GC(79) Using 4 workers of 4 for evacuation
[2022-03-27T21:02:13.559+0800][1984.904s] GC(79) ParNew: 94784K->8828K(109248K)
[2022-03-27T21:02:13.559+0800][1984.904s] GC(79) CMS: 61347K->61634K(393216K)
[2022-03-27T21:02:13.559+0800][1984.904s] GC(79) Metaspace: 48348K->48348K(1093632K)
[2022-03-27T21:02:13.559+0800][1984.904s] GC(79) Pause Young (Allocation Failure) 152M->68M(490M) 2.091ms
[2022-03-27T21:02:13.559+0800][1984.904s] GC(79) User=0.01s Sys=0.01s Real=0.00s
[2022-03-27T21:02:13.858+0800][1985.203s] GC(80) Pause Young (Allocation Failure)
[2022-03-27T21:02:13.858+0800][1985.203s] GC(80) Using 4 workers of 4 for evacuation
[2022-03-27T21:02:13.861+0800][1985.205s] GC(80) ParNew: 96252K->6467K(109248K)
[2022-03-27T21:02:13.861+0800][1985.205s] GC(80) CMS: 61634K->62570K(393216K)
[2022-03-27T21:02:13.861+0800][1985.205s] GC(80) Metaspace: 48348K->48348K(1093632K)
[2022-03-27T21:02:13.861+0800][1985.205s] GC(80) Pause Young (Allocation Failure) 154M->67M(490M) 2.585ms
[2022-03-27T21:02:13.861+0800][1985.205s] GC(80) User=0.01s Sys=0.00s Real=0.01s
[2022-03-27T21:02:14.254+0800][1985.598s] GC(81) Pause Young (Allocation Failure)
[2022-03-27T21:02:14.254+0800][1985.598s] GC(81) Using 4 workers of 4 for evacuation
[2022-03-27T21:02:14.256+0800][1985.600s] GC(81) ParNew: 93891K->8584K(109248K)
[2022-03-27T21:02:14.256+0800][1985.600s] GC(81) CMS: 62570K->62993K(393216K)
[2022-03-27T21:02:14.256+0800][1985.600s] GC(81) Metaspace: 48562K->48562K(1093632K)
[2022-03-27T21:02:14.256+0800][1985.600s] GC(81) Pause Young (Allocation Failure) 152M->69M(490M) 2.468ms
[2022-03-27T21:02:14.256+0800][1985.600s] GC(81) User=0.01s Sys=0.00s Real=0.00s
[2022-03-27T21:02:14.585+0800][1985.929s] GC(82) Pause Young (Allocation Failure)
[2022-03-27T21:02:14.585+0800][1985.929s] GC(82) Using 4 workers of 4 for evacuation
[2022-03-27T21:02:14.587+0800][1985.931s] GC(82) ParNew: 96008K->6422K(109248K)
[2022-03-27T21:02:14.587+0800][1985.931s] GC(82) CMS: 62993K->63351K(393216K)
[2022-03-27T21:02:14.587+0800][1985.931s] GC(82) Metaspace: 48562K->48562K(1093632K)
[2022-03-27T21:02:14.587+0800][1985.931s] GC(82) Pause Young (Allocation Failure) 155M->68M(490M) 2.346ms
[2022-03-27T21:02:14.587+0800][1985.931s] GC(82) User=0.00s Sys=0.00s Real=0.00s
[2022-03-27T21:02:14.891+0800][1986.235s] GC(83) Pause Young (Allocation Failure)
[2022-03-27T21:02:14.891+0800][1986.235s] GC(83) Using 4 workers of 4 for evacuation
[2022-03-27T21:02:14.893+0800][1986.237s] GC(83) ParNew: 93846K->7623K(109248K)
[2022-03-27T21:02:14.893+0800][1986.237s] GC(83) CMS: 63351K->63861K(393216K)
[2022-03-27T21:02:14.893+0800][1986.237s] GC(83) Metaspace: 48562K->48562K(1093632K)
[2022-03-27T21:02:14.893+0800][1986.237s] GC(83) Pause Young (Allocation Failure) 153M->69M(490M) 2.283ms
[2022-03-27T21:02:14.893+0800][1986.237s] GC(83) User=0.01s Sys=0.00s Real=0.00s
[2022-03-27T21:02:15.182+0800][1986.526s] GC(84) Pause Young (Allocation Failure)
[2022-03-27T21:02:15.182+0800][1986.527s] GC(84) Using 4 workers of 4 for evacuation
[2022-03-27T21:02:15.185+0800][1986.530s] GC(84) ParNew: 95047K->6701K(109248K)
[2022-03-27T21:02:15.185+0800][1986.530s] GC(84) CMS: 63861K->64283K(393216K)
[2022-03-27T21:02:15.185+0800][1986.530s] GC(84) Metaspace: 48562K->48562K(1093632K)
[2022-03-27T21:02:15.185+0800][1986.530s] GC(84) Pause Young (Allocation Failure) 155M->69M(490M) 3.259ms
[2022-03-27T21:02:15.185+0800][1986.530s] GC(84) User=0.01s Sys=0.00s Real=0.00s
[2022-03-27T21:02:15.517+0800][1986.861s] GC(85) Pause Young (Allocation Failure)
[2022-03-27T21:02:15.517+0800][1986.861s] GC(85) Using 4 workers of 4 for evacuation
[2022-03-27T21:02:15.519+0800][1986.863s] GC(85) ParNew: 94125K->8495K(109248K)
[2022-03-27T21:02:15.519+0800][1986.863s] GC(85) CMS: 64283K->64617K(393216K)
[2022-03-27T21:02:15.519+0800][1986.863s] GC(85) Metaspace: 48562K->48562K(1093632K)
[2022-03-27T21:02:15.519+0800][1986.863s] GC(85) Pause Young (Allocation Failure) 154M->71M(490M) 2.250ms
[2022-03-27T21:02:15.519+0800][1986.863s] GC(85) User=0.00s Sys=0.00s Real=0.00s
[2022-03-27T21:02:15.818+0800][1987.162s] GC(86) Pause Young (Allocation Failure)
[2022-03-27T21:02:15.818+0800][1987.162s] GC(86) Using 4 workers of 4 for evacuation
[2022-03-27T21:02:15.821+0800][1987.165s] GC(86) ParNew: 95919K->6977K(109248K)
[2022-03-27T21:02:15.821+0800][1987.165s] GC(86) CMS: 64617K->64904K(393216K)
[2022-03-27T21:02:15.821+0800][1987.165s] GC(86) Metaspace: 48562K->48562K(1093632K)
[2022-03-27T21:02:15.821+0800][1987.165s] GC(86) Pause Young (Allocation Failure) 156M->70M(490M) 2.754ms
[2022-03-27T21:02:15.821+0800][1987.165s] GC(86) User=0.01s Sys=0.00s Real=0.01s
[2022-03-27T21:02:16.145+0800][1987.489s] GC(87) Pause Young (Allocation Failure)
[2022-03-27T21:02:16.145+0800][1987.489s] GC(87) Using 4 workers of 4 for evacuation
[2022-03-27T21:02:16.147+0800][1987.492s] GC(87) ParNew: 94401K->9255K(109248K)
[2022-03-27T21:02:16.147+0800][1987.492s] GC(87) CMS: 64904K->65348K(393216K)
[2022-03-27T21:02:16.147+0800][1987.492s] GC(87) Metaspace: 48562K->48562K(1093632K)
[2022-03-27T21:02:16.148+0800][1987.492s] GC(87) Pause Young (Allocation Failure) 155M->72M(490M) 2.885ms
[2022-03-27T21:02:16.148+0800][1987.492s] GC(87) User=0.01s Sys=0.00s Real=0.00s
[2022-03-27T21:02:16.483+0800][1987.827s] GC(88) Pause Young (Allocation Failure)
[2022-03-27T21:02:16.483+0800][1987.828s] GC(88) Using 4 workers of 4 for evacuation
[2022-03-27T21:02:16.486+0800][1987.830s] GC(88) ParNew: 96679K->9995K(109248K)
[2022-03-27T21:02:16.486+0800][1987.830s] GC(88) CMS: 65348K->65628K(393216K)
[2022-03-27T21:02:16.486+0800][1987.830s] GC(88) Metaspace: 48563K->48563K(1093632K)
[2022-03-27T21:02:16.486+0800][1987.830s] GC(88) Pause Young (Allocation Failure) 158M->73M(490M) 2.965ms
[2022-03-27T21:02:16.486+0800][1987.830s] GC(88) User=0.01s Sys=0.00s Real=0.00s
[2022-03-27T21:02:16.853+0800][1988.197s] GC(89) Pause Young (Allocation Failure)
[2022-03-27T21:02:16.853+0800][1988.197s] GC(89) Using 4 workers of 4 for evacuation
[2022-03-27T21:02:16.855+0800][1988.200s] GC(89) ParNew: 97419K->8028K(109248K)
[2022-03-27T21:02:16.855+0800][1988.200s] GC(89) CMS: 65628K->66055K(393216K)
[2022-03-27T21:02:16.855+0800][1988.200s] GC(89) Metaspace: 48563K->48563K(1093632K)
[2022-03-27T21:02:16.855+0800][1988.200s] GC(89) Pause Young (Allocation Failure) 159M->72M(490M) 2.523ms
[2022-03-27T21:02:16.855+0800][1988.200s] GC(89) User=0.01s Sys=0.00s Real=0.00s
[2022-03-27T21:02:17.158+0800][1988.502s] GC(90) Pause Young (Allocation Failure)
[2022-03-27T21:02:17.158+0800][1988.502s] GC(90) Using 4 workers of 4 for evacuation
[2022-03-27T21:02:17.160+0800][1988.504s] GC(90) ParNew: 95452K->9096K(109248K)
[2022-03-27T21:02:17.160+0800][1988.504s] GC(90) CMS: 66055K->66368K(393216K)
[2022-03-27T21:02:17.160+0800][1988.505s] GC(90) Metaspace: 48581K->48581K(1093632K)
[2022-03-27T21:02:17.160+0800][1988.505s] GC(90) Pause Young (Allocation Failure) 157M->73M(490M) 2.299ms
[2022-03-27T21:02:17.160+0800][1988.505s] GC(90) User=0.00s Sys=0.00s Real=0.01s
[2022-03-27T21:02:17.441+0800][1988.785s] GC(91) Pause Young (Allocation Failure)
[2022-03-27T21:02:17.441+0800][1988.785s] GC(91) Using 4 workers of 4 for evacuation
[2022-03-27T21:02:17.443+0800][1988.787s] GC(91) ParNew: 96520K->9114K(109248K)
[2022-03-27T21:02:17.443+0800][1988.787s] GC(91) CMS: 66368K->66690K(393216K)
[2022-03-27T21:02:17.443+0800][1988.787s] GC(91) Metaspace: 48582K->48582K(1093632K)
[2022-03-27T21:02:17.443+0800][1988.787s] GC(91) Pause Young (Allocation Failure) 159M->74M(490M) 2.054ms
[2022-03-27T21:02:17.443+0800][1988.787s] GC(91) User=0.01s Sys=0.00s Real=0.00s
[2022-03-27T21:02:17.739+0800][1989.083s] GC(92) Pause Young (Allocation Failure)
[2022-03-27T21:02:17.739+0800][1989.083s] GC(92) Using 4 workers of 4 for evacuation
[2022-03-27T21:02:17.741+0800][1989.085s] GC(92) ParNew: 96538K->8828K(109248K)
[2022-03-27T21:02:17.741+0800][1989.085s] GC(92) CMS: 66690K->67042K(393216K)
[2022-03-27T21:02:17.741+0800][1989.085s] GC(92) Metaspace: 48582K->48582K(1093632K)
[2022-03-27T21:02:17.741+0800][1989.086s] GC(92) Pause Young (Allocation Failure) 159M->74M(490M) 2.139ms
[2022-03-27T21:02:17.741+0800][1989.086s] GC(92) User=0.00s Sys=0.00s Real=0.01s
[2022-03-27T21:02:18.027+0800][1989.371s] GC(93) Pause Young (Allocation Failure)
[2022-03-27T21:02:18.027+0800][1989.371s] GC(93) Using 4 workers of 4 for evacuation
[2022-03-27T21:02:18.029+0800][1989.373s] GC(93) ParNew: 96252K->9388K(109248K)
[2022-03-27T21:02:18.029+0800][1989.373s] GC(93) CMS: 67042K->67364K(393216K)
[2022-03-27T21:02:18.029+0800][1989.373s] GC(93) Metaspace: 48582K->48582K(1093632K)
[2022-03-27T21:02:18.029+0800][1989.373s] GC(93) Pause Young (Allocation Failure) 159M->74M(490M) 2.295ms
[2022-03-27T21:02:18.029+0800][1989.373s] GC(93) User=0.01s Sys=0.01s Real=0.00s
[2022-03-27T21:02:18.320+0800][1989.665s] GC(94) Pause Young (Allocation Failure)
[2022-03-27T21:02:18.321+0800][1989.665s] GC(94) Using 4 workers of 4 for evacuation
[2022-03-27T21:02:18.323+0800][1989.667s] GC(94) ParNew: 96812K->8988K(109248K)
[2022-03-27T21:02:18.323+0800][1989.667s] GC(94) CMS: 67364K->67763K(393216K)
[2022-03-27T21:02:18.323+0800][1989.667s] GC(94) Metaspace: 48582K->48582K(1093632K)
[2022-03-27T21:02:18.323+0800][1989.667s] GC(94) Pause Young (Allocation Failure) 160M->74M(490M) 2.787ms
[2022-03-27T21:02:18.323+0800][1989.667s] GC(94) User=0.02s Sys=0.00s Real=0.00s
[2022-03-27T21:02:18.627+0800][1989.971s] GC(95) Pause Young (Allocation Failure)
[2022-03-27T21:02:18.627+0800][1989.971s] GC(95) Using 4 workers of 4 for evacuation
[2022-03-27T21:02:18.630+0800][1989.974s] GC(95) ParNew: 96412K->8150K(109248K)
[2022-03-27T21:02:18.630+0800][1989.974s] GC(95) CMS: 67763K->69113K(393216K)
[2022-03-27T21:02:18.630+0800][1989.974s] GC(95) Metaspace: 48582K->48582K(1093632K)
[2022-03-27T21:02:18.630+0800][1989.974s] GC(95) Pause Young (Allocation Failure) 160M->75M(490M) 3.164ms
[2022-03-27T21:02:18.630+0800][1989.974s] GC(95) User=0.01s Sys=0.00s Real=0.01s
[2022-03-27T21:02:18.944+0800][1990.288s] GC(96) Pause Young (Allocation Failure)
[2022-03-27T21:02:18.944+0800][1990.288s] GC(96) Using 4 workers of 4 for evacuation
[2022-03-27T21:02:18.946+0800][1990.291s] GC(96) ParNew: 95574K->8639K(109248K)
[2022-03-27T21:02:18.946+0800][1990.291s] GC(96) CMS: 69113K->69465K(393216K)
[2022-03-27T21:02:18.946+0800][1990.291s] GC(96) Metaspace: 48582K->48582K(1093632K)
[2022-03-27T21:02:18.946+0800][1990.291s] GC(96) Pause Young (Allocation Failure) 160M->76M(490M) 2.360ms
[2022-03-27T21:02:18.946+0800][1990.291s] GC(96) User=0.00s Sys=0.00s Real=0.00s
[2022-03-27T21:02:19.223+0800][1990.567s] GC(97) Pause Young (Allocation Failure)
[2022-03-27T21:02:19.223+0800][1990.567s] GC(97) Using 4 workers of 4 for evacuation
[2022-03-27T21:02:19.225+0800][1990.569s] GC(97) ParNew: 96063K->8888K(109248K)
[2022-03-27T21:02:19.225+0800][1990.569s] GC(97) CMS: 69465K->69798K(393216K)
[2022-03-27T21:02:19.225+0800][1990.569s] GC(97) Metaspace: 48582K->48582K(1093632K)
[2022-03-27T21:02:19.225+0800][1990.569s] GC(97) Pause Young (Allocation Failure) 161M->76M(490M) 2.321ms
[2022-03-27T21:02:19.225+0800][1990.569s] GC(97) User=0.01s Sys=0.00s Real=0.00s
[2022-03-27T21:02:19.584+0800][1990.928s] GC(98) Pause Young (Allocation Failure)
[2022-03-27T21:02:19.584+0800][1990.928s] GC(98) Using 4 workers of 4 for evacuation
[2022-03-27T21:02:19.586+0800][1990.930s] GC(98) ParNew: 96312K->8758K(109248K)
[2022-03-27T21:02:19.586+0800][1990.930s] GC(98) CMS: 69798K->70225K(393216K)
[2022-03-27T21:02:19.586+0800][1990.930s] GC(98) Metaspace: 48582K->48582K(1093632K)
[2022-03-27T21:02:19.586+0800][1990.930s] GC(98) Pause Young (Allocation Failure) 162M->77M(490M) 2.333ms
[2022-03-27T21:02:19.586+0800][1990.931s] GC(98) User=0.01s Sys=0.00s Real=0.00s
[2022-03-27T21:02:19.885+0800][1991.229s] GC(99) Pause Young (Allocation Failure)
[2022-03-27T21:02:19.885+0800][1991.229s] GC(99) Using 4 workers of 4 for evacuation
[2022-03-27T21:02:19.887+0800][1991.232s] GC(99) ParNew: 96182K->9279K(109248K)
[2022-03-27T21:02:19.888+0800][1991.232s] GC(99) CMS: 70225K->70473K(393216K)
[2022-03-27T21:02:19.888+0800][1991.232s] GC(99) Metaspace: 48582K->48582K(1093632K)
[2022-03-27T21:02:19.888+0800][1991.232s] GC(99) Pause Young (Allocation Failure) 162M->77M(490M) 2.451ms
[2022-03-27T21:02:19.888+0800][1991.232s] GC(99) User=0.01s Sys=0.00s Real=0.00s
[2022-03-27T21:02:20.200+0800][1991.544s] GC(100) Pause Young (Allocation Failure)
[2022-03-27T21:02:20.200+0800][1991.544s] GC(100) Using 4 workers of 4 for evacuation
[2022-03-27T21:02:20.202+0800][1991.546s] GC(100) ParNew: 96703K->8596K(109248K)
[2022-03-27T21:02:20.202+0800][1991.546s] GC(100) CMS: 70473K->70790K(393216K)
[2022-03-27T21:02:20.202+0800][1991.546s] GC(100) Metaspace: 48582K->48582K(1093632K)
[2022-03-27T21:02:20.202+0800][1991.546s] GC(100) Pause Young (Allocation Failure) 163M->77M(490M) 2.385ms
[2022-03-27T21:02:20.202+0800][1991.547s] GC(100) User=0.01s Sys=0.00s Real=0.00s
[2022-03-27T21:02:20.508+0800][1991.852s] GC(101) Pause Young (Allocation Failure)
[2022-03-27T21:02:20.508+0800][1991.852s] GC(101) Using 4 workers of 4 for evacuation
[2022-03-27T21:02:20.510+0800][1991.855s] GC(101) ParNew: 96020K->9693K(109248K)
[2022-03-27T21:02:20.510+0800][1991.855s] GC(101) CMS: 70790K->71061K(393216K)
[2022-03-27T21:02:20.510+0800][1991.855s] GC(101) Metaspace: 48582K->48582K(1093632K)
[2022-03-27T21:02:20.510+0800][1991.855s] GC(101) Pause Young (Allocation Failure) 162M->78M(490M) 2.817ms
[2022-03-27T21:02:20.510+0800][1991.855s] GC(101) User=0.00s Sys=0.00s Real=0.01s
[2022-03-27T21:02:20.804+0800][1992.148s] GC(102) Pause Young (Allocation Failure)
[2022-03-27T21:02:20.804+0800][1992.148s] GC(102) Using 4 workers of 4 for evacuation
[2022-03-27T21:02:20.807+0800][1992.151s] GC(102) ParNew: 97117K->8947K(109248K)
[2022-03-27T21:02:20.807+0800][1992.151s] GC(102) CMS: 71061K->71385K(393216K)
[2022-03-27T21:02:20.807+0800][1992.151s] GC(102) Metaspace: 48582K->48582K(1093632K)
[2022-03-27T21:02:20.807+0800][1992.151s] GC(102) Pause Young (Allocation Failure) 164M->78M(490M) 3.444ms
[2022-03-27T21:02:20.807+0800][1992.151s] GC(102) User=0.01s Sys=0.01s Real=0.00s
[2022-03-27T21:02:21.115+0800][1992.459s] GC(103) Pause Young (Allocation Failure)
[2022-03-27T21:02:21.115+0800][1992.459s] GC(103) Using 4 workers of 4 for evacuation
[2022-03-27T21:02:21.117+0800][1992.461s] GC(103) ParNew: 96371K->7833K(109248K)
[2022-03-27T21:02:21.117+0800][1992.461s] GC(103) CMS: 71385K->72062K(393216K)
[2022-03-27T21:02:21.117+0800][1992.461s] GC(103) Metaspace: 48582K->48582K(1093632K)
[2022-03-27T21:02:21.117+0800][1992.461s] GC(103) Pause Young (Allocation Failure) 163M->78M(490M) 2.525ms
[2022-03-27T21:02:21.117+0800][1992.461s] GC(103) User=0.00s Sys=0.00s Real=0.00s
[2022-03-27T21:02:21.414+0800][1992.758s] GC(104) Pause Young (Allocation Failure)
[2022-03-27T21:02:21.414+0800][1992.758s] GC(104) Using 4 workers of 4 for evacuation
[2022-03-27T21:02:21.416+0800][1992.760s] GC(104) ParNew: 95257K->7878K(109248K)
[2022-03-27T21:02:21.416+0800][1992.760s] GC(104) CMS: 72062K->72416K(393216K)
[2022-03-27T21:02:21.416+0800][1992.760s] GC(104) Metaspace: 48582K->48582K(1093632K)
[2022-03-27T21:02:21.416+0800][1992.760s] GC(104) Pause Young (Allocation Failure) 163M->78M(490M) 2.491ms
[2022-03-27T21:02:21.416+0800][1992.760s] GC(104) User=0.00s Sys=0.00s Real=0.00s
[2022-03-27T21:02:21.731+0800][1993.076s] GC(105) Pause Young (Allocation Failure)
[2022-03-27T21:02:21.731+0800][1993.076s] GC(105) Using 4 workers of 4 for evacuation
[2022-03-27T21:02:21.733+0800][1993.077s] GC(105) ParNew: 95302K->8582K(109248K)
[2022-03-27T21:02:21.733+0800][1993.077s] GC(105) CMS: 72416K->72740K(393216K)
[2022-03-27T21:02:21.733+0800][1993.077s] GC(105) Metaspace: 48582K->48582K(1093632K)
[2022-03-27T21:02:21.733+0800][1993.077s] GC(105) Pause Young (Allocation Failure) 163M->79M(490M) 1.962ms
[2022-03-27T21:02:21.733+0800][1993.078s] GC(105) User=0.00s Sys=0.00s Real=0.00s
[2022-03-27T21:02:22.019+0800][1993.364s] GC(106) Pause Young (Allocation Failure)
[2022-03-27T21:02:22.019+0800][1993.364s] GC(106) Using 4 workers of 4 for evacuation
[2022-03-27T21:02:22.023+0800][1993.367s] GC(106) ParNew: 96006K->7488K(109248K)
[2022-03-27T21:02:22.023+0800][1993.367s] GC(106) CMS: 72740K->73089K(393216K)
[2022-03-27T21:02:22.023+0800][1993.367s] GC(106) Metaspace: 48582K->48582K(1093632K)
[2022-03-27T21:02:22.023+0800][1993.367s] GC(106) Pause Young (Allocation Failure) 164M->78M(490M) 3.500ms
[2022-03-27T21:02:22.023+0800][1993.367s] GC(106) User=0.01s Sys=0.00s Real=0.01s
[2022-03-27T21:02:22.268+0800][1993.612s] GC(107) Pause Young (Allocation Failure)
[2022-03-27T21:02:22.268+0800][1993.612s] GC(107) Using 4 workers of 4 for evacuation
[2022-03-27T21:02:22.270+0800][1993.615s] GC(107) ParNew: 94878K->12092K(109248K)
[2022-03-27T21:02:22.270+0800][1993.615s] GC(107) CMS: 73089K->73419K(393216K)
[2022-03-27T21:02:22.270+0800][1993.615s] GC(107) Metaspace: 48598K->48598K(1093632K)
[2022-03-27T21:02:22.270+0800][1993.615s] GC(107) Pause Young (Allocation Failure) 164M->83M(490M) 2.282ms
[2022-03-27T21:02:22.270+0800][1993.615s] GC(107) User=0.00s Sys=0.01s Real=0.01s
[2022-03-27T21:02:22.396+0800][1993.740s] GC(108) Pause Young (Allocation Failure)
[2022-03-27T21:02:22.396+0800][1993.740s] GC(108) Using 4 workers of 4 for evacuation
[2022-03-27T21:02:22.398+0800][1993.743s] GC(108) ParNew: 99516K->11860K(109248K)
[2022-03-27T21:02:22.398+0800][1993.743s] GC(108) CMS: 73419K->73771K(393216K)
[2022-03-27T21:02:22.398+0800][1993.743s] GC(108) Metaspace: 48622K->48622K(1093632K)
[2022-03-27T21:02:22.398+0800][1993.743s] GC(108) Pause Young (Allocation Failure) 168M->83M(490M) 2.565ms
[2022-03-27T21:02:22.398+0800][1993.743s] GC(108) User=0.01s Sys=0.00s Real=0.00s
[2022-03-27T21:02:22.548+0800][1993.892s] GC(109) Pause Young (Allocation Failure)
[2022-03-27T21:02:22.548+0800][1993.892s] GC(109) Using 4 workers of 4 for evacuation
[2022-03-27T21:02:22.550+0800][1993.895s] GC(109) ParNew: 99284K->13441K(109248K)
[2022-03-27T21:02:22.550+0800][1993.895s] GC(109) CMS: 73771K->74097K(393216K)
[2022-03-27T21:02:22.550+0800][1993.895s] GC(109) Metaspace: 48622K->48622K(1093632K)
[2022-03-27T21:02:22.550+0800][1993.895s] GC(109) Pause Young (Allocation Failure) 169M->85M(490M) 2.289ms
[2022-03-27T21:02:22.550+0800][1993.895s] GC(109) User=0.01s Sys=0.00s Real=0.01s
[2022-03-27T21:02:22.669+0800][1994.013s] GC(110) Pause Young (Allocation Failure)
[2022-03-27T21:02:22.669+0800][1994.013s] GC(110) Using 4 workers of 4 for evacuation
[2022-03-27T21:02:22.672+0800][1994.016s] GC(110) ParNew: 100865K->11658K(109248K)
[2022-03-27T21:02:22.672+0800][1994.016s] GC(110) CMS: 74097K->74305K(393216K)
[2022-03-27T21:02:22.672+0800][1994.016s] GC(110) Metaspace: 48624K->48624K(1093632K)
[2022-03-27T21:02:22.672+0800][1994.016s] GC(110) Pause Young (Allocation Failure) 170M->83M(490M) 2.730ms
[2022-03-27T21:02:22.672+0800][1994.016s] GC(110) User=0.01s Sys=0.00s Real=0.01s
[2022-03-27T21:02:23.754+0800][1995.098s] GC(111) Pause Young (Allocation Failure)
[2022-03-27T21:02:23.754+0800][1995.098s] GC(111) Using 4 workers of 4 for evacuation
[2022-03-27T21:02:23.756+0800][1995.101s] GC(111) ParNew: 99082K->11938K(109248K)
[2022-03-27T21:02:23.756+0800][1995.101s] GC(111) CMS: 74305K->74865K(393216K)
[2022-03-27T21:02:23.756+0800][1995.101s] GC(111) Metaspace: 48659K->48659K(1093632K)
[2022-03-27T21:02:23.756+0800][1995.101s] GC(111) Pause Young (Allocation Failure) 169M->84M(490M) 2.673ms
[2022-03-27T21:02:23.756+0800][1995.101s] GC(111) User=0.01s Sys=0.01s Real=0.00s
[2022-03-27T21:02:24.040+0800][1995.384s] GC(112) Pause Young (Allocation Failure)
[2022-03-27T21:02:24.040+0800][1995.384s] GC(112) Using 4 workers of 4 for evacuation
[2022-03-27T21:02:24.043+0800][1995.387s] GC(112) ParNew: 99362K->11674K(109248K)
[2022-03-27T21:02:24.043+0800][1995.388s] GC(112) CMS: 74865K->75595K(393216K)
[2022-03-27T21:02:24.043+0800][1995.388s] GC(112) Metaspace: 48721K->48721K(1093632K)
[2022-03-27T21:02:24.043+0800][1995.388s] GC(112) Pause Young (Allocation Failure) 170M->85M(490M) 3.544ms
[2022-03-27T21:02:24.043+0800][1995.388s] GC(112) User=0.02s Sys=0.00s Real=0.00s
[2022-03-27T21:02:24.389+0800][1995.733s] GC(113) Pause Young (Allocation Failure)
[2022-03-27T21:02:24.389+0800][1995.733s] GC(113) Using 4 workers of 4 for evacuation
[2022-03-27T21:02:24.392+0800][1995.736s] GC(113) ParNew: 99098K->11727K(109248K)
[2022-03-27T21:02:24.392+0800][1995.736s] GC(113) CMS: 75595K->76156K(393216K)
[2022-03-27T21:02:24.392+0800][1995.736s] GC(113) Metaspace: 48722K->48722K(1093632K)
[2022-03-27T21:02:24.392+0800][1995.736s] GC(113) Pause Young (Allocation Failure) 170M->85M(490M) 2.562ms
[2022-03-27T21:02:24.392+0800][1995.736s] GC(113) User=0.01s Sys=0.00s Real=0.01s
[2022-03-27T21:02:24.727+0800][1996.072s] GC(114) Pause Young (Allocation Failure)
[2022-03-27T21:02:24.727+0800][1996.072s] GC(114) Using 4 workers of 4 for evacuation
[2022-03-27T21:02:24.730+0800][1996.075s] GC(114) ParNew: 99151K->11283K(109248K)
[2022-03-27T21:02:24.731+0800][1996.075s] GC(114) CMS: 76156K->76722K(393216K)
[2022-03-27T21:02:24.731+0800][1996.075s] GC(114) Metaspace: 48722K->48722K(1093632K)
[2022-03-27T21:02:24.731+0800][1996.075s] GC(114) Pause Young (Allocation Failure) 171M->85M(490M) 3.283ms
[2022-03-27T21:02:24.731+0800][1996.075s] GC(114) User=0.01s Sys=0.00s Real=0.01s
[2022-03-27T21:02:25.052+0800][1996.397s] GC(115) Pause Young (Allocation Failure)
[2022-03-27T21:02:25.052+0800][1996.397s] GC(115) Using 4 workers of 4 for evacuation
[2022-03-27T21:02:25.056+0800][1996.400s] GC(115) ParNew: 98707K->11180K(109248K)
[2022-03-27T21:02:25.056+0800][1996.400s] GC(115) CMS: 76722K->80128K(393216K)
[2022-03-27T21:02:25.056+0800][1996.400s] GC(115) Metaspace: 48722K->48722K(1093632K)
[2022-03-27T21:02:25.056+0800][1996.400s] GC(115) Pause Young (Allocation Failure) 171M->89M(490M) 3.510ms
[2022-03-27T21:02:25.056+0800][1996.400s] GC(115) User=0.01s Sys=0.00s Real=0.00s
[2022-03-27T21:02:25.357+0800][1996.702s] GC(116) Pause Young (Allocation Failure)
[2022-03-27T21:02:25.357+0800][1996.702s] GC(116) Using 4 workers of 4 for evacuation
[2022-03-27T21:02:25.360+0800][1996.704s] GC(116) ParNew: 98604K->9483K(109248K)
[2022-03-27T21:02:25.360+0800][1996.704s] GC(116) CMS: 80128K->80178K(393216K)
[2022-03-27T21:02:25.360+0800][1996.704s] GC(116) Metaspace: 48722K->48722K(1093632K)
[2022-03-27T21:02:25.360+0800][1996.704s] GC(116) Pause Young (Allocation Failure) 174M->87M(490M) 2.920ms
[2022-03-27T21:02:25.360+0800][1996.704s] GC(116) User=0.01s Sys=0.00s Real=0.01s
[2022-03-27T21:02:25.671+0800][1997.015s] GC(117) Pause Young (Allocation Failure)
[2022-03-27T21:02:25.671+0800][1997.015s] GC(117) Using 4 workers of 4 for evacuation
[2022-03-27T21:02:25.673+0800][1997.018s] GC(117) ParNew: 96907K->9620K(109248K)
[2022-03-27T21:02:25.673+0800][1997.018s] GC(117) CMS: 80178K->80190K(393216K)
[2022-03-27T21:02:25.673+0800][1997.018s] GC(117) Metaspace: 48722K->48722K(1093632K)
[2022-03-27T21:02:25.674+0800][1997.018s] GC(117) Pause Young (Allocation Failure) 172M->87M(490M) 2.584ms
[2022-03-27T21:02:25.674+0800][1997.018s] GC(117) User=0.01s Sys=0.00s Real=0.00s
[2022-03-27T21:02:25.985+0800][1997.329s] GC(118) Pause Young (Allocation Failure)
[2022-03-27T21:02:25.985+0800][1997.329s] GC(118) Using 4 workers of 4 for evacuation
[2022-03-27T21:02:25.988+0800][1997.332s] GC(118) ParNew: 97044K->11070K(109248K)
[2022-03-27T21:02:25.988+0800][1997.332s] GC(118) CMS: 80190K->80200K(393216K)
[2022-03-27T21:02:25.988+0800][1997.332s] GC(118) Metaspace: 48722K->48722K(1093632K)
[2022-03-27T21:02:25.988+0800][1997.332s] GC(118) Pause Young (Allocation Failure) 173M->89M(490M) 2.434ms
[2022-03-27T21:02:25.988+0800][1997.332s] GC(118) User=0.01s Sys=0.01s Real=0.00s
[2022-03-27T21:02:26.279+0800][1997.623s] GC(119) Pause Young (Allocation Failure)
[2022-03-27T21:02:26.279+0800][1997.623s] GC(119) Using 4 workers of 4 for evacuation
[2022-03-27T21:02:26.284+0800][1997.628s] GC(119) ParNew: 98494K->8386K(109248K)
[2022-03-27T21:02:26.284+0800][1997.628s] GC(119) CMS: 80200K->82368K(393216K)
[2022-03-27T21:02:26.284+0800][1997.628s] GC(119) Metaspace: 48722K->48722K(1093632K)
[2022-03-27T21:02:26.284+0800][1997.628s] GC(119) Pause Young (Allocation Failure) 174M->88M(490M) 4.676ms
[2022-03-27T21:02:26.284+0800][1997.628s] GC(119) User=0.02s Sys=0.01s Real=0.01s
[2022-03-27T21:02:26.618+0800][1997.962s] GC(120) Pause Young (Allocation Failure)
[2022-03-27T21:02:26.618+0800][1997.963s] GC(120) Using 4 workers of 4 for evacuation
[2022-03-27T21:02:26.621+0800][1997.966s] GC(120) ParNew: 95810K->6525K(109248K)
[2022-03-27T21:02:26.621+0800][1997.966s] GC(120) CMS: 82368K->83942K(393216K)
[2022-03-27T21:02:26.621+0800][1997.966s] GC(120) Metaspace: 48722K->48722K(1093632K)
[2022-03-27T21:02:26.621+0800][1997.966s] GC(120) Pause Young (Allocation Failure) 174M->88M(490M) 3.267ms
[2022-03-27T21:02:26.621+0800][1997.966s] GC(120) User=0.01s Sys=0.00s Real=0.01s
[2022-03-27T21:02:26.923+0800][1998.268s] GC(121) Pause Young (Allocation Failure)
[2022-03-27T21:02:26.923+0800][1998.268s] GC(121) Using 4 workers of 4 for evacuation
[2022-03-27T21:02:26.925+0800][1998.270s] GC(121) ParNew: 93949K->7279K(109248K)
[2022-03-27T21:02:26.926+0800][1998.270s] GC(121) CMS: 83942K->84382K(393216K)
[2022-03-27T21:02:26.926+0800][1998.270s] GC(121) Metaspace: 48722K->48722K(1093632K)
[2022-03-27T21:02:26.926+0800][1998.270s] GC(121) Pause Young (Allocation Failure) 173M->89M(490M) 2.264ms
[2022-03-27T21:02:26.926+0800][1998.270s] GC(121) User=0.00s Sys=0.00s Real=0.00s
[2022-03-27T21:02:27.223+0800][1998.567s] GC(122) Pause Young (Allocation Failure)
[2022-03-27T21:02:27.223+0800][1998.567s] GC(122) Using 4 workers of 4 for evacuation
[2022-03-27T21:02:27.226+0800][1998.570s] GC(122) ParNew: 94703K->7557K(109248K)
[2022-03-27T21:02:27.226+0800][1998.570s] GC(122) CMS: 84382K->84905K(393216K)
[2022-03-27T21:02:27.226+0800][1998.570s] GC(122) Metaspace: 48722K->48722K(1093632K)
[2022-03-27T21:02:27.226+0800][1998.570s] GC(122) Pause Young (Allocation Failure) 174M->90M(490M) 2.613ms
[2022-03-27T21:02:27.226+0800][1998.570s] GC(122) User=0.01s Sys=0.00s Real=0.00s
[2022-03-27T21:02:27.500+0800][1998.844s] GC(123) Pause Young (Allocation Failure)
[2022-03-27T21:02:27.500+0800][1998.844s] GC(123) Using 4 workers of 4 for evacuation
[2022-03-27T21:02:27.502+0800][1998.846s] GC(123) ParNew: 94981K->7034K(109248K)
[2022-03-27T21:02:27.502+0800][1998.846s] GC(123) CMS: 84905K->85255K(393216K)
[2022-03-27T21:02:27.502+0800][1998.846s] GC(123) Metaspace: 48722K->48722K(1093632K)
[2022-03-27T21:02:27.502+0800][1998.846s] GC(123) Pause Young (Allocation Failure) 175M->90M(490M) 2.162ms
[2022-03-27T21:02:27.502+0800][1998.846s] GC(123) User=0.00s Sys=0.01s Real=0.00s
[2022-03-27T21:02:27.835+0800][1999.179s] GC(124) Pause Young (Allocation Failure)
[2022-03-27T21:02:27.835+0800][1999.179s] GC(124) Using 4 workers of 4 for evacuation
[2022-03-27T21:02:27.837+0800][1999.182s] GC(124) ParNew: 94458K->8320K(109248K)
[2022-03-27T21:02:27.837+0800][1999.182s] GC(124) CMS: 85255K->85574K(393216K)
[2022-03-27T21:02:27.837+0800][1999.182s] GC(124) Metaspace: 48722K->48722K(1093632K)
[2022-03-27T21:02:27.837+0800][1999.182s] GC(124) Pause Young (Allocation Failure) 175M->91M(490M) 2.183ms
[2022-03-27T21:02:27.837+0800][1999.182s] GC(124) User=0.01s Sys=0.00s Real=0.00s
[2022-03-27T21:02:28.130+0800][1999.474s] GC(125) Pause Young (Allocation Failure)
[2022-03-27T21:02:28.130+0800][1999.474s] GC(125) Using 4 workers of 4 for evacuation
[2022-03-27T21:02:28.132+0800][1999.477s] GC(125) ParNew: 95744K->6919K(109248K)
[2022-03-27T21:02:28.132+0800][1999.477s] GC(125) CMS: 85574K->85921K(393216K)
[2022-03-27T21:02:28.132+0800][1999.477s] GC(125) Metaspace: 48722K->48722K(1093632K)
[2022-03-27T21:02:28.132+0800][1999.477s] GC(125) Pause Young (Allocation Failure) 177M->90M(490M) 2.337ms
[2022-03-27T21:02:28.132+0800][1999.477s] GC(125) User=0.01s Sys=0.00s Real=0.00s
[2022-03-27T21:02:28.430+0800][1999.774s] GC(126) Pause Young (Allocation Failure)
[2022-03-27T21:02:28.430+0800][1999.774s] GC(126) Using 4 workers of 4 for evacuation
[2022-03-27T21:02:28.433+0800][1999.777s] GC(126) ParNew: 94343K->7597K(109248K)
[2022-03-27T21:02:28.433+0800][1999.777s] GC(126) CMS: 85921K->86232K(393216K)
[2022-03-27T21:02:28.433+0800][1999.777s] GC(126) Metaspace: 48722K->48722K(1093632K)
[2022-03-27T21:02:28.433+0800][1999.777s] GC(126) Pause Young (Allocation Failure) 176M->91M(490M) 2.571ms
[2022-03-27T21:02:28.433+0800][1999.777s] GC(126) User=0.00s Sys=0.00s Real=0.00s
[2022-03-27T21:02:28.863+0800][2000.207s] GC(127) Pause Young (Allocation Failure)
[2022-03-27T21:02:28.863+0800][2000.207s] GC(127) Using 4 workers of 4 for evacuation
[2022-03-27T21:02:28.866+0800][2000.210s] GC(127) ParNew: 95021K->8332K(109248K)
[2022-03-27T21:02:28.866+0800][2000.211s] GC(127) CMS: 86232K->86601K(393216K)
[2022-03-27T21:02:28.866+0800][2000.211s] GC(127) Metaspace: 48722K->48722K(1093632K)
[2022-03-27T21:02:28.866+0800][2000.211s] GC(127) Pause Young (Allocation Failure) 177M->92M(490M) 3.383ms
[2022-03-27T21:02:28.866+0800][2000.211s] GC(127) User=0.01s Sys=0.00s Real=0.00s
[2022-03-27T21:02:29.186+0800][2000.530s] GC(128) Pause Young (Allocation Failure)
[2022-03-27T21:02:29.186+0800][2000.530s] GC(128) Using 4 workers of 4 for evacuation
[2022-03-27T21:02:29.188+0800][2000.532s] GC(128) ParNew: 95756K->7515K(109248K)
[2022-03-27T21:02:29.188+0800][2000.532s] GC(128) CMS: 86601K->86925K(393216K)
[2022-03-27T21:02:29.188+0800][2000.532s] GC(128) Metaspace: 48722K->48722K(1093632K)
[2022-03-27T21:02:29.188+0800][2000.532s] GC(128) Pause Young (Allocation Failure) 178M->92M(490M) 2.423ms
[2022-03-27T21:02:29.188+0800][2000.532s] GC(128) User=0.01s Sys=0.00s Real=0.00s
[2022-03-27T21:02:29.483+0800][2000.828s] GC(129) Pause Young (Allocation Failure)
[2022-03-27T21:02:29.483+0800][2000.828s] GC(129) Using 4 workers of 4 for evacuation
[2022-03-27T21:02:29.486+0800][2000.830s] GC(129) ParNew: 94939K->8107K(109248K)
[2022-03-27T21:02:29.486+0800][2000.830s] GC(129) CMS: 86925K->87865K(393216K)
[2022-03-27T21:02:29.486+0800][2000.830s] GC(129) Metaspace: 48722K->48722K(1093632K)
[2022-03-27T21:02:29.486+0800][2000.830s] GC(129) Pause Young (Allocation Failure) 177M->93M(490M) 2.620ms
[2022-03-27T21:02:29.486+0800][2000.830s] GC(129) User=0.01s Sys=0.00s Real=0.00s
[2022-03-27T21:02:29.794+0800][2001.138s] GC(130) Pause Young (Allocation Failure)
[2022-03-27T21:02:29.794+0800][2001.138s] GC(130) Using 4 workers of 4 for evacuation
[2022-03-27T21:02:29.796+0800][2001.141s] GC(130) ParNew: 95531K->7290K(109248K)
[2022-03-27T21:02:29.796+0800][2001.141s] GC(130) CMS: 87865K->88285K(393216K)
[2022-03-27T21:02:29.796+0800][2001.141s] GC(130) Metaspace: 48722K->48722K(1093632K)
[2022-03-27T21:02:29.796+0800][2001.141s] GC(130) Pause Young (Allocation Failure) 179M->93M(490M) 2.387ms
[2022-03-27T21:02:29.796+0800][2001.141s] GC(130) User=0.00s Sys=0.01s Real=0.00s
[2022-03-27T21:02:30.111+0800][2001.455s] GC(131) Pause Young (Allocation Failure)
[2022-03-27T21:02:30.111+0800][2001.455s] GC(131) Using 4 workers of 4 for evacuation
[2022-03-27T21:02:30.114+0800][2001.458s] GC(131) ParNew: 94714K->8417K(109248K)
[2022-03-27T21:02:30.114+0800][2001.458s] GC(131) CMS: 88285K->88650K(393216K)
[2022-03-27T21:02:30.114+0800][2001.458s] GC(131) Metaspace: 48722K->48722K(1093632K)
[2022-03-27T21:02:30.114+0800][2001.458s] GC(131) Pause Young (Allocation Failure) 178M->94M(490M) 3.438ms
[2022-03-27T21:02:30.114+0800][2001.459s] GC(131) User=0.01s Sys=0.00s Real=0.00s
[2022-03-27T21:02:30.415+0800][2001.760s] GC(132) Pause Young (Allocation Failure)
[2022-03-27T21:02:30.415+0800][2001.760s] GC(132) Using 4 workers of 4 for evacuation
[2022-03-27T21:02:30.418+0800][2001.762s] GC(132) ParNew: 95841K->7010K(109248K)
[2022-03-27T21:02:30.418+0800][2001.762s] GC(132) CMS: 88650K->89114K(393216K)
[2022-03-27T21:02:30.418+0800][2001.762s] GC(132) Metaspace: 48722K->48722K(1093632K)
[2022-03-27T21:02:30.418+0800][2001.762s] GC(132) Pause Young (Allocation Failure) 180M->93M(490M) 2.514ms
[2022-03-27T21:02:30.418+0800][2001.762s] GC(132) User=0.00s Sys=0.00s Real=0.00s
[2022-03-27T21:02:30.739+0800][2002.083s] GC(133) Pause Young (Allocation Failure)
[2022-03-27T21:02:30.739+0800][2002.084s] GC(133) Using 4 workers of 4 for evacuation
[2022-03-27T21:02:30.741+0800][2002.086s] GC(133) ParNew: 94351K->8521K(109248K)
[2022-03-27T21:02:30.741+0800][2002.086s] GC(133) CMS: 89114K->89508K(393216K)
[2022-03-27T21:02:30.741+0800][2002.086s] GC(133) Metaspace: 48722K->48722K(1093632K)
[2022-03-27T21:02:30.741+0800][2002.086s] GC(133) Pause Young (Allocation Failure) 179M->95M(490M) 2.318ms
[2022-03-27T21:02:30.742+0800][2002.086s] GC(133) User=0.00s Sys=0.00s Real=0.01s
[2022-03-27T21:02:31.086+0800][2002.431s] GC(134) Pause Young (Allocation Failure)
[2022-03-27T21:02:31.087+0800][2002.431s] GC(134) Using 4 workers of 4 for evacuation
[2022-03-27T21:02:31.089+0800][2002.433s] GC(134) ParNew: 95945K->6941K(109248K)
[2022-03-27T21:02:31.089+0800][2002.433s] GC(134) CMS: 89508K->89873K(393216K)
[2022-03-27T21:02:31.089+0800][2002.433s] GC(134) Metaspace: 48722K->48722K(1093632K)
[2022-03-27T21:02:31.089+0800][2002.433s] GC(134) Pause Young (Allocation Failure) 181M->94M(490M) 2.339ms
[2022-03-27T21:02:31.089+0800][2002.433s] GC(134) User=0.01s Sys=0.00s Real=0.00s
[2022-03-27T21:02:31.423+0800][2002.767s] GC(135) Pause Young (Allocation Failure)
[2022-03-27T21:02:31.423+0800][2002.767s] GC(135) Using 4 workers of 4 for evacuation
[2022-03-27T21:02:31.426+0800][2002.771s] GC(135) ParNew: 94365K->8280K(109248K)
[2022-03-27T21:02:31.426+0800][2002.771s] GC(135) CMS: 89873K->90197K(393216K)
[2022-03-27T21:02:31.426+0800][2002.771s] GC(135) Metaspace: 48722K->48722K(1093632K)
[2022-03-27T21:02:31.427+0800][2002.771s] GC(135) Pause Young (Allocation Failure) 179M->96M(490M) 3.514ms
[2022-03-27T21:02:31.427+0800][2002.771s] GC(135) User=0.01s Sys=0.00s Real=0.00s
[2022-03-27T21:02:31.704+0800][2003.048s] GC(136) Pause Young (Allocation Failure)
[2022-03-27T21:02:31.704+0800][2003.048s] GC(136) Using 4 workers of 4 for evacuation
[2022-03-27T21:02:31.706+0800][2003.050s] GC(136) ParNew: 95704K->9158K(109248K)
[2022-03-27T21:02:31.706+0800][2003.050s] GC(136) CMS: 90197K->90615K(393216K)
[2022-03-27T21:02:31.706+0800][2003.051s] GC(136) Metaspace: 48722K->48722K(1093632K)
[2022-03-27T21:02:31.706+0800][2003.051s] GC(136) Pause Young (Allocation Failure) 181M->97M(490M) 2.645ms
[2022-03-27T21:02:31.706+0800][2003.051s] GC(136) User=0.01s Sys=0.00s Real=0.00s
[2022-03-27T21:02:32.028+0800][2003.373s] GC(137) Pause Young (Allocation Failure)
[2022-03-27T21:02:32.028+0800][2003.373s] GC(137) Using 4 workers of 4 for evacuation
[2022-03-27T21:02:32.031+0800][2003.375s] GC(137) ParNew: 96582K->8206K(109248K)
[2022-03-27T21:02:32.031+0800][2003.375s] GC(137) CMS: 90615K->90988K(393216K)
[2022-03-27T21:02:32.031+0800][2003.375s] GC(137) Metaspace: 48722K->48722K(1093632K)
[2022-03-27T21:02:32.031+0800][2003.375s] GC(137) Pause Young (Allocation Failure) 182M->96M(490M) 2.615ms
[2022-03-27T21:02:32.031+0800][2003.375s] GC(137) User=0.01s Sys=0.00s Real=0.01s
[2022-03-27T21:02:32.348+0800][2003.692s] GC(138) Pause Young (Allocation Failure)
[2022-03-27T21:02:32.348+0800][2003.692s] GC(138) Using 4 workers of 4 for evacuation
[2022-03-27T21:02:32.350+0800][2003.695s] GC(138) ParNew: 95630K->10288K(109248K)
[2022-03-27T21:02:32.350+0800][2003.695s] GC(138) CMS: 90988K->91403K(393216K)
[2022-03-27T21:02:32.350+0800][2003.695s] GC(138) Metaspace: 48722K->48722K(1093632K)
[2022-03-27T21:02:32.350+0800][2003.695s] GC(138) Pause Young (Allocation Failure) 182M->99M(490M) 2.896ms
[2022-03-27T21:02:32.350+0800][2003.695s] GC(138) User=0.01s Sys=0.00s Real=0.01s
[2022-03-27T21:02:32.688+0800][2004.033s] GC(139) Pause Young (Allocation Failure)
[2022-03-27T21:02:32.689+0800][2004.033s] GC(139) Using 4 workers of 4 for evacuation
[2022-03-27T21:02:32.691+0800][2004.035s] GC(139) ParNew: 97712K->8892K(109248K)
[2022-03-27T21:02:32.691+0800][2004.035s] GC(139) CMS: 91403K->91730K(393216K)
[2022-03-27T21:02:32.691+0800][2004.035s] GC(139) Metaspace: 48722K->48722K(1093632K)
[2022-03-27T21:02:32.691+0800][2004.035s] GC(139) Pause Young (Allocation Failure) 184M->98M(490M) 2.332ms
[2022-03-27T21:02:32.691+0800][2004.035s] GC(139) User=0.01s Sys=0.00s Real=0.01s
[2022-03-27T21:02:32.980+0800][2004.325s] GC(140) Pause Young (Allocation Failure)
[2022-03-27T21:02:32.980+0800][2004.325s] GC(140) Using 4 workers of 4 for evacuation
[2022-03-27T21:02:32.983+0800][2004.327s] GC(140) ParNew: 96316K->9768K(109248K)
[2022-03-27T21:02:32.983+0800][2004.327s] GC(140) CMS: 91730K->92058K(393216K)
[2022-03-27T21:02:32.983+0800][2004.327s] GC(140) Metaspace: 48722K->48722K(1093632K)
[2022-03-27T21:02:32.983+0800][2004.327s] GC(140) Pause Young (Allocation Failure) 183M->99M(490M) 2.611ms
[2022-03-27T21:02:32.983+0800][2004.327s] GC(140) User=0.01s Sys=0.00s Real=0.00s
[2022-03-27T21:02:33.291+0800][2004.635s] GC(141) Pause Young (Allocation Failure)
[2022-03-27T21:02:33.291+0800][2004.635s] GC(141) Using 4 workers of 4 for evacuation
[2022-03-27T21:02:33.293+0800][2004.637s] GC(141) ParNew: 97192K->8568K(109248K)
[2022-03-27T21:02:33.293+0800][2004.637s] GC(141) CMS: 92058K->92439K(393216K)
[2022-03-27T21:02:33.293+0800][2004.637s] GC(141) Metaspace: 48722K->48722K(1093632K)
[2022-03-27T21:02:33.293+0800][2004.637s] GC(141) Pause Young (Allocation Failure) 184M->98M(490M) 2.456ms
[2022-03-27T21:02:33.293+0800][2004.637s] GC(141) User=0.01s Sys=0.00s Real=0.00s
[2022-03-27T21:02:33.628+0800][2004.973s] GC(142) Pause Young (Allocation Failure)
[2022-03-27T21:02:33.628+0800][2004.973s] GC(142) Using 4 workers of 4 for evacuation
[2022-03-27T21:02:33.631+0800][2004.975s] GC(142) ParNew: 95992K->9160K(109248K)
[2022-03-27T21:02:33.631+0800][2004.975s] GC(142) CMS: 92439K->92861K(393216K)
[2022-03-27T21:02:33.631+0800][2004.975s] GC(142) Metaspace: 48723K->48723K(1093632K)
[2022-03-27T21:02:33.631+0800][2004.975s] GC(142) Pause Young (Allocation Failure) 184M->99M(490M) 2.570ms
[2022-03-27T21:02:33.631+0800][2004.975s] GC(142) User=0.01s Sys=0.00s Real=0.01s
[2022-03-27T21:02:33.949+0800][2005.293s] GC(143) Pause Young (Allocation Failure)
[2022-03-27T21:02:33.949+0800][2005.294s] GC(143) Using 4 workers of 4 for evacuation
[2022-03-27T21:02:33.952+0800][2005.296s] GC(143) ParNew: 96584K->9993K(109248K)
[2022-03-27T21:02:33.952+0800][2005.296s] GC(143) CMS: 92861K->93165K(393216K)
[2022-03-27T21:02:33.952+0800][2005.296s] GC(143) Metaspace: 48723K->48723K(1093632K)
[2022-03-27T21:02:33.952+0800][2005.296s] GC(143) Pause Young (Allocation Failure) 185M->100M(490M) 2.556ms
[2022-03-27T21:02:33.952+0800][2005.296s] GC(143) User=0.01s Sys=0.00s Real=0.01s
[2022-03-27T21:02:34.295+0800][2005.639s] GC(144) Pause Young (Allocation Failure)
[2022-03-27T21:02:34.295+0800][2005.639s] GC(144) Using 4 workers of 4 for evacuation
[2022-03-27T21:02:34.298+0800][2005.642s] GC(144) ParNew: 97417K->8407K(109248K)
[2022-03-27T21:02:34.298+0800][2005.642s] GC(144) CMS: 93165K->94411K(393216K)
[2022-03-27T21:02:34.298+0800][2005.642s] GC(144) Metaspace: 48723K->48723K(1093632K)
[2022-03-27T21:02:34.298+0800][2005.642s] GC(144) Pause Young (Allocation Failure) 186M->100M(490M) 3.091ms
[2022-03-27T21:02:34.298+0800][2005.642s] GC(144) User=0.01s Sys=0.00s Real=0.00s
[2022-03-27T21:02:34.598+0800][2005.942s] GC(145) Pause Young (Allocation Failure)
[2022-03-27T21:02:34.598+0800][2005.942s] GC(145) Using 4 workers of 4 for evacuation
[2022-03-27T21:02:34.600+0800][2005.944s] GC(145) ParNew: 95831K->9760K(109248K)
[2022-03-27T21:02:34.600+0800][2005.944s] GC(145) CMS: 94411K->94783K(393216K)
[2022-03-27T21:02:34.600+0800][2005.944s] GC(145) Metaspace: 48723K->48723K(1093632K)
[2022-03-27T21:02:34.600+0800][2005.944s] GC(145) Pause Young (Allocation Failure) 185M->102M(490M) 2.458ms
[2022-03-27T21:02:34.600+0800][2005.944s] GC(145) User=0.00s Sys=0.00s Real=0.01s
[2022-03-27T21:02:34.891+0800][2006.235s] GC(146) Pause Young (Allocation Failure)
[2022-03-27T21:02:34.891+0800][2006.235s] GC(146) Using 4 workers of 4 for evacuation
[2022-03-27T21:02:34.893+0800][2006.237s] GC(146) ParNew: 97157K->8743K(109248K)
[2022-03-27T21:02:34.893+0800][2006.237s] GC(146) CMS: 94783K->95181K(393216K)
[2022-03-27T21:02:34.893+0800][2006.237s] GC(146) Metaspace: 48723K->48723K(1093632K)
[2022-03-27T21:02:34.893+0800][2006.237s] GC(146) Pause Young (Allocation Failure) 187M->101M(490M) 2.407ms
[2022-03-27T21:02:34.893+0800][2006.237s] GC(146) User=0.01s Sys=0.00s Real=0.00s
[2022-03-27T21:02:35.206+0800][2006.551s] GC(147) Pause Young (Allocation Failure)
[2022-03-27T21:02:35.206+0800][2006.551s] GC(147) Using 4 workers of 4 for evacuation
[2022-03-27T21:02:35.209+0800][2006.553s] GC(147) ParNew: 96052K->9383K(109248K)
[2022-03-27T21:02:35.209+0800][2006.553s] GC(147) CMS: 95181K->95793K(393216K)
[2022-03-27T21:02:35.209+0800][2006.553s] GC(147) Metaspace: 48724K->48724K(1093632K)
[2022-03-27T21:02:35.209+0800][2006.553s] GC(147) Pause Young (Allocation Failure) 186M->102M(490M) 2.842ms
[2022-03-27T21:02:35.209+0800][2006.554s] GC(147) User=0.01s Sys=0.00s Real=0.00s
[2022-03-27T21:02:35.505+0800][2006.850s] GC(148) Pause Young (Allocation Failure)
[2022-03-27T21:02:35.505+0800][2006.850s] GC(148) Using 4 workers of 4 for evacuation
[2022-03-27T21:02:35.507+0800][2006.852s] GC(148) ParNew: 96807K->8638K(109248K)
[2022-03-27T21:02:35.508+0800][2006.852s] GC(148) CMS: 95793K->96045K(393216K)
[2022-03-27T21:02:35.508+0800][2006.852s] GC(148) Metaspace: 48724K->48724K(1093632K)
[2022-03-27T21:02:35.508+0800][2006.852s] GC(148) Pause Young (Allocation Failure) 188M->102M(490M) 2.267ms
[2022-03-27T21:02:35.508+0800][2006.852s] GC(148) User=0.01s Sys=0.00s Real=0.00s
[2022-03-27T21:02:35.821+0800][2007.165s] GC(149) Pause Young (Allocation Failure)
[2022-03-27T21:02:35.821+0800][2007.165s] GC(149) Using 4 workers of 4 for evacuation
[2022-03-27T21:02:35.824+0800][2007.169s] GC(149) ParNew: 96062K->8636K(109248K)
[2022-03-27T21:02:35.824+0800][2007.169s] GC(149) CMS: 96045K->96380K(393216K)
[2022-03-27T21:02:35.825+0800][2007.169s] GC(149) Metaspace: 48724K->48724K(1093632K)
[2022-03-27T21:02:35.825+0800][2007.169s] GC(149) Pause Young (Allocation Failure) 187M->102M(490M) 3.481ms
[2022-03-27T21:02:35.825+0800][2007.169s] GC(149) User=0.01s Sys=0.00s Real=0.00s
[2022-03-27T21:02:36.128+0800][2007.473s] GC(150) Pause Young (Allocation Failure)
[2022-03-27T21:02:36.128+0800][2007.473s] GC(150) Using 4 workers of 4 for evacuation
[2022-03-27T21:02:36.131+0800][2007.476s] GC(150) ParNew: 96060K->9210K(109248K)
[2022-03-27T21:02:36.131+0800][2007.476s] GC(150) CMS: 96380K->96751K(393216K)
[2022-03-27T21:02:36.131+0800][2007.476s] GC(150) Metaspace: 48724K->48724K(1093632K)
[2022-03-27T21:02:36.132+0800][2007.476s] GC(150) Pause Young (Allocation Failure) 187M->103M(490M) 3.159ms
[2022-03-27T21:02:36.132+0800][2007.476s] GC(150) User=0.01s Sys=0.00s Real=0.01s
[2022-03-27T21:02:36.446+0800][2007.790s] GC(151) Pause Young (Allocation Failure)
[2022-03-27T21:02:36.446+0800][2007.790s] GC(151) Using 4 workers of 4 for evacuation
[2022-03-27T21:02:36.449+0800][2007.793s] GC(151) ParNew: 96634K->9120K(109248K)
[2022-03-27T21:02:36.449+0800][2007.793s] GC(151) CMS: 96751K->97164K(393216K)
[2022-03-27T21:02:36.449+0800][2007.793s] GC(151) Metaspace: 48724K->48724K(1093632K)
[2022-03-27T21:02:36.449+0800][2007.793s] GC(151) Pause Young (Allocation Failure) 188M->103M(490M) 2.485ms
[2022-03-27T21:02:36.449+0800][2007.793s] GC(151) User=0.01s Sys=0.00s Real=0.00s
[2022-03-27T21:02:36.755+0800][2008.100s] GC(152) Pause Young (Allocation Failure)
[2022-03-27T21:02:36.755+0800][2008.100s] GC(152) Using 4 workers of 4 for evacuation
[2022-03-27T21:02:36.758+0800][2008.102s] GC(152) ParNew: 96544K->9068K(109248K)
[2022-03-27T21:02:36.758+0800][2008.102s] GC(152) CMS: 97164K->97546K(393216K)
[2022-03-27T21:02:36.758+0800][2008.102s] GC(152) Metaspace: 48724K->48724K(1093632K)
[2022-03-27T21:02:36.758+0800][2008.102s] GC(152) Pause Young (Allocation Failure) 189M->104M(490M) 2.818ms
[2022-03-27T21:02:36.758+0800][2008.102s] GC(152) User=0.02s Sys=0.00s Real=0.00s
[2022-03-27T21:02:37.093+0800][2008.438s] GC(153) Pause Young (Allocation Failure)
[2022-03-27T21:02:37.094+0800][2008.438s] GC(153) Using 4 workers of 4 for evacuation
[2022-03-27T21:02:37.096+0800][2008.440s] GC(153) ParNew: 96492K->8862K(109248K)
[2022-03-27T21:02:37.096+0800][2008.440s] GC(153) CMS: 97546K->98023K(393216K)
[2022-03-27T21:02:37.096+0800][2008.440s] GC(153) Metaspace: 48724K->48724K(1093632K)
[2022-03-27T21:02:37.096+0800][2008.440s] GC(153) Pause Young (Allocation Failure) 189M->104M(490M) 2.658ms
[2022-03-27T21:02:37.096+0800][2008.440s] GC(153) User=0.01s Sys=0.00s Real=0.00s
[2022-03-27T21:02:37.282+0800][2008.627s] GC(154) Pause Young (Allocation Failure)
[2022-03-27T21:02:37.282+0800][2008.627s] GC(154) Using 4 workers of 4 for evacuation
[2022-03-27T21:02:37.285+0800][2008.629s] GC(154) ParNew: 96075K->9595K(109248K)
[2022-03-27T21:02:37.285+0800][2008.629s] GC(154) CMS: 98023K->98318K(393216K)
[2022-03-27T21:02:37.285+0800][2008.629s] GC(154) Metaspace: 48727K->48727K(1093632K)
[2022-03-27T21:02:37.285+0800][2008.629s] GC(154) Pause Young (Allocation Failure) 189M->105M(490M) 2.324ms
[2022-03-27T21:02:37.285+0800][2008.629s] GC(154) User=0.01s Sys=0.00s Real=0.00s
[2022-03-27T21:02:37.420+0800][2008.765s] GC(155) Pause Young (Allocation Failure)
[2022-03-27T21:02:37.421+0800][2008.765s] GC(155) Using 4 workers of 4 for evacuation
[2022-03-27T21:02:37.423+0800][2008.767s] GC(155) ParNew: 97019K->11815K(109248K)
[2022-03-27T21:02:37.423+0800][2008.767s] GC(155) CMS: 98318K->98753K(393216K)
[2022-03-27T21:02:37.423+0800][2008.767s] GC(155) Metaspace: 48730K->48730K(1093632K)
[2022-03-27T21:02:37.423+0800][2008.767s] GC(155) Pause Young (Allocation Failure) 190M->107M(490M) 2.504ms
[2022-03-27T21:02:37.423+0800][2008.767s] GC(155) User=0.01s Sys=0.00s Real=0.00s
[2022-03-27T21:02:37.576+0800][2008.920s] GC(156) Pause Young (Allocation Failure)
[2022-03-27T21:02:37.576+0800][2008.920s] GC(156) Using 4 workers of 4 for evacuation
[2022-03-27T21:02:37.579+0800][2008.923s] GC(156) ParNew: 99239K->12851K(109248K)
[2022-03-27T21:02:37.579+0800][2008.923s] GC(156) CMS: 98753K->99072K(393216K)
[2022-03-27T21:02:37.579+0800][2008.923s] GC(156) Metaspace: 48730K->48730K(1093632K)
[2022-03-27T21:02:37.579+0800][2008.923s] GC(156) Pause Young (Allocation Failure) 193M->109M(490M) 2.442ms
[2022-03-27T21:02:37.579+0800][2008.923s] GC(156) User=0.01s Sys=0.00s Real=0.00s
[2022-03-27T21:02:39.145+0800][2010.489s] GC(157) Pause Young (Allocation Failure)
[2022-03-27T21:02:39.145+0800][2010.489s] GC(157) Using 4 workers of 4 for evacuation
[2022-03-27T21:02:39.149+0800][2010.493s] GC(157) ParNew: 100137K->12803K(109248K)
[2022-03-27T21:02:39.149+0800][2010.493s] GC(157) CMS: 99072K->99663K(393216K)
[2022-03-27T21:02:39.149+0800][2010.493s] GC(157) Metaspace: 48734K->48734K(1093632K)
[2022-03-27T21:02:39.149+0800][2010.493s] GC(157) Pause Young (Allocation Failure) 194M->109M(490M) 4.080ms
[2022-03-27T21:02:39.149+0800][2010.493s] GC(157) User=0.01s Sys=0.00s Real=0.00s
[2022-03-27T21:02:39.335+0800][2010.679s] GC(158) Pause Young (Allocation Failure)
[2022-03-27T21:02:39.335+0800][2010.679s] GC(158) Using 4 workers of 4 for evacuation
[2022-03-27T21:02:39.342+0800][2010.687s] GC(158) ParNew: 100227K->10843K(109248K)
[2022-03-27T21:02:39.342+0800][2010.687s] GC(158) CMS: 99663K->99991K(393216K)
[2022-03-27T21:02:39.342+0800][2010.687s] GC(158) Metaspace: 48752K->48752K(1093632K)
[2022-03-27T21:02:39.342+0800][2010.687s] GC(158) Pause Young (Allocation Failure) 195M->108M(490M) 7.458ms
[2022-03-27T21:02:39.343+0800][2010.687s] GC(158) User=0.03s Sys=0.00s Real=0.01s
[2022-03-27T21:02:39.659+0800][2011.003s] GC(159) Pause Young (Allocation Failure)
[2022-03-27T21:02:39.659+0800][2011.003s] GC(159) Using 4 workers of 4 for evacuation
[2022-03-27T21:02:39.662+0800][2011.006s] GC(159) ParNew: 98267K->10930K(109248K)
[2022-03-27T21:02:39.662+0800][2011.006s] GC(159) CMS: 99991K->100556K(393216K)
[2022-03-27T21:02:39.662+0800][2011.006s] GC(159) Metaspace: 48752K->48752K(1093632K)
[2022-03-27T21:02:39.662+0800][2011.006s] GC(159) Pause Young (Allocation Failure) 193M->108M(490M) 2.961ms
[2022-03-27T21:02:39.662+0800][2011.006s] GC(159) User=0.01s Sys=0.00s Real=0.01s
[2022-03-27T21:02:39.932+0800][2011.276s] GC(160) Pause Young (Allocation Failure)
[2022-03-27T21:02:39.932+0800][2011.276s] GC(160) Using 4 workers of 4 for evacuation
[2022-03-27T21:02:39.934+0800][2011.278s] GC(160) ParNew: 98354K->11085K(109248K)
[2022-03-27T21:02:39.934+0800][2011.278s] GC(160) CMS: 100556K->101388K(393216K)
[2022-03-27T21:02:39.934+0800][2011.278s] GC(160) Metaspace: 48752K->48752K(1093632K)
[2022-03-27T21:02:39.934+0800][2011.278s] GC(160) Pause Young (Allocation Failure) 194M->109M(490M) 2.493ms
[2022-03-27T21:02:39.934+0800][2011.278s] GC(160) User=0.01s Sys=0.00s Real=0.00s
[2022-03-27T21:02:40.228+0800][2011.572s] GC(161) Pause Young (Allocation Failure)
[2022-03-27T21:02:40.228+0800][2011.572s] GC(161) Using 4 workers of 4 for evacuation
[2022-03-27T21:02:40.232+0800][2011.576s] GC(161) ParNew: 98509K->11165K(109248K)
[2022-03-27T21:02:40.232+0800][2011.576s] GC(161) CMS: 101388K->104840K(393216K)
[2022-03-27T21:02:40.232+0800][2011.576s] GC(161) Metaspace: 48752K->48752K(1093632K)
[2022-03-27T21:02:40.232+0800][2011.576s] GC(161) Pause Young (Allocation Failure) 195M->113M(490M) 4.056ms
[2022-03-27T21:02:40.232+0800][2011.576s] GC(161) User=0.01s Sys=0.00s Real=0.01s
[2022-03-27T21:02:40.531+0800][2011.876s] GC(162) Pause Young (Allocation Failure)
[2022-03-27T21:02:40.531+0800][2011.876s] GC(162) Using 4 workers of 4 for evacuation
[2022-03-27T21:02:40.534+0800][2011.878s] GC(162) ParNew: 98589K->9168K(109248K)
[2022-03-27T21:02:40.534+0800][2011.878s] GC(162) CMS: 104840K->105193K(393216K)
[2022-03-27T21:02:40.534+0800][2011.878s] GC(162) Metaspace: 48756K->48756K(1093632K)
[2022-03-27T21:02:40.534+0800][2011.878s] GC(162) Pause Young (Allocation Failure) 198M->111M(490M) 2.372ms
[2022-03-27T21:02:40.534+0800][2011.878s] GC(162) User=0.00s Sys=0.00s Real=0.00s
[2022-03-27T21:02:40.830+0800][2012.175s] GC(163) Pause Young (Allocation Failure)
[2022-03-27T21:02:40.830+0800][2012.175s] GC(163) Using 4 workers of 4 for evacuation
[2022-03-27T21:02:40.832+0800][2012.177s] GC(163) ParNew: 96592K->8028K(109248K)
[2022-03-27T21:02:40.832+0800][2012.177s] GC(163) CMS: 105193K->105300K(393216K)
[2022-03-27T21:02:40.832+0800][2012.177s] GC(163) Metaspace: 48756K->48756K(1093632K)
[2022-03-27T21:02:40.832+0800][2012.177s] GC(163) Pause Young (Allocation Failure) 197M->110M(490M) 2.203ms
[2022-03-27T21:02:40.832+0800][2012.177s] GC(163) User=0.01s Sys=0.00s Real=0.00s
[2022-03-27T21:02:41.121+0800][2012.465s] GC(164) Pause Young (Allocation Failure)
[2022-03-27T21:02:41.121+0800][2012.465s] GC(164) Using 4 workers of 4 for evacuation
[2022-03-27T21:02:41.123+0800][2012.467s] GC(164) ParNew: 95452K->10763K(109248K)
[2022-03-27T21:02:41.123+0800][2012.467s] GC(164) CMS: 105300K->105312K(393216K)
[2022-03-27T21:02:41.123+0800][2012.467s] GC(164) Metaspace: 48756K->48756K(1093632K)
[2022-03-27T21:02:41.123+0800][2012.467s] GC(164) Pause Young (Allocation Failure) 196M->113M(490M) 2.274ms
[2022-03-27T21:02:41.123+0800][2012.467s] GC(164) User=0.01s Sys=0.00s Real=0.00s
[2022-03-27T21:02:41.412+0800][2012.756s] GC(165) Pause Young (Allocation Failure)
[2022-03-27T21:02:41.412+0800][2012.756s] GC(165) Using 4 workers of 4 for evacuation
[2022-03-27T21:02:41.414+0800][2012.758s] GC(165) ParNew: 98187K->10919K(109248K)
[2022-03-27T21:02:41.414+0800][2012.758s] GC(165) CMS: 105312K->105348K(393216K)
[2022-03-27T21:02:41.414+0800][2012.758s] GC(165) Metaspace: 48756K->48756K(1093632K)
[2022-03-27T21:02:41.414+0800][2012.758s] GC(165) Pause Young (Allocation Failure) 198M->113M(490M) 2.187ms
[2022-03-27T21:02:41.414+0800][2012.758s] GC(165) User=0.01s Sys=0.00s Real=0.00s
[2022-03-27T21:02:41.696+0800][2013.041s] GC(166) Pause Young (Allocation Failure)
[2022-03-27T21:02:41.696+0800][2013.041s] GC(166) Using 4 workers of 4 for evacuation
[2022-03-27T21:02:41.701+0800][2013.045s] GC(166) ParNew: 98311K->10770K(109248K)
[2022-03-27T21:02:41.701+0800][2013.045s] GC(166) CMS: 105348K->108880K(393216K)
[2022-03-27T21:02:41.701+0800][2013.045s] GC(166) Metaspace: 48756K->48756K(1093632K)
[2022-03-27T21:02:41.701+0800][2013.045s] GC(166) Pause Young (Allocation Failure) 198M->116M(490M) 4.346ms
[2022-03-27T21:02:41.701+0800][2013.045s] GC(166) User=0.01s Sys=0.00s Real=0.01s
[2022-03-27T21:02:42.024+0800][2013.369s] GC(167) Pause Young (Allocation Failure)
[2022-03-27T21:02:42.025+0800][2013.369s] GC(167) Using 4 workers of 4 for evacuation
[2022-03-27T21:02:42.027+0800][2013.371s] GC(167) ParNew: 98194K->6766K(109248K)
[2022-03-27T21:02:42.027+0800][2013.371s] GC(167) CMS: 108880K->109361K(393216K)
[2022-03-27T21:02:42.027+0800][2013.371s] GC(167) Metaspace: 48756K->48756K(1093632K)
[2022-03-27T21:02:42.027+0800][2013.371s] GC(167) Pause Young (Allocation Failure) 202M->113M(490M) 2.153ms
[2022-03-27T21:02:42.027+0800][2013.371s] GC(167) User=0.00s Sys=0.00s Real=0.00s
[2022-03-27T21:02:42.302+0800][2013.646s] GC(168) Pause Young (Allocation Failure)
[2022-03-27T21:02:42.302+0800][2013.646s] GC(168) Using 4 workers of 4 for evacuation
[2022-03-27T21:02:42.304+0800][2013.648s] GC(168) ParNew: 94190K->7834K(109248K)
[2022-03-27T21:02:42.304+0800][2013.648s] GC(168) CMS: 109361K->109671K(393216K)
[2022-03-27T21:02:42.304+0800][2013.648s] GC(168) Metaspace: 48756K->48756K(1093632K)
[2022-03-27T21:02:42.304+0800][2013.648s] GC(168) Pause Young (Allocation Failure) 198M->114M(490M) 2.103ms
[2022-03-27T21:02:42.304+0800][2013.648s] GC(168) User=0.01s Sys=0.00s Real=0.00s
[2022-03-27T21:02:42.597+0800][2013.942s] GC(169) Pause Young (Allocation Failure)
[2022-03-27T21:02:42.598+0800][2013.942s] GC(169) Using 4 workers of 4 for evacuation
[2022-03-27T21:02:42.600+0800][2013.944s] GC(169) ParNew: 95258K->7436K(109248K)
[2022-03-27T21:02:42.600+0800][2013.944s] GC(169) CMS: 109671K->110144K(393216K)
[2022-03-27T21:02:42.600+0800][2013.944s] GC(169) Metaspace: 48756K->48756K(1093632K)
[2022-03-27T21:02:42.600+0800][2013.944s] GC(169) Pause Young (Allocation Failure) 200M->114M(490M) 2.662ms
[2022-03-27T21:02:42.600+0800][2013.944s] GC(169) User=0.01s Sys=0.00s Real=0.01s
[2022-03-27T21:02:42.904+0800][2014.248s] GC(170) Pause Young (Allocation Failure)
[2022-03-27T21:02:42.904+0800][2014.248s] GC(170) Using 4 workers of 4 for evacuation
[2022-03-27T21:02:42.906+0800][2014.250s] GC(170) ParNew: 94860K->6814K(109248K)
[2022-03-27T21:02:42.906+0800][2014.250s] GC(170) CMS: 110144K->110491K(393216K)
[2022-03-27T21:02:42.906+0800][2014.250s] GC(170) Metaspace: 48756K->48756K(1093632K)
[2022-03-27T21:02:42.906+0800][2014.250s] GC(170) Pause Young (Allocation Failure) 200M->114M(490M) 2.006ms
[2022-03-27T21:02:42.906+0800][2014.250s] GC(170) User=0.01s Sys=0.00s Real=0.00s
[2022-03-27T21:02:43.210+0800][2014.554s] GC(171) Pause Young (Allocation Failure)
[2022-03-27T21:02:43.210+0800][2014.555s] GC(171) Using 4 workers of 4 for evacuation
[2022-03-27T21:02:43.212+0800][2014.556s] GC(171) ParNew: 94238K->8037K(109248K)
[2022-03-27T21:02:43.212+0800][2014.556s] GC(171) CMS: 110491K->110842K(393216K)
[2022-03-27T21:02:43.212+0800][2014.556s] GC(171) Metaspace: 48756K->48756K(1093632K)
[2022-03-27T21:02:43.212+0800][2014.556s] GC(171) Pause Young (Allocation Failure) 199M->116M(490M) 1.986ms
[2022-03-27T21:02:43.212+0800][2014.556s] GC(171) User=0.01s Sys=0.00s Real=0.00s
[2022-03-27T21:02:43.518+0800][2014.863s] GC(172) Pause Young (Allocation Failure)
[2022-03-27T21:02:43.519+0800][2014.863s] GC(172) Using 4 workers of 4 for evacuation
[2022-03-27T21:02:43.521+0800][2014.865s] GC(172) ParNew: 95461K->7135K(109248K)
[2022-03-27T21:02:43.521+0800][2014.865s] GC(172) CMS: 110842K->111365K(393216K)
[2022-03-27T21:02:43.521+0800][2014.865s] GC(172) Metaspace: 48764K->48764K(1093632K)
[2022-03-27T21:02:43.521+0800][2014.865s] GC(172) Pause Young (Allocation Failure) 201M->115M(490M) 2.284ms
[2022-03-27T21:02:43.521+0800][2014.865s] GC(172) User=0.01s Sys=0.00s Real=0.01s
[2022-03-27T21:02:43.810+0800][2015.154s] GC(173) Pause Young (Allocation Failure)
[2022-03-27T21:02:43.810+0800][2015.154s] GC(173) Using 4 workers of 4 for evacuation
[2022-03-27T21:02:43.812+0800][2015.156s] GC(173) ParNew: 94559K->8365K(109248K)
[2022-03-27T21:02:43.812+0800][2015.156s] GC(173) CMS: 111365K->111712K(393216K)
[2022-03-27T21:02:43.812+0800][2015.156s] GC(173) Metaspace: 48764K->48764K(1093632K)
[2022-03-27T21:02:43.812+0800][2015.156s] GC(173) Pause Young (Allocation Failure) 201M->117M(490M) 2.057ms
[2022-03-27T21:02:43.812+0800][2015.156s] GC(173) User=0.00s Sys=0.00s Real=0.00s
[2022-03-27T21:02:44.111+0800][2015.455s] GC(174) Pause Young (Allocation Failure)
[2022-03-27T21:02:44.111+0800][2015.456s] GC(174) Using 4 workers of 4 for evacuation
[2022-03-27T21:02:44.113+0800][2015.458s] GC(174) ParNew: 95789K->7306K(109248K)
[2022-03-27T21:02:44.113+0800][2015.458s] GC(174) CMS: 111712K->112542K(393216K)
[2022-03-27T21:02:44.113+0800][2015.458s] GC(174) Metaspace: 48764K->48764K(1093632K)
[2022-03-27T21:02:44.113+0800][2015.458s] GC(174) Pause Young (Allocation Failure) 202M->117M(490M) 2.224ms
[2022-03-27T21:02:44.113+0800][2015.458s] GC(174) User=0.00s Sys=0.00s Real=0.00s
[2022-03-27T21:02:44.409+0800][2015.753s] GC(175) Pause Young (Allocation Failure)
[2022-03-27T21:02:44.409+0800][2015.753s] GC(175) Using 4 workers of 4 for evacuation
[2022-03-27T21:02:44.411+0800][2015.755s] GC(175) ParNew: 94730K->6808K(109248K)
[2022-03-27T21:02:44.411+0800][2015.755s] GC(175) CMS: 112542K->112863K(393216K)
[2022-03-27T21:02:44.411+0800][2015.755s] GC(175) Metaspace: 48765K->48765K(1093632K)
[2022-03-27T21:02:44.411+0800][2015.755s] GC(175) Pause Young (Allocation Failure) 202M->116M(490M) 2.107ms
[2022-03-27T21:02:44.411+0800][2015.755s] GC(175) User=0.01s Sys=0.00s Real=0.01s
[2022-03-27T21:02:44.792+0800][2016.136s] GC(176) Pause Young (Allocation Failure)
[2022-03-27T21:02:44.792+0800][2016.136s] GC(176) Using 4 workers of 4 for evacuation
[2022-03-27T21:02:44.794+0800][2016.138s] GC(176) ParNew: 94232K->8726K(109248K)
[2022-03-27T21:02:44.794+0800][2016.138s] GC(176) CMS: 112863K->113233K(393216K)
[2022-03-27T21:02:44.794+0800][2016.138s] GC(176) Metaspace: 48765K->48765K(1093632K)
[2022-03-27T21:02:44.794+0800][2016.138s] GC(176) Pause Young (Allocation Failure) 202M->119M(490M) 2.078ms
[2022-03-27T21:02:44.794+0800][2016.138s] GC(176) User=0.01s Sys=0.00s Real=0.00s
[2022-03-27T21:02:45.092+0800][2016.436s] GC(177) Pause Young (Allocation Failure)
[2022-03-27T21:02:45.092+0800][2016.436s] GC(177) Using 4 workers of 4 for evacuation
[2022-03-27T21:02:45.094+0800][2016.438s] GC(177) ParNew: 96150K->6833K(109248K)
[2022-03-27T21:02:45.094+0800][2016.438s] GC(177) CMS: 113233K->113643K(393216K)
[2022-03-27T21:02:45.094+0800][2016.438s] GC(177) Metaspace: 48765K->48765K(1093632K)
[2022-03-27T21:02:45.094+0800][2016.438s] GC(177) Pause Young (Allocation Failure) 204M->117M(490M) 2.331ms
[2022-03-27T21:02:45.094+0800][2016.438s] GC(177) User=0.00s Sys=0.00s Real=0.00s
[2022-03-27T21:02:45.404+0800][2016.748s] GC(178) Pause Young (Allocation Failure)
[2022-03-27T21:02:45.404+0800][2016.748s] GC(178) Using 4 workers of 4 for evacuation
[2022-03-27T21:02:45.406+0800][2016.750s] GC(178) ParNew: 94257K->7865K(109248K)
[2022-03-27T21:02:45.406+0800][2016.750s] GC(178) CMS: 113643K->113997K(393216K)
[2022-03-27T21:02:45.406+0800][2016.750s] GC(178) Metaspace: 48765K->48765K(1093632K)
[2022-03-27T21:02:45.406+0800][2016.750s] GC(178) Pause Young (Allocation Failure) 203M->119M(490M) 2.414ms
[2022-03-27T21:02:45.406+0800][2016.750s] GC(178) User=0.00s Sys=0.00s Real=0.00s
[2022-03-27T21:02:45.722+0800][2017.067s] GC(179) Pause Young (Allocation Failure)
[2022-03-27T21:02:45.722+0800][2017.067s] GC(179) Using 4 workers of 4 for evacuation
[2022-03-27T21:02:45.725+0800][2017.069s] GC(179) ParNew: 95289K->7764K(109248K)
[2022-03-27T21:02:45.725+0800][2017.069s] GC(179) CMS: 113997K->114500K(393216K)
[2022-03-27T21:02:45.725+0800][2017.069s] GC(179) Metaspace: 48765K->48765K(1093632K)
[2022-03-27T21:02:45.725+0800][2017.069s] GC(179) Pause Young (Allocation Failure) 204M->119M(490M) 2.257ms
[2022-03-27T21:02:45.725+0800][2017.069s] GC(179) User=0.00s Sys=0.00s Real=0.00s
[2022-03-27T21:02:46.031+0800][2017.375s] GC(180) Pause Young (Allocation Failure)
[2022-03-27T21:02:46.031+0800][2017.375s] GC(180) Using 4 workers of 4 for evacuation
[2022-03-27T21:02:46.033+0800][2017.377s] GC(180) ParNew: 95188K->6903K(109248K)
[2022-03-27T21:02:46.033+0800][2017.377s] GC(180) CMS: 114500K->114890K(393216K)
[2022-03-27T21:02:46.033+0800][2017.377s] GC(180) Metaspace: 48765K->48765K(1093632K)
[2022-03-27T21:02:46.033+0800][2017.377s] GC(180) Pause Young (Allocation Failure) 204M->118M(490M) 2.490ms
[2022-03-27T21:02:46.033+0800][2017.377s] GC(180) User=0.01s Sys=0.00s Real=0.00s
[2022-03-27T21:02:46.344+0800][2017.688s] GC(181) Pause Young (Allocation Failure)
[2022-03-27T21:02:46.344+0800][2017.688s] GC(181) Using 4 workers of 4 for evacuation
[2022-03-27T21:02:46.347+0800][2017.691s] GC(181) ParNew: 94327K->9534K(109248K)
[2022-03-27T21:02:46.347+0800][2017.691s] GC(181) CMS: 114890K->115205K(393216K)
[2022-03-27T21:02:46.347+0800][2017.691s] GC(181) Metaspace: 48765K->48765K(1093632K)
[2022-03-27T21:02:46.347+0800][2017.691s] GC(181) Pause Young (Allocation Failure) 204M->121M(490M) 2.641ms
[2022-03-27T21:02:46.347+0800][2017.691s] GC(181) User=0.01s Sys=0.00s Real=0.00s
[2022-03-27T21:02:46.627+0800][2017.971s] GC(182) Pause Young (Allocation Failure)
[2022-03-27T21:02:46.627+0800][2017.971s] GC(182) Using 4 workers of 4 for evacuation
[2022-03-27T21:02:46.629+0800][2017.973s] GC(182) ParNew: 96958K->8516K(109248K)
[2022-03-27T21:02:46.629+0800][2017.973s] GC(182) CMS: 115205K->115551K(393216K)
[2022-03-27T21:02:46.629+0800][2017.973s] GC(182) Metaspace: 48765K->48765K(1093632K)
[2022-03-27T21:02:46.629+0800][2017.974s] GC(182) Pause Young (Allocation Failure) 207M->121M(490M) 2.374ms
[2022-03-27T21:02:46.629+0800][2017.974s] GC(182) User=0.00s Sys=0.00s Real=0.00s
[2022-03-27T21:02:46.925+0800][2018.269s] GC(183) Pause Young (Allocation Failure)
[2022-03-27T21:02:46.925+0800][2018.269s] GC(183) Using 4 workers of 4 for evacuation
[2022-03-27T21:02:46.930+0800][2018.274s] GC(183) ParNew: 95940K->9207K(109248K)
[2022-03-27T21:02:46.930+0800][2018.274s] GC(183) CMS: 115551K->115934K(393216K)
[2022-03-27T21:02:46.930+0800][2018.274s] GC(183) Metaspace: 48765K->48765K(1093632K)
[2022-03-27T21:02:46.930+0800][2018.274s] GC(183) Pause Young (Allocation Failure) 206M->122M(490M) 5.171ms
[2022-03-27T21:02:46.930+0800][2018.274s] GC(183) User=0.02s Sys=0.00s Real=0.01s
[2022-03-27T21:02:47.272+0800][2018.616s] GC(184) Pause Young (Allocation Failure)
[2022-03-27T21:02:47.272+0800][2018.616s] GC(184) Using 4 workers of 4 for evacuation
[2022-03-27T21:02:47.276+0800][2018.620s] GC(184) ParNew: 96631K->7808K(109248K)
[2022-03-27T21:02:47.276+0800][2018.620s] GC(184) CMS: 115934K->116338K(393216K)
[2022-03-27T21:02:47.276+0800][2018.620s] GC(184) Metaspace: 48765K->48765K(1093632K)
[2022-03-27T21:02:47.276+0800][2018.620s] GC(184) Pause Young (Allocation Failure) 207M->121M(490M) 3.448ms
[2022-03-27T21:02:47.276+0800][2018.620s] GC(184) User=0.01s Sys=0.00s Real=0.00s
[2022-03-27T21:02:47.680+0800][2019.024s] GC(185) Pause Young (Allocation Failure)
[2022-03-27T21:02:47.685+0800][2019.029s] GC(185) Using 4 workers of 4 for evacuation
[2022-03-27T21:02:47.688+0800][2019.032s] GC(185) ParNew: 95232K->8490K(109248K)
[2022-03-27T21:02:47.688+0800][2019.032s] GC(185) CMS: 116338K->116629K(393216K)
[2022-03-27T21:02:47.688+0800][2019.032s] GC(185) Metaspace: 48765K->48765K(1093632K)
[2022-03-27T21:02:47.688+0800][2019.032s] GC(185) Pause Young (Allocation Failure) 206M->122M(490M) 7.490ms
[2022-03-27T21:02:47.688+0800][2019.032s] GC(185) User=0.01s Sys=0.00s Real=0.00s
[2022-03-27T21:02:48.000+0800][2019.344s] GC(186) Pause Young (Allocation Failure)
[2022-03-27T21:02:48.000+0800][2019.344s] GC(186) Using 4 workers of 4 for evacuation
[2022-03-27T21:02:48.002+0800][2019.347s] GC(186) ParNew: 95914K->9539K(109248K)
[2022-03-27T21:02:48.002+0800][2019.347s] GC(186) CMS: 116629K->116999K(393216K)
[2022-03-27T21:02:48.002+0800][2019.347s] GC(186) Metaspace: 48767K->48767K(1093632K)
[2022-03-27T21:02:48.002+0800][2019.347s] GC(186) Pause Young (Allocation Failure) 207M->123M(490M) 2.634ms
[2022-03-27T21:02:48.002+0800][2019.347s] GC(186) User=0.01s Sys=0.00s Real=0.00s
[2022-03-27T21:02:48.327+0800][2019.671s] GC(187) Pause Young (Allocation Failure)
[2022-03-27T21:02:48.327+0800][2019.671s] GC(187) Using 4 workers of 4 for evacuation
[2022-03-27T21:02:48.329+0800][2019.673s] GC(187) ParNew: 96963K->9638K(109248K)
[2022-03-27T21:02:48.329+0800][2019.673s] GC(187) CMS: 116999K->117357K(393216K)
[2022-03-27T21:02:48.329+0800][2019.673s] GC(187) Metaspace: 48767K->48767K(1093632K)
[2022-03-27T21:02:48.329+0800][2019.673s] GC(187) Pause Young (Allocation Failure) 208M->124M(490M) 2.229ms
[2022-03-27T21:02:48.329+0800][2019.673s] GC(187) User=0.01s Sys=0.00s Real=0.00s
[2022-03-27T21:02:48.632+0800][2019.976s] GC(188) Pause Young (Allocation Failure)
[2022-03-27T21:02:48.632+0800][2019.976s] GC(188) Using 4 workers of 4 for evacuation
[2022-03-27T21:02:48.634+0800][2019.978s] GC(188) ParNew: 97062K->8814K(109248K)
[2022-03-27T21:02:48.634+0800][2019.978s] GC(188) CMS: 117357K->117686K(393216K)
[2022-03-27T21:02:48.634+0800][2019.978s] GC(188) Metaspace: 48767K->48767K(1093632K)
[2022-03-27T21:02:48.634+0800][2019.978s] GC(188) Pause Young (Allocation Failure) 209M->123M(490M) 2.335ms
[2022-03-27T21:02:48.634+0800][2019.978s] GC(188) User=0.01s Sys=0.00s Real=0.00s
[2022-03-27T21:02:48.909+0800][2020.253s] GC(189) Pause Young (Allocation Failure)
[2022-03-27T21:02:48.909+0800][2020.253s] GC(189) Using 4 workers of 4 for evacuation
[2022-03-27T21:02:48.911+0800][2020.256s] GC(189) ParNew: 96238K->9420K(109248K)
[2022-03-27T21:02:48.911+0800][2020.256s] GC(189) CMS: 117686K->118999K(393216K)
[2022-03-27T21:02:48.911+0800][2020.256s] GC(189) Metaspace: 48767K->48767K(1093632K)
[2022-03-27T21:02:48.912+0800][2020.256s] GC(189) Pause Young (Allocation Failure) 208M->125M(490M) 2.980ms
[2022-03-27T21:02:48.912+0800][2020.256s] GC(189) User=0.01s Sys=0.00s Real=0.01s
[2022-03-27T21:02:49.201+0800][2020.546s] GC(190) Pause Young (Allocation Failure)
[2022-03-27T21:02:49.201+0800][2020.546s] GC(190) Using 4 workers of 4 for evacuation
[2022-03-27T21:02:49.204+0800][2020.548s] GC(190) ParNew: 96844K->9066K(109248K)
[2022-03-27T21:02:49.204+0800][2020.548s] GC(190) CMS: 118999K->119410K(393216K)
[2022-03-27T21:02:49.204+0800][2020.548s] GC(190) Metaspace: 48767K->48767K(1093632K)
[2022-03-27T21:02:49.204+0800][2020.548s] GC(190) Pause Young (Allocation Failure) 210M->125M(490M) 2.318ms
[2022-03-27T21:02:49.204+0800][2020.548s] GC(190) User=0.01s Sys=0.00s Real=0.00s
[2022-03-27T21:02:49.463+0800][2020.808s] GC(191) Pause Young (Allocation Failure)
[2022-03-27T21:02:49.463+0800][2020.808s] GC(191) Using 4 workers of 4 for evacuation
[2022-03-27T21:02:49.465+0800][2020.810s] GC(191) ParNew: 96490K->8722K(109248K)
[2022-03-27T21:02:49.466+0800][2020.810s] GC(191) CMS: 119410K->119667K(393216K)
[2022-03-27T21:02:49.466+0800][2020.810s] GC(191) Metaspace: 48767K->48767K(1093632K)
[2022-03-27T21:02:49.466+0800][2020.810s] GC(191) Pause Young (Allocation Failure) 210M->125M(490M) 2.152ms
[2022-03-27T21:02:49.466+0800][2020.810s] GC(191) User=0.00s Sys=0.00s Real=0.00s
[2022-03-27T21:02:49.730+0800][2021.074s] GC(192) Pause Young (Allocation Failure)
[2022-03-27T21:02:49.730+0800][2021.074s] GC(192) Using 4 workers of 4 for evacuation
[2022-03-27T21:02:49.732+0800][2021.077s] GC(192) ParNew: 96146K->9670K(109248K)
[2022-03-27T21:02:49.732+0800][2021.077s] GC(192) CMS: 119667K->119936K(393216K)
[2022-03-27T21:02:49.732+0800][2021.077s] GC(192) Metaspace: 48767K->48767K(1093632K)
[2022-03-27T21:02:49.732+0800][2021.077s] GC(192) Pause Young (Allocation Failure) 210M->126M(490M) 2.437ms
[2022-03-27T21:02:49.732+0800][2021.077s] GC(192) User=0.01s Sys=0.01s Real=0.00s
[2022-03-27T21:02:50.044+0800][2021.388s] GC(193) Pause Young (Allocation Failure)
[2022-03-27T21:02:50.044+0800][2021.388s] GC(193) Using 4 workers of 4 for evacuation
[2022-03-27T21:02:50.046+0800][2021.391s] GC(193) ParNew: 97094K->9312K(109248K)
[2022-03-27T21:02:50.047+0800][2021.391s] GC(193) CMS: 119936K->120294K(393216K)
[2022-03-27T21:02:50.047+0800][2021.391s] GC(193) Metaspace: 48767K->48767K(1093632K)
[2022-03-27T21:02:50.047+0800][2021.391s] GC(193) Pause Young (Allocation Failure) 211M->126M(490M) 2.365ms
[2022-03-27T21:02:50.047+0800][2021.391s] GC(193) User=0.01s Sys=0.00s Real=0.00s
[2022-03-27T21:02:50.416+0800][2021.760s] GC(194) Pause Young (Allocation Failure)
[2022-03-27T21:02:50.416+0800][2021.760s] GC(194) Using 4 workers of 4 for evacuation
[2022-03-27T21:02:50.419+0800][2021.763s] GC(194) ParNew: 96736K->8168K(109248K)
[2022-03-27T21:02:50.419+0800][2021.763s] GC(194) CMS: 120294K->121113K(393216K)
[2022-03-27T21:02:50.419+0800][2021.763s] GC(194) Metaspace: 48767K->48767K(1093632K)
[2022-03-27T21:02:50.419+0800][2021.764s] GC(194) Pause Young (Allocation Failure) 211M->126M(490M) 3.274ms
[2022-03-27T21:02:50.419+0800][2021.764s] GC(194) User=0.00s Sys=0.00s Real=0.00s
[2022-03-27T21:02:50.735+0800][2022.080s] GC(195) Pause Young (Allocation Failure)
[2022-03-27T21:02:50.735+0800][2022.080s] GC(195) Using 4 workers of 4 for evacuation
[2022-03-27T21:02:50.737+0800][2022.082s] GC(195) ParNew: 95344K->9837K(109248K)
[2022-03-27T21:02:50.738+0800][2022.082s] GC(195) CMS: 121113K->121499K(393216K)
[2022-03-27T21:02:50.738+0800][2022.082s] GC(195) Metaspace: 48767K->48767K(1093632K)
[2022-03-27T21:02:50.738+0800][2022.082s] GC(195) Pause Young (Allocation Failure) 211M->128M(490M) 2.175ms
[2022-03-27T21:02:50.738+0800][2022.082s] GC(195) User=0.01s Sys=0.00s Real=0.00s
[2022-03-27T21:02:51.053+0800][2022.397s] GC(196) Pause Young (Allocation Failure)
[2022-03-27T21:02:51.053+0800][2022.397s] GC(196) Using 4 workers of 4 for evacuation
[2022-03-27T21:02:51.056+0800][2022.400s] GC(196) ParNew: 97261K->9260K(109248K)
[2022-03-27T21:02:51.056+0800][2022.400s] GC(196) CMS: 121499K->121879K(393216K)
[2022-03-27T21:02:51.056+0800][2022.400s] GC(196) Metaspace: 48767K->48767K(1093632K)
[2022-03-27T21:02:51.056+0800][2022.400s] GC(196) Pause Young (Allocation Failure) 213M->128M(490M) 3.531ms
[2022-03-27T21:02:51.056+0800][2022.400s] GC(196) User=0.01s Sys=0.01s Real=0.00s
[2022-03-27T21:02:51.377+0800][2022.721s] GC(197) Pause Young (Allocation Failure)
[2022-03-27T21:02:51.377+0800][2022.722s] GC(197) Using 4 workers of 4 for evacuation
[2022-03-27T21:02:51.380+0800][2022.724s] GC(197) ParNew: 96684K->8619K(109248K)
[2022-03-27T21:02:51.380+0800][2022.724s] GC(197) CMS: 121879K->122205K(393216K)
[2022-03-27T21:02:51.380+0800][2022.724s] GC(197) Metaspace: 48767K->48767K(1093632K)
[2022-03-27T21:02:51.380+0800][2022.724s] GC(197) Pause Young (Allocation Failure) 213M->127M(490M) 2.645ms
[2022-03-27T21:02:51.380+0800][2022.724s] GC(197) User=0.01s Sys=0.00s Real=0.01s
[2022-03-27T21:02:51.687+0800][2023.032s] GC(198) Pause Young (Allocation Failure)
[2022-03-27T21:02:51.688+0800][2023.032s] GC(198) Using 4 workers of 4 for evacuation
[2022-03-27T21:02:51.691+0800][2023.035s] GC(198) ParNew: 96043K->9771K(109248K)
[2022-03-27T21:02:51.691+0800][2023.035s] GC(198) CMS: 122205K->122566K(393216K)
[2022-03-27T21:02:51.691+0800][2023.035s] GC(198) Metaspace: 48767K->48767K(1093632K)
[2022-03-27T21:02:51.691+0800][2023.035s] GC(198) Pause Young (Allocation Failure) 213M->129M(490M) 3.583ms
[2022-03-27T21:02:51.691+0800][2023.035s] GC(198) User=0.01s Sys=0.00s Real=0.01s
[2022-03-27T21:02:51.991+0800][2023.335s] GC(199) Pause Young (Allocation Failure)
[2022-03-27T21:02:51.991+0800][2023.335s] GC(199) Using 4 workers of 4 for evacuation
[2022-03-27T21:02:51.994+0800][2023.338s] GC(199) ParNew: 97195K->8739K(109248K)
[2022-03-27T21:02:51.994+0800][2023.338s] GC(199) CMS: 122566K->122814K(393216K)
[2022-03-27T21:02:51.994+0800][2023.338s] GC(199) Metaspace: 48767K->48767K(1093632K)
[2022-03-27T21:02:51.994+0800][2023.338s] GC(199) Pause Young (Allocation Failure) 214M->128M(490M) 3.025ms
[2022-03-27T21:02:51.994+0800][2023.338s] GC(199) User=0.01s Sys=0.00s Real=0.00s
[2022-03-27T21:02:52.299+0800][2023.644s] GC(200) Pause Young (Allocation Failure)
[2022-03-27T21:02:52.299+0800][2023.644s] GC(200) Using 4 workers of 4 for evacuation
[2022-03-27T21:02:52.302+0800][2023.646s] GC(200) ParNew: 96163K->10083K(109248K)
[2022-03-27T21:02:52.302+0800][2023.646s] GC(200) CMS: 122814K->123217K(393216K)
[2022-03-27T21:02:52.302+0800][2023.646s] GC(200) Metaspace: 48769K->48769K(1093632K)
[2022-03-27T21:02:52.302+0800][2023.646s] GC(200) Pause Young (Allocation Failure) 213M->130M(490M) 2.398ms
[2022-03-27T21:02:52.302+0800][2023.646s] GC(200) User=0.01s Sys=0.00s Real=0.01s
[2022-03-27T21:02:52.403+0800][2023.747s] GC(201) Pause Young (Allocation Failure)
[2022-03-27T21:02:52.403+0800][2023.747s] GC(201) Using 4 workers of 4 for evacuation
[2022-03-27T21:02:52.405+0800][2023.749s] GC(201) ParNew: 97507K->11452K(109248K)
[2022-03-27T21:02:52.405+0800][2023.749s] GC(201) CMS: 123217K->123627K(393216K)
[2022-03-27T21:02:52.405+0800][2023.749s] GC(201) Metaspace: 48775K->48775K(1093632K)
[2022-03-27T21:02:52.405+0800][2023.749s] GC(201) Pause Young (Allocation Failure) 215M->131M(490M) 2.513ms
[2022-03-27T21:02:52.405+0800][2023.750s] GC(201) User=0.01s Sys=0.00s Real=0.00s
[2022-03-27T21:02:52.555+0800][2023.899s] GC(202) Pause Young (Allocation Failure)
[2022-03-27T21:02:52.555+0800][2023.899s] GC(202) Using 4 workers of 4 for evacuation
[2022-03-27T21:02:52.558+0800][2023.902s] GC(202) ParNew: 98876K->13027K(109248K)
[2022-03-27T21:02:52.558+0800][2023.902s] GC(202) CMS: 123627K->124279K(393216K)
[2022-03-27T21:02:52.558+0800][2023.902s] GC(202) Metaspace: 48776K->48776K(1093632K)
[2022-03-27T21:02:52.558+0800][2023.902s] GC(202) Pause Young (Allocation Failure) 217M->134M(490M) 2.657ms
[2022-03-27T21:02:52.558+0800][2023.902s] GC(202) User=0.00s Sys=0.00s Real=0.00s
[2022-03-27T21:02:52.684+0800][2024.028s] GC(203) Pause Young (Allocation Failure)
[2022-03-27T21:02:52.684+0800][2024.028s] GC(203) Using 4 workers of 4 for evacuation
[2022-03-27T21:02:52.686+0800][2024.030s] GC(203) ParNew: 100451K->12544K(109248K)
[2022-03-27T21:02:52.686+0800][2024.030s] GC(203) CMS: 124279K->124729K(393216K)
[2022-03-27T21:02:52.686+0800][2024.030s] GC(203) Metaspace: 48784K->48784K(1093632K)
[2022-03-27T21:02:52.686+0800][2024.030s] GC(203) Pause Young (Allocation Failure) 219M->134M(490M) 2.449ms
[2022-03-27T21:02:52.686+0800][2024.030s] GC(203) User=0.01s Sys=0.00s Real=0.00s
[2022-03-27T21:02:54.834+0800][2026.178s] GC(204) Pause Young (Allocation Failure)
[2022-03-27T21:02:54.834+0800][2026.178s] GC(204) Using 4 workers of 4 for evacuation
[2022-03-27T21:02:54.837+0800][2026.181s] GC(204) ParNew: 99968K->11607K(109248K)
[2022-03-27T21:02:54.837+0800][2026.181s] GC(204) CMS: 124729K->125337K(393216K)
[2022-03-27T21:02:54.837+0800][2026.181s] GC(204) Metaspace: 48792K->48792K(1093632K)
[2022-03-27T21:02:54.837+0800][2026.181s] GC(204) Pause Young (Allocation Failure) 219M->133M(490M) 2.829ms
[2022-03-27T21:02:54.837+0800][2026.181s] GC(204) User=0.01s Sys=0.00s Real=0.00s
[2022-03-27T21:02:55.086+0800][2026.430s] GC(205) Pause Young (Allocation Failure)
[2022-03-27T21:02:55.086+0800][2026.430s] GC(205) Using 4 workers of 4 for evacuation
[2022-03-27T21:02:55.089+0800][2026.433s] GC(205) ParNew: 99031K->11045K(109248K)
[2022-03-27T21:02:55.089+0800][2026.433s] GC(205) CMS: 125337K->125827K(393216K)
[2022-03-27T21:02:55.089+0800][2026.433s] GC(205) Metaspace: 48801K->48801K(1093632K)
[2022-03-27T21:02:55.089+0800][2026.433s] GC(205) Pause Young (Allocation Failure) 219M->133M(490M) 3.072ms
[2022-03-27T21:02:55.089+0800][2026.433s] GC(205) User=0.01s Sys=0.00s Real=0.00s
[2022-03-27T21:02:55.401+0800][2026.746s] GC(206) Pause Young (Allocation Failure)
[2022-03-27T21:02:55.401+0800][2026.746s] GC(206) Using 4 workers of 4 for evacuation
[2022-03-27T21:02:55.406+0800][2026.750s] GC(206) ParNew: 98469K->11447K(109248K)
[2022-03-27T21:02:55.406+0800][2026.750s] GC(206) CMS: 125827K->126348K(393216K)
[2022-03-27T21:02:55.406+0800][2026.750s] GC(206) Metaspace: 48801K->48801K(1093632K)
[2022-03-27T21:02:55.406+0800][2026.750s] GC(206) Pause Young (Allocation Failure) 219M->134M(490M) 4.524ms
[2022-03-27T21:02:55.406+0800][2026.750s] GC(206) User=0.01s Sys=0.00s Real=0.00s
[2022-03-27T21:02:55.720+0800][2027.064s] GC(207) Pause Young (Allocation Failure)
[2022-03-27T21:02:55.720+0800][2027.064s] GC(207) Using 4 workers of 4 for evacuation
[2022-03-27T21:02:55.723+0800][2027.067s] GC(207) ParNew: 98871K->12725K(109248K)
[2022-03-27T21:02:55.723+0800][2027.067s] GC(207) CMS: 126348K->126736K(393216K)
[2022-03-27T21:02:55.723+0800][2027.067s] GC(207) Metaspace: 48801K->48801K(1093632K)
[2022-03-27T21:02:55.723+0800][2027.067s] GC(207) Pause Young (Allocation Failure) 219M->136M(490M) 3.121ms
[2022-03-27T21:02:55.723+0800][2027.067s] GC(207) User=0.01s Sys=0.00s Real=0.00s
[2022-03-27T21:02:56.019+0800][2027.363s] GC(208) Pause Young (Allocation Failure)
[2022-03-27T21:02:56.019+0800][2027.363s] GC(208) Using 4 workers of 4 for evacuation
[2022-03-27T21:02:56.023+0800][2027.367s] GC(208) ParNew: 100149K->8608K(109248K)
[2022-03-27T21:02:56.023+0800][2027.367s] GC(208) CMS: 126736K->130223K(393216K)
[2022-03-27T21:02:56.023+0800][2027.367s] GC(208) Metaspace: 48801K->48801K(1093632K)
[2022-03-27T21:02:56.023+0800][2027.367s] GC(208) Pause Young (Allocation Failure) 221M->135M(490M) 3.930ms
[2022-03-27T21:02:56.023+0800][2027.367s] GC(208) User=0.01s Sys=0.00s Real=0.01s
[2022-03-27T21:02:56.362+0800][2027.707s] GC(209) Pause Young (Allocation Failure)
[2022-03-27T21:02:56.362+0800][2027.707s] GC(209) Using 4 workers of 4 for evacuation
[2022-03-27T21:02:56.367+0800][2027.711s] GC(209) ParNew: 96032K->10784K(109248K)
[2022-03-27T21:02:56.367+0800][2027.711s] GC(209) CMS: 130223K->130347K(393216K)
[2022-03-27T21:02:56.367+0800][2027.711s] GC(209) Metaspace: 48801K->48801K(1093632K)
[2022-03-27T21:02:56.367+0800][2027.711s] GC(209) Pause Young (Allocation Failure) 220M->137M(490M) 4.539ms
[2022-03-27T21:02:56.367+0800][2027.711s] GC(209) User=0.01s Sys=0.00s Real=0.00s
[2022-03-27T21:02:56.662+0800][2028.006s] GC(210) Pause Young (Allocation Failure)
[2022-03-27T21:02:56.662+0800][2028.006s] GC(210) Using 4 workers of 4 for evacuation
[2022-03-27T21:02:56.664+0800][2028.009s] GC(210) ParNew: 98208K->9808K(109248K)
[2022-03-27T21:02:56.664+0800][2028.009s] GC(210) CMS: 130347K->130357K(393216K)
[2022-03-27T21:02:56.664+0800][2028.009s] GC(210) Metaspace: 48801K->48801K(1093632K)
[2022-03-27T21:02:56.664+0800][2028.009s] GC(210) Pause Young (Allocation Failure) 223M->136M(490M) 2.453ms
[2022-03-27T21:02:56.664+0800][2028.009s] GC(210) User=0.01s Sys=0.00s Real=0.00s
[2022-03-27T21:02:56.984+0800][2028.328s] GC(211) Pause Young (Allocation Failure)
[2022-03-27T21:02:56.984+0800][2028.328s] GC(211) Using 4 workers of 4 for evacuation
[2022-03-27T21:02:56.986+0800][2028.331s] GC(211) ParNew: 97232K->9831K(109248K)
[2022-03-27T21:02:56.986+0800][2028.331s] GC(211) CMS: 130357K->130368K(393216K)
[2022-03-27T21:02:56.986+0800][2028.331s] GC(211) Metaspace: 48801K->48801K(1093632K)
[2022-03-27T21:02:56.986+0800][2028.331s] GC(211) Pause Young (Allocation Failure) 222M->136M(490M) 2.260ms
[2022-03-27T21:02:56.986+0800][2028.331s] GC(211) User=0.01s Sys=0.00s Real=0.00s
[2022-03-27T21:02:57.289+0800][2028.633s] GC(212) Pause Young (Allocation Failure)
[2022-03-27T21:02:57.289+0800][2028.633s] GC(212) Using 4 workers of 4 for evacuation
[2022-03-27T21:02:57.293+0800][2028.638s] GC(212) ParNew: 97255K->10182K(109248K)
[2022-03-27T21:02:57.294+0800][2028.638s] GC(212) CMS: 130368K->132909K(393216K)
[2022-03-27T21:02:57.294+0800][2028.638s] GC(212) Metaspace: 48801K->48801K(1093632K)
[2022-03-27T21:02:57.294+0800][2028.638s] GC(212) Pause Young (Allocation Failure) 222M->139M(490M) 4.976ms
[2022-03-27T21:02:57.294+0800][2028.638s] GC(212) User=0.01s Sys=0.01s Real=0.01s
[2022-03-27T21:02:57.651+0800][2028.995s] GC(213) Pause Young (Allocation Failure)
[2022-03-27T21:02:57.651+0800][2028.995s] GC(213) Using 4 workers of 4 for evacuation
[2022-03-27T21:02:57.655+0800][2028.999s] GC(213) ParNew: 97606K->7612K(109248K)
[2022-03-27T21:02:57.655+0800][2028.999s] GC(213) CMS: 132909K->134046K(393216K)
[2022-03-27T21:02:57.655+0800][2028.999s] GC(213) Metaspace: 48801K->48801K(1093632K)
[2022-03-27T21:02:57.655+0800][2028.999s] GC(213) Pause Young (Allocation Failure) 225M->138M(490M) 3.693ms
[2022-03-27T21:02:57.655+0800][2028.999s] GC(213) User=0.01s Sys=0.00s Real=0.00s
[2022-03-27T21:02:57.957+0800][2029.301s] GC(214) Pause Young (Allocation Failure)
[2022-03-27T21:02:57.957+0800][2029.301s] GC(214) Using 4 workers of 4 for evacuation
[2022-03-27T21:02:57.959+0800][2029.303s] GC(214) ParNew: 95036K->6106K(109248K)
[2022-03-27T21:02:57.959+0800][2029.303s] GC(214) CMS: 134046K->134685K(393216K)
[2022-03-27T21:02:57.959+0800][2029.303s] GC(214) Metaspace: 48801K->48801K(1093632K)
[2022-03-27T21:02:57.959+0800][2029.303s] GC(214) Pause Young (Allocation Failure) 223M->137M(490M) 2.428ms
[2022-03-27T21:02:57.959+0800][2029.303s] GC(214) User=0.01s Sys=0.00s Real=0.00s
[2022-03-27T21:02:58.255+0800][2029.600s] GC(215) Pause Young (Allocation Failure)
[2022-03-27T21:02:58.256+0800][2029.600s] GC(215) Using 4 workers of 4 for evacuation
[2022-03-27T21:02:58.258+0800][2029.602s] GC(215) ParNew: 93530K->7263K(109248K)
[2022-03-27T21:02:58.258+0800][2029.602s] GC(215) CMS: 134685K->135064K(393216K)
[2022-03-27T21:02:58.258+0800][2029.602s] GC(215) Metaspace: 48801K->48801K(1093632K)
[2022-03-27T21:02:58.258+0800][2029.602s] GC(215) Pause Young (Allocation Failure) 222M->138M(490M) 2.296ms
[2022-03-27T21:02:58.258+0800][2029.602s] GC(215) User=0.00s Sys=0.00s Real=0.00s
[2022-03-27T21:02:58.546+0800][2029.891s] GC(216) Pause Young (Allocation Failure)
[2022-03-27T21:02:58.546+0800][2029.891s] GC(216) Using 4 workers of 4 for evacuation
[2022-03-27T21:02:58.548+0800][2029.893s] GC(216) ParNew: 94687K->7060K(109248K)
[2022-03-27T21:02:58.549+0800][2029.893s] GC(216) CMS: 135064K->135378K(393216K)
[2022-03-27T21:02:58.549+0800][2029.893s] GC(216) Metaspace: 48801K->48801K(1093632K)
[2022-03-27T21:02:58.549+0800][2029.893s] GC(216) Pause Young (Allocation Failure) 224M->139M(490M) 2.211ms
[2022-03-27T21:02:58.549+0800][2029.893s] GC(216) User=0.01s Sys=0.00s Real=0.00s
[2022-03-27T21:02:58.887+0800][2030.231s] GC(217) Pause Young (Allocation Failure)
[2022-03-27T21:02:58.887+0800][2030.231s] GC(217) Using 4 workers of 4 for evacuation
[2022-03-27T21:02:58.889+0800][2030.233s] GC(217) ParNew: 94484K->6420K(109248K)
[2022-03-27T21:02:58.889+0800][2030.233s] GC(217) CMS: 135378K->135792K(393216K)
[2022-03-27T21:02:58.889+0800][2030.233s] GC(217) Metaspace: 48801K->48801K(1093632K)
[2022-03-27T21:02:58.889+0800][2030.233s] GC(217) Pause Young (Allocation Failure) 224M->138M(490M) 2.444ms
[2022-03-27T21:02:58.889+0800][2030.233s] GC(217) User=0.00s Sys=0.00s Real=0.00s
[2022-03-27T21:02:59.190+0800][2030.534s] GC(218) Pause Young (Allocation Failure)
[2022-03-27T21:02:59.190+0800][2030.534s] GC(218) Using 4 workers of 4 for evacuation
[2022-03-27T21:02:59.192+0800][2030.536s] GC(218) ParNew: 93844K->8033K(109248K)
[2022-03-27T21:02:59.192+0800][2030.536s] GC(218) CMS: 135792K->136133K(393216K)
[2022-03-27T21:02:59.192+0800][2030.536s] GC(218) Metaspace: 48801K->48801K(1093632K)
[2022-03-27T21:02:59.192+0800][2030.536s] GC(218) Pause Young (Allocation Failure) 224M->140M(490M) 2.195ms
[2022-03-27T21:02:59.192+0800][2030.536s] GC(218) User=0.00s Sys=0.00s Real=0.00s
[2022-03-27T21:02:59.495+0800][2030.839s] GC(219) Pause Young (Allocation Failure)
[2022-03-27T21:02:59.495+0800][2030.839s] GC(219) Using 4 workers of 4 for evacuation
[2022-03-27T21:02:59.497+0800][2030.841s] GC(219) ParNew: 95457K->6923K(109248K)
[2022-03-27T21:02:59.497+0800][2030.841s] GC(219) CMS: 136133K->136506K(393216K)
[2022-03-27T21:02:59.497+0800][2030.841s] GC(219) Metaspace: 48801K->48801K(1093632K)
[2022-03-27T21:02:59.497+0800][2030.841s] GC(219) Pause Young (Allocation Failure) 226M->140M(490M) 2.143ms
[2022-03-27T21:02:59.497+0800][2030.841s] GC(219) User=0.00s Sys=0.00s Real=0.00s
[2022-03-27T21:02:59.810+0800][2031.155s] GC(220) Pause Young (Allocation Failure)
[2022-03-27T21:02:59.810+0800][2031.155s] GC(220) Using 4 workers of 4 for evacuation
[2022-03-27T21:02:59.812+0800][2031.157s] GC(220) ParNew: 94347K->7783K(109248K)
[2022-03-27T21:02:59.813+0800][2031.157s] GC(220) CMS: 136506K->136786K(393216K)
[2022-03-27T21:02:59.813+0800][2031.157s] GC(220) Metaspace: 48801K->48801K(1093632K)
[2022-03-27T21:02:59.813+0800][2031.157s] GC(220) Pause Young (Allocation Failure) 225M->141M(490M) 2.239ms
[2022-03-27T21:02:59.813+0800][2031.157s] GC(220) User=0.00s Sys=0.00s Real=0.00s
[2022-03-27T21:03:00.117+0800][2031.461s] GC(221) Pause Young (Allocation Failure)
[2022-03-27T21:03:00.117+0800][2031.461s] GC(221) Using 4 workers of 4 for evacuation
[2022-03-27T21:03:00.119+0800][2031.463s] GC(221) ParNew: 95207K->5854K(109248K)
[2022-03-27T21:03:00.119+0800][2031.463s] GC(221) CMS: 136786K->137751K(393216K)
[2022-03-27T21:03:00.119+0800][2031.463s] GC(221) Metaspace: 48801K->48801K(1093632K)
[2022-03-27T21:03:00.119+0800][2031.463s] GC(221) Pause Young (Allocation Failure) 226M->140M(490M) 2.399ms
[2022-03-27T21:03:00.119+0800][2031.463s] GC(221) User=0.00s Sys=0.00s Real=0.00s
[2022-03-27T21:03:00.417+0800][2031.762s] GC(222) Pause Young (Allocation Failure)
[2022-03-27T21:03:00.417+0800][2031.762s] GC(222) Using 4 workers of 4 for evacuation
[2022-03-27T21:03:00.419+0800][2031.764s] GC(222) ParNew: 93278K->7340K(109248K)
[2022-03-27T21:03:00.419+0800][2031.764s] GC(222) CMS: 137751K->138079K(393216K)
[2022-03-27T21:03:00.419+0800][2031.764s] GC(222) Metaspace: 48801K->48801K(1093632K)
[2022-03-27T21:03:00.419+0800][2031.764s] GC(222) Pause Young (Allocation Failure) 225M->142M(490M) 2.073ms
[2022-03-27T21:03:00.419+0800][2031.764s] GC(222) User=0.00s Sys=0.00s Real=0.00s
[2022-03-27T21:03:00.733+0800][2032.077s] GC(223) Pause Young (Allocation Failure)
[2022-03-27T21:03:00.733+0800][2032.077s] GC(223) Using 4 workers of 4 for evacuation
[2022-03-27T21:03:00.735+0800][2032.079s] GC(223) ParNew: 94764K->6471K(109248K)
[2022-03-27T21:03:00.735+0800][2032.079s] GC(223) CMS: 138079K->138439K(393216K)
[2022-03-27T21:03:00.735+0800][2032.079s] GC(223) Metaspace: 48801K->48801K(1093632K)
[2022-03-27T21:03:00.735+0800][2032.080s] GC(223) Pause Young (Allocation Failure) 227M->141M(490M) 2.125ms
[2022-03-27T21:03:00.735+0800][2032.080s] GC(223) User=0.01s Sys=0.00s Real=0.00s
[2022-03-27T21:03:01.022+0800][2032.366s] GC(224) Pause Young (Allocation Failure)
[2022-03-27T21:03:01.022+0800][2032.366s] GC(224) Using 4 workers of 4 for evacuation
[2022-03-27T21:03:01.024+0800][2032.368s] GC(224) ParNew: 93895K->7944K(109248K)
[2022-03-27T21:03:01.024+0800][2032.368s] GC(224) CMS: 138439K->138706K(393216K)
[2022-03-27T21:03:01.024+0800][2032.368s] GC(224) Metaspace: 48802K->48802K(1093632K)
[2022-03-27T21:03:01.024+0800][2032.368s] GC(224) Pause Young (Allocation Failure) 226M->143M(490M) 2.316ms
[2022-03-27T21:03:01.024+0800][2032.368s] GC(224) User=0.01s Sys=0.01s Real=0.00s
[2022-03-27T21:03:01.391+0800][2032.735s] GC(225) Pause Young (Allocation Failure)
[2022-03-27T21:03:01.391+0800][2032.735s] GC(225) Using 4 workers of 4 for evacuation
[2022-03-27T21:03:01.393+0800][2032.738s] GC(225) ParNew: 95368K->7238K(109248K)
[2022-03-27T21:03:01.394+0800][2032.738s] GC(225) CMS: 138706K->139056K(393216K)
[2022-03-27T21:03:01.394+0800][2032.738s] GC(225) Metaspace: 48802K->48802K(1093632K)
[2022-03-27T21:03:01.394+0800][2032.738s] GC(225) Pause Young (Allocation Failure) 228M->142M(490M) 2.666ms
[2022-03-27T21:03:01.394+0800][2032.738s] GC(225) User=0.00s Sys=0.00s Real=0.00s
[2022-03-27T21:03:01.686+0800][2033.030s] GC(226) Pause Young (Allocation Failure)
[2022-03-27T21:03:01.686+0800][2033.030s] GC(226) Using 4 workers of 4 for evacuation
[2022-03-27T21:03:01.689+0800][2033.033s] GC(226) ParNew: 94662K->8111K(109248K)
[2022-03-27T21:03:01.689+0800][2033.033s] GC(226) CMS: 139056K->139380K(393216K)
[2022-03-27T21:03:01.689+0800][2033.033s] GC(226) Metaspace: 48802K->48802K(1093632K)
[2022-03-27T21:03:01.689+0800][2033.033s] GC(226) Pause Young (Allocation Failure) 228M->144M(490M) 2.911ms
[2022-03-27T21:03:01.689+0800][2033.033s] GC(226) User=0.01s Sys=0.00s Real=0.00s
[2022-03-27T21:03:01.994+0800][2033.338s] GC(227) Pause Young (Allocation Failure)
[2022-03-27T21:03:01.994+0800][2033.338s] GC(227) Using 4 workers of 4 for evacuation
[2022-03-27T21:03:01.996+0800][2033.341s] GC(227) ParNew: 95535K->8756K(109248K)
[2022-03-27T21:03:01.996+0800][2033.341s] GC(227) CMS: 139380K->139801K(393216K)
[2022-03-27T21:03:01.996+0800][2033.341s] GC(227) Metaspace: 48802K->48802K(1093632K)
[2022-03-27T21:03:01.996+0800][2033.341s] GC(227) Pause Young (Allocation Failure) 229M->145M(490M) 2.375ms
[2022-03-27T21:03:01.996+0800][2033.341s] GC(227) User=0.01s Sys=0.00s Real=0.00s
[2022-03-27T21:03:02.269+0800][2033.613s] GC(228) Pause Young (Allocation Failure)
[2022-03-27T21:03:02.269+0800][2033.613s] GC(228) Using 4 workers of 4 for evacuation
[2022-03-27T21:03:02.271+0800][2033.615s] GC(228) ParNew: 96180K->7432K(109248K)
[2022-03-27T21:03:02.271+0800][2033.615s] GC(228) CMS: 139801K->140182K(393216K)
[2022-03-27T21:03:02.271+0800][2033.615s] GC(228) Metaspace: 48802K->48802K(1093632K)
[2022-03-27T21:03:02.271+0800][2033.615s] GC(228) Pause Young (Allocation Failure) 230M->144M(490M) 2.058ms
[2022-03-27T21:03:02.271+0800][2033.615s] GC(228) User=0.01s Sys=0.00s Real=0.01s
[2022-03-27T21:03:02.559+0800][2033.903s] GC(229) Pause Young (Allocation Failure)
[2022-03-27T21:03:02.559+0800][2033.903s] GC(229) Using 4 workers of 4 for evacuation
[2022-03-27T21:03:02.563+0800][2033.907s] GC(229) ParNew: 94856K->9316K(109248K)
[2022-03-27T21:03:02.563+0800][2033.907s] GC(229) CMS: 140182K->140561K(393216K)
[2022-03-27T21:03:02.563+0800][2033.907s] GC(229) Metaspace: 48802K->48802K(1093632K)
[2022-03-27T21:03:02.563+0800][2033.907s] GC(229) Pause Young (Allocation Failure) 229M->146M(490M) 3.848ms
[2022-03-27T21:03:02.563+0800][2033.907s] GC(229) User=0.01s Sys=0.00s Real=0.01s
[2022-03-27T21:03:02.850+0800][2034.195s] GC(230) Pause Young (Allocation Failure)
[2022-03-27T21:03:02.851+0800][2034.195s] GC(230) Using 4 workers of 4 for evacuation
[2022-03-27T21:03:02.853+0800][2034.197s] GC(230) ParNew: 96740K->8092K(109248K)
[2022-03-27T21:03:02.853+0800][2034.197s] GC(230) CMS: 140561K->140879K(393216K)
[2022-03-27T21:03:02.853+0800][2034.197s] GC(230) Metaspace: 48802K->48802K(1093632K)
[2022-03-27T21:03:02.853+0800][2034.197s] GC(230) Pause Young (Allocation Failure) 231M->145M(490M) 2.600ms
[2022-03-27T21:03:02.853+0800][2034.197s] GC(230) User=0.01s Sys=0.00s Real=0.00s
[2022-03-27T21:03:03.146+0800][2034.490s] GC(231) Pause Young (Allocation Failure)
[2022-03-27T21:03:03.146+0800][2034.490s] GC(231) Using 4 workers of 4 for evacuation
[2022-03-27T21:03:03.148+0800][2034.492s] GC(231) ParNew: 95516K->9601K(109248K)
[2022-03-27T21:03:03.148+0800][2034.492s] GC(231) CMS: 140879K->141147K(393216K)
[2022-03-27T21:03:03.148+0800][2034.492s] GC(231) Metaspace: 48802K->48802K(1093632K)
[2022-03-27T21:03:03.148+0800][2034.493s] GC(231) Pause Young (Allocation Failure) 230M->147M(490M) 2.227ms
[2022-03-27T21:03:03.148+0800][2034.493s] GC(231) User=0.01s Sys=0.00s Real=0.00s
[2022-03-27T21:03:03.439+0800][2034.783s] GC(232) Pause Young (Allocation Failure)
[2022-03-27T21:03:03.439+0800][2034.784s] GC(232) Using 4 workers of 4 for evacuation
[2022-03-27T21:03:03.442+0800][2034.787s] GC(232) ParNew: 97025K->8095K(109248K)
[2022-03-27T21:03:03.442+0800][2034.787s] GC(232) CMS: 141147K->142233K(393216K)
[2022-03-27T21:03:03.442+0800][2034.787s] GC(232) Metaspace: 48802K->48802K(1093632K)
[2022-03-27T21:03:03.443+0800][2034.787s] GC(232) Pause Young (Allocation Failure) 232M->146M(490M) 3.321ms
[2022-03-27T21:03:03.443+0800][2034.787s] GC(232) User=0.01s Sys=0.00s Real=0.01s
[2022-03-27T21:03:03.756+0800][2035.101s] GC(233) Pause Young (Allocation Failure)
[2022-03-27T21:03:03.756+0800][2035.101s] GC(233) Using 4 workers of 4 for evacuation
[2022-03-27T21:03:03.759+0800][2035.103s] GC(233) ParNew: 95519K->9994K(109248K)
[2022-03-27T21:03:03.759+0800][2035.103s] GC(233) CMS: 142233K->142602K(393216K)
[2022-03-27T21:03:03.759+0800][2035.103s] GC(233) Metaspace: 48802K->48802K(1093632K)
[2022-03-27T21:03:03.759+0800][2035.103s] GC(233) Pause Young (Allocation Failure) 232M->149M(490M) 2.345ms
[2022-03-27T21:03:03.759+0800][2035.103s] GC(233) User=0.00s Sys=0.00s Real=0.00s
[2022-03-27T21:03:04.068+0800][2035.412s] GC(234) Pause Young (Allocation Failure)
[2022-03-27T21:03:04.068+0800][2035.412s] GC(234) Using 4 workers of 4 for evacuation
[2022-03-27T21:03:04.070+0800][2035.415s] GC(234) ParNew: 97418K->8140K(109248K)
[2022-03-27T21:03:04.070+0800][2035.415s] GC(234) CMS: 142602K->142915K(393216K)
[2022-03-27T21:03:04.070+0800][2035.415s] GC(234) Metaspace: 48802K->48802K(1093632K)
[2022-03-27T21:03:04.071+0800][2035.415s] GC(234) Pause Young (Allocation Failure) 234M->147M(490M) 2.330ms
[2022-03-27T21:03:04.071+0800][2035.415s] GC(234) User=0.00s Sys=0.00s Real=0.01s
[2022-03-27T21:03:04.370+0800][2035.714s] GC(235) Pause Young (Allocation Failure)
[2022-03-27T21:03:04.370+0800][2035.714s] GC(235) Using 4 workers of 4 for evacuation
[2022-03-27T21:03:04.373+0800][2035.718s] GC(235) ParNew: 95564K->10085K(109248K)
[2022-03-27T21:03:04.373+0800][2035.718s] GC(235) CMS: 142915K->143259K(393216K)
[2022-03-27T21:03:04.373+0800][2035.718s] GC(235) Metaspace: 48802K->48802K(1093632K)
[2022-03-27T21:03:04.374+0800][2035.718s] GC(235) Pause Young (Allocation Failure) 232M->149M(490M) 3.535ms
[2022-03-27T21:03:04.374+0800][2035.718s] GC(235) User=0.01s Sys=0.00s Real=0.00s
[2022-03-27T21:03:04.655+0800][2035.999s] GC(236) Pause Young (Allocation Failure)
[2022-03-27T21:03:04.655+0800][2036.000s] GC(236) Using 4 workers of 4 for evacuation
[2022-03-27T21:03:04.658+0800][2036.002s] GC(236) ParNew: 97509K->8722K(109248K)
[2022-03-27T21:03:04.658+0800][2036.002s] GC(236) CMS: 143259K->143511K(393216K)
[2022-03-27T21:03:04.658+0800][2036.002s] GC(236) Metaspace: 48802K->48802K(1093632K)
[2022-03-27T21:03:04.658+0800][2036.002s] GC(236) Pause Young (Allocation Failure) 235M->148M(490M) 2.386ms
[2022-03-27T21:03:04.658+0800][2036.002s] GC(236) User=0.01s Sys=0.00s Real=0.00s
[2022-03-27T21:03:04.973+0800][2036.318s] GC(237) Pause Young (Allocation Failure)
[2022-03-27T21:03:04.973+0800][2036.318s] GC(237) Using 4 workers of 4 for evacuation
[2022-03-27T21:03:04.976+0800][2036.320s] GC(237) ParNew: 96146K->8536K(109248K)
[2022-03-27T21:03:04.976+0800][2036.320s] GC(237) CMS: 143511K->143834K(393216K)
[2022-03-27T21:03:04.976+0800][2036.320s] GC(237) Metaspace: 48802K->48802K(1093632K)
[2022-03-27T21:03:04.976+0800][2036.320s] GC(237) Pause Young (Allocation Failure) 234M->148M(490M) 2.406ms
[2022-03-27T21:03:04.976+0800][2036.320s] GC(237) User=0.00s Sys=0.00s Real=0.00s
[2022-03-27T21:03:05.298+0800][2036.643s] GC(238) Pause Young (Allocation Failure)
[2022-03-27T21:03:05.299+0800][2036.643s] GC(238) Using 4 workers of 4 for evacuation
[2022-03-27T21:03:05.301+0800][2036.646s] GC(238) ParNew: 95960K->8145K(109248K)
[2022-03-27T21:03:05.301+0800][2036.646s] GC(238) CMS: 143834K->145269K(393216K)
[2022-03-27T21:03:05.301+0800][2036.646s] GC(238) Metaspace: 48802K->48802K(1093632K)
[2022-03-27T21:03:05.301+0800][2036.646s] GC(238) Pause Young (Allocation Failure) 234M->149M(490M) 3.056ms
[2022-03-27T21:03:05.302+0800][2036.646s] GC(238) User=0.00s Sys=0.00s Real=0.01s
[2022-03-27T21:03:05.582+0800][2036.926s] GC(239) Pause Young (Allocation Failure)
[2022-03-27T21:03:05.582+0800][2036.926s] GC(239) Using 4 workers of 4 for evacuation
[2022-03-27T21:03:05.584+0800][2036.928s] GC(239) ParNew: 95569K->7603K(109248K)
[2022-03-27T21:03:05.584+0800][2036.928s] GC(239) CMS: 145269K->145591K(393216K)
[2022-03-27T21:03:05.584+0800][2036.928s] GC(239) Metaspace: 48802K->48802K(1093632K)
[2022-03-27T21:03:05.584+0800][2036.928s] GC(239) Pause Young (Allocation Failure) 235M->149M(490M) 2.203ms
[2022-03-27T21:03:05.584+0800][2036.928s] GC(239) User=0.01s Sys=0.00s Real=0.00s
[2022-03-27T21:03:05.876+0800][2037.220s] GC(240) Pause Young (Allocation Failure)
[2022-03-27T21:03:05.876+0800][2037.220s] GC(240) Using 4 workers of 4 for evacuation
[2022-03-27T21:03:05.878+0800][2037.223s] GC(240) ParNew: 95027K->8280K(109248K)
[2022-03-27T21:03:05.879+0800][2037.223s] GC(240) CMS: 145591K->146066K(393216K)
[2022-03-27T21:03:05.879+0800][2037.223s] GC(240) Metaspace: 48802K->48802K(1093632K)
[2022-03-27T21:03:05.879+0800][2037.223s] GC(240) Pause Young (Allocation Failure) 234M->150M(490M) 2.404ms
[2022-03-27T21:03:05.879+0800][2037.223s] GC(240) User=0.00s Sys=0.01s Real=0.00s
[2022-03-27T21:03:06.205+0800][2037.550s] GC(241) Pause Young (Allocation Failure)
[2022-03-27T21:03:06.206+0800][2037.550s] GC(241) Using 4 workers of 4 for evacuation
[2022-03-27T21:03:06.209+0800][2037.553s] GC(241) ParNew: 95704K->6666K(109248K)
[2022-03-27T21:03:06.209+0800][2037.553s] GC(241) CMS: 146066K->146385K(393216K)
[2022-03-27T21:03:06.209+0800][2037.553s] GC(241) Metaspace: 48804K->48804K(1093632K)
[2022-03-27T21:03:06.209+0800][2037.553s] GC(241) Pause Young (Allocation Failure) 236M->149M(490M) 3.234ms
[2022-03-27T21:03:06.209+0800][2037.553s] GC(241) User=0.01s Sys=0.00s Real=0.00s
[2022-03-27T21:03:06.502+0800][2037.846s] GC(242) Pause Young (Allocation Failure)
[2022-03-27T21:03:06.502+0800][2037.846s] GC(242) Using 4 workers of 4 for evacuation
[2022-03-27T21:03:06.504+0800][2037.848s] GC(242) ParNew: 94090K->8652K(109248K)
[2022-03-27T21:03:06.504+0800][2037.848s] GC(242) CMS: 146385K->146702K(393216K)
[2022-03-27T21:03:06.504+0800][2037.848s] GC(242) Metaspace: 48804K->48804K(1093632K)
[2022-03-27T21:03:06.504+0800][2037.848s] GC(242) Pause Young (Allocation Failure) 234M->151M(490M) 2.217ms
[2022-03-27T21:03:06.504+0800][2037.848s] GC(242) User=0.01s Sys=0.00s Real=0.00s
[2022-03-27T21:03:06.802+0800][2038.146s] GC(243) Pause Young (Allocation Failure)
[2022-03-27T21:03:06.802+0800][2038.146s] GC(243) Using 4 workers of 4 for evacuation
[2022-03-27T21:03:06.804+0800][2038.148s] GC(243) ParNew: 96076K->8449K(109248K)
[2022-03-27T21:03:06.804+0800][2038.148s] GC(243) CMS: 146702K->146844K(393216K)
[2022-03-27T21:03:06.804+0800][2038.148s] GC(243) Metaspace: 48804K->48804K(1093632K)
[2022-03-27T21:03:06.804+0800][2038.148s] GC(243) Pause Young (Allocation Failure) 237M->151M(490M) 2.345ms
[2022-03-27T21:03:06.804+0800][2038.148s] GC(243) User=0.00s Sys=0.00s Real=0.00s
[2022-03-27T21:03:07.141+0800][2038.485s] GC(244) Pause Young (Allocation Failure)
[2022-03-27T21:03:07.141+0800][2038.485s] GC(244) Using 4 workers of 4 for evacuation
[2022-03-27T21:03:07.143+0800][2038.487s] GC(244) ParNew: 95873K->9315K(109248K)
[2022-03-27T21:03:07.143+0800][2038.487s] GC(244) CMS: 146844K->147118K(393216K)
[2022-03-27T21:03:07.143+0800][2038.487s] GC(244) Metaspace: 48805K->48805K(1093632K)
[2022-03-27T21:03:07.143+0800][2038.487s] GC(244) Pause Young (Allocation Failure) 237M->152M(490M) 2.273ms
[2022-03-27T21:03:07.143+0800][2038.487s] GC(244) User=0.01s Sys=0.00s Real=0.00s
[2022-03-27T21:03:07.341+0800][2038.685s] GC(245) Pause Young (Allocation Failure)
[2022-03-27T21:03:07.341+0800][2038.685s] GC(245) Using 4 workers of 4 for evacuation
[2022-03-27T21:03:07.343+0800][2038.687s] GC(245) ParNew: 96739K->8984K(109248K)
[2022-03-27T21:03:07.343+0800][2038.687s] GC(245) CMS: 147118K->147386K(393216K)
[2022-03-27T21:03:07.343+0800][2038.687s] GC(245) Metaspace: 48812K->48812K(1093632K)
[2022-03-27T21:03:07.343+0800][2038.687s] GC(245) Pause Young (Allocation Failure) 238M->152M(490M) 2.386ms
[2022-03-27T21:03:07.343+0800][2038.687s] GC(245) User=0.01s Sys=0.01s Real=0.00s
[2022-03-27T21:03:07.475+0800][2038.819s] GC(246) Pause Young (Allocation Failure)
[2022-03-27T21:03:07.475+0800][2038.820s] GC(246) Using 4 workers of 4 for evacuation
[2022-03-27T21:03:07.479+0800][2038.823s] GC(246) ParNew: 96408K->10829K(109248K)
[2022-03-27T21:03:07.479+0800][2038.823s] GC(246) CMS: 147386K->147733K(393216K)
[2022-03-27T21:03:07.479+0800][2038.823s] GC(246) Metaspace: 48825K->48825K(1093632K)
[2022-03-27T21:03:07.479+0800][2038.823s] GC(246) Pause Young (Allocation Failure) 238M->154M(490M) 3.380ms
[2022-03-27T21:03:07.479+0800][2038.823s] GC(246) User=0.01s Sys=0.00s Real=0.00s
[2022-03-27T21:03:07.615+0800][2038.959s] GC(247) Pause Young (Allocation Failure)
[2022-03-27T21:03:07.615+0800][2038.959s] GC(247) Using 4 workers of 4 for evacuation
[2022-03-27T21:03:07.619+0800][2038.963s] GC(247) ParNew: 98253K->12278K(109248K)
[2022-03-27T21:03:07.619+0800][2038.963s] GC(247) CMS: 147733K->148084K(393216K)
[2022-03-27T21:03:07.619+0800][2038.963s] GC(247) Metaspace: 48825K->48825K(1093632K)
[2022-03-27T21:03:07.619+0800][2038.963s] GC(247) Pause Young (Allocation Failure) 240M->156M(490M) 3.793ms
[2022-03-27T21:03:07.619+0800][2038.963s] GC(247) User=0.02s Sys=0.01s Real=0.00s
[2022-03-27T21:03:10.140+0800][2041.484s] GC(248) Pause Young (Allocation Failure)
[2022-03-27T21:03:10.140+0800][2041.484s] GC(248) Using 4 workers of 4 for evacuation
[2022-03-27T21:03:10.144+0800][2041.488s] GC(248) ParNew: 99660K->11192K(109248K)
[2022-03-27T21:03:10.144+0800][2041.488s] GC(248) CMS: 148084K->148485K(393216K)
[2022-03-27T21:03:10.144+0800][2041.488s] GC(248) Metaspace: 48837K->48837K(1093632K)
[2022-03-27T21:03:10.144+0800][2041.488s] GC(248) Pause Young (Allocation Failure) 241M->155M(490M) 3.983ms
[2022-03-27T21:03:10.144+0800][2041.488s] GC(248) User=0.02s Sys=0.00s Real=0.00s
[2022-03-27T21:03:10.293+0800][2041.637s] GC(249) Pause Young (Allocation Failure)
[2022-03-27T21:03:10.293+0800][2041.637s] GC(249) Using 4 workers of 4 for evacuation
[2022-03-27T21:03:10.297+0800][2041.641s] GC(249) ParNew: 98616K->11351K(109248K)
[2022-03-27T21:03:10.297+0800][2041.641s] GC(249) CMS: 148485K->149380K(393216K)
[2022-03-27T21:03:10.297+0800][2041.641s] GC(249) Metaspace: 48847K->48847K(1093632K)
[2022-03-27T21:03:10.297+0800][2041.641s] GC(249) Pause Young (Allocation Failure) 241M->156M(490M) 3.429ms
[2022-03-27T21:03:10.297+0800][2041.641s] GC(249) User=0.02s Sys=0.00s Real=0.00s
[2022-03-27T21:03:10.604+0800][2041.948s] GC(250) Pause Young (Allocation Failure)
[2022-03-27T21:03:10.604+0800][2041.948s] GC(250) Using 4 workers of 4 for evacuation
[2022-03-27T21:03:10.609+0800][2041.953s] GC(250) ParNew: 98775K->8684K(109248K)
[2022-03-27T21:03:10.609+0800][2041.953s] GC(250) CMS: 149380K->152413K(393216K)
[2022-03-27T21:03:10.609+0800][2041.953s] GC(250) Metaspace: 48847K->48847K(1093632K)
[2022-03-27T21:03:10.609+0800][2041.953s] GC(250) Pause Young (Allocation Failure) 242M->157M(490M) 5.053ms
[2022-03-27T21:03:10.609+0800][2041.953s] GC(250) User=0.02s Sys=0.00s Real=0.00s
[2022-03-27T21:03:10.899+0800][2042.243s] GC(251) Pause Young (Allocation Failure)
[2022-03-27T21:03:10.899+0800][2042.243s] GC(251) Using 4 workers of 4 for evacuation
[2022-03-27T21:03:10.902+0800][2042.246s] GC(251) ParNew: 96108K->9105K(109248K)
[2022-03-27T21:03:10.902+0800][2042.246s] GC(251) CMS: 152413K->153061K(393216K)
[2022-03-27T21:03:10.902+0800][2042.246s] GC(251) Metaspace: 48847K->48847K(1093632K)
[2022-03-27T21:03:10.902+0800][2042.246s] GC(251) Pause Young (Allocation Failure) 242M->158M(490M) 2.943ms
[2022-03-27T21:03:10.902+0800][2042.246s] GC(251) User=0.01s Sys=0.00s Real=0.01s
[2022-03-27T21:03:11.202+0800][2042.546s] GC(252) Pause Young (Allocation Failure)
[2022-03-27T21:03:11.202+0800][2042.547s] GC(252) Using 4 workers of 4 for evacuation
[2022-03-27T21:03:11.205+0800][2042.549s] GC(252) ParNew: 96529K->9027K(109248K)
[2022-03-27T21:03:11.205+0800][2042.549s] GC(252) CMS: 153061K->153599K(393216K)
[2022-03-27T21:03:11.205+0800][2042.549s] GC(252) Metaspace: 48847K->48847K(1093632K)
[2022-03-27T21:03:11.205+0800][2042.549s] GC(252) Pause Young (Allocation Failure) 243M->158M(490M) 2.487ms
[2022-03-27T21:03:11.205+0800][2042.549s] GC(252) User=0.01s Sys=0.00s Real=0.00s
[2022-03-27T21:03:11.522+0800][2042.866s] GC(253) Pause Young (Allocation Failure)
[2022-03-27T21:03:11.522+0800][2042.866s] GC(253) Using 4 workers of 4 for evacuation
[2022-03-27T21:03:11.525+0800][2042.869s] GC(253) ParNew: 96451K->8339K(109248K)
[2022-03-27T21:03:11.526+0800][2042.870s] GC(253) CMS: 153599K->153933K(393216K)
[2022-03-27T21:03:11.526+0800][2042.870s] GC(253) Metaspace: 48850K->48850K(1093632K)
[2022-03-27T21:03:11.526+0800][2042.870s] GC(253) Pause Young (Allocation Failure) 244M->158M(490M) 3.988ms
[2022-03-27T21:03:11.526+0800][2042.870s] GC(253) User=0.01s Sys=0.00s Real=0.00s
[2022-03-27T21:03:11.831+0800][2043.175s] GC(254) Pause Young (Allocation Failure)
[2022-03-27T21:03:11.831+0800][2043.175s] GC(254) Using 4 workers of 4 for evacuation
[2022-03-27T21:03:11.833+0800][2043.177s] GC(254) ParNew: 95763K->10233K(109248K)
[2022-03-27T21:03:11.833+0800][2043.177s] GC(254) CMS: 153933K->154042K(393216K)
[2022-03-27T21:03:11.833+0800][2043.177s] GC(254) Metaspace: 48850K->48850K(1093632K)
[2022-03-27T21:03:11.833+0800][2043.177s] GC(254) Pause Young (Allocation Failure) 243M->160M(490M) 2.450ms
[2022-03-27T21:03:11.833+0800][2043.177s] GC(254) User=0.01s Sys=0.00s Real=0.00s
[2022-03-27T21:03:12.138+0800][2043.482s] GC(255) Pause Young (Allocation Failure)
[2022-03-27T21:03:12.138+0800][2043.482s] GC(255) Using 4 workers of 4 for evacuation
[2022-03-27T21:03:12.140+0800][2043.484s] GC(255) ParNew: 97657K->9687K(109248K)
[2022-03-27T21:03:12.140+0800][2043.484s] GC(255) CMS: 154042K->154052K(393216K)
[2022-03-27T21:03:12.140+0800][2043.484s] GC(255) Metaspace: 48850K->48850K(1093632K)
[2022-03-27T21:03:12.140+0800][2043.484s] GC(255) Pause Young (Allocation Failure) 245M->159M(490M) 2.315ms
[2022-03-27T21:03:12.140+0800][2043.484s] GC(255) User=0.01s Sys=0.00s Real=0.01s
[2022-03-27T21:03:12.457+0800][2043.801s] GC(256) Pause Young (Allocation Failure)
[2022-03-27T21:03:12.458+0800][2043.802s] GC(256) Using 4 workers of 4 for evacuation
[2022-03-27T21:03:12.460+0800][2043.804s] GC(256) ParNew: 97111K->11739K(109248K)
[2022-03-27T21:03:12.460+0800][2043.804s] GC(256) CMS: 154052K->154106K(393216K)
[2022-03-27T21:03:12.460+0800][2043.804s] GC(256) Metaspace: 48850K->48850K(1093632K)
[2022-03-27T21:03:12.460+0800][2043.804s] GC(256) Pause Young (Allocation Failure) 245M->161M(490M) 3.059ms
[2022-03-27T21:03:12.460+0800][2043.804s] GC(256) User=0.00s Sys=0.00s Real=0.01s
[2022-03-27T21:03:12.763+0800][2044.107s] GC(257) Pause Young (Allocation Failure)
[2022-03-27T21:03:12.763+0800][2044.107s] GC(257) Using 4 workers of 4 for evacuation
[2022-03-27T21:03:12.769+0800][2044.113s] GC(257) ParNew: 99163K->8681K(109248K)
[2022-03-27T21:03:12.769+0800][2044.113s] GC(257) CMS: 154106K->157651K(393216K)
[2022-03-27T21:03:12.769+0800][2044.113s] GC(257) Metaspace: 48850K->48850K(1093632K)
[2022-03-27T21:03:12.769+0800][2044.113s] GC(257) Pause Young (Allocation Failure) 247M->162M(490M) 5.510ms
[2022-03-27T21:03:12.769+0800][2044.113s] GC(257) User=0.02s Sys=0.01s Real=0.00s
[2022-03-27T21:03:13.124+0800][2044.468s] GC(258) Pause Young (Allocation Failure)
[2022-03-27T21:03:13.124+0800][2044.468s] GC(258) Using 4 workers of 4 for evacuation
[2022-03-27T21:03:13.127+0800][2044.471s] GC(258) ParNew: 96105K->6940K(109248K)
[2022-03-27T21:03:13.127+0800][2044.471s] GC(258) CMS: 157651K->158158K(393216K)
[2022-03-27T21:03:13.127+0800][2044.471s] GC(258) Metaspace: 48850K->48850K(1093632K)
[2022-03-27T21:03:13.127+0800][2044.471s] GC(258) Pause Young (Allocation Failure) 247M->161M(490M) 3.260ms
[2022-03-27T21:03:13.127+0800][2044.471s] GC(258) User=0.01s Sys=0.00s Real=0.00s
[2022-03-27T21:03:13.452+0800][2044.796s] GC(259) Pause Young (Allocation Failure)
[2022-03-27T21:03:13.452+0800][2044.796s] GC(259) Using 4 workers of 4 for evacuation
[2022-03-27T21:03:13.455+0800][2044.799s] GC(259) ParNew: 94364K->6258K(109248K)
[2022-03-27T21:03:13.455+0800][2044.799s] GC(259) CMS: 158158K->158552K(393216K)
[2022-03-27T21:03:13.455+0800][2044.799s] GC(259) Metaspace: 48850K->48850K(1093632K)
[2022-03-27T21:03:13.455+0800][2044.799s] GC(259) Pause Young (Allocation Failure) 246M->160M(490M) 2.973ms
[2022-03-27T21:03:13.455+0800][2044.799s] GC(259) User=0.01s Sys=0.00s Real=0.00s
[2022-03-27T21:03:13.791+0800][2045.135s] GC(260) Pause Young (Allocation Failure)
[2022-03-27T21:03:13.791+0800][2045.135s] GC(260) Using 4 workers of 4 for evacuation
[2022-03-27T21:03:13.794+0800][2045.138s] GC(260) ParNew: 93682K->6461K(109248K)
[2022-03-27T21:03:13.794+0800][2045.138s] GC(260) CMS: 158552K->158867K(393216K)
[2022-03-27T21:03:13.794+0800][2045.138s] GC(260) Metaspace: 48850K->48850K(1093632K)
[2022-03-27T21:03:13.794+0800][2045.138s] GC(260) Pause Young (Allocation Failure) 246M->161M(490M) 3.275ms
[2022-03-27T21:03:13.794+0800][2045.138s] GC(260) User=0.02s Sys=0.00s Real=0.00s
[2022-03-27T21:03:14.093+0800][2045.437s] GC(261) Pause Young (Allocation Failure)
[2022-03-27T21:03:14.093+0800][2045.438s] GC(261) Using 4 workers of 4 for evacuation
[2022-03-27T21:03:14.095+0800][2045.440s] GC(261) ParNew: 93885K->7189K(109248K)
[2022-03-27T21:03:14.095+0800][2045.440s] GC(261) CMS: 158867K->159208K(393216K)
[2022-03-27T21:03:14.095+0800][2045.440s] GC(261) Metaspace: 48850K->48850K(1093632K)
[2022-03-27T21:03:14.095+0800][2045.440s] GC(261) Pause Young (Allocation Failure) 246M->162M(490M) 2.118ms
[2022-03-27T21:03:14.095+0800][2045.440s] GC(261) User=0.01s Sys=0.00s Real=0.00s
[2022-03-27T21:03:14.418+0800][2045.762s] GC(262) Pause Young (Allocation Failure)
[2022-03-27T21:03:14.418+0800][2045.762s] GC(262) Using 4 workers of 4 for evacuation
[2022-03-27T21:03:14.420+0800][2045.764s] GC(262) ParNew: 94613K->6796K(109248K)
[2022-03-27T21:03:14.420+0800][2045.765s] GC(262) CMS: 159208K->159554K(393216K)
[2022-03-27T21:03:14.420+0800][2045.765s] GC(262) Metaspace: 48850K->48850K(1093632K)
[2022-03-27T21:03:14.420+0800][2045.765s] GC(262) Pause Young (Allocation Failure) 247M->162M(490M) 2.153ms
[2022-03-27T21:03:14.420+0800][2045.765s] GC(262) User=0.00s Sys=0.00s Real=0.01s
[2022-03-27T21:03:14.697+0800][2046.042s] GC(263) Pause Young (Allocation Failure)
[2022-03-27T21:03:14.697+0800][2046.042s] GC(263) Using 4 workers of 4 for evacuation
[2022-03-27T21:03:14.700+0800][2046.044s] GC(263) ParNew: 94220K->8196K(109248K)
[2022-03-27T21:03:14.700+0800][2046.044s] GC(263) CMS: 159554K->159937K(393216K)
[2022-03-27T21:03:14.700+0800][2046.044s] GC(263) Metaspace: 48850K->48850K(1093632K)
[2022-03-27T21:03:14.700+0800][2046.044s] GC(263) Pause Young (Allocation Failure) 247M->164M(490M) 2.394ms
[2022-03-27T21:03:14.700+0800][2046.044s] GC(263) User=0.01s Sys=0.00s Real=0.01s
[2022-03-27T21:03:14.998+0800][2046.342s] GC(264) Pause Young (Allocation Failure)
[2022-03-27T21:03:14.998+0800][2046.342s] GC(264) Using 4 workers of 4 for evacuation
[2022-03-27T21:03:15.000+0800][2046.344s] GC(264) ParNew: 95620K->7818K(109248K)
[2022-03-27T21:03:15.000+0800][2046.344s] GC(264) CMS: 159937K->160251K(393216K)
[2022-03-27T21:03:15.000+0800][2046.344s] GC(264) Metaspace: 48854K->48854K(1093632K)
[2022-03-27T21:03:15.000+0800][2046.344s] GC(264) Pause Young (Allocation Failure) 249M->164M(490M) 2.133ms
[2022-03-27T21:03:15.000+0800][2046.344s] GC(264) User=0.01s Sys=0.00s Real=0.01s
[2022-03-27T21:03:15.321+0800][2046.666s] GC(265) Pause Young (Allocation Failure)
[2022-03-27T21:03:15.321+0800][2046.666s] GC(265) Using 4 workers of 4 for evacuation
[2022-03-27T21:03:15.323+0800][2046.668s] GC(265) ParNew: 95242K->7899K(109248K)
[2022-03-27T21:03:15.323+0800][2046.668s] GC(265) CMS: 160251K->160559K(393216K)
[2022-03-27T21:03:15.323+0800][2046.668s] GC(265) Metaspace: 48854K->48854K(1093632K)
[2022-03-27T21:03:15.323+0800][2046.668s] GC(265) Pause Young (Allocation Failure) 249M->164M(490M) 2.005ms
[2022-03-27T21:03:15.323+0800][2046.668s] GC(265) User=0.00s Sys=0.00s Real=0.00s
[2022-03-27T21:03:15.668+0800][2047.012s] GC(266) Pause Young (Allocation Failure)
[2022-03-27T21:03:15.668+0800][2047.012s] GC(266) Using 4 workers of 4 for evacuation
[2022-03-27T21:03:15.672+0800][2047.016s] GC(266) ParNew: 95323K->7531K(109248K)
[2022-03-27T21:03:15.672+0800][2047.016s] GC(266) CMS: 160559K->161398K(393216K)
[2022-03-27T21:03:15.672+0800][2047.016s] GC(266) Metaspace: 48854K->48854K(1093632K)
[2022-03-27T21:03:15.672+0800][2047.016s] GC(266) Pause Young (Allocation Failure) 249M->164M(490M) 4.462ms
[2022-03-27T21:03:15.672+0800][2047.017s] GC(266) User=0.01s Sys=0.00s Real=0.01s
[2022-03-27T21:03:15.993+0800][2047.337s] GC(267) Pause Young (Allocation Failure)
[2022-03-27T21:03:15.993+0800][2047.338s] GC(267) Using 4 workers of 4 for evacuation
[2022-03-27T21:03:15.995+0800][2047.340s] GC(267) ParNew: 94955K->7452K(109248K)
[2022-03-27T21:03:15.995+0800][2047.340s] GC(267) CMS: 161398K->161722K(393216K)
[2022-03-27T21:03:15.995+0800][2047.340s] GC(267) Metaspace: 48854K->48854K(1093632K)
[2022-03-27T21:03:15.995+0800][2047.340s] GC(267) Pause Young (Allocation Failure) 250M->165M(490M) 2.236ms
[2022-03-27T21:03:15.996+0800][2047.340s] GC(267) User=0.00s Sys=0.00s Real=0.00s
[2022-03-27T21:03:16.298+0800][2047.642s] GC(268) Pause Young (Allocation Failure)
[2022-03-27T21:03:16.298+0800][2047.642s] GC(268) Using 4 workers of 4 for evacuation
[2022-03-27T21:03:16.301+0800][2047.645s] GC(268) ParNew: 94876K->7323K(109248K)
[2022-03-27T21:03:16.301+0800][2047.645s] GC(268) CMS: 161722K->162113K(393216K)
[2022-03-27T21:03:16.301+0800][2047.645s] GC(268) Metaspace: 48854K->48854K(1093632K)
[2022-03-27T21:03:16.301+0800][2047.645s] GC(268) Pause Young (Allocation Failure) 250M->165M(490M) 3.474ms
[2022-03-27T21:03:16.301+0800][2047.645s] GC(268) User=0.00s Sys=0.00s Real=0.01s
[2022-03-27T21:03:16.624+0800][2047.968s] GC(269) Pause Young (Allocation Failure)
[2022-03-27T21:03:16.624+0800][2047.968s] GC(269) Using 4 workers of 4 for evacuation
[2022-03-27T21:03:16.626+0800][2047.971s] GC(269) ParNew: 94747K->8128K(109248K)
[2022-03-27T21:03:16.626+0800][2047.971s] GC(269) CMS: 162113K->162457K(393216K)
[2022-03-27T21:03:16.626+0800][2047.971s] GC(269) Metaspace: 48854K->48854K(1093632K)
[2022-03-27T21:03:16.626+0800][2047.971s] GC(269) Pause Young (Allocation Failure) 250M->166M(490M) 2.501ms
[2022-03-27T21:03:16.626+0800][2047.971s] GC(269) User=0.00s Sys=0.00s Real=0.00s
[2022-03-27T21:03:16.919+0800][2048.264s] GC(270) Pause Young (Allocation Failure)
[2022-03-27T21:03:16.919+0800][2048.264s] GC(270) Using 4 workers of 4 for evacuation
[2022-03-27T21:03:16.922+0800][2048.266s] GC(270) ParNew: 95552K->7244K(109248K)
[2022-03-27T21:03:16.922+0800][2048.266s] GC(270) CMS: 162457K->162809K(393216K)
[2022-03-27T21:03:16.922+0800][2048.266s] GC(270) Metaspace: 48854K->48854K(1093632K)
[2022-03-27T21:03:16.922+0800][2048.266s] GC(270) Pause Young (Allocation Failure) 251M->166M(490M) 2.427ms
[2022-03-27T21:03:16.922+0800][2048.266s] GC(270) User=0.00s Sys=0.00s Real=0.01s
[2022-03-27T21:03:17.236+0800][2048.580s] GC(271) Pause Young (Allocation Failure)
[2022-03-27T21:03:17.236+0800][2048.580s] GC(271) Using 4 workers of 4 for evacuation
[2022-03-27T21:03:17.238+0800][2048.582s] GC(271) ParNew: 94668K->10133K(109248K)
[2022-03-27T21:03:17.238+0800][2048.582s] GC(271) CMS: 162809K->163270K(393216K)
[2022-03-27T21:03:17.238+0800][2048.582s] GC(271) Metaspace: 48854K->48854K(1093632K)
[2022-03-27T21:03:17.238+0800][2048.582s] GC(271) Pause Young (Allocation Failure) 251M->169M(490M) 2.161ms
[2022-03-27T21:03:17.238+0800][2048.582s] GC(271) User=0.01s Sys=0.00s Real=0.00s
[2022-03-27T21:03:17.542+0800][2048.886s] GC(272) Pause Young (Allocation Failure)
[2022-03-27T21:03:17.542+0800][2048.886s] GC(272) Using 4 workers of 4 for evacuation
[2022-03-27T21:03:17.544+0800][2048.889s] GC(272) ParNew: 97557K->7920K(109248K)
[2022-03-27T21:03:17.544+0800][2048.889s] GC(272) CMS: 163270K->163804K(393216K)
[2022-03-27T21:03:17.544+0800][2048.889s] GC(272) Metaspace: 48854K->48854K(1093632K)
[2022-03-27T21:03:17.545+0800][2048.889s] GC(272) Pause Young (Allocation Failure) 254M->167M(490M) 2.777ms
[2022-03-27T21:03:17.545+0800][2048.889s] GC(272) User=0.00s Sys=0.00s Real=0.00s
[2022-03-27T21:03:17.850+0800][2049.194s] GC(273) Pause Young (Allocation Failure)
[2022-03-27T21:03:17.850+0800][2049.194s] GC(273) Using 4 workers of 4 for evacuation
[2022-03-27T21:03:17.852+0800][2049.196s] GC(273) ParNew: 95344K->7359K(109248K)
[2022-03-27T21:03:17.852+0800][2049.196s] GC(273) CMS: 163804K->164121K(393216K)
[2022-03-27T21:03:17.852+0800][2049.196s] GC(273) Metaspace: 48854K->48854K(1093632K)
[2022-03-27T21:03:17.852+0800][2049.196s] GC(273) Pause Young (Allocation Failure) 253M->167M(490M) 2.205ms
[2022-03-27T21:03:17.852+0800][2049.196s] GC(273) User=0.00s Sys=0.00s Real=0.00s
[2022-03-27T21:03:18.166+0800][2049.510s] GC(274) Pause Young (Allocation Failure)
[2022-03-27T21:03:18.166+0800][2049.510s] GC(274) Using 4 workers of 4 for evacuation
[2022-03-27T21:03:18.168+0800][2049.512s] GC(274) ParNew: 94783K->8943K(109248K)
[2022-03-27T21:03:18.170+0800][2049.514s] GC(274) CMS: 164121K->164538K(393216K)
[2022-03-27T21:03:18.170+0800][2049.514s] GC(274) Metaspace: 48854K->48854K(1093632K)
[2022-03-27T21:03:18.170+0800][2049.514s] GC(274) Pause Young (Allocation Failure) 252M->169M(490M) 4.320ms
[2022-03-27T21:03:18.170+0800][2049.514s] GC(274) User=0.01s Sys=0.00s Real=0.01s
[2022-03-27T21:03:18.510+0800][2049.854s] GC(275) Pause Young (Allocation Failure)
[2022-03-27T21:03:18.510+0800][2049.854s] GC(275) Using 4 workers of 4 for evacuation
[2022-03-27T21:03:18.513+0800][2049.857s] GC(275) ParNew: 96367K->8514K(109248K)
[2022-03-27T21:03:18.513+0800][2049.857s] GC(275) CMS: 164538K->164940K(393216K)
[2022-03-27T21:03:18.513+0800][2049.857s] GC(275) Metaspace: 48854K->48854K(1093632K)
[2022-03-27T21:03:18.513+0800][2049.857s] GC(275) Pause Young (Allocation Failure) 254M->169M(490M) 2.492ms
[2022-03-27T21:03:18.513+0800][2049.857s] GC(275) User=0.01s Sys=0.00s Real=0.00s
[2022-03-27T21:03:18.833+0800][2050.177s] GC(276) Pause Young (Allocation Failure)
[2022-03-27T21:03:18.833+0800][2050.177s] GC(276) Using 4 workers of 4 for evacuation
[2022-03-27T21:03:18.835+0800][2050.180s] GC(276) ParNew: 95938K->9630K(109248K)
[2022-03-27T21:03:18.835+0800][2050.180s] GC(276) CMS: 164940K->165410K(393216K)
[2022-03-27T21:03:18.835+0800][2050.180s] GC(276) Metaspace: 48854K->48854K(1093632K)
[2022-03-27T21:03:18.835+0800][2050.180s] GC(276) Pause Young (Allocation Failure) 254M->170M(490M) 2.212ms
[2022-03-27T21:03:18.835+0800][2050.180s] GC(276) User=0.00s Sys=0.00s Real=0.00s
[2022-03-27T21:03:19.123+0800][2050.467s] GC(277) Pause Young (Allocation Failure)
[2022-03-27T21:03:19.123+0800][2050.467s] GC(277) Using 4 workers of 4 for evacuation
[2022-03-27T21:03:19.126+0800][2050.470s] GC(277) ParNew: 97054K->8416K(109248K)
[2022-03-27T21:03:19.126+0800][2050.470s] GC(277) CMS: 165410K->165768K(393216K)
[2022-03-27T21:03:19.126+0800][2050.470s] GC(277) Metaspace: 48854K->48854K(1093632K)
[2022-03-27T21:03:19.126+0800][2050.470s] GC(277) Pause Young (Allocation Failure) 256M->170M(490M) 2.728ms
[2022-03-27T21:03:19.126+0800][2050.470s] GC(277) User=0.01s Sys=0.00s Real=0.00s
[2022-03-27T21:03:19.437+0800][2050.781s] GC(278) Pause Young (Allocation Failure)
[2022-03-27T21:03:19.437+0800][2050.781s] GC(278) Using 4 workers of 4 for evacuation
[2022-03-27T21:03:19.439+0800][2050.783s] GC(278) ParNew: 95840K->8541K(109248K)
[2022-03-27T21:03:19.439+0800][2050.783s] GC(278) CMS: 165768K->166093K(393216K)
[2022-03-27T21:03:19.439+0800][2050.783s] GC(278) Metaspace: 48854K->48854K(1093632K)
[2022-03-27T21:03:19.439+0800][2050.783s] GC(278) Pause Young (Allocation Failure) 255M->170M(490M) 2.272ms
[2022-03-27T21:03:19.439+0800][2050.783s] GC(278) User=0.00s Sys=0.00s Real=0.00s
[2022-03-27T21:03:19.729+0800][2051.073s] GC(279) Pause Young (Allocation Failure)
[2022-03-27T21:03:19.729+0800][2051.073s] GC(279) Using 4 workers of 4 for evacuation
[2022-03-27T21:03:19.731+0800][2051.075s] GC(279) ParNew: 95965K->9113K(109248K)
[2022-03-27T21:03:19.731+0800][2051.075s] GC(279) CMS: 166093K->166472K(393216K)
[2022-03-27T21:03:19.731+0800][2051.075s] GC(279) Metaspace: 48854K->48854K(1093632K)
[2022-03-27T21:03:19.731+0800][2051.075s] GC(279) Pause Young (Allocation Failure) 255M->171M(490M) 2.323ms
[2022-03-27T21:03:19.731+0800][2051.075s] GC(279) User=0.01s Sys=0.00s Real=0.01s
[2022-03-27T21:03:20.028+0800][2051.372s] GC(280) Pause Young (Allocation Failure)
[2022-03-27T21:03:20.028+0800][2051.372s] GC(280) Using 4 workers of 4 for evacuation
[2022-03-27T21:03:20.030+0800][2051.374s] GC(280) ParNew: 96537K->8204K(109248K)
[2022-03-27T21:03:20.030+0800][2051.374s] GC(280) CMS: 166472K->166751K(393216K)
[2022-03-27T21:03:20.030+0800][2051.374s] GC(280) Metaspace: 48854K->48854K(1093632K)
[2022-03-27T21:03:20.030+0800][2051.374s] GC(280) Pause Young (Allocation Failure) 256M->170M(490M) 2.199ms
[2022-03-27T21:03:20.030+0800][2051.374s] GC(280) User=0.00s Sys=0.00s Real=0.01s
[2022-03-27T21:03:20.326+0800][2051.670s] GC(281) Pause Young (Allocation Failure)
[2022-03-27T21:03:20.326+0800][2051.670s] GC(281) Using 4 workers of 4 for evacuation
[2022-03-27T21:03:20.328+0800][2051.672s] GC(281) ParNew: 95469K->10912K(109248K)
[2022-03-27T21:03:20.328+0800][2051.672s] GC(281) CMS: 166751K->167032K(393216K)
[2022-03-27T21:03:20.328+0800][2051.672s] GC(281) Metaspace: 48854K->48854K(1093632K)
[2022-03-27T21:03:20.328+0800][2051.672s] GC(281) Pause Young (Allocation Failure) 256M->173M(490M) 2.143ms
[2022-03-27T21:03:20.328+0800][2051.672s] GC(281) User=0.01s Sys=0.00s Real=0.00s
[2022-03-27T21:03:20.582+0800][2051.927s] GC(282) Pause Young (Allocation Failure)
[2022-03-27T21:03:20.582+0800][2051.927s] GC(282) Using 4 workers of 4 for evacuation
[2022-03-27T21:03:20.585+0800][2051.929s] GC(282) ParNew: 98336K->7511K(109248K)
[2022-03-27T21:03:20.585+0800][2051.929s] GC(282) CMS: 167032K->168405K(393216K)
[2022-03-27T21:03:20.585+0800][2051.929s] GC(282) Metaspace: 48854K->48854K(1093632K)
[2022-03-27T21:03:20.585+0800][2051.929s] GC(282) Pause Young (Allocation Failure) 259M->171M(490M) 2.710ms
[2022-03-27T21:03:20.585+0800][2051.929s] GC(282) User=0.01s Sys=0.00s Real=0.00s
[2022-03-27T21:03:20.875+0800][2052.219s] GC(283) Pause Young (Allocation Failure)
[2022-03-27T21:03:20.875+0800][2052.220s] GC(283) Using 4 workers of 4 for evacuation
[2022-03-27T21:03:20.877+0800][2052.221s] GC(283) ParNew: 94927K->9152K(109248K)
[2022-03-27T21:03:20.877+0800][2052.221s] GC(283) CMS: 168405K->168814K(393216K)
[2022-03-27T21:03:20.877+0800][2052.222s] GC(283) Metaspace: 48854K->48854K(1093632K)
[2022-03-27T21:03:20.877+0800][2052.222s] GC(283) Pause Young (Allocation Failure) 257M->173M(490M) 2.052ms
[2022-03-27T21:03:20.877+0800][2052.222s] GC(283) User=0.00s Sys=0.00s Real=0.00s
[2022-03-27T21:03:21.207+0800][2052.551s] GC(284) Pause Young (Allocation Failure)
[2022-03-27T21:03:21.207+0800][2052.551s] GC(284) Using 4 workers of 4 for evacuation
[2022-03-27T21:03:21.209+0800][2052.553s] GC(284) ParNew: 96576K->7309K(109248K)
[2022-03-27T21:03:21.209+0800][2052.553s] GC(284) CMS: 168814K->169169K(393216K)
[2022-03-27T21:03:21.209+0800][2052.553s] GC(284) Metaspace: 48854K->48854K(1093632K)
[2022-03-27T21:03:21.209+0800][2052.553s] GC(284) Pause Young (Allocation Failure) 259M->172M(490M) 2.380ms
[2022-03-27T21:03:21.209+0800][2052.553s] GC(284) User=0.01s Sys=0.00s Real=0.00s
[2022-03-27T21:03:21.511+0800][2052.855s] GC(285) Pause Young (Allocation Failure)
[2022-03-27T21:03:21.511+0800][2052.855s] GC(285) Using 4 workers of 4 for evacuation
[2022-03-27T21:03:21.513+0800][2052.857s] GC(285) ParNew: 94733K->8400K(109248K)
[2022-03-27T21:03:21.513+0800][2052.857s] GC(285) CMS: 169169K->169450K(393216K)
[2022-03-27T21:03:21.513+0800][2052.857s] GC(285) Metaspace: 48854K->48854K(1093632K)
[2022-03-27T21:03:21.513+0800][2052.857s] GC(285) Pause Young (Allocation Failure) 257M->173M(490M) 2.025ms
[2022-03-27T21:03:21.513+0800][2052.857s] GC(285) User=0.01s Sys=0.00s Real=0.00s
[2022-03-27T21:03:21.820+0800][2053.165s] GC(286) Pause Young (Allocation Failure)
[2022-03-27T21:03:21.821+0800][2053.165s] GC(286) Using 4 workers of 4 for evacuation
[2022-03-27T21:03:21.823+0800][2053.167s] GC(286) ParNew: 95824K->8096K(109248K)
[2022-03-27T21:03:21.823+0800][2053.167s] GC(286) CMS: 169450K->169802K(393216K)
[2022-03-27T21:03:21.823+0800][2053.167s] GC(286) Metaspace: 48854K->48854K(1093632K)
[2022-03-27T21:03:21.823+0800][2053.167s] GC(286) Pause Young (Allocation Failure) 259M->173M(490M) 2.813ms
[2022-03-27T21:03:21.823+0800][2053.167s] GC(286) User=0.00s Sys=0.00s Real=0.00s
[2022-03-27T21:03:22.147+0800][2053.491s] GC(287) Pause Young (Allocation Failure)
[2022-03-27T21:03:22.147+0800][2053.491s] GC(287) Using 4 workers of 4 for evacuation
[2022-03-27T21:03:22.150+0800][2053.494s] GC(287) ParNew: 95520K->9502K(109248K)
[2022-03-27T21:03:22.150+0800][2053.494s] GC(287) CMS: 169802K->170051K(393216K)
[2022-03-27T21:03:22.150+0800][2053.494s] GC(287) Metaspace: 48854K->48854K(1093632K)
[2022-03-27T21:03:22.150+0800][2053.494s] GC(287) Pause Young (Allocation Failure) 259M->175M(490M) 2.662ms
[2022-03-27T21:03:22.150+0800][2053.494s] GC(287) User=0.00s Sys=0.00s Real=0.01s
[2022-03-27T21:03:22.365+0800][2053.710s] GC(288) Pause Young (Allocation Failure)
[2022-03-27T21:03:22.366+0800][2053.710s] GC(288) Using 4 workers of 4 for evacuation
[2022-03-27T21:03:22.368+0800][2053.713s] GC(288) ParNew: 96862K->10849K(109248K)
[2022-03-27T21:03:22.368+0800][2053.713s] GC(288) CMS: 170051K->170433K(393216K)
[2022-03-27T21:03:22.368+0800][2053.713s] GC(288) Metaspace: 48854K->48854K(1093632K)
[2022-03-27T21:03:22.368+0800][2053.713s] GC(288) Pause Young (Allocation Failure) 260M->177M(490M) 2.990ms
[2022-03-27T21:03:22.368+0800][2053.713s] GC(288) User=0.01s Sys=0.00s Real=0.00s
[2022-03-27T21:03:22.496+0800][2053.841s] GC(289) Pause Young (Allocation Failure)
[2022-03-27T21:03:22.496+0800][2053.841s] GC(289) Using 4 workers of 4 for evacuation
[2022-03-27T21:03:22.499+0800][2053.843s] GC(289) ParNew: 98273K->12219K(109248K)
[2022-03-27T21:03:22.499+0800][2053.843s] GC(289) CMS: 170433K->170766K(393216K)
[2022-03-27T21:03:22.499+0800][2053.843s] GC(289) Metaspace: 48859K->48859K(1093632K)
[2022-03-27T21:03:22.499+0800][2053.843s] GC(289) Pause Young (Allocation Failure) 262M->178M(490M) 2.881ms
[2022-03-27T21:03:22.499+0800][2053.843s] GC(289) User=0.01s Sys=0.00s Real=0.00s
[2022-03-27T21:03:22.639+0800][2053.983s] GC(290) Pause Young (Allocation Failure)
[2022-03-27T21:03:22.639+0800][2053.984s] GC(290) Using 4 workers of 4 for evacuation
[2022-03-27T21:03:22.642+0800][2053.986s] GC(290) ParNew: 99643K->12822K(109248K)
[2022-03-27T21:03:22.642+0800][2053.986s] GC(290) CMS: 170766K->171048K(393216K)
[2022-03-27T21:03:22.642+0800][2053.986s] GC(290) Metaspace: 48859K->48859K(1093632K)
[2022-03-27T21:03:22.642+0800][2053.986s] GC(290) Pause Young (Allocation Failure) 264M->179M(490M) 2.949ms
[2022-03-27T21:03:22.642+0800][2053.986s] GC(290) User=0.01s Sys=0.00s Real=0.01s
[2022-03-27T21:03:26.084+0800][2057.429s] GC(291) Pause Young (Allocation Failure)
[2022-03-27T21:03:26.084+0800][2057.429s] GC(291) Using 4 workers of 4 for evacuation
[2022-03-27T21:03:26.089+0800][2057.433s] GC(291) ParNew: 99851K->12010K(109248K)
[2022-03-27T21:03:26.089+0800][2057.433s] GC(291) CMS: 171048K->171695K(393216K)
[2022-03-27T21:03:26.089+0800][2057.433s] GC(291) Metaspace: 48870K->48870K(1093632K)
[2022-03-27T21:03:26.089+0800][2057.433s] GC(291) Pause Young (Allocation Failure) 264M->179M(490M) 4.327ms
[2022-03-27T21:03:26.089+0800][2057.433s] GC(291) User=0.01s Sys=0.00s Real=0.00s
[2022-03-27T21:03:26.209+0800][2057.554s] GC(292) Pause Young (Allocation Failure)
[2022-03-27T21:03:26.210+0800][2057.554s] GC(292) Using 4 workers of 4 for evacuation
[2022-03-27T21:03:26.212+0800][2057.556s] GC(292) ParNew: 99434K->11315K(109248K)
[2022-03-27T21:03:26.212+0800][2057.557s] GC(292) CMS: 171695K->172156K(393216K)
[2022-03-27T21:03:26.212+0800][2057.557s] GC(292) Metaspace: 48876K->48876K(1093632K)
[2022-03-27T21:03:26.212+0800][2057.557s] GC(292) Pause Young (Allocation Failure) 264M->179M(490M) 3.055ms
[2022-03-27T21:03:26.212+0800][2057.557s] GC(292) User=0.01s Sys=0.00s Real=0.01s
[2022-03-27T21:03:26.513+0800][2057.857s] GC(293) Pause Young (Allocation Failure)
[2022-03-27T21:03:26.513+0800][2057.857s] GC(293) Using 4 workers of 4 for evacuation
[2022-03-27T21:03:26.516+0800][2057.860s] GC(293) ParNew: 98739K->11428K(109248K)
[2022-03-27T21:03:26.516+0800][2057.860s] GC(293) CMS: 172156K->172661K(393216K)
[2022-03-27T21:03:26.516+0800][2057.860s] GC(293) Metaspace: 48876K->48876K(1093632K)
[2022-03-27T21:03:26.516+0800][2057.860s] GC(293) Pause Young (Allocation Failure) 264M->179M(490M) 3.194ms
[2022-03-27T21:03:26.516+0800][2057.860s] GC(293) User=0.01s Sys=0.00s Real=0.00s
[2022-03-27T21:03:26.823+0800][2058.168s] GC(294) Pause Young (Allocation Failure)
[2022-03-27T21:03:26.823+0800][2058.168s] GC(294) Using 4 workers of 4 for evacuation
[2022-03-27T21:03:26.826+0800][2058.171s] GC(294) ParNew: 98852K->9969K(109248K)
[2022-03-27T21:03:26.826+0800][2058.171s] GC(294) CMS: 172661K->176015K(393216K)
[2022-03-27T21:03:26.826+0800][2058.171s] GC(294) Metaspace: 48876K->48876K(1093632K)
[2022-03-27T21:03:26.826+0800][2058.171s] GC(294) Pause Young (Allocation Failure) 265M->181M(490M) 3.129ms
[2022-03-27T21:03:26.826+0800][2058.171s] GC(294) User=0.01s Sys=0.00s Real=0.00s
[2022-03-27T21:03:27.113+0800][2058.457s] GC(295) Pause Young (Allocation Failure)
[2022-03-27T21:03:27.113+0800][2058.457s] GC(295) Using 4 workers of 4 for evacuation
[2022-03-27T21:03:27.115+0800][2058.459s] GC(295) ParNew: 97393K->9808K(109248K)
[2022-03-27T21:03:27.115+0800][2058.459s] GC(295) CMS: 176015K->176490K(393216K)
[2022-03-27T21:03:27.115+0800][2058.459s] GC(295) Metaspace: 48876K->48876K(1093632K)
[2022-03-27T21:03:27.115+0800][2058.459s] GC(295) Pause Young (Allocation Failure) 267M->181M(490M) 2.571ms
[2022-03-27T21:03:27.115+0800][2058.460s] GC(295) User=0.01s Sys=0.00s Real=0.00s
[2022-03-27T21:03:27.403+0800][2058.747s] GC(296) Pause Young (Allocation Failure)
[2022-03-27T21:03:27.403+0800][2058.747s] GC(296) Using 4 workers of 4 for evacuation
[2022-03-27T21:03:27.406+0800][2058.750s] GC(296) ParNew: 97232K->9293K(109248K)
[2022-03-27T21:03:27.406+0800][2058.750s] GC(296) CMS: 176490K->177050K(393216K)
[2022-03-27T21:03:27.406+0800][2058.750s] GC(296) Metaspace: 48876K->48876K(1093632K)
[2022-03-27T21:03:27.406+0800][2058.750s] GC(296) Pause Young (Allocation Failure) 267M->181M(490M) 3.373ms
[2022-03-27T21:03:27.406+0800][2058.751s] GC(296) User=0.01s Sys=0.00s Real=0.00s
[2022-03-27T21:03:27.679+0800][2059.023s] GC(297) Pause Young (Allocation Failure)
[2022-03-27T21:03:27.679+0800][2059.023s] GC(297) Using 4 workers of 4 for evacuation
[2022-03-27T21:03:27.681+0800][2059.025s] GC(297) ParNew: 96717K->9979K(109248K)
[2022-03-27T21:03:27.681+0800][2059.025s] GC(297) CMS: 177050K->177085K(393216K)
[2022-03-27T21:03:27.681+0800][2059.025s] GC(297) Metaspace: 48876K->48876K(1093632K)
[2022-03-27T21:03:27.681+0800][2059.025s] GC(297) Pause Young (Allocation Failure) 267M->182M(490M) 2.175ms
[2022-03-27T21:03:27.681+0800][2059.025s] GC(297) User=0.01s Sys=0.00s Real=0.01s
[2022-03-27T21:03:27.986+0800][2059.330s] GC(298) Pause Young (Allocation Failure)
[2022-03-27T21:03:27.986+0800][2059.330s] GC(298) Using 4 workers of 4 for evacuation
[2022-03-27T21:03:27.988+0800][2059.332s] GC(298) ParNew: 97403K->10453K(109248K)
[2022-03-27T21:03:27.988+0800][2059.332s] GC(298) CMS: 177085K->177093K(393216K)
[2022-03-27T21:03:27.988+0800][2059.332s] GC(298) Metaspace: 48876K->48876K(1093632K)
[2022-03-27T21:03:27.988+0800][2059.332s] GC(298) Pause Young (Allocation Failure) 268M->183M(490M) 2.217ms
[2022-03-27T21:03:27.988+0800][2059.332s] GC(298) User=0.00s Sys=0.00s Real=0.00s
[2022-03-27T21:03:28.285+0800][2059.630s] GC(299) Pause Young (Allocation Failure)
[2022-03-27T21:03:28.285+0800][2059.630s] GC(299) Using 4 workers of 4 for evacuation
[2022-03-27T21:03:28.288+0800][2059.632s] GC(299) ParNew: 97877K->11683K(109248K)
[2022-03-27T21:03:28.288+0800][2059.632s] GC(299) CMS: 177093K->177145K(393216K)
[2022-03-27T21:03:28.288+0800][2059.632s] GC(299) Metaspace: 48876K->48876K(1093632K)
[2022-03-27T21:03:28.288+0800][2059.632s] GC(299) Pause Young (Allocation Failure) 268M->184M(490M) 2.294ms
[2022-03-27T21:03:28.288+0800][2059.632s] GC(299) User=0.00s Sys=0.00s Real=0.00s
[2022-03-27T21:03:28.630+0800][2059.974s] GC(300) Pause Young (Allocation Failure)
[2022-03-27T21:03:28.630+0800][2059.974s] GC(300) Using 4 workers of 4 for evacuation
[2022-03-27T21:03:28.634+0800][2059.978s] GC(300) ParNew: 99107K->8958K(109248K)
[2022-03-27T21:03:28.634+0800][2059.978s] GC(300) CMS: 177145K->180640K(393216K)
[2022-03-27T21:03:28.634+0800][2059.978s] GC(300) Metaspace: 48876K->48876K(1093632K)
[2022-03-27T21:03:28.634+0800][2059.979s] GC(300) Pause Young (Allocation Failure) 269M->185M(490M) 4.764ms
[2022-03-27T21:03:28.634+0800][2059.979s] GC(300) User=0.01s Sys=0.00s Real=0.00s
[2022-03-27T21:03:28.946+0800][2060.290s] GC(301) Pause Young (Allocation Failure)
[2022-03-27T21:03:28.946+0800][2060.290s] GC(301) Using 4 workers of 4 for evacuation
[2022-03-27T21:03:28.948+0800][2060.292s] GC(301) ParNew: 96382K->6597K(109248K)
[2022-03-27T21:03:28.948+0800][2060.293s] GC(301) CMS: 180640K->181163K(393216K)
[2022-03-27T21:03:28.948+0800][2060.293s] GC(301) Metaspace: 48876K->48876K(1093632K)
[2022-03-27T21:03:28.948+0800][2060.293s] GC(301) Pause Young (Allocation Failure) 270M->183M(490M) 2.861ms
[2022-03-27T21:03:28.948+0800][2060.293s] GC(301) User=0.01s Sys=0.00s Real=0.00s
[2022-03-27T21:03:29.240+0800][2060.584s] GC(302) Pause Young (Allocation Failure)
[2022-03-27T21:03:29.240+0800][2060.584s] GC(302) Using 4 workers of 4 for evacuation
[2022-03-27T21:03:29.242+0800][2060.586s] GC(302) ParNew: 94021K->8273K(109248K)
[2022-03-27T21:03:29.242+0800][2060.586s] GC(302) CMS: 181163K->181542K(393216K)
[2022-03-27T21:03:29.242+0800][2060.586s] GC(302) Metaspace: 48876K->48876K(1093632K)
[2022-03-27T21:03:29.242+0800][2060.586s] GC(302) Pause Young (Allocation Failure) 268M->185M(490M) 2.215ms
[2022-03-27T21:03:29.242+0800][2060.586s] GC(302) User=0.01s Sys=0.00s Real=0.00s
[2022-03-27T21:03:29.571+0800][2060.916s] GC(303) Pause Young (Allocation Failure)
[2022-03-27T21:03:29.572+0800][2060.916s] GC(303) Using 4 workers of 4 for evacuation
[2022-03-27T21:03:29.573+0800][2060.918s] GC(303) ParNew: 95697K->7645K(109248K)
[2022-03-27T21:03:29.573+0800][2060.918s] GC(303) CMS: 181542K->181991K(393216K)
[2022-03-27T21:03:29.573+0800][2060.918s] GC(303) Metaspace: 48876K->48876K(1093632K)
[2022-03-27T21:03:29.573+0800][2060.918s] GC(303) Pause Young (Allocation Failure) 270M->185M(490M) 1.949ms
[2022-03-27T21:03:29.573+0800][2060.918s] GC(303) User=0.01s Sys=0.00s Real=0.00s
[2022-03-27T21:03:29.864+0800][2061.208s] GC(304) Pause Young (Allocation Failure)
[2022-03-27T21:03:29.864+0800][2061.208s] GC(304) Using 4 workers of 4 for evacuation
[2022-03-27T21:03:29.867+0800][2061.211s] GC(304) ParNew: 95069K->7163K(109248K)
[2022-03-27T21:03:29.867+0800][2061.211s] GC(304) CMS: 181991K->182522K(393216K)
[2022-03-27T21:03:29.867+0800][2061.211s] GC(304) Metaspace: 48876K->48876K(1093632K)
[2022-03-27T21:03:29.867+0800][2061.211s] GC(304) Pause Young (Allocation Failure) 270M->185M(490M) 3.163ms
[2022-03-27T21:03:29.867+0800][2061.211s] GC(304) User=0.01s Sys=0.00s Real=0.00s
[2022-03-27T21:03:30.182+0800][2061.526s] GC(305) Pause Young (Allocation Failure)
[2022-03-27T21:03:30.182+0800][2061.526s] GC(305) Using 4 workers of 4 for evacuation
[2022-03-27T21:03:30.184+0800][2061.528s] GC(305) ParNew: 94587K->6574K(109248K)
[2022-03-27T21:03:30.184+0800][2061.528s] GC(305) CMS: 182522K->182835K(393216K)
[2022-03-27T21:03:30.184+0800][2061.528s] GC(305) Metaspace: 48876K->48876K(1093632K)
[2022-03-27T21:03:30.184+0800][2061.528s] GC(305) Pause Young (Allocation Failure) 270M->184M(490M) 2.474ms
[2022-03-27T21:03:30.184+0800][2061.528s] GC(305) User=0.01s Sys=0.00s Real=0.00s
[2022-03-27T21:03:30.474+0800][2061.818s] GC(306) Pause Young (Allocation Failure)
[2022-03-27T21:03:30.474+0800][2061.818s] GC(306) Using 4 workers of 4 for evacuation
[2022-03-27T21:03:30.477+0800][2061.822s] GC(306) ParNew: 93998K->8370K(109248K)
[2022-03-27T21:03:30.478+0800][2061.822s] GC(306) CMS: 182835K->183223K(393216K)
[2022-03-27T21:03:30.478+0800][2061.822s] GC(306) Metaspace: 48876K->48876K(1093632K)
[2022-03-27T21:03:30.478+0800][2061.822s] GC(306) Pause Young (Allocation Failure) 270M->187M(490M) 3.605ms
[2022-03-27T21:03:30.478+0800][2061.822s] GC(306) User=0.01s Sys=0.00s Real=0.00s
[2022-03-27T21:03:30.788+0800][2062.132s] GC(307) Pause Young (Allocation Failure)
[2022-03-27T21:03:30.788+0800][2062.132s] GC(307) Using 4 workers of 4 for evacuation
[2022-03-27T21:03:30.790+0800][2062.134s] GC(307) ParNew: 95794K->7566K(109248K)
[2022-03-27T21:03:30.790+0800][2062.134s] GC(307) CMS: 183223K->183569K(393216K)
[2022-03-27T21:03:30.790+0800][2062.134s] GC(307) Metaspace: 48876K->48876K(1093632K)
[2022-03-27T21:03:30.790+0800][2062.134s] GC(307) Pause Young (Allocation Failure) 272M->186M(490M) 2.463ms
[2022-03-27T21:03:30.790+0800][2062.134s] GC(307) User=0.01s Sys=0.00s Real=0.01s
[2022-03-27T21:03:31.090+0800][2062.434s] GC(308) Pause Young (Allocation Failure)
[2022-03-27T21:03:31.090+0800][2062.434s] GC(308) Using 4 workers of 4 for evacuation
[2022-03-27T21:03:31.093+0800][2062.437s] GC(308) ParNew: 94990K->6385K(109248K)
[2022-03-27T21:03:31.093+0800][2062.437s] GC(308) CMS: 183569K->184374K(393216K)
[2022-03-27T21:03:31.093+0800][2062.437s] GC(308) Metaspace: 48876K->48876K(1093632K)
[2022-03-27T21:03:31.093+0800][2062.438s] GC(308) Pause Young (Allocation Failure) 272M->186M(490M) 3.790ms
[2022-03-27T21:03:31.093+0800][2062.438s] GC(308) User=0.01s Sys=0.00s Real=0.00s
[2022-03-27T21:03:31.451+0800][2062.795s] GC(309) Pause Young (Allocation Failure)
[2022-03-27T21:03:31.451+0800][2062.795s] GC(309) Using 4 workers of 4 for evacuation
[2022-03-27T21:03:31.452+0800][2062.797s] GC(309) ParNew: 93809K->7962K(109248K)
[2022-03-27T21:03:31.453+0800][2062.797s] GC(309) CMS: 184374K->184708K(393216K)
[2022-03-27T21:03:31.453+0800][2062.797s] GC(309) Metaspace: 48876K->48876K(1093632K)
[2022-03-27T21:03:31.453+0800][2062.797s] GC(309) Pause Young (Allocation Failure) 271M->188M(490M) 2.058ms
[2022-03-27T21:03:31.453+0800][2062.797s] GC(309) User=0.01s Sys=0.00s Real=0.00s
[2022-03-27T21:03:31.775+0800][2063.119s] GC(310) Pause Young (Allocation Failure)
[2022-03-27T21:03:31.775+0800][2063.119s] GC(310) Using 4 workers of 4 for evacuation
[2022-03-27T21:03:31.777+0800][2063.121s] GC(310) ParNew: 95386K->7976K(109248K)
[2022-03-27T21:03:31.777+0800][2063.121s] GC(310) CMS: 184708K->185141K(393216K)
[2022-03-27T21:03:31.777+0800][2063.121s] GC(310) Metaspace: 48876K->48876K(1093632K)
[2022-03-27T21:03:31.777+0800][2063.121s] GC(310) Pause Young (Allocation Failure) 273M->188M(490M) 2.203ms
[2022-03-27T21:03:31.777+0800][2063.121s] GC(310) User=0.01s Sys=0.00s Real=0.00s
[2022-03-27T21:03:32.067+0800][2063.411s] GC(311) Pause Young (Allocation Failure)
[2022-03-27T21:03:32.067+0800][2063.411s] GC(311) Using 4 workers of 4 for evacuation
[2022-03-27T21:03:32.069+0800][2063.413s] GC(311) ParNew: 95400K->6536K(109248K)
[2022-03-27T21:03:32.069+0800][2063.413s] GC(311) CMS: 185141K->185564K(393216K)
[2022-03-27T21:03:32.069+0800][2063.413s] GC(311) Metaspace: 48876K->48876K(1093632K)
[2022-03-27T21:03:32.069+0800][2063.414s] GC(311) Pause Young (Allocation Failure) 273M->187M(490M) 2.167ms
[2022-03-27T21:03:32.069+0800][2063.414s] GC(311) User=0.01s Sys=0.00s Real=0.00s
[2022-03-27T21:03:32.395+0800][2063.739s] GC(312) Pause Young (Allocation Failure)
[2022-03-27T21:03:32.395+0800][2063.739s] GC(312) Using 4 workers of 4 for evacuation
[2022-03-27T21:03:32.397+0800][2063.741s] GC(312) ParNew: 93960K->7756K(109248K)
[2022-03-27T21:03:32.397+0800][2063.741s] GC(312) CMS: 185564K->185758K(393216K)
[2022-03-27T21:03:32.397+0800][2063.741s] GC(312) Metaspace: 48876K->48876K(1093632K)
[2022-03-27T21:03:32.397+0800][2063.741s] GC(312) Pause Young (Allocation Failure) 272M->188M(490M) 2.205ms
[2022-03-27T21:03:32.397+0800][2063.741s] GC(312) User=0.01s Sys=0.00s Real=0.00s
[2022-03-27T21:03:32.713+0800][2064.057s] GC(313) Pause Young (Allocation Failure)
[2022-03-27T21:03:32.713+0800][2064.057s] GC(313) Using 4 workers of 4 for evacuation
[2022-03-27T21:03:32.715+0800][2064.059s] GC(313) ParNew: 95180K->7126K(109248K)
[2022-03-27T21:03:32.715+0800][2064.059s] GC(313) CMS: 185758K->186301K(393216K)
[2022-03-27T21:03:32.715+0800][2064.059s] GC(313) Metaspace: 48876K->48876K(1093632K)
[2022-03-27T21:03:32.715+0800][2064.059s] GC(313) Pause Young (Allocation Failure) 274M->188M(490M) 2.127ms
[2022-03-27T21:03:32.715+0800][2064.059s] GC(313) User=0.00s Sys=0.00s Real=0.00s
[2022-03-27T21:03:32.982+0800][2064.326s] GC(314) Pause Young (Allocation Failure)
[2022-03-27T21:03:32.982+0800][2064.326s] GC(314) Using 4 workers of 4 for evacuation
[2022-03-27T21:03:32.985+0800][2064.329s] GC(314) ParNew: 94550K->7075K(109248K)
[2022-03-27T21:03:32.985+0800][2064.329s] GC(314) CMS: 186301K->186730K(393216K)
[2022-03-27T21:03:32.985+0800][2064.329s] GC(314) Metaspace: 48876K->48876K(1093632K)
[2022-03-27T21:03:32.985+0800][2064.329s] GC(314) Pause Young (Allocation Failure) 274M->189M(490M) 2.607ms
[2022-03-27T21:03:32.985+0800][2064.329s] GC(314) User=0.01s Sys=0.00s Real=0.00s
[2022-03-27T21:03:33.273+0800][2064.617s] GC(315) Pause Young (Allocation Failure)
[2022-03-27T21:03:33.273+0800][2064.617s] GC(315) Using 4 workers of 4 for evacuation
[2022-03-27T21:03:33.275+0800][2064.619s] GC(315) ParNew: 94499K->8005K(109248K)
[2022-03-27T21:03:33.275+0800][2064.619s] GC(315) CMS: 186730K->187047K(393216K)
[2022-03-27T21:03:33.275+0800][2064.619s] GC(315) Metaspace: 48876K->48876K(1093632K)
[2022-03-27T21:03:33.275+0800][2064.619s] GC(315) Pause Young (Allocation Failure) 274M->190M(490M) 2.274ms
[2022-03-27T21:03:33.275+0800][2064.620s] GC(315) User=0.00s Sys=0.00s Real=0.00s
[2022-03-27T21:03:33.568+0800][2064.912s] GC(316) Pause Young (Allocation Failure)
[2022-03-27T21:03:33.568+0800][2064.912s] GC(316) Using 4 workers of 4 for evacuation
[2022-03-27T21:03:33.570+0800][2064.914s] GC(316) ParNew: 95429K->7244K(109248K)
[2022-03-27T21:03:33.570+0800][2064.914s] GC(316) CMS: 187047K->187387K(393216K)
[2022-03-27T21:03:33.570+0800][2064.914s] GC(316) Metaspace: 48876K->48876K(1093632K)
[2022-03-27T21:03:33.570+0800][2064.914s] GC(316) Pause Young (Allocation Failure) 275M->190M(490M) 2.347ms
[2022-03-27T21:03:33.570+0800][2064.914s] GC(316) User=0.00s Sys=0.00s Real=0.01s
[2022-03-27T21:03:33.897+0800][2065.242s] GC(317) Pause Young (Allocation Failure)
[2022-03-27T21:03:33.897+0800][2065.242s] GC(317) Using 4 workers of 4 for evacuation
[2022-03-27T21:03:33.900+0800][2065.244s] GC(317) ParNew: 94668K->8404K(109248K)
[2022-03-27T21:03:33.900+0800][2065.244s] GC(317) CMS: 187387K->187794K(393216K)
[2022-03-27T21:03:33.900+0800][2065.244s] GC(317) Metaspace: 48876K->48876K(1093632K)
[2022-03-27T21:03:33.900+0800][2065.244s] GC(317) Pause Young (Allocation Failure) 275M->191M(490M) 2.408ms
[2022-03-27T21:03:33.900+0800][2065.244s] GC(317) User=0.01s Sys=0.00s Real=0.01s
[2022-03-27T21:03:34.207+0800][2065.551s] GC(318) Pause Young (Allocation Failure)
[2022-03-27T21:03:34.208+0800][2065.552s] GC(318) Using 4 workers of 4 for evacuation
[2022-03-27T21:03:34.210+0800][2065.554s] GC(318) ParNew: 95828K->8408K(109248K)
[2022-03-27T21:03:34.210+0800][2065.554s] GC(318) CMS: 187794K->188119K(393216K)
[2022-03-27T21:03:34.210+0800][2065.554s] GC(318) Metaspace: 48876K->48876K(1093632K)
[2022-03-27T21:03:34.210+0800][2065.554s] GC(318) Pause Young (Allocation Failure) 276M->191M(490M) 2.773ms
[2022-03-27T21:03:34.210+0800][2065.554s] GC(318) User=0.01s Sys=0.00s Real=0.01s
[2022-03-27T21:03:34.539+0800][2065.884s] GC(319) Pause Young (Allocation Failure)
[2022-03-27T21:03:34.539+0800][2065.884s] GC(319) Using 4 workers of 4 for evacuation
[2022-03-27T21:03:34.542+0800][2065.886s] GC(319) ParNew: 95832K->9394K(109248K)
[2022-03-27T21:03:34.542+0800][2065.886s] GC(319) CMS: 188119K->188374K(393216K)
[2022-03-27T21:03:34.542+0800][2065.886s] GC(319) Metaspace: 48876K->48876K(1093632K)
[2022-03-27T21:03:34.542+0800][2065.886s] GC(319) Pause Young (Allocation Failure) 277M->193M(490M) 2.560ms
[2022-03-27T21:03:34.542+0800][2065.886s] GC(319) User=0.00s Sys=0.00s Real=0.01s
[2022-03-27T21:03:34.876+0800][2066.220s] GC(320) Pause Young (Allocation Failure)
[2022-03-27T21:03:34.876+0800][2066.220s] GC(320) Using 4 workers of 4 for evacuation
[2022-03-27T21:03:34.878+0800][2066.222s] GC(320) ParNew: 96818K->10246K(109248K)
[2022-03-27T21:03:34.878+0800][2066.222s] GC(320) CMS: 188374K->188806K(393216K)
[2022-03-27T21:03:34.878+0800][2066.222s] GC(320) Metaspace: 48876K->48876K(1093632K)
[2022-03-27T21:03:34.878+0800][2066.222s] GC(320) Pause Young (Allocation Failure) 278M->194M(490M) 2.190ms
[2022-03-27T21:03:34.878+0800][2066.222s] GC(320) User=0.00s Sys=0.00s Real=0.00s
[2022-03-27T21:03:35.175+0800][2066.520s] GC(321) Pause Young (Allocation Failure)
[2022-03-27T21:03:35.176+0800][2066.520s] GC(321) Using 4 workers of 4 for evacuation
[2022-03-27T21:03:35.178+0800][2066.522s] GC(321) ParNew: 97670K->9975K(109248K)
[2022-03-27T21:03:35.178+0800][2066.522s] GC(321) CMS: 188806K->189167K(393216K)
[2022-03-27T21:03:35.178+0800][2066.522s] GC(321) Metaspace: 48876K->48876K(1093632K)
[2022-03-27T21:03:35.178+0800][2066.522s] GC(321) Pause Young (Allocation Failure) 279M->194M(490M) 2.129ms
[2022-03-27T21:03:35.178+0800][2066.522s] GC(321) User=0.01s Sys=0.00s Real=0.00s
[2022-03-27T21:03:35.452+0800][2066.796s] GC(322) Pause Young (Allocation Failure)
[2022-03-27T21:03:35.452+0800][2066.796s] GC(322) Using 4 workers of 4 for evacuation
[2022-03-27T21:03:35.454+0800][2066.799s] GC(322) ParNew: 97399K->9387K(109248K)
[2022-03-27T21:03:35.454+0800][2066.799s] GC(322) CMS: 189167K->189374K(393216K)
[2022-03-27T21:03:35.454+0800][2066.799s] GC(322) Metaspace: 48876K->48876K(1093632K)
[2022-03-27T21:03:35.454+0800][2066.799s] GC(322) Pause Young (Allocation Failure) 279M->194M(490M) 2.530ms
[2022-03-27T21:03:35.455+0800][2066.799s] GC(322) User=0.01s Sys=0.00s Real=0.00s
[2022-03-27T21:03:35.733+0800][2067.077s] GC(323) Pause Young (Allocation Failure)
[2022-03-27T21:03:35.733+0800][2067.077s] GC(323) Using 4 workers of 4 for evacuation
[2022-03-27T21:03:35.736+0800][2067.080s] GC(323) ParNew: 96811K->9445K(109248K)
[2022-03-27T21:03:35.736+0800][2067.080s] GC(323) CMS: 189374K->189654K(393216K)
[2022-03-27T21:03:35.736+0800][2067.080s] GC(323) Metaspace: 48876K->48876K(1093632K)
[2022-03-27T21:03:35.736+0800][2067.080s] GC(323) Pause Young (Allocation Failure) 279M->194M(490M) 2.504ms
[2022-03-27T21:03:35.736+0800][2067.080s] GC(323) User=0.00s Sys=0.00s Real=0.00s
[2022-03-27T21:03:36.048+0800][2067.392s] GC(324) Pause Young (Allocation Failure)
[2022-03-27T21:03:36.048+0800][2067.392s] GC(324) Using 4 workers of 4 for evacuation
[2022-03-27T21:03:36.050+0800][2067.394s] GC(324) ParNew: 96869K->10892K(109248K)
[2022-03-27T21:03:36.050+0800][2067.394s] GC(324) CMS: 189654K->190091K(393216K)
[2022-03-27T21:03:36.050+0800][2067.394s] GC(324) Metaspace: 48876K->48876K(1093632K)
[2022-03-27T21:03:36.050+0800][2067.394s] GC(324) Pause Young (Allocation Failure) 279M->196M(490M) 2.188ms
[2022-03-27T21:03:36.050+0800][2067.394s] GC(324) User=0.00s Sys=0.00s Real=0.01s
[2022-03-27T21:03:36.353+0800][2067.697s] GC(325) Pause Young (Allocation Failure)
[2022-03-27T21:03:36.353+0800][2067.698s] GC(325) Using 4 workers of 4 for evacuation
[2022-03-27T21:03:36.356+0800][2067.700s] GC(325) ParNew: 98316K->8334K(109248K)
[2022-03-27T21:03:36.356+0800][2067.700s] GC(325) CMS: 190091K->191411K(393216K)
[2022-03-27T21:03:36.356+0800][2067.700s] GC(325) Metaspace: 48876K->48876K(1093632K)
[2022-03-27T21:03:36.356+0800][2067.700s] GC(325) Pause Young (Allocation Failure) 281M->195M(490M) 2.959ms
[2022-03-27T21:03:36.356+0800][2067.700s] GC(325) User=0.01s Sys=0.00s Real=0.00s
[2022-03-27T21:03:36.663+0800][2068.007s] GC(326) Pause Young (Allocation Failure)
[2022-03-27T21:03:36.663+0800][2068.007s] GC(326) Using 4 workers of 4 for evacuation
[2022-03-27T21:03:36.665+0800][2068.009s] GC(326) ParNew: 95758K->9157K(109248K)
[2022-03-27T21:03:36.665+0800][2068.009s] GC(326) CMS: 191411K->192186K(393216K)
[2022-03-27T21:03:36.665+0800][2068.009s] GC(326) Metaspace: 48876K->48876K(1093632K)
[2022-03-27T21:03:36.665+0800][2068.009s] GC(326) Pause Young (Allocation Failure) 280M->196M(490M) 2.759ms
[2022-03-27T21:03:36.665+0800][2068.009s] GC(326) User=0.01s Sys=0.00s Real=0.00s
[2022-03-27T21:03:37.039+0800][2068.384s] GC(327) Pause Young (Allocation Failure)
[2022-03-27T21:03:37.040+0800][2068.384s] GC(327) Using 4 workers of 4 for evacuation
[2022-03-27T21:03:37.045+0800][2068.389s] GC(327) ParNew: 96581K->8527K(109248K)
[2022-03-27T21:03:37.045+0800][2068.389s] GC(327) CMS: 192186K->192664K(393216K)
[2022-03-27T21:03:37.045+0800][2068.389s] GC(327) Metaspace: 48876K->48876K(1093632K)
[2022-03-27T21:03:37.045+0800][2068.389s] GC(327) Pause Young (Allocation Failure) 282M->196M(490M) 5.824ms
[2022-03-27T21:03:37.045+0800][2068.389s] GC(327) User=0.01s Sys=0.00s Real=0.01s
[2022-03-27T21:03:37.369+0800][2068.713s] GC(328) Pause Young (Allocation Failure)
[2022-03-27T21:03:37.369+0800][2068.713s] GC(328) Using 4 workers of 4 for evacuation
[2022-03-27T21:03:37.374+0800][2068.718s] GC(328) ParNew: 95951K->9029K(109248K)
[2022-03-27T21:03:37.374+0800][2068.718s] GC(328) CMS: 192664K->192983K(393216K)
[2022-03-27T21:03:37.374+0800][2068.718s] GC(328) Metaspace: 48876K->48876K(1093632K)
[2022-03-27T21:03:37.374+0800][2068.718s] GC(328) Pause Young (Allocation Failure) 281M->197M(490M) 4.806ms
[2022-03-27T21:03:37.374+0800][2068.718s] GC(328) User=0.02s Sys=0.00s Real=0.01s
[2022-03-27T21:03:37.461+0800][2068.805s] GC(329) Pause Young (Allocation Failure)
[2022-03-27T21:03:37.461+0800][2068.805s] GC(329) Using 4 workers of 4 for evacuation
[2022-03-27T21:03:37.463+0800][2068.808s] GC(329) ParNew: 96453K->11868K(109248K)
[2022-03-27T21:03:37.463+0800][2068.808s] GC(329) CMS: 192983K->193331K(393216K)
[2022-03-27T21:03:37.463+0800][2068.808s] GC(329) Metaspace: 48885K->48885K(1093632K)
[2022-03-27T21:03:37.463+0800][2068.808s] GC(329) Pause Young (Allocation Failure) 282M->200M(490M) 2.674ms
[2022-03-27T21:03:37.463+0800][2068.808s] GC(329) User=0.01s Sys=0.00s Real=0.00s
[2022-03-27T21:03:37.608+0800][2068.952s] GC(330) Pause Young (Allocation Failure)
[2022-03-27T21:03:37.608+0800][2068.952s] GC(330) Using 4 workers of 4 for evacuation
[2022-03-27T21:03:37.610+0800][2068.954s] GC(330) ParNew: 99292K->13272K(109248K)
[2022-03-27T21:03:37.610+0800][2068.954s] GC(330) CMS: 193331K->193589K(393216K)
[2022-03-27T21:03:37.610+0800][2068.954s] GC(330) Metaspace: 48885K->48885K(1093632K)
[2022-03-27T21:03:37.610+0800][2068.954s] GC(330) Pause Young (Allocation Failure) 285M->202M(490M) 2.409ms
[2022-03-27T21:03:37.610+0800][2068.954s] GC(330) User=0.01s Sys=0.00s Real=0.01s
[2022-03-27T21:03:40.985+0800][2072.329s] GC(331) Pause Young (Allocation Failure)
[2022-03-27T21:03:41.024+0800][2072.368s] GC(331) Using 4 workers of 4 for evacuation
[2022-03-27T21:03:41.030+0800][2072.374s] GC(331) ParNew: 100696K->10818K(109248K)
[2022-03-27T21:03:41.030+0800][2072.374s] GC(331) CMS: 193589K->196061K(393216K)
[2022-03-27T21:03:41.030+0800][2072.374s] GC(331) Metaspace: 48893K->48893K(1093632K)
[2022-03-27T21:03:41.030+0800][2072.374s] GC(331) Pause Young (Allocation Failure) 287M->202M(490M) 44.698ms
[2022-03-27T21:03:41.030+0800][2072.374s] GC(331) User=0.02s Sys=0.00s Real=0.05s
[2022-03-27T21:03:41.889+0800][2073.233s] GC(332) Pause Young (Allocation Failure)
[2022-03-27T21:03:41.889+0800][2073.233s] GC(332) Using 4 workers of 4 for evacuation
[2022-03-27T21:03:41.891+0800][2073.235s] GC(332) ParNew: 98242K->8437K(109248K)
[2022-03-27T21:03:41.891+0800][2073.236s] GC(332) CMS: 196061K->196670K(393216K)
[2022-03-27T21:03:41.891+0800][2073.236s] GC(332) Metaspace: 49016K->49016K(1093632K)
[2022-03-27T21:03:41.891+0800][2073.236s] GC(332) Pause Young (Allocation Failure) 287M->200M(490M) 2.835ms
[2022-03-27T21:03:41.891+0800][2073.236s] GC(332) User=0.01s Sys=0.00s Real=0.01s
[2022-03-27T21:03:41.892+0800][2073.236s] GC(333) Pause Initial Mark
[2022-03-27T21:03:41.892+0800][2073.236s] GC(333) Pause Initial Mark 200M->200M(490M) 0.496ms
[2022-03-27T21:03:41.892+0800][2073.236s] GC(333) User=0.01s Sys=0.00s Real=0.00s
[2022-03-27T21:03:41.892+0800][2073.236s] GC(333) Concurrent Mark
[2022-03-27T21:03:41.892+0800][2073.236s] GC(333) Using 4 workers of 4 for marking
[2022-03-27T21:03:41.904+0800][2073.248s] GC(333) Concurrent Mark 11.278ms
[2022-03-27T21:03:41.904+0800][2073.248s] GC(333) User=0.07s Sys=0.00s Real=0.01s
[2022-03-27T21:03:41.904+0800][2073.248s] GC(333) Concurrent Preclean
[2022-03-27T21:03:41.905+0800][2073.249s] GC(333) Concurrent Preclean 1.555ms
[2022-03-27T21:03:41.905+0800][2073.249s] GC(333) User=0.01s Sys=0.00s Real=0.00s
[2022-03-27T21:03:41.905+0800][2073.249s] GC(333) Concurrent Abortable Preclean
[2022-03-27T21:03:42.060+0800][2073.404s] GC(333) Concurrent Abortable Preclean 154.244ms
[2022-03-27T21:03:42.060+0800][2073.404s] GC(333) User=0.38s Sys=0.04s Real=0.16s
[2022-03-27T21:03:42.060+0800][2073.404s] GC(333) Pause Remark
[2022-03-27T21:03:42.060+0800][2073.404s] GC(334) Pause Young (CMS Final Remark)
[2022-03-27T21:03:42.060+0800][2073.404s] GC(334) Using 4 workers of 4 for evacuation
[2022-03-27T21:03:42.062+0800][2073.406s] GC(334) ParNew: 52345K->11081K(109248K)
[2022-03-27T21:03:42.062+0800][2073.407s] GC(334) CMS: 196670K->197143K(393216K)
[2022-03-27T21:03:42.062+0800][2073.407s] GC(334) Metaspace: 49092K->49092K(1093632K)
[2022-03-27T21:03:42.062+0800][2073.407s] GC(334) Pause Young (CMS Final Remark) 243M->203M(490M) 2.728ms
[2022-03-27T21:03:42.062+0800][2073.407s] GC(334) User=0.01s Sys=0.00s Real=0.00s
[2022-03-27T21:03:42.100+0800][2073.444s] GC(333) Pause Remark 243M->203M(490M) 40.050ms
[2022-03-27T21:03:42.100+0800][2073.444s] GC(333) User=0.04s Sys=0.01s Real=0.04s
[2022-03-27T21:03:42.100+0800][2073.444s] GC(333) Concurrent Sweep
[2022-03-27T21:03:42.117+0800][2073.461s] GC(333) Concurrent Sweep 17.461ms
[2022-03-27T21:03:42.117+0800][2073.462s] GC(333) User=0.06s Sys=0.01s Real=0.01s
[2022-03-27T21:03:42.117+0800][2073.462s] GC(333) Concurrent Reset
[2022-03-27T21:03:42.118+0800][2073.462s] GC(333) Concurrent Reset 0.238ms
[2022-03-27T21:03:42.118+0800][2073.462s] GC(333) User=0.00s Sys=0.00s Real=0.00s
[2022-03-27T21:03:42.118+0800][2073.462s] GC(333) Old: 196670K->44234K(393216K)
[2022-03-27T21:03:42.474+0800][2073.818s] GC(335) Pause Young (Allocation Failure)
[2022-03-27T21:03:42.474+0800][2073.819s] GC(335) Using 4 workers of 4 for evacuation
[2022-03-27T21:03:42.477+0800][2073.821s] GC(335) ParNew: 98505K->6779K(109248K)
[2022-03-27T21:03:42.477+0800][2073.821s] GC(335) CMS: 44234K->44238K(393216K)
[2022-03-27T21:03:42.477+0800][2073.821s] GC(335) Metaspace: 49089K->49089K(1093632K)
[2022-03-27T21:03:42.477+0800][2073.821s] GC(335) Pause Young (Allocation Failure) 139M->49M(490M) 2.656ms
[2022-03-27T21:03:42.477+0800][2073.821s] GC(335) User=0.01s Sys=0.00s Real=0.00s
[2022-03-27T21:03:42.697+0800][2074.041s] GC(336) Pause Young (Allocation Failure)
[2022-03-27T21:03:42.697+0800][2074.041s] GC(336) Using 4 workers of 4 for evacuation
[2022-03-27T21:03:42.699+0800][2074.043s] GC(336) ParNew: 94203K->8880K(109248K)
[2022-03-27T21:03:42.699+0800][2074.043s] GC(336) CMS: 44238K->44241K(393216K)
[2022-03-27T21:03:42.699+0800][2074.043s] GC(336) Metaspace: 49092K->49092K(1093632K)
[2022-03-27T21:03:42.699+0800][2074.043s] GC(336) Pause Young (Allocation Failure) 135M->51M(490M) 2.177ms
[2022-03-27T21:03:42.699+0800][2074.043s] GC(336) User=0.01s Sys=0.00s Real=0.00s
[2022-03-27T21:03:42.887+0800][2074.231s] GC(337) Pause Young (Allocation Failure)
[2022-03-27T21:03:42.887+0800][2074.231s] GC(337) Using 4 workers of 4 for evacuation
[2022-03-27T21:03:42.889+0800][2074.233s] GC(337) ParNew: 96304K->8952K(109248K)
[2022-03-27T21:03:42.889+0800][2074.234s] GC(337) CMS: 44241K->44314K(393216K)
[2022-03-27T21:03:42.889+0800][2074.234s] GC(337) Metaspace: 49093K->49093K(1093632K)
[2022-03-27T21:03:42.889+0800][2074.234s] GC(337) Pause Young (Allocation Failure) 137M->52M(490M) 2.349ms
[2022-03-27T21:03:42.889+0800][2074.234s] GC(337) User=0.01s Sys=0.00s Real=0.00s
[2022-03-27T21:03:43.028+0800][2074.372s] GC(338) Pause Young (Allocation Failure)
[2022-03-27T21:03:43.028+0800][2074.372s] GC(338) Using 4 workers of 4 for evacuation
[2022-03-27T21:03:43.030+0800][2074.374s] GC(338) ParNew: 96371K->8416K(109248K)
[2022-03-27T21:03:43.030+0800][2074.374s] GC(338) CMS: 44314K->44340K(393216K)
[2022-03-27T21:03:43.030+0800][2074.374s] GC(338) Metaspace: 49093K->49093K(1093632K)
[2022-03-27T21:03:43.030+0800][2074.374s] GC(338) Pause Young (Allocation Failure) 137M->51M(490M) 2.447ms
[2022-03-27T21:03:43.030+0800][2074.374s] GC(338) User=0.01s Sys=0.00s Real=0.01s
[2022-03-27T21:03:43.216+0800][2074.561s] GC(339) Pause Young (Allocation Failure)
[2022-03-27T21:03:43.216+0800][2074.561s] GC(339) Using 4 workers of 4 for evacuation
[2022-03-27T21:03:43.219+0800][2074.563s] GC(339) ParNew: 95840K->8617K(109248K)
[2022-03-27T21:03:43.219+0800][2074.563s] GC(339) CMS: 44340K->44352K(393216K)
[2022-03-27T21:03:43.219+0800][2074.563s] GC(339) Metaspace: 49093K->49093K(1093632K)
[2022-03-27T21:03:43.219+0800][2074.563s] GC(339) Pause Young (Allocation Failure) 136M->51M(490M) 2.216ms
[2022-03-27T21:03:43.219+0800][2074.563s] GC(339) User=0.00s Sys=0.00s Real=0.00s
[2022-03-27T21:03:43.457+0800][2074.801s] GC(340) Pause Young (Allocation Failure)
[2022-03-27T21:03:43.457+0800][2074.801s] GC(340) Using 4 workers of 4 for evacuation
[2022-03-27T21:03:43.459+0800][2074.804s] GC(340) ParNew: 96041K->11697K(109248K)
[2022-03-27T21:03:43.459+0800][2074.804s] GC(340) CMS: 44352K->44367K(393216K)
[2022-03-27T21:03:43.459+0800][2074.804s] GC(340) Metaspace: 49094K->49094K(1093632K)
[2022-03-27T21:03:43.459+0800][2074.804s] GC(340) Pause Young (Allocation Failure) 137M->54M(490M) 2.244ms
[2022-03-27T21:03:43.459+0800][2074.804s] GC(340) User=0.02s Sys=0.00s Real=0.00s
[2022-03-27T21:03:43.668+0800][2075.012s] GC(341) Pause Young (Allocation Failure)
[2022-03-27T21:03:43.668+0800][2075.012s] GC(341) Using 4 workers of 4 for evacuation
[2022-03-27T21:03:43.670+0800][2075.015s] GC(341) ParNew: 99121K->5262K(109248K)
[2022-03-27T21:03:43.670+0800][2075.015s] GC(341) CMS: 44367K->47780K(393216K)
[2022-03-27T21:03:43.670+0800][2075.015s] GC(341) Metaspace: 49094K->49094K(1093632K)
[2022-03-27T21:03:43.671+0800][2075.015s] GC(341) Pause Young (Allocation Failure) 140M->51M(490M) 2.651ms
[2022-03-27T21:03:43.671+0800][2075.015s] GC(341) User=0.01s Sys=0.00s Real=0.01s
[2022-03-27T21:03:43.873+0800][2075.217s] GC(342) Pause Young (Allocation Failure)
[2022-03-27T21:03:43.873+0800][2075.217s] GC(342) Using 4 workers of 4 for evacuation
[2022-03-27T21:03:43.875+0800][2075.219s] GC(342) ParNew: 92686K->7243K(109248K)
[2022-03-27T21:03:43.875+0800][2075.220s] GC(342) CMS: 47780K->48326K(393216K)
[2022-03-27T21:03:43.875+0800][2075.220s] GC(342) Metaspace: 49094K->49094K(1093632K)
[2022-03-27T21:03:43.875+0800][2075.220s] GC(342) Pause Young (Allocation Failure) 137M->54M(490M) 2.662ms
[2022-03-27T21:03:43.875+0800][2075.220s] GC(342) User=0.01s Sys=0.00s Real=0.00s
[2022-03-27T21:03:44.155+0800][2075.499s] GC(343) Pause Young (Allocation Failure)
[2022-03-27T21:03:44.155+0800][2075.499s] GC(343) Using 4 workers of 4 for evacuation
[2022-03-27T21:03:44.156+0800][2075.500s] GC(343) ParNew: 94667K->5328K(109248K)
[2022-03-27T21:03:44.156+0800][2075.500s] GC(343) CMS: 48326K->48800K(393216K)
[2022-03-27T21:03:44.156+0800][2075.500s] GC(343) Metaspace: 49094K->49094K(1093632K)
[2022-03-27T21:03:44.156+0800][2075.501s] GC(343) Pause Young (Allocation Failure) 139M->52M(490M) 1.832ms
[2022-03-27T21:03:44.156+0800][2075.501s] GC(343) User=0.01s Sys=0.00s Real=0.00s
[2022-03-27T21:03:44.384+0800][2075.728s] GC(344) Pause Young (Allocation Failure)
[2022-03-27T21:03:44.384+0800][2075.728s] GC(344) Using 4 workers of 4 for evacuation
[2022-03-27T21:03:44.386+0800][2075.730s] GC(344) ParNew: 92752K->5658K(109248K)
[2022-03-27T21:03:44.386+0800][2075.730s] GC(344) CMS: 48800K->49227K(393216K)
[2022-03-27T21:03:44.386+0800][2075.730s] GC(344) Metaspace: 49094K->49094K(1093632K)
[2022-03-27T21:03:44.386+0800][2075.730s] GC(344) Pause Young (Allocation Failure) 138M->53M(490M) 1.876ms
[2022-03-27T21:03:44.386+0800][2075.730s] GC(344) User=0.01s Sys=0.00s Real=0.00s
[2022-03-27T21:03:44.642+0800][2075.986s] GC(345) Pause Young (Allocation Failure)
[2022-03-27T21:03:44.642+0800][2075.986s] GC(345) Using 4 workers of 4 for evacuation
[2022-03-27T21:03:44.644+0800][2075.989s] GC(345) ParNew: 93082K->5947K(109248K)
[2022-03-27T21:03:44.644+0800][2075.989s] GC(345) CMS: 49227K->49462K(393216K)
[2022-03-27T21:03:44.644+0800][2075.989s] GC(345) Metaspace: 49094K->49094K(1093632K)
[2022-03-27T21:03:44.645+0800][2075.989s] GC(345) Pause Young (Allocation Failure) 138M->54M(490M) 2.419ms
[2022-03-27T21:03:44.645+0800][2075.989s] GC(345) User=0.01s Sys=0.00s Real=0.00s
[2022-03-27T21:03:44.932+0800][2076.277s] GC(346) Pause Young (Allocation Failure)
[2022-03-27T21:03:44.933+0800][2076.277s] GC(346) Using 4 workers of 4 for evacuation
[2022-03-27T21:03:44.934+0800][2076.278s] GC(346) ParNew: 93371K->5193K(109248K)
[2022-03-27T21:03:44.934+0800][2076.278s] GC(346) CMS: 49462K->49650K(393216K)
[2022-03-27T21:03:44.934+0800][2076.278s] GC(346) Metaspace: 49094K->49094K(1093632K)
[2022-03-27T21:03:44.934+0800][2076.278s] GC(346) Pause Young (Allocation Failure) 139M->53M(490M) 1.814ms
[2022-03-27T21:03:44.934+0800][2076.278s] GC(346) User=0.01s Sys=0.00s Real=0.00s
[2022-03-27T21:03:45.234+0800][2076.579s] GC(347) Pause Young (Allocation Failure)
[2022-03-27T21:03:45.234+0800][2076.579s] GC(347) Using 4 workers of 4 for evacuation
[2022-03-27T21:03:45.236+0800][2076.580s] GC(347) ParNew: 92617K->6832K(109248K)
[2022-03-27T21:03:45.236+0800][2076.580s] GC(347) CMS: 49650K->49885K(393216K)
[2022-03-27T21:03:45.236+0800][2076.581s] GC(347) Metaspace: 49094K->49094K(1093632K)
[2022-03-27T21:03:45.236+0800][2076.581s] GC(347) Pause Young (Allocation Failure) 138M->55M(490M) 1.975ms
[2022-03-27T21:03:45.236+0800][2076.581s] GC(347) User=0.01s Sys=0.00s Real=0.00s
[2022-03-27T21:03:45.488+0800][2076.833s] GC(348) Pause Young (Allocation Failure)
[2022-03-27T21:03:45.489+0800][2076.833s] GC(348) Using 4 workers of 4 for evacuation
[2022-03-27T21:03:45.491+0800][2076.835s] GC(348) ParNew: 94256K->5896K(109248K)
[2022-03-27T21:03:45.491+0800][2076.835s] GC(348) CMS: 49885K->50062K(393216K)
[2022-03-27T21:03:45.491+0800][2076.835s] GC(348) Metaspace: 49106K->49106K(1093632K)
[2022-03-27T21:03:45.491+0800][2076.835s] GC(348) Pause Young (Allocation Failure) 140M->54M(490M) 2.116ms
[2022-03-27T21:03:45.491+0800][2076.835s] GC(348) User=0.01s Sys=0.00s Real=0.01s
[2022-03-27T21:03:45.667+0800][2077.012s] GC(349) Pause Young (Allocation Failure)
[2022-03-27T21:03:45.667+0800][2077.012s] GC(349) Using 4 workers of 4 for evacuation
[2022-03-27T21:03:45.670+0800][2077.014s] GC(349) ParNew: 93320K->6878K(109248K)
[2022-03-27T21:03:45.670+0800][2077.014s] GC(349) CMS: 50062K->50337K(393216K)
[2022-03-27T21:03:45.670+0800][2077.014s] GC(349) Metaspace: 49111K->49111K(1093632K)
[2022-03-27T21:03:45.670+0800][2077.014s] GC(349) Pause Young (Allocation Failure) 140M->55M(490M) 2.272ms
[2022-03-27T21:03:45.670+0800][2077.014s] GC(349) User=0.01s Sys=0.00s Real=0.01s
[2022-03-27T21:03:45.793+0800][2077.137s] GC(350) Pause Young (Allocation Failure)
[2022-03-27T21:03:45.793+0800][2077.137s] GC(350) Using 4 workers of 4 for evacuation
[2022-03-27T21:03:45.795+0800][2077.139s] GC(350) ParNew: 94302K->6150K(109248K)
[2022-03-27T21:03:45.795+0800][2077.139s] GC(350) CMS: 50337K->50624K(393216K)
[2022-03-27T21:03:45.795+0800][2077.139s] GC(350) Metaspace: 49114K->49114K(1093632K)
[2022-03-27T21:03:45.795+0800][2077.139s] GC(350) Pause Young (Allocation Failure) 141M->55M(490M) 1.941ms
[2022-03-27T21:03:45.795+0800][2077.139s] GC(350) User=0.00s Sys=0.00s Real=0.00s
[2022-03-27T21:03:45.924+0800][2077.268s] GC(351) Pause Young (Allocation Failure)
[2022-03-27T21:03:45.924+0800][2077.268s] GC(351) Using 4 workers of 4 for evacuation
[2022-03-27T21:03:45.926+0800][2077.270s] GC(351) ParNew: 93574K->6157K(109248K)
[2022-03-27T21:03:45.926+0800][2077.270s] GC(351) CMS: 50624K->51080K(393216K)
[2022-03-27T21:03:45.926+0800][2077.270s] GC(351) Metaspace: 49114K->49114K(1093632K)
[2022-03-27T21:03:45.926+0800][2077.270s] GC(351) Pause Young (Allocation Failure) 140M->55M(490M) 2.101ms
[2022-03-27T21:03:45.926+0800][2077.270s] GC(351) User=0.01s Sys=0.00s Real=0.00s
[2022-03-27T21:03:46.200+0800][2077.544s] GC(352) Pause Young (Allocation Failure)
[2022-03-27T21:03:46.200+0800][2077.545s] GC(352) Using 4 workers of 4 for evacuation
[2022-03-27T21:03:46.202+0800][2077.547s] GC(352) ParNew: 93581K->6520K(109248K)
[2022-03-27T21:03:46.203+0800][2077.547s] GC(352) CMS: 51080K->51380K(393216K)
[2022-03-27T21:03:46.203+0800][2077.547s] GC(352) Metaspace: 49313K->49313K(1093632K)
[2022-03-27T21:03:46.203+0800][2077.547s] GC(352) Pause Young (Allocation Failure) 141M->56M(490M) 2.221ms
[2022-03-27T21:03:46.203+0800][2077.547s] GC(352) User=0.00s Sys=0.00s Real=0.00s
[2022-03-27T21:03:46.388+0800][2077.732s] GC(353) Pause Young (Allocation Failure)
[2022-03-27T21:03:46.388+0800][2077.732s] GC(353) Using 4 workers of 4 for evacuation
[2022-03-27T21:03:46.390+0800][2077.734s] GC(353) ParNew: 93944K->6392K(109248K)
[2022-03-27T21:03:46.390+0800][2077.734s] GC(353) CMS: 51380K->51590K(393216K)
[2022-03-27T21:03:46.390+0800][2077.734s] GC(353) Metaspace: 49336K->49336K(1093632K)
[2022-03-27T21:03:46.390+0800][2077.734s] GC(353) Pause Young (Allocation Failure) 141M->56M(490M) 2.023ms
[2022-03-27T21:03:46.390+0800][2077.734s] GC(353) User=0.01s Sys=0.00s Real=0.01s
[2022-03-27T21:03:46.600+0800][2077.944s] GC(354) Pause Young (Allocation Failure)
[2022-03-27T21:03:46.600+0800][2077.945s] GC(354) Using 4 workers of 4 for evacuation
[2022-03-27T21:03:46.602+0800][2077.946s] GC(354) ParNew: 93816K->5674K(109248K)
[2022-03-27T21:03:46.602+0800][2077.946s] GC(354) CMS: 51590K->52325K(393216K)
[2022-03-27T21:03:46.602+0800][2077.946s] GC(354) Metaspace: 49408K->49408K(1093632K)
[2022-03-27T21:03:46.602+0800][2077.946s] GC(354) Pause Young (Allocation Failure) 141M->56M(490M) 1.971ms
[2022-03-27T21:03:46.602+0800][2077.946s] GC(354) User=0.00s Sys=0.00s Real=0.00s
[2022-03-27T21:03:46.870+0800][2078.215s] GC(355) Pause Young (Allocation Failure)
[2022-03-27T21:03:46.870+0800][2078.215s] GC(355) Using 4 workers of 4 for evacuation
[2022-03-27T21:03:46.872+0800][2078.216s] GC(355) ParNew: 93098K->6186K(109248K)
[2022-03-27T21:03:46.872+0800][2078.216s] GC(355) CMS: 52325K->52627K(393216K)
[2022-03-27T21:03:46.872+0800][2078.216s] GC(355) Metaspace: 49408K->49408K(1093632K)
[2022-03-27T21:03:46.872+0800][2078.216s] GC(355) Pause Young (Allocation Failure) 142M->57M(490M) 1.964ms
[2022-03-27T21:03:46.872+0800][2078.217s] GC(355) User=0.01s Sys=0.00s Real=0.00s
[2022-03-27T21:03:47.162+0800][2078.506s] GC(356) Pause Young (Allocation Failure)
[2022-03-27T21:03:47.162+0800][2078.506s] GC(356) Using 4 workers of 4 for evacuation
[2022-03-27T21:03:47.164+0800][2078.508s] GC(356) ParNew: 93610K->5541K(109248K)
[2022-03-27T21:03:47.164+0800][2078.508s] GC(356) CMS: 52627K->52935K(393216K)
[2022-03-27T21:03:47.164+0800][2078.508s] GC(356) Metaspace: 49408K->49408K(1093632K)
[2022-03-27T21:03:47.164+0800][2078.508s] GC(356) Pause Young (Allocation Failure) 142M->57M(490M) 1.960ms
[2022-03-27T21:03:47.164+0800][2078.508s] GC(356) User=0.01s Sys=0.00s Real=0.00s
[2022-03-27T21:03:47.453+0800][2078.797s] GC(357) Pause Young (Allocation Failure)
[2022-03-27T21:03:47.453+0800][2078.797s] GC(357) Using 4 workers of 4 for evacuation
[2022-03-27T21:03:47.455+0800][2078.799s] GC(357) ParNew: 92965K->6651K(109248K)
[2022-03-27T21:03:47.455+0800][2078.799s] GC(357) CMS: 52935K->53401K(393216K)
[2022-03-27T21:03:47.455+0800][2078.799s] GC(357) Metaspace: 49408K->49408K(1093632K)
[2022-03-27T21:03:47.455+0800][2078.799s] GC(357) Pause Young (Allocation Failure) 142M->58M(490M) 1.936ms
[2022-03-27T21:03:47.455+0800][2078.799s] GC(357) User=0.00s Sys=0.00s Real=0.00s
[2022-03-27T21:03:47.855+0800][2079.199s] GC(358) Pause Young (Allocation Failure)
[2022-03-27T21:03:47.855+0800][2079.199s] GC(358) Using 4 workers of 4 for evacuation
[2022-03-27T21:03:47.858+0800][2079.202s] GC(358) ParNew: 93987K->6473K(109248K)
[2022-03-27T21:03:47.858+0800][2079.202s] GC(358) CMS: 53401K->53512K(393216K)
[2022-03-27T21:03:47.858+0800][2079.202s] GC(358) Metaspace: 49408K->49408K(1093632K)
[2022-03-27T21:03:47.858+0800][2079.202s] GC(358) Pause Young (Allocation Failure) 143M->58M(490M) 3.165ms
[2022-03-27T21:03:47.858+0800][2079.202s] GC(358) User=0.01s Sys=0.00s Real=0.00s
[2022-03-27T21:03:48.174+0800][2079.518s] GC(359) Pause Young (Allocation Failure)
[2022-03-27T21:03:48.174+0800][2079.518s] GC(359) Using 4 workers of 4 for evacuation
[2022-03-27T21:03:48.176+0800][2079.520s] GC(359) ParNew: 93897K->5981K(109248K)
[2022-03-27T21:03:48.176+0800][2079.520s] GC(359) CMS: 53512K->53659K(393216K)
[2022-03-27T21:03:48.176+0800][2079.520s] GC(359) Metaspace: 49408K->49408K(1093632K)
[2022-03-27T21:03:48.176+0800][2079.520s] GC(359) Pause Young (Allocation Failure) 143M->58M(490M) 2.350ms
[2022-03-27T21:03:48.176+0800][2079.520s] GC(359) User=0.01s Sys=0.00s Real=0.00s
[2022-03-27T21:03:48.482+0800][2079.826s] GC(360) Pause Young (Allocation Failure)
[2022-03-27T21:03:48.482+0800][2079.826s] GC(360) Using 4 workers of 4 for evacuation
[2022-03-27T21:03:48.485+0800][2079.829s] GC(360) ParNew: 93405K->7357K(109248K)
[2022-03-27T21:03:48.485+0800][2079.829s] GC(360) CMS: 53659K->54081K(393216K)
[2022-03-27T21:03:48.485+0800][2079.829s] GC(360) Metaspace: 49408K->49408K(1093632K)
[2022-03-27T21:03:48.485+0800][2079.829s] GC(360) Pause Young (Allocation Failure) 143M->59M(490M) 3.215ms
[2022-03-27T21:03:48.485+0800][2079.829s] GC(360) User=0.00s Sys=0.00s Real=0.00s
[2022-03-27T21:03:48.778+0800][2080.122s] GC(361) Pause Young (Allocation Failure)
[2022-03-27T21:03:48.778+0800][2080.122s] GC(361) Using 4 workers of 4 for evacuation
[2022-03-27T21:03:48.780+0800][2080.124s] GC(361) ParNew: 94781K->7032K(109248K)
[2022-03-27T21:03:48.780+0800][2080.125s] GC(361) CMS: 54081K->54255K(393216K)
[2022-03-27T21:03:48.780+0800][2080.125s] GC(361) Metaspace: 49408K->49408K(1093632K)
[2022-03-27T21:03:48.780+0800][2080.125s] GC(361) Pause Young (Allocation Failure) 145M->59M(490M) 2.931ms
[2022-03-27T21:03:48.780+0800][2080.125s] GC(361) User=0.00s Sys=0.00s Real=0.01s
[2022-03-27T21:03:49.125+0800][2080.470s] GC(362) Pause Young (Allocation Failure)
[2022-03-27T21:03:49.126+0800][2080.470s] GC(362) Using 4 workers of 4 for evacuation
[2022-03-27T21:03:49.128+0800][2080.473s] GC(362) ParNew: 94456K->6473K(109248K)
[2022-03-27T21:03:49.129+0800][2080.473s] GC(362) CMS: 54255K->54556K(393216K)
[2022-03-27T21:03:49.129+0800][2080.473s] GC(362) Metaspace: 49408K->49408K(1093632K)
[2022-03-27T21:03:49.129+0800][2080.473s] GC(362) Pause Young (Allocation Failure) 145M->59M(490M) 3.081ms
[2022-03-27T21:03:49.129+0800][2080.473s] GC(362) User=0.01s Sys=0.00s Real=0.00s
[2022-03-27T21:03:49.476+0800][2080.821s] GC(363) Pause Young (Allocation Failure)
[2022-03-27T21:03:49.477+0800][2080.821s] GC(363) Using 4 workers of 4 for evacuation
[2022-03-27T21:03:49.483+0800][2080.827s] GC(363) ParNew: 93897K->7824K(109248K)
[2022-03-27T21:03:49.483+0800][2080.827s] GC(363) CMS: 54556K->54808K(393216K)
[2022-03-27T21:03:49.483+0800][2080.827s] GC(363) Metaspace: 49408K->49408K(1093632K)
[2022-03-27T21:03:49.483+0800][2080.827s] GC(363) Pause Young (Allocation Failure) 144M->61M(490M) 6.447ms
[2022-03-27T21:03:49.483+0800][2080.827s] GC(363) User=0.02s Sys=0.00s Real=0.01s
[2022-03-27T21:03:49.851+0800][2081.195s] GC(364) Pause Young (Allocation Failure)
[2022-03-27T21:03:49.851+0800][2081.195s] GC(364) Using 4 workers of 4 for evacuation
[2022-03-27T21:03:49.854+0800][2081.198s] GC(364) ParNew: 95248K->7583K(109248K)
[2022-03-27T21:03:49.854+0800][2081.198s] GC(364) CMS: 54808K->55127K(393216K)
[2022-03-27T21:03:49.854+0800][2081.198s] GC(364) Metaspace: 49408K->49408K(1093632K)
[2022-03-27T21:03:49.854+0800][2081.198s] GC(364) Pause Young (Allocation Failure) 146M->61M(490M) 3.025ms
[2022-03-27T21:03:49.854+0800][2081.198s] GC(364) User=0.01s Sys=0.00s Real=0.00s
[2022-03-27T21:03:50.200+0800][2081.544s] GC(365) Pause Young (Allocation Failure)
[2022-03-27T21:03:50.200+0800][2081.545s] GC(365) Using 4 workers of 4 for evacuation
[2022-03-27T21:03:50.204+0800][2081.548s] GC(365) ParNew: 95007K->6835K(109248K)
[2022-03-27T21:03:50.204+0800][2081.548s] GC(365) CMS: 55127K->55565K(393216K)
[2022-03-27T21:03:50.204+0800][2081.548s] GC(365) Metaspace: 49408K->49408K(1093632K)
[2022-03-27T21:03:50.204+0800][2081.548s] GC(365) Pause Young (Allocation Failure) 146M->60M(490M) 3.716ms
[2022-03-27T21:03:50.204+0800][2081.548s] GC(365) User=0.01s Sys=0.00s Real=0.00s
[2022-03-27T21:03:50.530+0800][2081.874s] GC(366) Pause Young (Allocation Failure)
[2022-03-27T21:03:50.530+0800][2081.874s] GC(366) Using 4 workers of 4 for evacuation
[2022-03-27T21:03:50.533+0800][2081.877s] GC(366) ParNew: 94259K->8235K(109248K)
[2022-03-27T21:03:50.533+0800][2081.877s] GC(366) CMS: 55565K->55900K(393216K)
[2022-03-27T21:03:50.533+0800][2081.877s] GC(366) Metaspace: 49408K->49408K(1093632K)
[2022-03-27T21:03:50.533+0800][2081.877s] GC(366) Pause Young (Allocation Failure) 146M->62M(490M) 3.392ms
[2022-03-27T21:03:50.533+0800][2081.878s] GC(366) User=0.01s Sys=0.00s Real=0.00s
[2022-03-27T21:03:50.913+0800][2082.257s] GC(367) Pause Young (Allocation Failure)
[2022-03-27T21:03:50.913+0800][2082.257s] GC(367) Using 4 workers of 4 for evacuation
[2022-03-27T21:03:50.916+0800][2082.260s] GC(367) ParNew: 95659K->8301K(109248K)
[2022-03-27T21:03:50.916+0800][2082.260s] GC(367) CMS: 55900K->56281K(393216K)
[2022-03-27T21:03:50.916+0800][2082.260s] GC(367) Metaspace: 49408K->49408K(1093632K)
[2022-03-27T21:03:50.916+0800][2082.260s] GC(367) Pause Young (Allocation Failure) 148M->63M(490M) 2.804ms
[2022-03-27T21:03:50.916+0800][2082.260s] GC(367) User=0.01s Sys=0.00s Real=0.00s
[2022-03-27T21:03:51.214+0800][2082.558s] GC(368) Pause Young (Allocation Failure)
[2022-03-27T21:03:51.214+0800][2082.558s] GC(368) Using 4 workers of 4 for evacuation
[2022-03-27T21:03:51.216+0800][2082.560s] GC(368) ParNew: 95725K->10290K(109248K)
[2022-03-27T21:03:51.216+0800][2082.560s] GC(368) CMS: 56281K->56608K(393216K)
[2022-03-27T21:03:51.216+0800][2082.560s] GC(368) Metaspace: 49408K->49408K(1093632K)
[2022-03-27T21:03:51.216+0800][2082.560s] GC(368) Pause Young (Allocation Failure) 148M->65M(490M) 2.215ms
[2022-03-27T21:03:51.216+0800][2082.560s] GC(368) User=0.00s Sys=0.00s Real=0.00s
[2022-03-27T21:03:51.533+0800][2082.877s] GC(369) Pause Young (Allocation Failure)
[2022-03-27T21:03:51.533+0800][2082.877s] GC(369) Using 4 workers of 4 for evacuation
[2022-03-27T21:03:51.535+0800][2082.879s] GC(369) ParNew: 97714K->8534K(109248K)
[2022-03-27T21:03:51.535+0800][2082.879s] GC(369) CMS: 56608K->56927K(393216K)
[2022-03-27T21:03:51.535+0800][2082.879s] GC(369) Metaspace: 49408K->49408K(1093632K)
[2022-03-27T21:03:51.535+0800][2082.879s] GC(369) Pause Young (Allocation Failure) 150M->63M(490M) 2.333ms
[2022-03-27T21:03:51.535+0800][2082.879s] GC(369) User=0.01s Sys=0.00s Real=0.00s
[2022-03-27T21:03:51.860+0800][2083.204s] GC(370) Pause Young (Allocation Failure)
[2022-03-27T21:03:51.860+0800][2083.204s] GC(370) Using 4 workers of 4 for evacuation
[2022-03-27T21:03:51.862+0800][2083.206s] GC(370) ParNew: 95958K->11006K(109248K)
[2022-03-27T21:03:51.862+0800][2083.206s] GC(370) CMS: 56927K->57274K(393216K)
[2022-03-27T21:03:51.862+0800][2083.206s] GC(370) Metaspace: 49408K->49408K(1093632K)
[2022-03-27T21:03:51.862+0800][2083.206s] GC(370) Pause Young (Allocation Failure) 149M->66M(490M) 2.243ms
[2022-03-27T21:03:51.862+0800][2083.206s] GC(370) User=0.00s Sys=0.00s Real=0.00s
[2022-03-27T21:03:52.192+0800][2083.536s] GC(371) Pause Young (Allocation Failure)
[2022-03-27T21:03:52.192+0800][2083.536s] GC(371) Using 4 workers of 4 for evacuation
[2022-03-27T21:03:52.194+0800][2083.538s] GC(371) ParNew: 98430K->8155K(109248K)
[2022-03-27T21:03:52.194+0800][2083.538s] GC(371) CMS: 57274K->57627K(393216K)
[2022-03-27T21:03:52.194+0800][2083.538s] GC(371) Metaspace: 49408K->49408K(1093632K)
[2022-03-27T21:03:52.194+0800][2083.538s] GC(371) Pause Young (Allocation Failure) 152M->64M(490M) 2.131ms
[2022-03-27T21:03:52.194+0800][2083.538s] GC(371) User=0.00s Sys=0.00s Real=0.00s
[2022-03-27T21:03:52.375+0800][2083.719s] GC(372) Pause Young (Allocation Failure)
[2022-03-27T21:03:52.375+0800][2083.719s] GC(372) Using 4 workers of 4 for evacuation
[2022-03-27T21:03:52.378+0800][2083.722s] GC(372) ParNew: 95579K->10467K(109248K)
[2022-03-27T21:03:52.378+0800][2083.722s] GC(372) CMS: 57627K->57913K(393216K)
[2022-03-27T21:03:52.378+0800][2083.722s] GC(372) Metaspace: 49408K->49408K(1093632K)
[2022-03-27T21:03:52.378+0800][2083.722s] GC(372) Pause Young (Allocation Failure) 149M->66M(490M) 2.604ms
[2022-03-27T21:03:52.378+0800][2083.722s] GC(372) User=0.01s Sys=0.00s Real=0.00s
[2022-03-27T21:03:52.525+0800][2083.870s] GC(373) Pause Young (Allocation Failure)
[2022-03-27T21:03:52.526+0800][2083.870s] GC(373) Using 4 workers of 4 for evacuation
[2022-03-27T21:03:52.528+0800][2083.872s] GC(373) ParNew: 97891K->11207K(109248K)
[2022-03-27T21:03:52.528+0800][2083.872s] GC(373) CMS: 57913K->58356K(393216K)
[2022-03-27T21:03:52.528+0800][2083.872s] GC(373) Metaspace: 49413K->49413K(1093632K)
[2022-03-27T21:03:52.528+0800][2083.872s] GC(373) Pause Young (Allocation Failure) 152M->67M(490M) 2.589ms
[2022-03-27T21:03:52.528+0800][2083.872s] GC(373) User=0.01s Sys=0.00s Real=0.00s
[2022-03-27T21:03:52.658+0800][2084.002s] GC(374) Pause Young (Allocation Failure)
[2022-03-27T21:03:52.658+0800][2084.002s] GC(374) Using 4 workers of 4 for evacuation
[2022-03-27T21:03:52.661+0800][2084.005s] GC(374) ParNew: 98631K->14189K(109248K)
[2022-03-27T21:03:52.661+0800][2084.005s] GC(374) CMS: 58356K->58752K(393216K)
[2022-03-27T21:03:52.661+0800][2084.005s] GC(374) Metaspace: 49413K->49413K(1093632K)
[2022-03-27T21:03:52.661+0800][2084.005s] GC(374) Pause Young (Allocation Failure) 153M->71M(490M) 3.108ms
[2022-03-27T21:03:52.661+0800][2084.005s] GC(374) User=0.01s Sys=0.00s Real=0.01s
[2022-03-27T21:03:54.622+0800][2085.966s] GC(375) Pause Young (Allocation Failure)
[2022-03-27T21:03:54.622+0800][2085.966s] GC(375) Using 4 workers of 4 for evacuation
[2022-03-27T21:03:54.625+0800][2085.969s] GC(375) ParNew: 101174K->9453K(109248K)
[2022-03-27T21:03:54.625+0800][2085.969s] GC(375) CMS: 58752K->60144K(393216K)
[2022-03-27T21:03:54.625+0800][2085.969s] GC(375) Metaspace: 49419K->49419K(1093632K)
[2022-03-27T21:03:54.625+0800][2085.969s] GC(375) Pause Young (Allocation Failure) 156M->67M(490M) 3.561ms
[2022-03-27T21:03:54.625+0800][2085.969s] GC(375) User=0.02s Sys=0.00s Real=0.00s
[2022-03-27T21:03:54.839+0800][2086.183s] GC(376) Pause Young (Allocation Failure)
[2022-03-27T21:03:54.839+0800][2086.183s] GC(376) Using 4 workers of 4 for evacuation
[2022-03-27T21:03:54.842+0800][2086.186s] GC(376) ParNew: 96877K->8003K(109248K)
[2022-03-27T21:03:54.842+0800][2086.186s] GC(376) CMS: 60144K->62717K(393216K)
[2022-03-27T21:03:54.842+0800][2086.186s] GC(376) Metaspace: 49439K->49439K(1093632K)
[2022-03-27T21:03:54.842+0800][2086.186s] GC(376) Pause Young (Allocation Failure) 153M->69M(490M) 2.628ms
[2022-03-27T21:03:54.842+0800][2086.186s] GC(376) User=0.01s Sys=0.00s Real=0.01s
[2022-03-27T21:03:55.157+0800][2086.501s] GC(377) Pause Young (Allocation Failure)
[2022-03-27T21:03:55.157+0800][2086.501s] GC(377) Using 4 workers of 4 for evacuation
[2022-03-27T21:03:55.162+0800][2086.506s] GC(377) ParNew: 95427K->8212K(109248K)
[2022-03-27T21:03:55.162+0800][2086.506s] GC(377) CMS: 62717K->63394K(393216K)
[2022-03-27T21:03:55.162+0800][2086.506s] GC(377) Metaspace: 49439K->49439K(1093632K)
[2022-03-27T21:03:55.162+0800][2086.506s] GC(377) Pause Young (Allocation Failure) 154M->69M(490M) 5.410ms
[2022-03-27T21:03:55.162+0800][2086.506s] GC(377) User=0.02s Sys=0.00s Real=0.01s
[2022-03-27T21:03:55.468+0800][2086.813s] GC(378) Pause Young (Allocation Failure)
[2022-03-27T21:03:55.468+0800][2086.813s] GC(378) Using 4 workers of 4 for evacuation
[2022-03-27T21:03:55.471+0800][2086.815s] GC(378) ParNew: 95636K->10941K(109248K)
[2022-03-27T21:03:55.471+0800][2086.815s] GC(378) CMS: 63394K->63738K(393216K)
[2022-03-27T21:03:55.471+0800][2086.815s] GC(378) Metaspace: 49439K->49439K(1093632K)
[2022-03-27T21:03:55.471+0800][2086.815s] GC(378) Pause Young (Allocation Failure) 155M->72M(490M) 3.001ms
[2022-03-27T21:03:55.471+0800][2086.816s] GC(378) User=0.01s Sys=0.00s Real=0.01s
[2022-03-27T21:03:55.731+0800][2087.075s] GC(379) Pause Young (Allocation Failure)
[2022-03-27T21:03:55.731+0800][2087.075s] GC(379) Using 4 workers of 4 for evacuation
[2022-03-27T21:03:55.734+0800][2087.078s] GC(379) ParNew: 98365K->8029K(109248K)
[2022-03-27T21:03:55.734+0800][2087.078s] GC(379) CMS: 63738K->64241K(393216K)
[2022-03-27T21:03:55.734+0800][2087.078s] GC(379) Metaspace: 49439K->49439K(1093632K)
[2022-03-27T21:03:55.734+0800][2087.078s] GC(379) Pause Young (Allocation Failure) 158M->70M(490M) 3.441ms
[2022-03-27T21:03:55.734+0800][2087.078s] GC(379) User=0.01s Sys=0.00s Real=0.00s
[2022-03-27T21:03:56.057+0800][2087.401s] GC(380) Pause Young (Allocation Failure)
[2022-03-27T21:03:56.057+0800][2087.401s] GC(380) Using 4 workers of 4 for evacuation
[2022-03-27T21:03:56.060+0800][2087.404s] GC(380) ParNew: 95453K->10297K(109248K)
[2022-03-27T21:03:56.060+0800][2087.404s] GC(380) CMS: 64241K->64741K(393216K)
[2022-03-27T21:03:56.060+0800][2087.404s] GC(380) Metaspace: 49439K->49439K(1093632K)
[2022-03-27T21:03:56.060+0800][2087.404s] GC(380) Pause Young (Allocation Failure) 155M->73M(490M) 2.417ms
[2022-03-27T21:03:56.060+0800][2087.404s] GC(380) User=0.00s Sys=0.00s Real=0.01s
[2022-03-27T21:03:56.366+0800][2087.711s] GC(381) Pause Young (Allocation Failure)
[2022-03-27T21:03:56.367+0800][2087.711s] GC(381) Using 4 workers of 4 for evacuation
[2022-03-27T21:03:56.369+0800][2087.713s] GC(381) ParNew: 97721K->8387K(109248K)
[2022-03-27T21:03:56.369+0800][2087.714s] GC(381) CMS: 64741K->64841K(393216K)
[2022-03-27T21:03:56.369+0800][2087.714s] GC(381) Metaspace: 49439K->49439K(1093632K)
[2022-03-27T21:03:56.369+0800][2087.714s] GC(381) Pause Young (Allocation Failure) 158M->71M(490M) 3.041ms
[2022-03-27T21:03:56.370+0800][2087.714s] GC(381) User=0.01s Sys=0.00s Real=0.01s
[2022-03-27T21:03:56.696+0800][2088.040s] GC(382) Pause Young (Allocation Failure)
[2022-03-27T21:03:56.696+0800][2088.040s] GC(382) Using 4 workers of 4 for evacuation
[2022-03-27T21:03:56.699+0800][2088.043s] GC(382) ParNew: 95811K->8346K(109248K)
[2022-03-27T21:03:56.699+0800][2088.043s] GC(382) CMS: 64841K->64851K(393216K)
[2022-03-27T21:03:56.699+0800][2088.043s] GC(382) Metaspace: 49439K->49439K(1093632K)
[2022-03-27T21:03:56.699+0800][2088.043s] GC(382) Pause Young (Allocation Failure) 156M->71M(490M) 2.995ms
[2022-03-27T21:03:56.699+0800][2088.043s] GC(382) User=0.01s Sys=0.00s Real=0.00s
[2022-03-27T21:03:57.005+0800][2088.349s] GC(383) Pause Young (Allocation Failure)
[2022-03-27T21:03:57.005+0800][2088.349s] GC(383) Using 4 workers of 4 for evacuation
[2022-03-27T21:03:57.008+0800][2088.352s] GC(383) ParNew: 95770K->10295K(109248K)
[2022-03-27T21:03:57.008+0800][2088.352s] GC(383) CMS: 64851K->65155K(393216K)
[2022-03-27T21:03:57.008+0800][2088.352s] GC(383) Metaspace: 49439K->49439K(1093632K)
[2022-03-27T21:03:57.008+0800][2088.352s] GC(383) Pause Young (Allocation Failure) 156M->73M(490M) 3.358ms
[2022-03-27T21:03:57.008+0800][2088.352s] GC(383) User=0.01s Sys=0.00s Real=0.00s
[2022-03-27T21:03:57.347+0800][2088.691s] GC(384) Pause Young (Allocation Failure)
[2022-03-27T21:03:57.347+0800][2088.692s] GC(384) Using 4 workers of 4 for evacuation
[2022-03-27T21:03:57.351+0800][2088.695s] GC(384) ParNew: 97719K->7169K(109248K)
[2022-03-27T21:03:57.351+0800][2088.695s] GC(384) CMS: 65155K->68241K(393216K)
[2022-03-27T21:03:57.351+0800][2088.695s] GC(384) Metaspace: 49439K->49439K(1093632K)
[2022-03-27T21:03:57.351+0800][2088.695s] GC(384) Pause Young (Allocation Failure) 159M->73M(490M) 3.427ms
[2022-03-27T21:03:57.351+0800][2088.695s] GC(384) User=0.01s Sys=0.00s Real=0.01s
[2022-03-27T21:03:57.670+0800][2089.014s] GC(385) Pause Young (Allocation Failure)
[2022-03-27T21:03:57.670+0800][2089.015s] GC(385) Using 4 workers of 4 for evacuation
[2022-03-27T21:03:57.673+0800][2089.017s] GC(385) ParNew: 94114K->5844K(109248K)
[2022-03-27T21:03:57.673+0800][2089.017s] GC(385) CMS: 68241K->68877K(393216K)
[2022-03-27T21:03:57.673+0800][2089.018s] GC(385) Metaspace: 49439K->49439K(1093632K)
[2022-03-27T21:03:57.673+0800][2089.018s] GC(385) Pause Young (Allocation Failure) 158M->72M(490M) 3.065ms
[2022-03-27T21:03:57.673+0800][2089.018s] GC(385) User=0.01s Sys=0.00s Real=0.00s
[2022-03-27T21:03:58.074+0800][2089.418s] GC(386) Pause Young (Allocation Failure)
[2022-03-27T21:03:58.074+0800][2089.418s] GC(386) Using 4 workers of 4 for evacuation
[2022-03-27T21:03:58.076+0800][2089.420s] GC(386) ParNew: 93268K->6954K(109248K)
[2022-03-27T21:03:58.076+0800][2089.421s] GC(386) CMS: 68877K->69180K(393216K)
[2022-03-27T21:03:58.076+0800][2089.421s] GC(386) Metaspace: 49439K->49439K(1093632K)
[2022-03-27T21:03:58.076+0800][2089.421s] GC(386) Pause Young (Allocation Failure) 158M->74M(490M) 2.782ms
[2022-03-27T21:03:58.077+0800][2089.421s] GC(386) User=0.01s Sys=0.00s Real=0.00s
[2022-03-27T21:03:58.429+0800][2089.773s] GC(387) Pause Young (Allocation Failure)
[2022-03-27T21:03:58.429+0800][2089.773s] GC(387) Using 4 workers of 4 for evacuation
[2022-03-27T21:03:58.431+0800][2089.776s] GC(387) ParNew: 94378K->6426K(109248K)
[2022-03-27T21:03:58.432+0800][2089.776s] GC(387) CMS: 69180K->69580K(393216K)
[2022-03-27T21:03:58.432+0800][2089.776s] GC(387) Metaspace: 49439K->49439K(1093632K)
[2022-03-27T21:03:58.432+0800][2089.776s] GC(387) Pause Young (Allocation Failure) 159M->74M(490M) 2.883ms
[2022-03-27T21:03:58.432+0800][2089.776s] GC(387) User=0.00s Sys=0.00s Real=0.01s
[2022-03-27T21:03:58.819+0800][2090.163s] GC(388) Pause Young (Allocation Failure)
[2022-03-27T21:03:58.819+0800][2090.163s] GC(388) Using 4 workers of 4 for evacuation
[2022-03-27T21:03:58.821+0800][2090.165s] GC(388) ParNew: 93850K->6496K(109248K)
[2022-03-27T21:03:58.821+0800][2090.165s] GC(388) CMS: 69580K->69890K(393216K)
[2022-03-27T21:03:58.821+0800][2090.165s] GC(388) Metaspace: 49439K->49439K(1093632K)
[2022-03-27T21:03:58.821+0800][2090.165s] GC(388) Pause Young (Allocation Failure) 159M->74M(490M) 2.737ms
[2022-03-27T21:03:58.821+0800][2090.166s] GC(388) User=0.01s Sys=0.00s Real=0.01s
[2022-03-27T21:03:59.103+0800][2090.448s] GC(389) Pause Young (Allocation Failure)
[2022-03-27T21:03:59.104+0800][2090.448s] GC(389) Using 4 workers of 4 for evacuation
[2022-03-27T21:03:59.106+0800][2090.450s] GC(389) ParNew: 93920K->8695K(109248K)
[2022-03-27T21:03:59.106+0800][2090.450s] GC(389) CMS: 69890K->70204K(393216K)
[2022-03-27T21:03:59.106+0800][2090.450s] GC(389) Metaspace: 49439K->49439K(1093632K)
[2022-03-27T21:03:59.106+0800][2090.450s] GC(389) Pause Young (Allocation Failure) 159M->77M(490M) 2.477ms
[2022-03-27T21:03:59.106+0800][2090.450s] GC(389) User=0.00s Sys=0.00s Real=0.00s
[2022-03-27T21:03:59.418+0800][2090.762s] GC(390) Pause Young (Allocation Failure)
[2022-03-27T21:03:59.418+0800][2090.762s] GC(390) Using 4 workers of 4 for evacuation
[2022-03-27T21:03:59.420+0800][2090.764s] GC(390) ParNew: 96119K->7113K(109248K)
[2022-03-27T21:03:59.420+0800][2090.764s] GC(390) CMS: 70204K->70520K(393216K)
[2022-03-27T21:03:59.420+0800][2090.764s] GC(390) Metaspace: 49439K->49439K(1093632K)
[2022-03-27T21:03:59.420+0800][2090.764s] GC(390) Pause Young (Allocation Failure) 162M->75M(490M) 2.116ms
[2022-03-27T21:03:59.420+0800][2090.764s] GC(390) User=0.01s Sys=0.00s Real=0.01s
[2022-03-27T21:03:59.740+0800][2091.084s] GC(391) Pause Young (Allocation Failure)
[2022-03-27T21:03:59.740+0800][2091.084s] GC(391) Using 4 workers of 4 for evacuation
[2022-03-27T21:03:59.742+0800][2091.086s] GC(391) ParNew: 94537K->6778K(109248K)
[2022-03-27T21:03:59.742+0800][2091.086s] GC(391) CMS: 70520K->70860K(393216K)
[2022-03-27T21:03:59.742+0800][2091.086s] GC(391) Metaspace: 49439K->49439K(1093632K)
[2022-03-27T21:03:59.742+0800][2091.086s] GC(391) Pause Young (Allocation Failure) 161M->75M(490M) 2.052ms
[2022-03-27T21:03:59.742+0800][2091.086s] GC(391) User=0.01s Sys=0.00s Real=0.00s
[2022-03-27T21:04:00.026+0800][2091.370s] GC(392) Pause Young (Allocation Failure)
[2022-03-27T21:04:00.026+0800][2091.370s] GC(392) Using 4 workers of 4 for evacuation
[2022-03-27T21:04:00.028+0800][2091.372s] GC(392) ParNew: 94202K->8297K(109248K)
[2022-03-27T21:04:00.028+0800][2091.372s] GC(392) CMS: 70860K->71177K(393216K)
[2022-03-27T21:04:00.028+0800][2091.372s] GC(392) Metaspace: 49439K->49439K(1093632K)
[2022-03-27T21:04:00.028+0800][2091.372s] GC(392) Pause Young (Allocation Failure) 161M->77M(490M) 1.927ms
[2022-03-27T21:04:00.028+0800][2091.372s] GC(392) User=0.00s Sys=0.00s Real=0.00s
[2022-03-27T21:04:00.311+0800][2091.655s] GC(393) Pause Young (Allocation Failure)
[2022-03-27T21:04:00.311+0800][2091.655s] GC(393) Using 4 workers of 4 for evacuation
[2022-03-27T21:04:00.313+0800][2091.657s] GC(393) ParNew: 95721K->7241K(109248K)
[2022-03-27T21:04:00.313+0800][2091.657s] GC(393) CMS: 71177K->71492K(393216K)
[2022-03-27T21:04:00.313+0800][2091.657s] GC(393) Metaspace: 49439K->49439K(1093632K)
[2022-03-27T21:04:00.313+0800][2091.657s] GC(393) Pause Young (Allocation Failure) 162M->76M(490M) 2.027ms
[2022-03-27T21:04:00.313+0800][2091.657s] GC(393) User=0.01s Sys=0.00s Real=0.00s
[2022-03-27T21:04:00.650+0800][2091.994s] GC(394) Pause Young (Allocation Failure)
[2022-03-27T21:04:00.650+0800][2091.994s] GC(394) Using 4 workers of 4 for evacuation
[2022-03-27T21:04:00.652+0800][2091.996s] GC(394) ParNew: 94665K->7929K(109248K)
[2022-03-27T21:04:00.652+0800][2091.996s] GC(394) CMS: 71492K->72362K(393216K)
[2022-03-27T21:04:00.652+0800][2091.996s] GC(394) Metaspace: 49439K->49439K(1093632K)
[2022-03-27T21:04:00.652+0800][2091.996s] GC(394) Pause Young (Allocation Failure) 162M->78M(490M) 2.091ms
[2022-03-27T21:04:00.652+0800][2091.996s] GC(394) User=0.01s Sys=0.00s Real=0.00s
[2022-03-27T21:04:00.958+0800][2092.302s] GC(395) Pause Young (Allocation Failure)
[2022-03-27T21:04:00.958+0800][2092.302s] GC(395) Using 4 workers of 4 for evacuation
[2022-03-27T21:04:00.960+0800][2092.304s] GC(395) ParNew: 95353K->7109K(109248K)
[2022-03-27T21:04:00.960+0800][2092.304s] GC(395) CMS: 72362K->72706K(393216K)
[2022-03-27T21:04:00.960+0800][2092.304s] GC(395) Metaspace: 49439K->49439K(1093632K)
[2022-03-27T21:04:00.960+0800][2092.304s] GC(395) Pause Young (Allocation Failure) 163M->77M(490M) 2.143ms
[2022-03-27T21:04:00.960+0800][2092.304s] GC(395) User=0.00s Sys=0.00s Real=0.01s
[2022-03-27T21:04:01.255+0800][2092.600s] GC(396) Pause Young (Allocation Failure)
[2022-03-27T21:04:01.256+0800][2092.600s] GC(396) Using 4 workers of 4 for evacuation
[2022-03-27T21:04:01.258+0800][2092.602s] GC(396) ParNew: 94533K->7527K(109248K)
[2022-03-27T21:04:01.258+0800][2092.602s] GC(396) CMS: 72706K->73031K(393216K)
[2022-03-27T21:04:01.258+0800][2092.602s] GC(396) Metaspace: 49439K->49439K(1093632K)
[2022-03-27T21:04:01.258+0800][2092.602s] GC(396) Pause Young (Allocation Failure) 163M->78M(490M) 2.232ms
[2022-03-27T21:04:01.258+0800][2092.602s] GC(396) User=0.01s Sys=0.00s Real=0.00s
[2022-03-27T21:04:01.611+0800][2092.955s] GC(397) Pause Young (Allocation Failure)
[2022-03-27T21:04:01.611+0800][2092.955s] GC(397) Using 4 workers of 4 for evacuation
[2022-03-27T21:04:01.612+0800][2092.957s] GC(397) ParNew: 94951K->7365K(109248K)
[2022-03-27T21:04:01.613+0800][2092.957s] GC(397) CMS: 73031K->73367K(393216K)
[2022-03-27T21:04:01.613+0800][2092.957s] GC(397) Metaspace: 49440K->49440K(1093632K)
[2022-03-27T21:04:01.613+0800][2092.957s] GC(397) Pause Young (Allocation Failure) 164M->78M(490M) 2.053ms
[2022-03-27T21:04:01.613+0800][2092.957s] GC(397) User=0.00s Sys=0.00s Real=0.00s
[2022-03-27T21:04:01.924+0800][2093.268s] GC(398) Pause Young (Allocation Failure)
[2022-03-27T21:04:01.924+0800][2093.268s] GC(398) Using 4 workers of 4 for evacuation
[2022-03-27T21:04:01.926+0800][2093.270s] GC(398) ParNew: 94789K->7409K(109248K)
[2022-03-27T21:04:01.926+0800][2093.270s] GC(398) CMS: 73367K->73754K(393216K)
[2022-03-27T21:04:01.926+0800][2093.270s] GC(398) Metaspace: 49440K->49440K(1093632K)
[2022-03-27T21:04:01.926+0800][2093.270s] GC(398) Pause Young (Allocation Failure) 164M->79M(490M) 1.960ms
[2022-03-27T21:04:01.926+0800][2093.270s] GC(398) User=0.00s Sys=0.00s Real=0.00s
[2022-03-27T21:04:02.222+0800][2093.566s] GC(399) Pause Young (Allocation Failure)
[2022-03-27T21:04:02.222+0800][2093.566s] GC(399) Using 4 workers of 4 for evacuation
[2022-03-27T21:04:02.224+0800][2093.568s] GC(399) ParNew: 94833K->7431K(109248K)
[2022-03-27T21:04:02.224+0800][2093.568s] GC(399) CMS: 73754K->74450K(393216K)
[2022-03-27T21:04:02.224+0800][2093.568s] GC(399) Metaspace: 49440K->49440K(1093632K)
[2022-03-27T21:04:02.224+0800][2093.568s] GC(399) Pause Young (Allocation Failure) 164M->79M(490M) 1.991ms
[2022-03-27T21:04:02.224+0800][2093.568s] GC(399) User=0.00s Sys=0.00s Real=0.00s
[2022-03-27T21:04:02.511+0800][2093.855s] GC(400) Pause Young (Allocation Failure)
[2022-03-27T21:04:02.511+0800][2093.855s] GC(400) Using 4 workers of 4 for evacuation
[2022-03-27T21:04:02.513+0800][2093.857s] GC(400) ParNew: 94855K->7852K(109248K)
[2022-03-27T21:04:02.513+0800][2093.857s] GC(400) CMS: 74450K->74811K(393216K)
[2022-03-27T21:04:02.513+0800][2093.857s] GC(400) Metaspace: 49440K->49440K(1093632K)
[2022-03-27T21:04:02.513+0800][2093.857s] GC(400) Pause Young (Allocation Failure) 165M->80M(490M) 2.188ms
[2022-03-27T21:04:02.513+0800][2093.857s] GC(400) User=0.01s Sys=0.00s Real=0.00s
[2022-03-27T21:04:02.804+0800][2094.148s] GC(401) Pause Young (Allocation Failure)
[2022-03-27T21:04:02.804+0800][2094.148s] GC(401) Using 4 workers of 4 for evacuation
[2022-03-27T21:04:02.806+0800][2094.150s] GC(401) ParNew: 95166K->8402K(109248K)
[2022-03-27T21:04:02.806+0800][2094.150s] GC(401) CMS: 74811K->75125K(393216K)
[2022-03-27T21:04:02.806+0800][2094.150s] GC(401) Metaspace: 49440K->49440K(1093632K)
[2022-03-27T21:04:02.806+0800][2094.150s] GC(401) Pause Young (Allocation Failure) 165M->81M(490M) 2.127ms
[2022-03-27T21:04:02.806+0800][2094.150s] GC(401) User=0.00s Sys=0.00s Real=0.00s
[2022-03-27T21:04:03.105+0800][2094.449s] GC(402) Pause Young (Allocation Failure)
[2022-03-27T21:04:03.105+0800][2094.449s] GC(402) Using 4 workers of 4 for evacuation
[2022-03-27T21:04:03.107+0800][2094.451s] GC(402) ParNew: 95826K->10072K(109248K)
[2022-03-27T21:04:03.107+0800][2094.451s] GC(402) CMS: 75125K->75571K(393216K)
[2022-03-27T21:04:03.107+0800][2094.451s] GC(402) Metaspace: 49440K->49440K(1093632K)
[2022-03-27T21:04:03.107+0800][2094.451s] GC(402) Pause Young (Allocation Failure) 166M->83M(490M) 2.163ms
[2022-03-27T21:04:03.107+0800][2094.451s] GC(402) User=0.01s Sys=0.00s Real=0.00s
[2022-03-27T21:04:03.405+0800][2094.749s] GC(403) Pause Young (Allocation Failure)
[2022-03-27T21:04:03.405+0800][2094.749s] GC(403) Using 4 workers of 4 for evacuation
[2022-03-27T21:04:03.407+0800][2094.751s] GC(403) ParNew: 97496K->8259K(109248K)
[2022-03-27T21:04:03.407+0800][2094.751s] GC(403) CMS: 75571K->75853K(393216K)
[2022-03-27T21:04:03.407+0800][2094.751s] GC(403) Metaspace: 49440K->49440K(1093632K)
[2022-03-27T21:04:03.407+0800][2094.751s] GC(403) Pause Young (Allocation Failure) 169M->82M(490M) 2.483ms
[2022-03-27T21:04:03.407+0800][2094.751s] GC(403) User=0.01s Sys=0.00s Real=0.00s
[2022-03-27T21:04:03.727+0800][2095.071s] GC(404) Pause Young (Allocation Failure)
[2022-03-27T21:04:03.727+0800][2095.071s] GC(404) Using 4 workers of 4 for evacuation
[2022-03-27T21:04:03.731+0800][2095.075s] GC(404) ParNew: 95683K->10025K(109248K)
[2022-03-27T21:04:03.731+0800][2095.075s] GC(404) CMS: 75853K->76193K(393216K)
[2022-03-27T21:04:03.731+0800][2095.075s] GC(404) Metaspace: 49440K->49440K(1093632K)
[2022-03-27T21:04:03.731+0800][2095.075s] GC(404) Pause Young (Allocation Failure) 167M->84M(490M) 3.602ms
[2022-03-27T21:04:03.731+0800][2095.075s] GC(404) User=0.01s Sys=0.00s Real=0.01s
[2022-03-27T21:04:04.063+0800][2095.407s] GC(405) Pause Young (Allocation Failure)
[2022-03-27T21:04:04.063+0800][2095.407s] GC(405) Using 4 workers of 4 for evacuation
[2022-03-27T21:04:04.065+0800][2095.409s] GC(405) ParNew: 97449K->8447K(109248K)
[2022-03-27T21:04:04.065+0800][2095.409s] GC(405) CMS: 76193K->76607K(393216K)
[2022-03-27T21:04:04.065+0800][2095.409s] GC(405) Metaspace: 49440K->49440K(1093632K)
[2022-03-27T21:04:04.065+0800][2095.409s] GC(405) Pause Young (Allocation Failure) 169M->83M(490M) 2.173ms
[2022-03-27T21:04:04.065+0800][2095.409s] GC(405) User=0.00s Sys=0.00s Real=0.00s
[2022-03-27T21:04:04.371+0800][2095.715s] GC(406) Pause Young (Allocation Failure)
[2022-03-27T21:04:04.371+0800][2095.715s] GC(406) Using 4 workers of 4 for evacuation
[2022-03-27T21:04:04.374+0800][2095.718s] GC(406) ParNew: 95871K->8616K(109248K)
[2022-03-27T21:04:04.374+0800][2095.718s] GC(406) CMS: 76607K->76964K(393216K)
[2022-03-27T21:04:04.374+0800][2095.718s] GC(406) Metaspace: 49440K->49440K(1093632K)
[2022-03-27T21:04:04.374+0800][2095.718s] GC(406) Pause Young (Allocation Failure) 168M->83M(490M) 3.428ms
[2022-03-27T21:04:04.374+0800][2095.718s] GC(406) User=0.01s Sys=0.00s Real=0.00s
[2022-03-27T21:04:04.681+0800][2096.026s] GC(407) Pause Young (Allocation Failure)
[2022-03-27T21:04:04.681+0800][2096.026s] GC(407) Using 4 workers of 4 for evacuation
[2022-03-27T21:04:04.683+0800][2096.028s] GC(407) ParNew: 96040K->8644K(109248K)
[2022-03-27T21:04:04.683+0800][2096.028s] GC(407) CMS: 76964K->77256K(393216K)
[2022-03-27T21:04:04.683+0800][2096.028s] GC(407) Metaspace: 49442K->49442K(1093632K)
[2022-03-27T21:04:04.684+0800][2096.028s] GC(407) Pause Young (Allocation Failure) 168M->83M(490M) 2.127ms
[2022-03-27T21:04:04.684+0800][2096.028s] GC(407) User=0.00s Sys=0.00s Real=0.00s
[2022-03-27T21:04:04.997+0800][2096.341s] GC(408) Pause Young (Allocation Failure)
[2022-03-27T21:04:04.997+0800][2096.341s] GC(408) Using 4 workers of 4 for evacuation
[2022-03-27T21:04:04.999+0800][2096.343s] GC(408) ParNew: 96068K->9981K(109248K)
[2022-03-27T21:04:04.999+0800][2096.343s] GC(408) CMS: 77256K->77598K(393216K)
[2022-03-27T21:04:04.999+0800][2096.343s] GC(408) Metaspace: 49442K->49442K(1093632K)
[2022-03-27T21:04:04.999+0800][2096.343s] GC(408) Pause Young (Allocation Failure) 169M->85M(490M) 2.268ms
[2022-03-27T21:04:04.999+0800][2096.343s] GC(408) User=0.01s Sys=0.00s Real=0.00s
[2022-03-27T21:04:05.311+0800][2096.655s] GC(409) Pause Young (Allocation Failure)
[2022-03-27T21:04:05.311+0800][2096.655s] GC(409) Using 4 workers of 4 for evacuation
[2022-03-27T21:04:05.313+0800][2096.657s] GC(409) ParNew: 97405K->8798K(109248K)
[2022-03-27T21:04:05.313+0800][2096.657s] GC(409) CMS: 77598K->78904K(393216K)
[2022-03-27T21:04:05.313+0800][2096.657s] GC(409) Metaspace: 49444K->49444K(1093632K)
[2022-03-27T21:04:05.313+0800][2096.657s] GC(409) Pause Young (Allocation Failure) 170M->85M(490M) 2.290ms
[2022-03-27T21:04:05.313+0800][2096.657s] GC(409) User=0.01s Sys=0.00s Real=0.00s
[2022-03-27T21:04:05.637+0800][2096.981s] GC(410) Pause Young (Allocation Failure)
[2022-03-27T21:04:05.637+0800][2096.981s] GC(410) Using 4 workers of 4 for evacuation
[2022-03-27T21:04:05.641+0800][2096.985s] GC(410) ParNew: 96222K->8454K(109248K)
[2022-03-27T21:04:05.641+0800][2096.985s] GC(410) CMS: 78904K->79244K(393216K)
[2022-03-27T21:04:05.641+0800][2096.985s] GC(410) Metaspace: 49444K->49444K(1093632K)
[2022-03-27T21:04:05.641+0800][2096.985s] GC(410) Pause Young (Allocation Failure) 171M->85M(490M) 3.629ms
[2022-03-27T21:04:05.641+0800][2096.985s] GC(410) User=0.01s Sys=0.00s Real=0.01s
[2022-03-27T21:04:05.949+0800][2097.293s] GC(411) Pause Young (Allocation Failure)
[2022-03-27T21:04:05.949+0800][2097.293s] GC(411) Using 4 workers of 4 for evacuation
[2022-03-27T21:04:05.951+0800][2097.295s] GC(411) ParNew: 95878K->8154K(109248K)
[2022-03-27T21:04:05.951+0800][2097.295s] GC(411) CMS: 79244K->79721K(393216K)
[2022-03-27T21:04:05.951+0800][2097.295s] GC(411) Metaspace: 49444K->49444K(1093632K)
[2022-03-27T21:04:05.951+0800][2097.295s] GC(411) Pause Young (Allocation Failure) 171M->85M(490M) 2.705ms
[2022-03-27T21:04:05.951+0800][2097.295s] GC(411) User=0.01s Sys=0.00s Real=0.01s
[2022-03-27T21:04:06.239+0800][2097.583s] GC(412) Pause Young (Allocation Failure)
[2022-03-27T21:04:06.239+0800][2097.583s] GC(412) Using 4 workers of 4 for evacuation
[2022-03-27T21:04:06.241+0800][2097.585s] GC(412) ParNew: 95578K->7953K(109248K)
[2022-03-27T21:04:06.241+0800][2097.585s] GC(412) CMS: 79721K->80083K(393216K)
[2022-03-27T21:04:06.241+0800][2097.586s] GC(412) Metaspace: 49444K->49444K(1093632K)
[2022-03-27T21:04:06.241+0800][2097.586s] GC(412) Pause Young (Allocation Failure) 171M->85M(490M) 2.149ms
[2022-03-27T21:04:06.241+0800][2097.586s] GC(412) User=0.00s Sys=0.00s Real=0.01s
[2022-03-27T21:04:06.553+0800][2097.897s] GC(413) Pause Young (Allocation Failure)
[2022-03-27T21:04:06.553+0800][2097.897s] GC(413) Using 4 workers of 4 for evacuation
[2022-03-27T21:04:06.555+0800][2097.899s] GC(413) ParNew: 95377K->8533K(109248K)
[2022-03-27T21:04:06.555+0800][2097.899s] GC(413) CMS: 80083K->80466K(393216K)
[2022-03-27T21:04:06.555+0800][2097.899s] GC(413) Metaspace: 49444K->49444K(1093632K)
[2022-03-27T21:04:06.555+0800][2097.899s] GC(413) Pause Young (Allocation Failure) 171M->86M(490M) 2.093ms
[2022-03-27T21:04:06.555+0800][2097.899s] GC(413) User=0.01s Sys=0.00s Real=0.00s
[2022-03-27T21:04:06.903+0800][2098.248s] GC(414) Pause Young (Allocation Failure)
[2022-03-27T21:04:06.904+0800][2098.248s] GC(414) Using 4 workers of 4 for evacuation
[2022-03-27T21:04:06.907+0800][2098.251s] GC(414) ParNew: 95957K->8335K(109248K)
[2022-03-27T21:04:06.907+0800][2098.251s] GC(414) CMS: 80466K->80785K(393216K)
[2022-03-27T21:04:06.907+0800][2098.251s] GC(414) Metaspace: 49444K->49444K(1093632K)
[2022-03-27T21:04:06.907+0800][2098.251s] GC(414) Pause Young (Allocation Failure) 172M->87M(490M) 3.392ms
[2022-03-27T21:04:06.907+0800][2098.251s] GC(414) User=0.01s Sys=0.00s Real=0.00s
[2022-03-27T21:04:07.213+0800][2098.557s] GC(415) Pause Young (Allocation Failure)
[2022-03-27T21:04:07.213+0800][2098.557s] GC(415) Using 4 workers of 4 for evacuation
[2022-03-27T21:04:07.216+0800][2098.560s] GC(415) ParNew: 95759K->11116K(109248K)
[2022-03-27T21:04:07.216+0800][2098.560s] GC(415) CMS: 80785K->81069K(393216K)
[2022-03-27T21:04:07.216+0800][2098.560s] GC(415) Metaspace: 49444K->49444K(1093632K)
[2022-03-27T21:04:07.216+0800][2098.560s] GC(415) Pause Young (Allocation Failure) 172M->90M(490M) 3.246ms
[2022-03-27T21:04:07.216+0800][2098.560s] GC(415) User=0.01s Sys=0.00s Real=0.00s
[2022-03-27T21:04:07.432+0800][2098.776s] GC(416) Pause Young (Allocation Failure)
[2022-03-27T21:04:07.432+0800][2098.776s] GC(416) Using 4 workers of 4 for evacuation
[2022-03-27T21:04:07.437+0800][2098.781s] GC(416) ParNew: 98533K->10511K(109248K)
[2022-03-27T21:04:07.439+0800][2098.783s] GC(416) CMS: 81069K->81479K(393216K)
[2022-03-27T21:04:07.439+0800][2098.783s] GC(416) Metaspace: 49444K->49444K(1093632K)
[2022-03-27T21:04:07.439+0800][2098.784s] GC(416) Pause Young (Allocation Failure) 175M->89M(490M) 7.629ms
[2022-03-27T21:04:07.439+0800][2098.784s] GC(416) User=0.02s Sys=0.00s Real=0.00s
[2022-03-27T21:04:07.556+0800][2098.901s] GC(417) Pause Young (Allocation Failure)
[2022-03-27T21:04:07.557+0800][2098.901s] GC(417) Using 4 workers of 4 for evacuation
[2022-03-27T21:04:07.559+0800][2098.903s] GC(417) ParNew: 97935K->12550K(109248K)
[2022-03-27T21:04:07.559+0800][2098.903s] GC(417) CMS: 81479K->81786K(393216K)
[2022-03-27T21:04:07.559+0800][2098.903s] GC(417) Metaspace: 49448K->49448K(1093632K)
[2022-03-27T21:04:07.559+0800][2098.903s] GC(417) Pause Young (Allocation Failure) 175M->92M(490M) 2.808ms
[2022-03-27T21:04:07.559+0800][2098.903s] GC(417) User=0.01s Sys=0.00s Real=0.00s
[2022-03-27T21:04:07.699+0800][2099.043s] GC(418) Pause Young (Allocation Failure)
[2022-03-27T21:04:07.699+0800][2099.043s] GC(418) Using 4 workers of 4 for evacuation
[2022-03-27T21:04:07.702+0800][2099.046s] GC(418) ParNew: 99974K->11519K(109248K)
[2022-03-27T21:04:07.702+0800][2099.046s] GC(418) CMS: 81786K->82142K(393216K)
[2022-03-27T21:04:07.702+0800][2099.046s] GC(418) Metaspace: 49448K->49448K(1093632K)
[2022-03-27T21:04:07.702+0800][2099.046s] GC(418) Pause Young (Allocation Failure) 177M->91M(490M) 2.795ms
[2022-03-27T21:04:07.702+0800][2099.046s] GC(418) User=0.01s Sys=0.00s Real=0.01s
[2022-03-27T21:04:10.108+0800][2101.452s] GC(419) Pause Young (Allocation Failure)
[2022-03-27T21:04:10.108+0800][2101.452s] GC(419) Using 4 workers of 4 for evacuation
[2022-03-27T21:04:10.112+0800][2101.456s] GC(419) ParNew: 98549K->13835K(109248K)
[2022-03-27T21:04:10.112+0800][2101.456s] GC(419) CMS: 82142K->82486K(393216K)
[2022-03-27T21:04:10.112+0800][2101.456s] GC(419) Metaspace: 49455K->49455K(1093632K)
[2022-03-27T21:04:10.112+0800][2101.456s] GC(419) Pause Young (Allocation Failure) 176M->94M(490M) 3.952ms
[2022-03-27T21:04:10.112+0800][2101.456s] GC(419) User=0.01s Sys=0.00s Real=0.01s
[2022-03-27T21:04:10.229+0800][2101.573s] GC(420) Pause Young (Allocation Failure)
[2022-03-27T21:04:10.229+0800][2101.573s] GC(420) Using 4 workers of 4 for evacuation
[2022-03-27T21:04:10.231+0800][2101.575s] GC(420) ParNew: 101259K->8689K(109248K)
[2022-03-27T21:04:10.231+0800][2101.575s] GC(420) CMS: 82486K->85773K(393216K)
[2022-03-27T21:04:10.231+0800][2101.575s] GC(420) Metaspace: 49459K->49459K(1093632K)
[2022-03-27T21:04:10.231+0800][2101.575s] GC(420) Pause Young (Allocation Failure) 179M->92M(490M) 2.561ms
[2022-03-27T21:04:10.231+0800][2101.575s] GC(420) User=0.00s Sys=0.00s Real=0.01s
[2022-03-27T21:04:10.517+0800][2101.862s] GC(421) Pause Young (Allocation Failure)
[2022-03-27T21:04:10.518+0800][2101.862s] GC(421) Using 4 workers of 4 for evacuation
[2022-03-27T21:04:10.520+0800][2101.864s] GC(421) ParNew: 96113K->8640K(109248K)
[2022-03-27T21:04:10.520+0800][2101.864s] GC(421) CMS: 85773K->86189K(393216K)
[2022-03-27T21:04:10.520+0800][2101.864s] GC(421) Metaspace: 49460K->49460K(1093632K)
[2022-03-27T21:04:10.520+0800][2101.864s] GC(421) Pause Young (Allocation Failure) 177M->92M(490M) 2.271ms
[2022-03-27T21:04:10.520+0800][2101.864s] GC(421) User=0.01s Sys=0.00s Real=0.01s
[2022-03-27T21:04:10.801+0800][2102.145s] GC(422) Pause Young (Allocation Failure)
[2022-03-27T21:04:10.801+0800][2102.145s] GC(422) Using 4 workers of 4 for evacuation
[2022-03-27T21:04:10.803+0800][2102.147s] GC(422) ParNew: 96064K->8967K(109248K)
[2022-03-27T21:04:10.803+0800][2102.147s] GC(422) CMS: 86189K->86872K(393216K)
[2022-03-27T21:04:10.803+0800][2102.147s] GC(422) Metaspace: 49460K->49460K(1093632K)
[2022-03-27T21:04:10.803+0800][2102.147s] GC(422) Pause Young (Allocation Failure) 177M->93M(490M) 2.448ms
[2022-03-27T21:04:10.803+0800][2102.147s] GC(422) User=0.01s Sys=0.00s Real=0.00s
[2022-03-27T21:04:11.094+0800][2102.438s] GC(423) Pause Young (Allocation Failure)
[2022-03-27T21:04:11.094+0800][2102.438s] GC(423) Using 4 workers of 4 for evacuation
[2022-03-27T21:04:11.096+0800][2102.441s] GC(423) ParNew: 96391K->8062K(109248K)
[2022-03-27T21:04:11.097+0800][2102.441s] GC(423) CMS: 86872K->87474K(393216K)
[2022-03-27T21:04:11.097+0800][2102.441s] GC(423) Metaspace: 49460K->49460K(1093632K)
[2022-03-27T21:04:11.097+0800][2102.441s] GC(423) Pause Young (Allocation Failure) 178M->93M(490M) 2.345ms
[2022-03-27T21:04:11.097+0800][2102.441s] GC(423) User=0.01s Sys=0.00s Real=0.00s
[2022-03-27T21:04:11.441+0800][2102.785s] GC(424) Pause Young (Allocation Failure)
[2022-03-27T21:04:11.441+0800][2102.785s] GC(424) Using 4 workers of 4 for evacuation
[2022-03-27T21:04:11.443+0800][2102.787s] GC(424) ParNew: 95486K->9384K(109248K)
[2022-03-27T21:04:11.443+0800][2102.787s] GC(424) CMS: 87474K->88179K(393216K)
[2022-03-27T21:04:11.443+0800][2102.787s] GC(424) Metaspace: 49460K->49460K(1093632K)
[2022-03-27T21:04:11.443+0800][2102.787s] GC(424) Pause Young (Allocation Failure) 178M->95M(490M) 2.160ms
[2022-03-27T21:04:11.443+0800][2102.787s] GC(424) User=0.00s Sys=0.00s Real=0.00s
[2022-03-27T21:04:11.733+0800][2103.077s] GC(425) Pause Young (Allocation Failure)
[2022-03-27T21:04:11.733+0800][2103.077s] GC(425) Using 4 workers of 4 for evacuation
[2022-03-27T21:04:11.735+0800][2103.079s] GC(425) ParNew: 96808K->10194K(109248K)
[2022-03-27T21:04:11.735+0800][2103.079s] GC(425) CMS: 88179K->88216K(393216K)
[2022-03-27T21:04:11.735+0800][2103.079s] GC(425) Metaspace: 49461K->49461K(1093632K)
[2022-03-27T21:04:11.735+0800][2103.079s] GC(425) Pause Young (Allocation Failure) 180M->96M(490M) 2.053ms
[2022-03-27T21:04:11.735+0800][2103.079s] GC(425) User=0.00s Sys=0.00s Real=0.00s
[2022-03-27T21:04:12.049+0800][2103.393s] GC(426) Pause Young (Allocation Failure)
[2022-03-27T21:04:12.049+0800][2103.393s] GC(426) Using 4 workers of 4 for evacuation
[2022-03-27T21:04:12.051+0800][2103.395s] GC(426) ParNew: 97618K->8918K(109248K)
[2022-03-27T21:04:12.051+0800][2103.395s] GC(426) CMS: 88216K->88226K(393216K)
[2022-03-27T21:04:12.051+0800][2103.395s] GC(426) Metaspace: 49461K->49461K(1093632K)
[2022-03-27T21:04:12.051+0800][2103.395s] GC(426) Pause Young (Allocation Failure) 181M->94M(490M) 2.193ms
[2022-03-27T21:04:12.051+0800][2103.395s] GC(426) User=0.00s Sys=0.00s Real=0.01s
[2022-03-27T21:04:12.353+0800][2103.697s] GC(427) Pause Young (Allocation Failure)
[2022-03-27T21:04:12.353+0800][2103.697s] GC(427) Using 4 workers of 4 for evacuation
[2022-03-27T21:04:12.355+0800][2103.699s] GC(427) ParNew: 96342K->11244K(109248K)
[2022-03-27T21:04:12.355+0800][2103.699s] GC(427) CMS: 88226K->88262K(393216K)
[2022-03-27T21:04:12.355+0800][2103.699s] GC(427) Metaspace: 49461K->49461K(1093632K)
[2022-03-27T21:04:12.355+0800][2103.699s] GC(427) Pause Young (Allocation Failure) 180M->97M(490M) 2.117ms
[2022-03-27T21:04:12.355+0800][2103.699s] GC(427) User=0.01s Sys=0.00s Real=0.00s
[2022-03-27T21:04:12.617+0800][2103.961s] GC(428) Pause Young (Allocation Failure)
[2022-03-27T21:04:12.617+0800][2103.961s] GC(428) Using 4 workers of 4 for evacuation
[2022-03-27T21:04:12.620+0800][2103.964s] GC(428) ParNew: 98668K->7193K(109248K)
[2022-03-27T21:04:12.620+0800][2103.964s] GC(428) CMS: 88262K->91793K(393216K)
[2022-03-27T21:04:12.620+0800][2103.964s] GC(428) Metaspace: 49461K->49461K(1093632K)
[2022-03-27T21:04:12.620+0800][2103.964s] GC(428) Pause Young (Allocation Failure) 182M->96M(490M) 3.168ms
[2022-03-27T21:04:12.620+0800][2103.964s] GC(428) User=0.01s Sys=0.00s Real=0.01s
[2022-03-27T21:04:12.972+0800][2104.316s] GC(429) Pause Young (Allocation Failure)
[2022-03-27T21:04:12.972+0800][2104.316s] GC(429) Using 4 workers of 4 for evacuation
[2022-03-27T21:04:12.974+0800][2104.318s] GC(429) ParNew: 94505K->6487K(109248K)
[2022-03-27T21:04:12.974+0800][2104.318s] GC(429) CMS: 91793K->92126K(393216K)
[2022-03-27T21:04:12.974+0800][2104.318s] GC(429) Metaspace: 49461K->49461K(1093632K)
[2022-03-27T21:04:12.974+0800][2104.318s] GC(429) Pause Young (Allocation Failure) 181M->96M(490M) 2.007ms
[2022-03-27T21:04:12.974+0800][2104.318s] GC(429) User=0.01s Sys=0.00s Real=0.00s
[2022-03-27T21:04:13.285+0800][2104.629s] GC(430) Pause Young (Allocation Failure)
[2022-03-27T21:04:13.285+0800][2104.629s] GC(430) Using 4 workers of 4 for evacuation
[2022-03-27T21:04:13.287+0800][2104.631s] GC(430) ParNew: 93911K->6147K(109248K)
[2022-03-27T21:04:13.287+0800][2104.631s] GC(430) CMS: 92126K->92498K(393216K)
[2022-03-27T21:04:13.287+0800][2104.631s] GC(430) Metaspace: 49461K->49461K(1093632K)
[2022-03-27T21:04:13.287+0800][2104.631s] GC(430) Pause Young (Allocation Failure) 181M->96M(490M) 2.331ms
[2022-03-27T21:04:13.287+0800][2104.632s] GC(430) User=0.00s Sys=0.00s Real=0.00s
[2022-03-27T21:04:13.614+0800][2104.958s] GC(431) Pause Young (Allocation Failure)
[2022-03-27T21:04:13.614+0800][2104.958s] GC(431) Using 4 workers of 4 for evacuation
[2022-03-27T21:04:13.616+0800][2104.960s] GC(431) ParNew: 93571K->6557K(109248K)
[2022-03-27T21:04:13.616+0800][2104.960s] GC(431) CMS: 92498K->92876K(393216K)
[2022-03-27T21:04:13.616+0800][2104.960s] GC(431) Metaspace: 49461K->49461K(1093632K)
[2022-03-27T21:04:13.616+0800][2104.960s] GC(431) Pause Young (Allocation Failure) 181M->97M(490M) 2.223ms
[2022-03-27T21:04:13.616+0800][2104.960s] GC(431) User=0.01s Sys=0.00s Real=0.00s
[2022-03-27T21:04:13.919+0800][2105.263s] GC(432) Pause Young (Allocation Failure)
[2022-03-27T21:04:13.919+0800][2105.263s] GC(432) Using 4 workers of 4 for evacuation
[2022-03-27T21:04:13.922+0800][2105.266s] GC(432) ParNew: 93981K->6562K(109248K)
[2022-03-27T21:04:13.922+0800][2105.266s] GC(432) CMS: 92876K->93448K(393216K)
[2022-03-27T21:04:13.922+0800][2105.266s] GC(432) Metaspace: 49461K->49461K(1093632K)
[2022-03-27T21:04:13.922+0800][2105.266s] GC(432) Pause Young (Allocation Failure) 182M->97M(490M) 3.298ms
[2022-03-27T21:04:13.922+0800][2105.266s] GC(432) User=0.02s Sys=0.00s Real=0.01s
[2022-03-27T21:04:14.224+0800][2105.568s] GC(433) Pause Young (Allocation Failure)
[2022-03-27T21:04:14.224+0800][2105.568s] GC(433) Using 4 workers of 4 for evacuation
[2022-03-27T21:04:14.226+0800][2105.570s] GC(433) ParNew: 93986K->7778K(109248K)
[2022-03-27T21:04:14.226+0800][2105.570s] GC(433) CMS: 93448K->93831K(393216K)
[2022-03-27T21:04:14.226+0800][2105.570s] GC(433) Metaspace: 49461K->49461K(1093632K)
[2022-03-27T21:04:14.226+0800][2105.570s] GC(433) Pause Young (Allocation Failure) 183M->99M(490M) 1.969ms
[2022-03-27T21:04:14.226+0800][2105.570s] GC(433) User=0.00s Sys=0.00s Real=0.00s
[2022-03-27T21:04:14.514+0800][2105.858s] GC(434) Pause Young (Allocation Failure)
[2022-03-27T21:04:14.514+0800][2105.858s] GC(434) Using 4 workers of 4 for evacuation
[2022-03-27T21:04:14.516+0800][2105.860s] GC(434) ParNew: 95202K->6937K(109248K)
[2022-03-27T21:04:14.516+0800][2105.860s] GC(434) CMS: 93831K->94166K(393216K)
[2022-03-27T21:04:14.516+0800][2105.860s] GC(434) Metaspace: 49482K->49482K(1093632K)
[2022-03-27T21:04:14.516+0800][2105.861s] GC(434) Pause Young (Allocation Failure) 184M->98M(490M) 2.116ms
[2022-03-27T21:04:14.516+0800][2105.861s] GC(434) User=0.01s Sys=0.00s Real=0.00s
[2022-03-27T21:04:14.820+0800][2106.164s] GC(435) Pause Young (Allocation Failure)
[2022-03-27T21:04:14.820+0800][2106.164s] GC(435) Using 4 workers of 4 for evacuation
[2022-03-27T21:04:14.822+0800][2106.166s] GC(435) ParNew: 94361K->6684K(109248K)
[2022-03-27T21:04:14.822+0800][2106.166s] GC(435) CMS: 94166K->94448K(393216K)
[2022-03-27T21:04:14.822+0800][2106.166s] GC(435) Metaspace: 49570K->49570K(1093632K)
[2022-03-27T21:04:14.822+0800][2106.166s] GC(435) Pause Young (Allocation Failure) 184M->98M(490M) 2.264ms
[2022-03-27T21:04:14.822+0800][2106.166s] GC(435) User=0.01s Sys=0.00s Real=0.00s
[2022-03-27T21:04:15.106+0800][2106.450s] GC(436) Pause Young (Allocation Failure)
[2022-03-27T21:04:15.106+0800][2106.450s] GC(436) Using 4 workers of 4 for evacuation
[2022-03-27T21:04:15.108+0800][2106.452s] GC(436) ParNew: 94108K->8209K(109248K)
[2022-03-27T21:04:15.108+0800][2106.452s] GC(436) CMS: 94448K->94757K(393216K)
[2022-03-27T21:04:15.108+0800][2106.452s] GC(436) Metaspace: 49570K->49570K(1093632K)
[2022-03-27T21:04:15.108+0800][2106.452s] GC(436) Pause Young (Allocation Failure) 184M->100M(490M) 2.110ms
[2022-03-27T21:04:15.108+0800][2106.452s] GC(436) User=0.01s Sys=0.00s Real=0.00s
[2022-03-27T21:04:15.403+0800][2106.747s] GC(437) Pause Young (Allocation Failure)
[2022-03-27T21:04:15.403+0800][2106.747s] GC(437) Using 4 workers of 4 for evacuation
[2022-03-27T21:04:15.405+0800][2106.749s] GC(437) ParNew: 95633K->7401K(109248K)
[2022-03-27T21:04:15.405+0800][2106.749s] GC(437) CMS: 94757K->95118K(393216K)
[2022-03-27T21:04:15.405+0800][2106.749s] GC(437) Metaspace: 49570K->49570K(1093632K)
[2022-03-27T21:04:15.405+0800][2106.749s] GC(437) Pause Young (Allocation Failure) 185M->100M(490M) 1.948ms
[2022-03-27T21:04:15.405+0800][2106.749s] GC(437) User=0.01s Sys=0.00s Real=0.00s
[2022-03-27T21:04:15.758+0800][2107.102s] GC(438) Pause Young (Allocation Failure)
[2022-03-27T21:04:15.758+0800][2107.102s] GC(438) Using 4 workers of 4 for evacuation
[2022-03-27T21:04:15.760+0800][2107.104s] GC(438) ParNew: 94825K->7228K(109248K)
[2022-03-27T21:04:15.760+0800][2107.104s] GC(438) CMS: 95118K->95855K(393216K)
[2022-03-27T21:04:15.760+0800][2107.104s] GC(438) Metaspace: 49570K->49570K(1093632K)
[2022-03-27T21:04:15.760+0800][2107.104s] GC(438) Pause Young (Allocation Failure) 185M->100M(490M) 2.060ms
[2022-03-27T21:04:15.760+0800][2107.104s] GC(438) User=0.00s Sys=0.00s Real=0.01s
[2022-03-27T21:04:16.075+0800][2107.420s] GC(439) Pause Young (Allocation Failure)
[2022-03-27T21:04:16.076+0800][2107.420s] GC(439) Using 4 workers of 4 for evacuation
[2022-03-27T21:04:16.077+0800][2107.421s] GC(439) ParNew: 94652K->6929K(109248K)
[2022-03-27T21:04:16.077+0800][2107.422s] GC(439) CMS: 95855K->96337K(393216K)
[2022-03-27T21:04:16.077+0800][2107.422s] GC(439) Metaspace: 49570K->49570K(1093632K)
[2022-03-27T21:04:16.077+0800][2107.422s] GC(439) Pause Young (Allocation Failure) 186M->100M(490M) 2.035ms
[2022-03-27T21:04:16.078+0800][2107.422s] GC(439) User=0.01s Sys=0.00s Real=0.00s
[2022-03-27T21:04:16.409+0800][2107.753s] GC(440) Pause Young (Allocation Failure)
[2022-03-27T21:04:16.409+0800][2107.753s] GC(440) Using 4 workers of 4 for evacuation
[2022-03-27T21:04:16.411+0800][2107.755s] GC(440) ParNew: 94353K->8528K(109248K)
[2022-03-27T21:04:16.411+0800][2107.755s] GC(440) CMS: 96337K->96686K(393216K)
[2022-03-27T21:04:16.411+0800][2107.755s] GC(440) Metaspace: 49570K->49570K(1093632K)
[2022-03-27T21:04:16.411+0800][2107.755s] GC(440) Pause Young (Allocation Failure) 186M->102M(490M) 2.109ms
[2022-03-27T21:04:16.411+0800][2107.755s] GC(440) User=0.01s Sys=0.00s Real=0.01s
[2022-03-27T21:04:16.711+0800][2108.055s] GC(441) Pause Young (Allocation Failure)
[2022-03-27T21:04:16.711+0800][2108.055s] GC(441) Using 4 workers of 4 for evacuation
[2022-03-27T21:04:16.713+0800][2108.057s] GC(441) ParNew: 95952K->8311K(109248K)
[2022-03-27T21:04:16.713+0800][2108.057s] GC(441) CMS: 96686K->97084K(393216K)
[2022-03-27T21:04:16.713+0800][2108.057s] GC(441) Metaspace: 49570K->49570K(1093632K)
[2022-03-27T21:04:16.713+0800][2108.057s] GC(441) Pause Young (Allocation Failure) 188M->102M(490M) 2.175ms
[2022-03-27T21:04:16.713+0800][2108.057s] GC(441) User=0.01s Sys=0.00s Real=0.00s
[2022-03-27T21:04:17.003+0800][2108.347s] GC(442) Pause Young (Allocation Failure)
[2022-03-27T21:04:17.003+0800][2108.347s] GC(442) Using 4 workers of 4 for evacuation
[2022-03-27T21:04:17.005+0800][2108.349s] GC(442) ParNew: 95735K->7630K(109248K)
[2022-03-27T21:04:17.005+0800][2108.349s] GC(442) CMS: 97084K->97538K(393216K)
[2022-03-27T21:04:17.005+0800][2108.349s] GC(442) Metaspace: 49570K->49570K(1093632K)
[2022-03-27T21:04:17.005+0800][2108.349s] GC(442) Pause Young (Allocation Failure) 188M->102M(490M) 2.087ms
[2022-03-27T21:04:17.005+0800][2108.349s] GC(442) User=0.00s Sys=0.00s Real=0.00s
[2022-03-27T21:04:17.289+0800][2108.633s] GC(443) Pause Young (Allocation Failure)
[2022-03-27T21:04:17.289+0800][2108.633s] GC(443) Using 4 workers of 4 for evacuation
[2022-03-27T21:04:17.291+0800][2108.635s] GC(443) ParNew: 95054K->9661K(109248K)
[2022-03-27T21:04:17.291+0800][2108.635s] GC(443) CMS: 97538K->97907K(393216K)
[2022-03-27T21:04:17.291+0800][2108.635s] GC(443) Metaspace: 49570K->49570K(1093632K)
[2022-03-27T21:04:17.291+0800][2108.635s] GC(443) Pause Young (Allocation Failure) 188M->105M(490M) 2.162ms
[2022-03-27T21:04:17.291+0800][2108.635s] GC(443) User=0.01s Sys=0.00s Real=0.01s
[2022-03-27T21:04:17.594+0800][2108.938s] GC(444) Pause Young (Allocation Failure)
[2022-03-27T21:04:17.594+0800][2108.938s] GC(444) Using 4 workers of 4 for evacuation
[2022-03-27T21:04:17.596+0800][2108.940s] GC(444) ParNew: 97085K->9158K(109248K)
[2022-03-27T21:04:17.596+0800][2108.941s] GC(444) CMS: 97907K->98158K(393216K)
[2022-03-27T21:04:17.596+0800][2108.941s] GC(444) Metaspace: 49570K->49570K(1093632K)
[2022-03-27T21:04:17.596+0800][2108.941s] GC(444) Pause Young (Allocation Failure) 190M->104M(490M) 2.185ms
[2022-03-27T21:04:17.596+0800][2108.941s] GC(444) User=0.01s Sys=0.00s Real=0.00s
[2022-03-27T21:04:17.895+0800][2109.239s] GC(445) Pause Young (Allocation Failure)
[2022-03-27T21:04:17.895+0800][2109.239s] GC(445) Using 4 workers of 4 for evacuation
[2022-03-27T21:04:17.898+0800][2109.242s] GC(445) ParNew: 96582K->9926K(109248K)
[2022-03-27T21:04:17.898+0800][2109.242s] GC(445) CMS: 98158K->98573K(393216K)
[2022-03-27T21:04:17.898+0800][2109.242s] GC(445) Metaspace: 49570K->49570K(1093632K)
[2022-03-27T21:04:17.898+0800][2109.242s] GC(445) Pause Young (Allocation Failure) 190M->105M(490M) 3.053ms
[2022-03-27T21:04:17.898+0800][2109.242s] GC(445) User=0.01s Sys=0.00s Real=0.00s
[2022-03-27T21:04:18.191+0800][2109.535s] GC(446) Pause Young (Allocation Failure)
[2022-03-27T21:04:18.191+0800][2109.535s] GC(446) Using 4 workers of 4 for evacuation
[2022-03-27T21:04:18.193+0800][2109.537s] GC(446) ParNew: 97350K->10224K(109248K)
[2022-03-27T21:04:18.193+0800][2109.537s] GC(446) CMS: 98573K->98978K(393216K)
[2022-03-27T21:04:18.193+0800][2109.537s] GC(446) Metaspace: 49570K->49570K(1093632K)
[2022-03-27T21:04:18.193+0800][2109.537s] GC(446) Pause Young (Allocation Failure) 191M->106M(490M) 2.309ms
[2022-03-27T21:04:18.193+0800][2109.537s] GC(446) User=0.01s Sys=0.00s Real=0.00s
[2022-03-27T21:04:18.536+0800][2109.880s] GC(447) Pause Young (Allocation Failure)
[2022-03-27T21:04:18.536+0800][2109.880s] GC(447) Using 4 workers of 4 for evacuation
[2022-03-27T21:04:18.538+0800][2109.882s] GC(447) ParNew: 97648K->9070K(109248K)
[2022-03-27T21:04:18.538+0800][2109.883s] GC(447) CMS: 98978K->99271K(393216K)
[2022-03-27T21:04:18.538+0800][2109.883s] GC(447) Metaspace: 49570K->49570K(1093632K)
[2022-03-27T21:04:18.538+0800][2109.883s] GC(447) Pause Young (Allocation Failure) 192M->105M(490M) 2.722ms
[2022-03-27T21:04:18.539+0800][2109.883s] GC(447) User=0.01s Sys=0.00s Real=0.00s
[2022-03-27T21:04:18.877+0800][2110.221s] GC(448) Pause Young (Allocation Failure)
[2022-03-27T21:04:18.877+0800][2110.221s] GC(448) Using 4 workers of 4 for evacuation
[2022-03-27T21:04:18.880+0800][2110.224s] GC(448) ParNew: 96494K->9068K(109248K)
[2022-03-27T21:04:18.880+0800][2110.224s] GC(448) CMS: 99271K->100383K(393216K)
[2022-03-27T21:04:18.880+0800][2110.224s] GC(448) Metaspace: 49570K->49570K(1093632K)
[2022-03-27T21:04:18.880+0800][2110.224s] GC(448) Pause Young (Allocation Failure) 191M->106M(490M) 2.564ms
[2022-03-27T21:04:18.880+0800][2110.224s] GC(448) User=0.00s Sys=0.00s Real=0.01s
[2022-03-27T21:04:19.209+0800][2110.553s] GC(449) Pause Young (Allocation Failure)
[2022-03-27T21:04:19.209+0800][2110.553s] GC(449) Using 4 workers of 4 for evacuation
[2022-03-27T21:04:19.212+0800][2110.556s] GC(449) ParNew: 96492K->9105K(109248K)
[2022-03-27T21:04:19.212+0800][2110.556s] GC(449) CMS: 100383K->100754K(393216K)
[2022-03-27T21:04:19.212+0800][2110.556s] GC(449) Metaspace: 49570K->49570K(1093632K)
[2022-03-27T21:04:19.212+0800][2110.556s] GC(449) Pause Young (Allocation Failure) 192M->107M(490M) 2.423ms
[2022-03-27T21:04:19.212+0800][2110.556s] GC(449) User=0.01s Sys=0.00s Real=0.01s
[2022-03-27T21:04:19.523+0800][2110.867s] GC(450) Pause Young (Allocation Failure)
[2022-03-27T21:04:19.523+0800][2110.867s] GC(450) Using 4 workers of 4 for evacuation
[2022-03-27T21:04:19.525+0800][2110.869s] GC(450) ParNew: 96529K->8499K(109248K)
[2022-03-27T21:04:19.525+0800][2110.869s] GC(450) CMS: 100754K->101074K(393216K)
[2022-03-27T21:04:19.525+0800][2110.869s] GC(450) Metaspace: 49570K->49570K(1093632K)
[2022-03-27T21:04:19.525+0800][2110.869s] GC(450) Pause Young (Allocation Failure) 192M->107M(490M) 2.459ms
[2022-03-27T21:04:19.525+0800][2110.869s] GC(450) User=0.01s Sys=0.00s Real=0.00s
[2022-03-27T21:04:19.826+0800][2111.170s] GC(451) Pause Young (Allocation Failure)
[2022-03-27T21:04:19.826+0800][2111.170s] GC(451) Using 4 workers of 4 for evacuation
[2022-03-27T21:04:19.829+0800][2111.173s] GC(451) ParNew: 95923K->9376K(109248K)
[2022-03-27T21:04:19.829+0800][2111.173s] GC(451) CMS: 101074K->101362K(393216K)
[2022-03-27T21:04:19.829+0800][2111.173s] GC(451) Metaspace: 49570K->49570K(1093632K)
[2022-03-27T21:04:19.829+0800][2111.173s] GC(451) Pause Young (Allocation Failure) 192M->108M(490M) 2.544ms
[2022-03-27T21:04:19.829+0800][2111.173s] GC(451) User=0.01s Sys=0.00s Real=0.00s
[2022-03-27T21:04:20.127+0800][2111.471s] GC(452) Pause Young (Allocation Failure)
[2022-03-27T21:04:20.127+0800][2111.472s] GC(452) Using 4 workers of 4 for evacuation
[2022-03-27T21:04:20.130+0800][2111.474s] GC(452) ParNew: 96800K->9074K(109248K)
[2022-03-27T21:04:20.130+0800][2111.474s] GC(452) CMS: 101362K->101838K(393216K)
[2022-03-27T21:04:20.130+0800][2111.474s] GC(452) Metaspace: 49570K->49570K(1093632K)
[2022-03-27T21:04:20.130+0800][2111.474s] GC(452) Pause Young (Allocation Failure) 193M->108M(490M) 2.326ms
[2022-03-27T21:04:20.130+0800][2111.474s] GC(452) User=0.01s Sys=0.00s Real=0.01s
[2022-03-27T21:04:20.456+0800][2111.800s] GC(453) Pause Young (Allocation Failure)
[2022-03-27T21:04:20.456+0800][2111.800s] GC(453) Using 4 workers of 4 for evacuation
[2022-03-27T21:04:20.458+0800][2111.802s] GC(453) ParNew: 96498K->7198K(109248K)
[2022-03-27T21:04:20.458+0800][2111.802s] GC(453) CMS: 101838K->103213K(393216K)
[2022-03-27T21:04:20.458+0800][2111.802s] GC(453) Metaspace: 49570K->49570K(1093632K)
[2022-03-27T21:04:20.458+0800][2111.802s] GC(453) Pause Young (Allocation Failure) 193M->107M(490M) 2.307ms
[2022-03-27T21:04:20.458+0800][2111.802s] GC(453) User=0.00s Sys=0.00s Real=0.00s
[2022-03-27T21:04:20.782+0800][2112.126s] GC(454) Pause Young (Allocation Failure)
[2022-03-27T21:04:20.782+0800][2112.126s] GC(454) Using 4 workers of 4 for evacuation
[2022-03-27T21:04:20.785+0800][2112.129s] GC(454) ParNew: 94622K->7131K(109248K)
[2022-03-27T21:04:20.785+0800][2112.129s] GC(454) CMS: 103213K->103589K(393216K)
[2022-03-27T21:04:20.785+0800][2112.129s] GC(454) Metaspace: 49570K->49570K(1093632K)
[2022-03-27T21:04:20.785+0800][2112.129s] GC(454) Pause Young (Allocation Failure) 193M->108M(490M) 3.526ms
[2022-03-27T21:04:20.785+0800][2112.129s] GC(454) User=0.01s Sys=0.00s Real=0.00s
[2022-03-27T21:04:21.165+0800][2112.509s] GC(455) Pause Young (Allocation Failure)
[2022-03-27T21:04:21.165+0800][2112.509s] GC(455) Using 4 workers of 4 for evacuation
[2022-03-27T21:04:21.167+0800][2112.512s] GC(455) ParNew: 94555K->7895K(109248K)
[2022-03-27T21:04:21.168+0800][2112.512s] GC(455) CMS: 103589K->103932K(393216K)
[2022-03-27T21:04:21.168+0800][2112.512s] GC(455) Metaspace: 49570K->49570K(1093632K)
[2022-03-27T21:04:21.168+0800][2112.512s] GC(455) Pause Young (Allocation Failure) 193M->109M(490M) 2.423ms
[2022-03-27T21:04:21.168+0800][2112.512s] GC(455) User=0.01s Sys=0.00s Real=0.00s
[2022-03-27T21:04:21.473+0800][2112.817s] GC(456) Pause Young (Allocation Failure)
[2022-03-27T21:04:21.473+0800][2112.817s] GC(456) Using 4 workers of 4 for evacuation
[2022-03-27T21:04:21.475+0800][2112.820s] GC(456) ParNew: 95319K->9615K(109248K)
[2022-03-27T21:04:21.475+0800][2112.820s] GC(456) CMS: 103932K->104318K(393216K)
[2022-03-27T21:04:21.476+0800][2112.820s] GC(456) Metaspace: 49570K->49570K(1093632K)
[2022-03-27T21:04:21.476+0800][2112.820s] GC(456) Pause Young (Allocation Failure) 194M->111M(490M) 2.568ms
[2022-03-27T21:04:21.476+0800][2112.820s] GC(456) User=0.00s Sys=0.00s Real=0.00s
[2022-03-27T21:04:21.796+0800][2113.140s] GC(457) Pause Young (Allocation Failure)
[2022-03-27T21:04:21.796+0800][2113.140s] GC(457) Using 4 workers of 4 for evacuation
[2022-03-27T21:04:21.798+0800][2113.142s] GC(457) ParNew: 97039K->8554K(109248K)
[2022-03-27T21:04:21.798+0800][2113.142s] GC(457) CMS: 104318K->104638K(393216K)
[2022-03-27T21:04:21.798+0800][2113.142s] GC(457) Metaspace: 49570K->49570K(1093632K)
[2022-03-27T21:04:21.798+0800][2113.142s] GC(457) Pause Young (Allocation Failure) 196M->110M(490M) 2.378ms
[2022-03-27T21:04:21.798+0800][2113.142s] GC(457) User=0.01s Sys=0.00s Real=0.00s
[2022-03-27T21:04:22.102+0800][2113.446s] GC(458) Pause Young (Allocation Failure)
[2022-03-27T21:04:22.102+0800][2113.447s] GC(458) Using 4 workers of 4 for evacuation
[2022-03-27T21:04:22.105+0800][2113.449s] GC(458) ParNew: 95978K->8019K(109248K)
[2022-03-27T21:04:22.105+0800][2113.449s] GC(458) CMS: 104638K->104922K(393216K)
[2022-03-27T21:04:22.105+0800][2113.449s] GC(458) Metaspace: 49570K->49570K(1093632K)
[2022-03-27T21:04:22.105+0800][2113.449s] GC(458) Pause Young (Allocation Failure) 195M->110M(490M) 2.259ms
[2022-03-27T21:04:22.105+0800][2113.449s] GC(458) User=0.01s Sys=0.00s Real=0.00s
[2022-03-27T21:04:22.410+0800][2113.754s] GC(459) Pause Young (Allocation Failure)
[2022-03-27T21:04:22.410+0800][2113.754s] GC(459) Using 4 workers of 4 for evacuation
[2022-03-27T21:04:22.412+0800][2113.756s] GC(459) ParNew: 95443K->8288K(109248K)
[2022-03-27T21:04:22.412+0800][2113.756s] GC(459) CMS: 104922K->105215K(393216K)
[2022-03-27T21:04:22.412+0800][2113.756s] GC(459) Metaspace: 49570K->49570K(1093632K)
[2022-03-27T21:04:22.412+0800][2113.756s] GC(459) Pause Young (Allocation Failure) 195M->110M(490M) 2.166ms
[2022-03-27T21:04:22.412+0800][2113.756s] GC(459) User=0.01s Sys=0.00s Real=0.00s
[2022-03-27T21:04:22.515+0800][2113.859s] GC(460) Pause Young (Allocation Failure)
[2022-03-27T21:04:22.515+0800][2113.859s] GC(460) Using 4 workers of 4 for evacuation
[2022-03-27T21:04:22.518+0800][2113.862s] GC(460) ParNew: 95712K->11180K(109248K)
[2022-03-27T21:04:22.518+0800][2113.862s] GC(460) CMS: 105215K->105495K(393216K)
[2022-03-27T21:04:22.518+0800][2113.862s] GC(460) Metaspace: 49570K->49570K(1093632K)
[2022-03-27T21:04:22.518+0800][2113.862s] GC(460) Pause Young (Allocation Failure) 196M->113M(490M) 2.732ms
[2022-03-27T21:04:22.518+0800][2113.862s] GC(460) User=0.01s Sys=0.00s Real=0.00s
[2022-03-27T21:04:22.661+0800][2114.005s] GC(461) Pause Young (Allocation Failure)
[2022-03-27T21:04:22.661+0800][2114.005s] GC(461) Using 4 workers of 4 for evacuation
[2022-03-27T21:04:22.663+0800][2114.007s] GC(461) ParNew: 98604K->14637K(109248K)
[2022-03-27T21:04:22.663+0800][2114.007s] GC(461) CMS: 105495K->105970K(393216K)
[2022-03-27T21:04:22.663+0800][2114.007s] GC(461) Metaspace: 49570K->49570K(1093632K)
[2022-03-27T21:04:22.663+0800][2114.007s] GC(461) Pause Young (Allocation Failure) 199M->117M(490M) 2.239ms
[2022-03-27T21:04:22.663+0800][2114.007s] GC(461) User=0.01s Sys=0.00s Real=0.00s
[2022-03-27T21:04:23.354+0800][2114.698s] GC(462) Pause Young (Allocation Failure)
[2022-03-27T21:04:23.360+0800][2114.704s] GC(462) Using 4 workers of 4 for evacuation
[2022-03-27T21:04:23.364+0800][2114.709s] GC(462) ParNew: 102061K->11996K(109248K)
[2022-03-27T21:04:23.365+0800][2114.709s] GC(462) CMS: 105970K->106394K(393216K)
[2022-03-27T21:04:23.365+0800][2114.709s] GC(462) Metaspace: 49570K->49570K(1093632K)
[2022-03-27T21:04:23.365+0800][2114.709s] GC(462) Pause Young (Allocation Failure) 203M->115M(490M) 10.779ms
[2022-03-27T21:04:23.365+0800][2114.709s] GC(462) User=0.01s Sys=0.00s Real=0.01s
[2022-03-27T21:04:25.822+0800][2117.166s] GC(463) Pause Young (Allocation Failure)
[2022-03-27T21:04:25.822+0800][2117.167s] GC(463) Using 4 workers of 4 for evacuation
[2022-03-27T21:04:25.825+0800][2117.169s] GC(463) ParNew: 99420K->13052K(109248K)
[2022-03-27T21:04:25.825+0800][2117.169s] GC(463) CMS: 106394K->107205K(393216K)
[2022-03-27T21:04:25.825+0800][2117.169s] GC(463) Metaspace: 49571K->49571K(1093632K)
[2022-03-27T21:04:25.825+0800][2117.169s] GC(463) Pause Young (Allocation Failure) 200M->117M(490M) 2.873ms
[2022-03-27T21:04:25.825+0800][2117.169s] GC(463) User=0.01s Sys=0.00s Real=0.00s
[2022-03-27T21:04:26.082+0800][2117.427s] GC(464) Pause Young (Allocation Failure)
[2022-03-27T21:04:26.083+0800][2117.427s] GC(464) Using 4 workers of 4 for evacuation
[2022-03-27T21:04:26.085+0800][2117.429s] GC(464) ParNew: 100476K->8819K(109248K)
[2022-03-27T21:04:26.085+0800][2117.429s] GC(464) CMS: 107205K->110418K(393216K)
[2022-03-27T21:04:26.085+0800][2117.429s] GC(464) Metaspace: 49576K->49576K(1093632K)
[2022-03-27T21:04:26.085+0800][2117.429s] GC(464) Pause Young (Allocation Failure) 202M->116M(490M) 2.654ms
[2022-03-27T21:04:26.085+0800][2117.429s] GC(464) User=0.00s Sys=0.00s Real=0.00s
[2022-03-27T21:04:26.384+0800][2117.728s] GC(465) Pause Young (Allocation Failure)
[2022-03-27T21:04:26.384+0800][2117.728s] GC(465) Using 4 workers of 4 for evacuation
[2022-03-27T21:04:26.386+0800][2117.730s] GC(465) ParNew: 96243K->8365K(109248K)
[2022-03-27T21:04:26.386+0800][2117.730s] GC(465) CMS: 110418K->110979K(393216K)
[2022-03-27T21:04:26.386+0800][2117.730s] GC(465) Metaspace: 49576K->49576K(1093632K)
[2022-03-27T21:04:26.386+0800][2117.730s] GC(465) Pause Young (Allocation Failure) 201M->116M(490M) 2.386ms
[2022-03-27T21:04:26.386+0800][2117.730s] GC(465) User=0.01s Sys=0.00s Real=0.00s
[2022-03-27T21:04:26.680+0800][2118.024s] GC(466) Pause Young (Allocation Failure)
[2022-03-27T21:04:26.680+0800][2118.024s] GC(466) Using 4 workers of 4 for evacuation
[2022-03-27T21:04:26.682+0800][2118.026s] GC(466) ParNew: 95789K->8960K(109248K)
[2022-03-27T21:04:26.682+0800][2118.026s] GC(466) CMS: 110979K->111345K(393216K)
[2022-03-27T21:04:26.682+0800][2118.026s] GC(466) Metaspace: 49576K->49576K(1093632K)
[2022-03-27T21:04:26.682+0800][2118.026s] GC(466) Pause Young (Allocation Failure) 201M->117M(490M) 2.489ms
[2022-03-27T21:04:26.682+0800][2118.026s] GC(466) User=0.01s Sys=0.00s Real=0.00s
[2022-03-27T21:04:26.969+0800][2118.314s] GC(467) Pause Young (Allocation Failure)
[2022-03-27T21:04:26.970+0800][2118.314s] GC(467) Using 4 workers of 4 for evacuation
[2022-03-27T21:04:26.972+0800][2118.316s] GC(467) ParNew: 96384K->8521K(109248K)
[2022-03-27T21:04:26.972+0800][2118.316s] GC(467) CMS: 111345K->112056K(393216K)
[2022-03-27T21:04:26.972+0800][2118.316s] GC(467) Metaspace: 49576K->49576K(1093632K)
[2022-03-27T21:04:26.972+0800][2118.316s] GC(467) Pause Young (Allocation Failure) 202M->117M(490M) 2.528ms
[2022-03-27T21:04:26.972+0800][2118.316s] GC(467) User=0.01s Sys=0.00s Real=0.01s
[2022-03-27T21:04:27.273+0800][2118.617s] GC(468) Pause Young (Allocation Failure)
[2022-03-27T21:04:27.273+0800][2118.617s] GC(468) Using 4 workers of 4 for evacuation
[2022-03-27T21:04:27.275+0800][2118.620s] GC(468) ParNew: 95945K->8551K(109248K)
[2022-03-27T21:04:27.275+0800][2118.620s] GC(468) CMS: 112056K->112225K(393216K)
[2022-03-27T21:04:27.275+0800][2118.620s] GC(468) Metaspace: 49576K->49576K(1093632K)
[2022-03-27T21:04:27.276+0800][2118.620s] GC(468) Pause Young (Allocation Failure) 203M->117M(490M) 2.251ms
[2022-03-27T21:04:27.276+0800][2118.620s] GC(468) User=0.01s Sys=0.00s Real=0.00s
[2022-03-27T21:04:27.589+0800][2118.933s] GC(469) Pause Young (Allocation Failure)
[2022-03-27T21:04:27.589+0800][2118.933s] GC(469) Using 4 workers of 4 for evacuation
[2022-03-27T21:04:27.592+0800][2118.936s] GC(469) ParNew: 95975K->10708K(109248K)
[2022-03-27T21:04:27.592+0800][2118.936s] GC(469) CMS: 112225K->112237K(393216K)
[2022-03-27T21:04:27.592+0800][2118.936s] GC(469) Metaspace: 49576K->49576K(1093632K)
[2022-03-27T21:04:27.592+0800][2118.936s] GC(469) Pause Young (Allocation Failure) 203M->120M(490M) 3.160ms
[2022-03-27T21:04:27.592+0800][2118.936s] GC(469) User=0.01s Sys=0.00s Real=0.01s
[2022-03-27T21:04:27.904+0800][2119.248s] GC(470) Pause Young (Allocation Failure)
[2022-03-27T21:04:27.917+0800][2119.261s] GC(470) Using 4 workers of 4 for evacuation
[2022-03-27T21:04:27.921+0800][2119.265s] GC(470) ParNew: 98132K->10868K(109248K)
[2022-03-27T21:04:27.921+0800][2119.265s] GC(470) CMS: 112237K->112254K(393216K)
[2022-03-27T21:04:27.921+0800][2119.265s] GC(470) Metaspace: 49576K->49576K(1093632K)
[2022-03-27T21:04:27.921+0800][2119.265s] GC(470) Pause Young (Allocation Failure) 205M->120M(490M) 16.980ms
[2022-03-27T21:04:27.921+0800][2119.265s] GC(470) User=0.02s Sys=0.00s Real=0.02s
[2022-03-27T21:04:28.225+0800][2119.569s] GC(471) Pause Young (Allocation Failure)
[2022-03-27T21:04:28.225+0800][2119.569s] GC(471) Using 4 workers of 4 for evacuation
[2022-03-27T21:04:28.228+0800][2119.572s] GC(471) ParNew: 98292K->6697K(109248K)
[2022-03-27T21:04:28.228+0800][2119.572s] GC(471) CMS: 112254K->114954K(393216K)
[2022-03-27T21:04:28.228+0800][2119.572s] GC(471) Metaspace: 49576K->49576K(1093632K)
[2022-03-27T21:04:28.228+0800][2119.572s] GC(471) Pause Young (Allocation Failure) 205M->118M(490M) 3.035ms
[2022-03-27T21:04:28.228+0800][2119.572s] GC(471) User=0.01s Sys=0.00s Real=0.00s
[2022-03-27T21:04:28.569+0800][2119.913s] GC(472) Pause Young (Allocation Failure)
[2022-03-27T21:04:28.569+0800][2119.913s] GC(472) Using 4 workers of 4 for evacuation
[2022-03-27T21:04:28.572+0800][2119.916s] GC(472) ParNew: 94121K->7384K(109248K)
[2022-03-27T21:04:28.572+0800][2119.916s] GC(472) CMS: 114954K->116178K(393216K)
[2022-03-27T21:04:28.572+0800][2119.916s] GC(472) Metaspace: 49576K->49576K(1093632K)
[2022-03-27T21:04:28.572+0800][2119.916s] GC(472) Pause Young (Allocation Failure) 204M->120M(490M) 2.758ms
[2022-03-27T21:04:28.572+0800][2119.916s] GC(472) User=0.01s Sys=0.00s Real=0.01s
[2022-03-27T21:04:28.898+0800][2120.242s] GC(473) Pause Young (Allocation Failure)
[2022-03-27T21:04:28.898+0800][2120.242s] GC(473) Using 4 workers of 4 for evacuation
[2022-03-27T21:04:28.901+0800][2120.245s] GC(473) ParNew: 94808K->7027K(109248K)
[2022-03-27T21:04:28.901+0800][2120.245s] GC(473) CMS: 116178K->116588K(393216K)
[2022-03-27T21:04:28.901+0800][2120.245s] GC(473) Metaspace: 49576K->49576K(1093632K)
[2022-03-27T21:04:28.901+0800][2120.245s] GC(473) Pause Young (Allocation Failure) 206M->120M(490M) 2.857ms
[2022-03-27T21:04:28.901+0800][2120.245s] GC(473) User=0.01s Sys=0.00s Real=0.01s
[2022-03-27T21:04:29.218+0800][2120.562s] GC(474) Pause Young (Allocation Failure)
[2022-03-27T21:04:29.218+0800][2120.562s] GC(474) Using 4 workers of 4 for evacuation
[2022-03-27T21:04:29.220+0800][2120.564s] GC(474) ParNew: 94451K->6619K(109248K)
[2022-03-27T21:04:29.220+0800][2120.564s] GC(474) CMS: 116588K->116900K(393216K)
[2022-03-27T21:04:29.220+0800][2120.564s] GC(474) Metaspace: 49576K->49576K(1093632K)
[2022-03-27T21:04:29.220+0800][2120.564s] GC(474) Pause Young (Allocation Failure) 206M->120M(490M) 2.475ms
[2022-03-27T21:04:29.220+0800][2120.564s] GC(474) User=0.01s Sys=0.00s Real=0.01s
[2022-03-27T21:04:29.514+0800][2120.858s] GC(475) Pause Young (Allocation Failure)
[2022-03-27T21:04:29.514+0800][2120.858s] GC(475) Using 4 workers of 4 for evacuation
[2022-03-27T21:04:29.516+0800][2120.860s] GC(475) ParNew: 94043K->8081K(109248K)
[2022-03-27T21:04:29.516+0800][2120.860s] GC(475) CMS: 116900K->117291K(393216K)
[2022-03-27T21:04:29.516+0800][2120.860s] GC(475) Metaspace: 49576K->49576K(1093632K)
[2022-03-27T21:04:29.516+0800][2120.860s] GC(475) Pause Young (Allocation Failure) 206M->122M(490M) 1.922ms
[2022-03-27T21:04:29.516+0800][2120.860s] GC(475) User=0.00s Sys=0.00s Real=0.00s
[2022-03-27T21:04:29.817+0800][2121.161s] GC(476) Pause Young (Allocation Failure)
[2022-03-27T21:04:29.817+0800][2121.161s] GC(476) Using 4 workers of 4 for evacuation
[2022-03-27T21:04:29.819+0800][2121.163s] GC(476) ParNew: 95505K->6505K(109248K)
[2022-03-27T21:04:29.819+0800][2121.163s] GC(476) CMS: 117291K->117697K(393216K)
[2022-03-27T21:04:29.819+0800][2121.163s] GC(476) Metaspace: 49576K->49576K(1093632K)
[2022-03-27T21:04:29.819+0800][2121.163s] GC(476) Pause Young (Allocation Failure) 207M->121M(490M) 2.209ms
[2022-03-27T21:04:29.819+0800][2121.163s] GC(476) User=0.01s Sys=0.00s Real=0.00s
[2022-03-27T21:04:30.127+0800][2121.471s] GC(477) Pause Young (Allocation Failure)
[2022-03-27T21:04:30.127+0800][2121.471s] GC(477) Using 4 workers of 4 for evacuation
[2022-03-27T21:04:30.130+0800][2121.474s] GC(477) ParNew: 93929K->8773K(109248K)
[2022-03-27T21:04:30.130+0800][2121.474s] GC(477) CMS: 117697K->118140K(393216K)
[2022-03-27T21:04:30.130+0800][2121.474s] GC(477) Metaspace: 49576K->49576K(1093632K)
[2022-03-27T21:04:30.130+0800][2121.474s] GC(477) Pause Young (Allocation Failure) 206M->123M(490M) 3.267ms
[2022-03-27T21:04:30.130+0800][2121.474s] GC(477) User=0.01s Sys=0.00s Real=0.01s
[2022-03-27T21:04:30.449+0800][2121.794s] GC(478) Pause Young (Allocation Failure)
[2022-03-27T21:04:30.450+0800][2121.794s] GC(478) Using 4 workers of 4 for evacuation
[2022-03-27T21:04:30.452+0800][2121.796s] GC(478) ParNew: 96197K->7394K(109248K)
[2022-03-27T21:04:30.452+0800][2121.796s] GC(478) CMS: 118140K->118453K(393216K)
[2022-03-27T21:04:30.452+0800][2121.796s] GC(478) Metaspace: 49576K->49576K(1093632K)
[2022-03-27T21:04:30.452+0800][2121.796s] GC(478) Pause Young (Allocation Failure) 209M->122M(490M) 2.255ms
[2022-03-27T21:04:30.452+0800][2121.796s] GC(478) User=0.01s Sys=0.01s Real=0.01s
[2022-03-27T21:04:30.747+0800][2122.091s] GC(479) Pause Young (Allocation Failure)
[2022-03-27T21:04:30.747+0800][2122.091s] GC(479) Using 4 workers of 4 for evacuation
[2022-03-27T21:04:30.749+0800][2122.093s] GC(479) ParNew: 94579K->6966K(109248K)
[2022-03-27T21:04:30.749+0800][2122.093s] GC(479) CMS: 118453K->118671K(393216K)
[2022-03-27T21:04:30.749+0800][2122.093s] GC(479) Metaspace: 49576K->49576K(1093632K)
[2022-03-27T21:04:30.749+0800][2122.093s] GC(479) Pause Young (Allocation Failure) 208M->122M(490M) 2.491ms
[2022-03-27T21:04:30.749+0800][2122.094s] GC(479) User=0.01s Sys=0.00s Real=0.00s
[2022-03-27T21:04:31.077+0800][2122.421s] GC(480) Pause Young (Allocation Failure)
[2022-03-27T21:04:31.077+0800][2122.421s] GC(480) Using 4 workers of 4 for evacuation
[2022-03-27T21:04:31.079+0800][2122.423s] GC(480) ParNew: 94390K->7584K(109248K)
[2022-03-27T21:04:31.079+0800][2122.423s] GC(480) CMS: 118671K->119503K(393216K)
[2022-03-27T21:04:31.079+0800][2122.423s] GC(480) Metaspace: 49576K->49576K(1093632K)
[2022-03-27T21:04:31.079+0800][2122.423s] GC(480) Pause Young (Allocation Failure) 208M->124M(490M) 2.276ms
[2022-03-27T21:04:31.079+0800][2122.423s] GC(480) User=0.01s Sys=0.00s Real=0.00s
[2022-03-27T21:04:31.429+0800][2122.773s] GC(481) Pause Young (Allocation Failure)
[2022-03-27T21:04:31.429+0800][2122.773s] GC(481) Using 4 workers of 4 for evacuation
[2022-03-27T21:04:31.431+0800][2122.775s] GC(481) ParNew: 95008K->6754K(109248K)
[2022-03-27T21:04:31.431+0800][2122.776s] GC(481) CMS: 119503K->119870K(393216K)
[2022-03-27T21:04:31.432+0800][2122.776s] GC(481) Metaspace: 49576K->49576K(1093632K)
[2022-03-27T21:04:31.432+0800][2122.776s] GC(481) Pause Young (Allocation Failure) 209M->123M(490M) 2.699ms
[2022-03-27T21:04:31.432+0800][2122.776s] GC(481) User=0.01s Sys=0.00s Real=0.01s
[2022-03-27T21:04:31.770+0800][2123.115s] GC(482) Pause Young (Allocation Failure)
[2022-03-27T21:04:31.771+0800][2123.115s] GC(482) Using 4 workers of 4 for evacuation
[2022-03-27T21:04:31.773+0800][2123.117s] GC(482) ParNew: 94178K->8143K(109248K)
[2022-03-27T21:04:31.773+0800][2123.117s] GC(482) CMS: 119870K->120265K(393216K)
[2022-03-27T21:04:31.773+0800][2123.117s] GC(482) Metaspace: 49576K->49576K(1093632K)
[2022-03-27T21:04:31.773+0800][2123.117s] GC(482) Pause Young (Allocation Failure) 209M->125M(490M) 2.221ms
[2022-03-27T21:04:31.773+0800][2123.117s] GC(482) User=0.00s Sys=0.00s Real=0.00s
[2022-03-27T21:04:32.068+0800][2123.412s] GC(483) Pause Young (Allocation Failure)
[2022-03-27T21:04:32.068+0800][2123.412s] GC(483) Using 4 workers of 4 for evacuation
[2022-03-27T21:04:32.070+0800][2123.414s] GC(483) ParNew: 95567K->6429K(109248K)
[2022-03-27T21:04:32.070+0800][2123.414s] GC(483) CMS: 120265K->120761K(393216K)
[2022-03-27T21:04:32.070+0800][2123.414s] GC(483) Metaspace: 49576K->49576K(1093632K)
[2022-03-27T21:04:32.070+0800][2123.414s] GC(483) Pause Young (Allocation Failure) 210M->124M(490M) 2.146ms
[2022-03-27T21:04:32.070+0800][2123.414s] GC(483) User=0.01s Sys=0.00s Real=0.01s
[2022-03-27T21:04:32.377+0800][2123.721s] GC(484) Pause Young (Allocation Failure)
[2022-03-27T21:04:32.377+0800][2123.721s] GC(484) Using 4 workers of 4 for evacuation
[2022-03-27T21:04:32.379+0800][2123.723s] GC(484) ParNew: 93853K->8199K(109248K)
[2022-03-27T21:04:32.379+0800][2123.723s] GC(484) CMS: 120761K->121213K(393216K)
[2022-03-27T21:04:32.379+0800][2123.723s] GC(484) Metaspace: 49576K->49576K(1093632K)
[2022-03-27T21:04:32.379+0800][2123.723s] GC(484) Pause Young (Allocation Failure) 209M->126M(490M) 2.153ms
[2022-03-27T21:04:32.379+0800][2123.723s] GC(484) User=0.01s Sys=0.00s Real=0.00s
[2022-03-27T21:04:32.678+0800][2124.022s] GC(485) Pause Young (Allocation Failure)
[2022-03-27T21:04:32.678+0800][2124.022s] GC(485) Using 4 workers of 4 for evacuation
[2022-03-27T21:04:32.680+0800][2124.024s] GC(485) ParNew: 95623K->7233K(109248K)
[2022-03-27T21:04:32.680+0800][2124.024s] GC(485) CMS: 121213K->121587K(393216K)
[2022-03-27T21:04:32.680+0800][2124.024s] GC(485) Metaspace: 49576K->49576K(1093632K)
[2022-03-27T21:04:32.680+0800][2124.024s] GC(485) Pause Young (Allocation Failure) 211M->125M(490M) 1.914ms
[2022-03-27T21:04:32.680+0800][2124.024s] GC(485) User=0.01s Sys=0.00s Real=0.01s
[2022-03-27T21:04:32.963+0800][2124.307s] GC(486) Pause Young (Allocation Failure)
[2022-03-27T21:04:32.963+0800][2124.307s] GC(486) Using 4 workers of 4 for evacuation
[2022-03-27T21:04:32.965+0800][2124.309s] GC(486) ParNew: 94657K->7107K(109248K)
[2022-03-27T21:04:32.965+0800][2124.309s] GC(486) CMS: 121587K->122047K(393216K)
[2022-03-27T21:04:32.965+0800][2124.309s] GC(486) Metaspace: 49576K->49576K(1093632K)
[2022-03-27T21:04:32.965+0800][2124.309s] GC(486) Pause Young (Allocation Failure) 211M->126M(490M) 1.962ms
[2022-03-27T21:04:32.965+0800][2124.309s] GC(486) User=0.01s Sys=0.00s Real=0.00s
[2022-03-27T21:04:33.258+0800][2124.602s] GC(487) Pause Young (Allocation Failure)
[2022-03-27T21:04:33.258+0800][2124.603s] GC(487) Using 4 workers of 4 for evacuation
[2022-03-27T21:04:33.260+0800][2124.604s] GC(487) ParNew: 94531K->7381K(109248K)
[2022-03-27T21:04:33.260+0800][2124.604s] GC(487) CMS: 122047K->122295K(393216K)
[2022-03-27T21:04:33.260+0800][2124.604s] GC(487) Metaspace: 49576K->49576K(1093632K)
[2022-03-27T21:04:33.260+0800][2124.605s] GC(487) Pause Young (Allocation Failure) 211M->126M(490M) 2.203ms
[2022-03-27T21:04:33.260+0800][2124.605s] GC(487) User=0.01s Sys=0.00s Real=0.01s
[2022-03-27T21:04:33.552+0800][2124.896s] GC(488) Pause Young (Allocation Failure)
[2022-03-27T21:04:33.552+0800][2124.896s] GC(488) Using 4 workers of 4 for evacuation
[2022-03-27T21:04:33.554+0800][2124.898s] GC(488) ParNew: 94805K->8836K(109248K)
[2022-03-27T21:04:33.554+0800][2124.898s] GC(488) CMS: 122295K->122641K(393216K)
[2022-03-27T21:04:33.554+0800][2124.898s] GC(488) Metaspace: 49576K->49576K(1093632K)
[2022-03-27T21:04:33.554+0800][2124.898s] GC(488) Pause Young (Allocation Failure) 212M->128M(490M) 2.171ms
[2022-03-27T21:04:33.554+0800][2124.898s] GC(488) User=0.01s Sys=0.00s Real=0.00s
[2022-03-27T21:04:33.858+0800][2125.202s] GC(489) Pause Young (Allocation Failure)
[2022-03-27T21:04:33.858+0800][2125.202s] GC(489) Using 4 workers of 4 for evacuation
[2022-03-27T21:04:33.859+0800][2125.203s] GC(489) ParNew: 96260K->9063K(109248K)
[2022-03-27T21:04:33.859+0800][2125.204s] GC(489) CMS: 122641K->122957K(393216K)
[2022-03-27T21:04:33.860+0800][2125.204s] GC(489) Metaspace: 49576K->49576K(1093632K)
[2022-03-27T21:04:33.860+0800][2125.204s] GC(489) Pause Young (Allocation Failure) 213M->128M(490M) 2.028ms
[2022-03-27T21:04:33.860+0800][2125.204s] GC(489) User=0.01s Sys=0.00s Real=0.01s
[2022-03-27T21:04:34.206+0800][2125.550s] GC(490) Pause Young (Allocation Failure)
[2022-03-27T21:04:34.206+0800][2125.550s] GC(490) Using 4 workers of 4 for evacuation
[2022-03-27T21:04:34.208+0800][2125.552s] GC(490) ParNew: 96487K->9140K(109248K)
[2022-03-27T21:04:34.208+0800][2125.552s] GC(490) CMS: 122957K->123329K(393216K)
[2022-03-27T21:04:34.208+0800][2125.552s] GC(490) Metaspace: 49576K->49576K(1093632K)
[2022-03-27T21:04:34.208+0800][2125.552s] GC(490) Pause Young (Allocation Failure) 214M->129M(490M) 2.050ms
[2022-03-27T21:04:34.208+0800][2125.552s] GC(490) User=0.00s Sys=0.00s Real=0.00s
[2022-03-27T21:04:34.522+0800][2125.866s] GC(491) Pause Young (Allocation Failure)
[2022-03-27T21:04:34.522+0800][2125.866s] GC(491) Using 4 workers of 4 for evacuation
[2022-03-27T21:04:34.524+0800][2125.868s] GC(491) ParNew: 96564K->8647K(109248K)
[2022-03-27T21:04:34.524+0800][2125.868s] GC(491) CMS: 123329K->123626K(393216K)
[2022-03-27T21:04:34.524+0800][2125.868s] GC(491) Metaspace: 49576K->49576K(1093632K)
[2022-03-27T21:04:34.524+0800][2125.868s] GC(491) Pause Young (Allocation Failure) 214M->129M(490M) 2.698ms
[2022-03-27T21:04:34.524+0800][2125.868s] GC(491) User=0.01s Sys=0.00s Real=0.00s
[2022-03-27T21:04:34.833+0800][2126.177s] GC(492) Pause Young (Allocation Failure)
[2022-03-27T21:04:34.833+0800][2126.177s] GC(492) Using 4 workers of 4 for evacuation
[2022-03-27T21:04:34.835+0800][2126.179s] GC(492) ParNew: 96071K->9829K(109248K)
[2022-03-27T21:04:34.835+0800][2126.179s] GC(492) CMS: 123626K->124009K(393216K)
[2022-03-27T21:04:34.835+0800][2126.179s] GC(492) Metaspace: 49576K->49576K(1093632K)
[2022-03-27T21:04:34.835+0800][2126.179s] GC(492) Pause Young (Allocation Failure) 214M->130M(490M) 1.964ms
[2022-03-27T21:04:34.835+0800][2126.179s] GC(492) User=0.01s Sys=0.00s Real=0.00s
[2022-03-27T21:04:35.117+0800][2126.461s] GC(493) Pause Young (Allocation Failure)
[2022-03-27T21:04:35.117+0800][2126.461s] GC(493) Using 4 workers of 4 for evacuation
[2022-03-27T21:04:35.119+0800][2126.463s] GC(493) ParNew: 97253K->9542K(109248K)
[2022-03-27T21:04:35.119+0800][2126.463s] GC(493) CMS: 124009K->124365K(393216K)
[2022-03-27T21:04:35.119+0800][2126.463s] GC(493) Metaspace: 49576K->49576K(1093632K)
[2022-03-27T21:04:35.119+0800][2126.463s] GC(493) Pause Young (Allocation Failure) 216M->130M(490M) 2.205ms
[2022-03-27T21:04:35.119+0800][2126.463s] GC(493) User=0.01s Sys=0.00s Real=0.00s
[2022-03-27T21:04:35.422+0800][2126.766s] GC(494) Pause Young (Allocation Failure)
[2022-03-27T21:04:35.422+0800][2126.766s] GC(494) Using 4 workers of 4 for evacuation
[2022-03-27T21:04:35.424+0800][2126.768s] GC(494) ParNew: 96966K->9208K(109248K)
[2022-03-27T21:04:35.424+0800][2126.768s] GC(494) CMS: 124365K->124682K(393216K)
[2022-03-27T21:04:35.424+0800][2126.768s] GC(494) Metaspace: 49576K->49576K(1093632K)
[2022-03-27T21:04:35.424+0800][2126.768s] GC(494) Pause Young (Allocation Failure) 216M->130M(490M) 2.219ms
[2022-03-27T21:04:35.424+0800][2126.768s] GC(494) User=0.01s Sys=0.00s Real=0.00s
[2022-03-27T21:04:35.709+0800][2127.053s] GC(495) Pause Young (Allocation Failure)
[2022-03-27T21:04:35.709+0800][2127.053s] GC(495) Using 4 workers of 4 for evacuation
[2022-03-27T21:04:35.711+0800][2127.055s] GC(495) ParNew: 96632K->8882K(109248K)
[2022-03-27T21:04:35.711+0800][2127.055s] GC(495) CMS: 124682K->124925K(393216K)
[2022-03-27T21:04:35.711+0800][2127.055s] GC(495) Metaspace: 49576K->49576K(1093632K)
[2022-03-27T21:04:35.711+0800][2127.055s] GC(495) Pause Young (Allocation Failure) 216M->130M(490M) 2.385ms
[2022-03-27T21:04:35.711+0800][2127.055s] GC(495) User=0.01s Sys=0.00s Real=0.01s
[2022-03-27T21:04:35.996+0800][2127.340s] GC(496) Pause Young (Allocation Failure)
[2022-03-27T21:04:35.996+0800][2127.340s] GC(496) Using 4 workers of 4 for evacuation
[2022-03-27T21:04:35.998+0800][2127.342s] GC(496) ParNew: 96306K->9275K(109248K)
[2022-03-27T21:04:35.998+0800][2127.342s] GC(496) CMS: 124925K->126375K(393216K)
[2022-03-27T21:04:35.998+0800][2127.342s] GC(496) Metaspace: 49578K->49578K(1093632K)
[2022-03-27T21:04:35.998+0800][2127.342s] GC(496) Pause Young (Allocation Failure) 216M->132M(490M) 2.381ms
[2022-03-27T21:04:35.998+0800][2127.342s] GC(496) User=0.01s Sys=0.00s Real=0.00s
[2022-03-27T21:04:36.274+0800][2127.618s] GC(497) Pause Young (Allocation Failure)
[2022-03-27T21:04:36.274+0800][2127.618s] GC(497) Using 4 workers of 4 for evacuation
[2022-03-27T21:04:36.276+0800][2127.620s] GC(497) ParNew: 96699K->8057K(109248K)
[2022-03-27T21:04:36.276+0800][2127.620s] GC(497) CMS: 126375K->126841K(393216K)
[2022-03-27T21:04:36.276+0800][2127.620s] GC(497) Metaspace: 49578K->49578K(1093632K)
[2022-03-27T21:04:36.276+0800][2127.620s] GC(497) Pause Young (Allocation Failure) 217M->131M(490M) 2.197ms
[2022-03-27T21:04:36.276+0800][2127.620s] GC(497) User=0.01s Sys=0.00s Real=0.00s
[2022-03-27T21:04:36.585+0800][2127.929s] GC(498) Pause Young (Allocation Failure)
[2022-03-27T21:04:36.585+0800][2127.929s] GC(498) Using 4 workers of 4 for evacuation
[2022-03-27T21:04:36.587+0800][2127.931s] GC(498) ParNew: 95481K->9119K(109248K)
[2022-03-27T21:04:36.587+0800][2127.931s] GC(498) CMS: 126841K->127228K(393216K)
[2022-03-27T21:04:36.587+0800][2127.931s] GC(498) Metaspace: 49578K->49578K(1093632K)
[2022-03-27T21:04:36.587+0800][2127.931s] GC(498) Pause Young (Allocation Failure) 217M->133M(490M) 2.128ms
[2022-03-27T21:04:36.587+0800][2127.931s] GC(498) User=0.00s Sys=0.00s Real=0.00s
[2022-03-27T21:04:36.884+0800][2128.228s] GC(499) Pause Young (Allocation Failure)
[2022-03-27T21:04:36.884+0800][2128.228s] GC(499) Using 4 workers of 4 for evacuation
[2022-03-27T21:04:36.886+0800][2128.230s] GC(499) ParNew: 96543K->9593K(109248K)
[2022-03-27T21:04:36.886+0800][2128.231s] GC(499) CMS: 127228K->127544K(393216K)
[2022-03-27T21:04:36.886+0800][2128.231s] GC(499) Metaspace: 49578K->49578K(1093632K)
[2022-03-27T21:04:36.887+0800][2128.231s] GC(499) Pause Young (Allocation Failure) 218M->133M(490M) 2.192ms
[2022-03-27T21:04:36.887+0800][2128.231s] GC(499) User=0.01s Sys=0.00s Real=0.00s
[2022-03-27T21:04:37.188+0800][2128.532s] GC(500) Pause Young (Allocation Failure)
[2022-03-27T21:04:37.188+0800][2128.532s] GC(500) Using 4 workers of 4 for evacuation
[2022-03-27T21:04:37.190+0800][2128.534s] GC(500) ParNew: 97017K->8905K(109248K)
[2022-03-27T21:04:37.190+0800][2128.534s] GC(500) CMS: 127544K->127893K(393216K)
[2022-03-27T21:04:37.190+0800][2128.534s] GC(500) Metaspace: 49578K->49578K(1093632K)
[2022-03-27T21:04:37.190+0800][2128.534s] GC(500) Pause Young (Allocation Failure) 219M->133M(490M) 2.175ms
[2022-03-27T21:04:37.190+0800][2128.534s] GC(500) User=0.01s Sys=0.01s Real=0.01s
[2022-03-27T21:04:37.463+0800][2128.807s] GC(501) Pause Young (Allocation Failure)
[2022-03-27T21:04:37.463+0800][2128.807s] GC(501) Using 4 workers of 4 for evacuation
[2022-03-27T21:04:37.465+0800][2128.809s] GC(501) ParNew: 96191K->10284K(109248K)
[2022-03-27T21:04:37.465+0800][2128.809s] GC(501) CMS: 127893K->128340K(393216K)
[2022-03-27T21:04:37.465+0800][2128.809s] GC(501) Metaspace: 49578K->49578K(1093632K)
[2022-03-27T21:04:37.465+0800][2128.809s] GC(501) Pause Young (Allocation Failure) 218M->135M(490M) 2.041ms
[2022-03-27T21:04:37.465+0800][2128.809s] GC(501) User=0.00s Sys=0.00s Real=0.00s
[2022-03-27T21:04:37.552+0800][2128.896s] GC(502) Pause Young (Allocation Failure)
[2022-03-27T21:04:37.552+0800][2128.896s] GC(502) Using 4 workers of 4 for evacuation
[2022-03-27T21:04:37.554+0800][2128.898s] GC(502) ParNew: 97708K->11499K(109248K)
[2022-03-27T21:04:37.554+0800][2128.898s] GC(502) CMS: 128340K->128633K(393216K)
[2022-03-27T21:04:37.554+0800][2128.898s] GC(502) Metaspace: 49578K->49578K(1093632K)
[2022-03-27T21:04:37.554+0800][2128.898s] GC(502) Pause Young (Allocation Failure) 220M->136M(490M) 2.213ms
[2022-03-27T21:04:37.554+0800][2128.898s] GC(502) User=0.01s Sys=0.00s Real=0.00s
[2022-03-27T21:04:37.687+0800][2129.031s] GC(503) Pause Young (Allocation Failure)
[2022-03-27T21:04:37.687+0800][2129.031s] GC(503) Using 4 workers of 4 for evacuation
[2022-03-27T21:04:37.689+0800][2129.034s] GC(503) ParNew: 98923K->13258K(109248K)
[2022-03-27T21:04:37.690+0800][2129.034s] GC(503) CMS: 128633K->128980K(393216K)
[2022-03-27T21:04:37.690+0800][2129.034s] GC(503) Metaspace: 49578K->49578K(1093632K)
[2022-03-27T21:04:37.690+0800][2129.034s] GC(503) Pause Young (Allocation Failure) 222M->138M(490M) 2.313ms
[2022-03-27T21:04:37.690+0800][2129.034s] GC(503) User=0.00s Sys=0.00s Real=0.01s
[2022-03-27T21:04:40.089+0800][2131.433s] GC(504) Pause Young (Allocation Failure)
[2022-03-27T21:04:40.106+0800][2131.450s] GC(504) Using 4 workers of 4 for evacuation
[2022-03-27T21:04:40.111+0800][2131.455s] GC(504) ParNew: 100682K->12815K(109248K)
[2022-03-27T21:04:40.111+0800][2131.455s] GC(504) CMS: 128980K->129582K(393216K)
[2022-03-27T21:04:40.111+0800][2131.455s] GC(504) Metaspace: 49584K->49584K(1093632K)
[2022-03-27T21:04:40.111+0800][2131.455s] GC(504) Pause Young (Allocation Failure) 224M->139M(490M) 21.617ms
[2022-03-27T21:04:40.111+0800][2131.455s] GC(504) User=0.01s Sys=0.00s Real=0.03s
[2022-03-27T21:04:41.452+0800][2132.796s] GC(505) Pause Young (Allocation Failure)
[2022-03-27T21:04:41.452+0800][2132.796s] GC(505) Using 4 workers of 4 for evacuation
[2022-03-27T21:04:41.456+0800][2132.800s] GC(505) ParNew: 100239K->11195K(109248K)
[2022-03-27T21:04:41.456+0800][2132.800s] GC(505) CMS: 129582K->129973K(393216K)
[2022-03-27T21:04:41.456+0800][2132.800s] GC(505) Metaspace: 49601K->49601K(1093632K)
[2022-03-27T21:04:41.456+0800][2132.800s] GC(505) Pause Young (Allocation Failure) 224M->137M(490M) 3.562ms
[2022-03-27T21:04:41.456+0800][2132.800s] GC(505) User=0.01s Sys=0.00s Real=0.00s
[2022-03-27T21:04:41.762+0800][2133.106s] GC(506) Pause Young (Allocation Failure)
[2022-03-27T21:04:41.762+0800][2133.106s] GC(506) Using 4 workers of 4 for evacuation
[2022-03-27T21:04:41.765+0800][2133.109s] GC(506) ParNew: 98619K->12366K(109248K)
[2022-03-27T21:04:41.765+0800][2133.109s] GC(506) CMS: 129973K->130654K(393216K)
[2022-03-27T21:04:41.765+0800][2133.109s] GC(506) Metaspace: 49601K->49601K(1093632K)
[2022-03-27T21:04:41.765+0800][2133.109s] GC(506) Pause Young (Allocation Failure) 223M->139M(490M) 2.731ms
[2022-03-27T21:04:41.765+0800][2133.109s] GC(506) User=0.01s Sys=0.00s Real=0.00s
[2022-03-27T21:04:42.069+0800][2133.413s] GC(507) Pause Young (Allocation Failure)
[2022-03-27T21:04:42.069+0800][2133.413s] GC(507) Using 4 workers of 4 for evacuation
[2022-03-27T21:04:42.072+0800][2133.416s] GC(507) ParNew: 99790K->9163K(109248K)
[2022-03-27T21:04:42.072+0800][2133.416s] GC(507) CMS: 130654K->133809K(393216K)
[2022-03-27T21:04:42.072+0800][2133.416s] GC(507) Metaspace: 49601K->49601K(1093632K)
[2022-03-27T21:04:42.072+0800][2133.416s] GC(507) Pause Young (Allocation Failure) 225M->139M(490M) 2.558ms
[2022-03-27T21:04:42.072+0800][2133.416s] GC(507) User=0.01s Sys=0.00s Real=0.01s
[2022-03-27T21:04:42.367+0800][2133.711s] GC(508) Pause Young (Allocation Failure)
[2022-03-27T21:04:42.367+0800][2133.711s] GC(508) Using 4 workers of 4 for evacuation
[2022-03-27T21:04:42.369+0800][2133.713s] GC(508) ParNew: 96587K->9599K(109248K)
[2022-03-27T21:04:42.369+0800][2133.713s] GC(508) CMS: 133809K->134680K(393216K)
[2022-03-27T21:04:42.369+0800][2133.713s] GC(508) Metaspace: 49601K->49601K(1093632K)
[2022-03-27T21:04:42.369+0800][2133.713s] GC(508) Pause Young (Allocation Failure) 224M->140M(490M) 2.478ms
[2022-03-27T21:04:42.369+0800][2133.714s] GC(508) User=0.01s Sys=0.00s Real=0.00s
[2022-03-27T21:04:42.671+0800][2134.015s] GC(509) Pause Young (Allocation Failure)
[2022-03-27T21:04:42.671+0800][2134.015s] GC(509) Using 4 workers of 4 for evacuation
[2022-03-27T21:04:42.673+0800][2134.017s] GC(509) ParNew: 96978K->8813K(109248K)
[2022-03-27T21:04:42.673+0800][2134.017s] GC(509) CMS: 134680K->135248K(393216K)
[2022-03-27T21:04:42.673+0800][2134.017s] GC(509) Metaspace: 49601K->49601K(1093632K)
[2022-03-27T21:04:42.673+0800][2134.017s] GC(509) Pause Young (Allocation Failure) 226M->140M(490M) 2.173ms
[2022-03-27T21:04:42.673+0800][2134.017s] GC(509) User=0.00s Sys=0.00s Real=0.00s
[2022-03-27T21:04:42.969+0800][2134.313s] GC(510) Pause Young (Allocation Failure)
[2022-03-27T21:04:42.969+0800][2134.313s] GC(510) Using 4 workers of 4 for evacuation
[2022-03-27T21:04:42.971+0800][2134.315s] GC(510) ParNew: 96237K->11098K(109248K)
[2022-03-27T21:04:42.971+0800][2134.315s] GC(510) CMS: 135248K->135363K(393216K)
[2022-03-27T21:04:42.971+0800][2134.315s] GC(510) Metaspace: 49601K->49601K(1093632K)
[2022-03-27T21:04:42.971+0800][2134.315s] GC(510) Pause Young (Allocation Failure) 226M->143M(490M) 2.819ms
[2022-03-27T21:04:42.971+0800][2134.315s] GC(510) User=0.01s Sys=0.00s Real=0.01s
[2022-03-27T21:04:43.287+0800][2134.631s] GC(511) Pause Young (Allocation Failure)
[2022-03-27T21:04:43.287+0800][2134.632s] GC(511) Using 4 workers of 4 for evacuation
[2022-03-27T21:04:43.289+0800][2134.633s] GC(511) ParNew: 98522K->10046K(109248K)
[2022-03-27T21:04:43.289+0800][2134.633s] GC(511) CMS: 135363K->135373K(393216K)
[2022-03-27T21:04:43.289+0800][2134.633s] GC(511) Metaspace: 49601K->49601K(1093632K)
[2022-03-27T21:04:43.289+0800][2134.633s] GC(511) Pause Young (Allocation Failure) 228M->142M(490M) 2.031ms
[2022-03-27T21:04:43.289+0800][2134.634s] GC(511) User=0.00s Sys=0.00s Real=0.00s
[2022-03-27T21:04:43.589+0800][2134.933s] GC(512) Pause Young (Allocation Failure)
[2022-03-27T21:04:43.589+0800][2134.933s] GC(512) Using 4 workers of 4 for evacuation
[2022-03-27T21:04:43.592+0800][2134.936s] GC(512) ParNew: 97470K->10144K(109248K)
[2022-03-27T21:04:43.592+0800][2134.936s] GC(512) CMS: 135373K->135388K(393216K)
[2022-03-27T21:04:43.592+0800][2134.936s] GC(512) Metaspace: 49601K->49601K(1093632K)
[2022-03-27T21:04:43.592+0800][2134.936s] GC(512) Pause Young (Allocation Failure) 227M->142M(490M) 2.817ms
[2022-03-27T21:04:43.592+0800][2134.936s] GC(512) User=0.01s Sys=0.00s Real=0.01s
[2022-03-27T21:04:43.886+0800][2135.230s] GC(513) Pause Young (Allocation Failure)
[2022-03-27T21:04:43.886+0800][2135.230s] GC(513) Using 4 workers of 4 for evacuation
[2022-03-27T21:04:43.889+0800][2135.233s] GC(513) ParNew: 97568K->10193K(109248K)
[2022-03-27T21:04:43.889+0800][2135.233s] GC(513) CMS: 135388K->138660K(393216K)
[2022-03-27T21:04:43.889+0800][2135.233s] GC(513) Metaspace: 49601K->49601K(1093632K)
[2022-03-27T21:04:43.889+0800][2135.233s] GC(513) Pause Young (Allocation Failure) 227M->145M(490M) 2.570ms
[2022-03-27T21:04:43.889+0800][2135.233s] GC(513) User=0.01s Sys=0.00s Real=0.00s
[2022-03-27T21:04:44.217+0800][2135.561s] GC(514) Pause Young (Allocation Failure)
[2022-03-27T21:04:44.217+0800][2135.561s] GC(514) Using 4 workers of 4 for evacuation
[2022-03-27T21:04:44.221+0800][2135.565s] GC(514) ParNew: 97617K->5863K(109248K)
[2022-03-27T21:04:44.221+0800][2135.565s] GC(514) CMS: 138660K->139350K(393216K)
[2022-03-27T21:04:44.221+0800][2135.565s] GC(514) Metaspace: 49601K->49601K(1093632K)
[2022-03-27T21:04:44.221+0800][2135.565s] GC(514) Pause Young (Allocation Failure) 230M->141M(490M) 4.178ms
[2022-03-27T21:04:44.221+0800][2135.565s] GC(514) User=0.00s Sys=0.00s Real=0.01s
[2022-03-27T21:04:44.540+0800][2135.884s] GC(515) Pause Young (Allocation Failure)
[2022-03-27T21:04:44.540+0800][2135.884s] GC(515) Using 4 workers of 4 for evacuation
[2022-03-27T21:04:44.542+0800][2135.886s] GC(515) ParNew: 93287K->6710K(109248K)
[2022-03-27T21:04:44.542+0800][2135.886s] GC(515) CMS: 139350K->139845K(393216K)
[2022-03-27T21:04:44.542+0800][2135.886s] GC(515) Metaspace: 49601K->49601K(1093632K)
[2022-03-27T21:04:44.542+0800][2135.886s] GC(515) Pause Young (Allocation Failure) 227M->143M(490M) 2.063ms
[2022-03-27T21:04:44.542+0800][2135.886s] GC(515) User=0.01s Sys=0.00s Real=0.00s
[2022-03-27T21:04:44.840+0800][2136.184s] GC(516) Pause Young (Allocation Failure)
[2022-03-27T21:04:44.840+0800][2136.184s] GC(516) Using 4 workers of 4 for evacuation
[2022-03-27T21:04:44.843+0800][2136.187s] GC(516) ParNew: 94134K->6362K(109248K)
[2022-03-27T21:04:44.843+0800][2136.187s] GC(516) CMS: 139845K->140192K(393216K)
[2022-03-27T21:04:44.843+0800][2136.187s] GC(516) Metaspace: 49601K->49601K(1093632K)
[2022-03-27T21:04:44.843+0800][2136.187s] GC(516) Pause Young (Allocation Failure) 228M->143M(490M) 3.599ms
[2022-03-27T21:04:44.843+0800][2136.187s] GC(516) User=0.01s Sys=0.00s Real=0.00s
[2022-03-27T21:04:45.140+0800][2136.484s] GC(517) Pause Young (Allocation Failure)
[2022-03-27T21:04:45.140+0800][2136.484s] GC(517) Using 4 workers of 4 for evacuation
[2022-03-27T21:04:45.142+0800][2136.486s] GC(517) ParNew: 93786K->7118K(109248K)
[2022-03-27T21:04:45.142+0800][2136.486s] GC(517) CMS: 140192K->140557K(393216K)
[2022-03-27T21:04:45.142+0800][2136.486s] GC(517) Metaspace: 49601K->49601K(1093632K)
[2022-03-27T21:04:45.142+0800][2136.486s] GC(517) Pause Young (Allocation Failure) 228M->144M(490M) 2.332ms
[2022-03-27T21:04:45.142+0800][2136.486s] GC(517) User=0.00s Sys=0.00s Real=0.00s
[2022-03-27T21:04:45.469+0800][2136.813s] GC(518) Pause Young (Allocation Failure)
[2022-03-27T21:04:45.469+0800][2136.813s] GC(518) Using 4 workers of 4 for evacuation
[2022-03-27T21:04:45.471+0800][2136.815s] GC(518) ParNew: 94542K->6984K(109248K)
[2022-03-27T21:04:45.471+0800][2136.815s] GC(518) CMS: 140557K->140905K(393216K)
[2022-03-27T21:04:45.471+0800][2136.815s] GC(518) Metaspace: 49601K->49601K(1093632K)
[2022-03-27T21:04:45.471+0800][2136.815s] GC(518) Pause Young (Allocation Failure) 229M->144M(490M) 2.117ms
[2022-03-27T21:04:45.471+0800][2136.815s] GC(518) User=0.00s Sys=0.00s Real=0.01s
[2022-03-27T21:04:45.823+0800][2137.167s] GC(519) Pause Young (Allocation Failure)
[2022-03-27T21:04:45.823+0800][2137.167s] GC(519) Using 4 workers of 4 for evacuation
[2022-03-27T21:04:45.826+0800][2137.170s] GC(519) ParNew: 94408K->6643K(109248K)
[2022-03-27T21:04:45.826+0800][2137.170s] GC(519) CMS: 140905K->141257K(393216K)
[2022-03-27T21:04:45.826+0800][2137.170s] GC(519) Metaspace: 49601K->49601K(1093632K)
[2022-03-27T21:04:45.826+0800][2137.170s] GC(519) Pause Young (Allocation Failure) 229M->144M(490M) 2.509ms
[2022-03-27T21:04:45.826+0800][2137.170s] GC(519) User=0.01s Sys=0.01s Real=0.00s
[2022-03-27T21:04:46.120+0800][2137.464s] GC(520) Pause Young (Allocation Failure)
[2022-03-27T21:04:46.120+0800][2137.464s] GC(520) Using 4 workers of 4 for evacuation
[2022-03-27T21:04:46.122+0800][2137.466s] GC(520) ParNew: 94067K->7525K(109248K)
[2022-03-27T21:04:46.122+0800][2137.466s] GC(520) CMS: 141257K->141538K(393216K)
[2022-03-27T21:04:46.122+0800][2137.466s] GC(520) Metaspace: 49601K->49601K(1093632K)
[2022-03-27T21:04:46.122+0800][2137.466s] GC(520) Pause Young (Allocation Failure) 229M->145M(490M) 2.031ms
[2022-03-27T21:04:46.122+0800][2137.466s] GC(520) User=0.01s Sys=0.00s Real=0.00s
[2022-03-27T21:04:46.430+0800][2137.774s] GC(521) Pause Young (Allocation Failure)
[2022-03-27T21:04:46.430+0800][2137.774s] GC(521) Using 4 workers of 4 for evacuation
[2022-03-27T21:04:46.433+0800][2137.777s] GC(521) ParNew: 94949K->6670K(109248K)
[2022-03-27T21:04:46.433+0800][2137.777s] GC(521) CMS: 141538K->141848K(393216K)
[2022-03-27T21:04:46.433+0800][2137.777s] GC(521) Metaspace: 49601K->49601K(1093632K)
[2022-03-27T21:04:46.433+0800][2137.777s] GC(521) Pause Young (Allocation Failure) 230M->145M(490M) 2.313ms
[2022-03-27T21:04:46.433+0800][2137.777s] GC(521) User=0.00s Sys=0.00s Real=0.00s
[2022-03-27T21:04:46.748+0800][2138.092s] GC(522) Pause Young (Allocation Failure)
[2022-03-27T21:04:46.748+0800][2138.092s] GC(522) Using 4 workers of 4 for evacuation
[2022-03-27T21:04:46.750+0800][2138.094s] GC(522) ParNew: 94094K->7641K(109248K)
[2022-03-27T21:04:46.750+0800][2138.094s] GC(522) CMS: 141848K->142207K(393216K)
[2022-03-27T21:04:46.750+0800][2138.094s] GC(522) Metaspace: 49601K->49601K(1093632K)
[2022-03-27T21:04:46.750+0800][2138.094s] GC(522) Pause Young (Allocation Failure) 230M->146M(490M) 2.194ms
[2022-03-27T21:04:46.750+0800][2138.094s] GC(522) User=0.00s Sys=0.00s Real=0.01s
[2022-03-27T21:04:47.088+0800][2138.432s] GC(523) Pause Young (Allocation Failure)
[2022-03-27T21:04:47.088+0800][2138.432s] GC(523) Using 4 workers of 4 for evacuation
[2022-03-27T21:04:47.090+0800][2138.434s] GC(523) ParNew: 95065K->6632K(109248K)
[2022-03-27T21:04:47.090+0800][2138.434s] GC(523) CMS: 142207K->143196K(393216K)
[2022-03-27T21:04:47.090+0800][2138.434s] GC(523) Metaspace: 49601K->49601K(1093632K)
[2022-03-27T21:04:47.090+0800][2138.434s] GC(523) Pause Young (Allocation Failure) 231M->146M(490M) 2.168ms
[2022-03-27T21:04:47.090+0800][2138.434s] GC(523) User=0.00s Sys=0.00s Real=0.01s
[2022-03-27T21:04:47.397+0800][2138.741s] GC(524) Pause Young (Allocation Failure)
[2022-03-27T21:04:47.397+0800][2138.741s] GC(524) Using 4 workers of 4 for evacuation
[2022-03-27T21:04:47.399+0800][2138.743s] GC(524) ParNew: 94056K->7688K(109248K)
[2022-03-27T21:04:47.399+0800][2138.743s] GC(524) CMS: 143196K->143481K(393216K)
[2022-03-27T21:04:47.399+0800][2138.743s] GC(524) Metaspace: 49601K->49601K(1093632K)
[2022-03-27T21:04:47.399+0800][2138.743s] GC(524) Pause Young (Allocation Failure) 231M->147M(490M) 2.026ms
[2022-03-27T21:04:47.399+0800][2138.743s] GC(524) User=0.01s Sys=0.00s Real=0.00s
[2022-03-27T21:04:47.719+0800][2139.063s] GC(525) Pause Young (Allocation Failure)
[2022-03-27T21:04:47.719+0800][2139.063s] GC(525) Using 4 workers of 4 for evacuation
[2022-03-27T21:04:47.722+0800][2139.066s] GC(525) ParNew: 95112K->6458K(109248K)
[2022-03-27T21:04:47.723+0800][2139.067s] GC(525) CMS: 143481K->143890K(393216K)
[2022-03-27T21:04:47.723+0800][2139.067s] GC(525) Metaspace: 49601K->49601K(1093632K)
[2022-03-27T21:04:47.723+0800][2139.067s] GC(525) Pause Young (Allocation Failure) 233M->146M(490M) 3.585ms
[2022-03-27T21:04:47.723+0800][2139.067s] GC(525) User=0.01s Sys=0.00s Real=0.01s
[2022-03-27T21:04:48.063+0800][2139.407s] GC(526) Pause Young (Allocation Failure)
[2022-03-27T21:04:48.063+0800][2139.407s] GC(526) Using 4 workers of 4 for evacuation
[2022-03-27T21:04:48.065+0800][2139.410s] GC(526) ParNew: 93882K->7418K(109248K)
[2022-03-27T21:04:48.066+0800][2139.410s] GC(526) CMS: 143890K->144282K(393216K)
[2022-03-27T21:04:48.066+0800][2139.410s] GC(526) Metaspace: 49601K->49601K(1093632K)
[2022-03-27T21:04:48.066+0800][2139.410s] GC(526) Pause Young (Allocation Failure) 232M->148M(490M) 3.081ms
[2022-03-27T21:04:48.066+0800][2139.410s] GC(526) User=0.01s Sys=0.00s Real=0.00s
[2022-03-27T21:04:48.388+0800][2139.732s] GC(527) Pause Young (Allocation Failure)
[2022-03-27T21:04:48.388+0800][2139.732s] GC(527) Using 4 workers of 4 for evacuation
[2022-03-27T21:04:48.390+0800][2139.734s] GC(527) ParNew: 94842K->6403K(109248K)
[2022-03-27T21:04:48.390+0800][2139.734s] GC(527) CMS: 144282K->144851K(393216K)
[2022-03-27T21:04:48.390+0800][2139.734s] GC(527) Metaspace: 49601K->49601K(1093632K)
[2022-03-27T21:04:48.390+0800][2139.734s] GC(527) Pause Young (Allocation Failure) 233M->147M(490M) 2.182ms
[2022-03-27T21:04:48.390+0800][2139.734s] GC(527) User=0.00s Sys=0.00s Real=0.01s
[2022-03-27T21:04:48.712+0800][2140.056s] GC(528) Pause Young (Allocation Failure)
[2022-03-27T21:04:48.712+0800][2140.056s] GC(528) Using 4 workers of 4 for evacuation
[2022-03-27T21:04:48.715+0800][2140.059s] GC(528) ParNew: 93827K->7146K(109248K)
[2022-03-27T21:04:48.715+0800][2140.059s] GC(528) CMS: 144851K->145198K(393216K)
[2022-03-27T21:04:48.715+0800][2140.059s] GC(528) Metaspace: 49601K->49601K(1093632K)
[2022-03-27T21:04:48.715+0800][2140.059s] GC(528) Pause Young (Allocation Failure) 233M->148M(490M) 2.567ms
[2022-03-27T21:04:48.715+0800][2140.059s] GC(528) User=0.00s Sys=0.00s Real=0.00s
[2022-03-27T21:04:49.031+0800][2140.375s] GC(529) Pause Young (Allocation Failure)
[2022-03-27T21:04:49.031+0800][2140.375s] GC(529) Using 4 workers of 4 for evacuation
[2022-03-27T21:04:49.033+0800][2140.377s] GC(529) ParNew: 94570K->7929K(109248K)
[2022-03-27T21:04:49.033+0800][2140.377s] GC(529) CMS: 145198K->145512K(393216K)
[2022-03-27T21:04:49.033+0800][2140.377s] GC(529) Metaspace: 49601K->49601K(1093632K)
[2022-03-27T21:04:49.033+0800][2140.377s] GC(529) Pause Young (Allocation Failure) 234M->149M(490M) 2.237ms
[2022-03-27T21:04:49.033+0800][2140.377s] GC(529) User=0.00s Sys=0.00s Real=0.00s
[2022-03-27T21:04:49.360+0800][2140.704s] GC(530) Pause Young (Allocation Failure)
[2022-03-27T21:04:49.361+0800][2140.705s] GC(530) Using 4 workers of 4 for evacuation
[2022-03-27T21:04:49.363+0800][2140.707s] GC(530) ParNew: 95353K->6539K(109248K)
[2022-03-27T21:04:49.363+0800][2140.707s] GC(530) CMS: 145512K->145765K(393216K)
[2022-03-27T21:04:49.363+0800][2140.707s] GC(530) Metaspace: 49601K->49601K(1093632K)
[2022-03-27T21:04:49.363+0800][2140.707s] GC(530) Pause Young (Allocation Failure) 235M->148M(490M) 2.613ms
[2022-03-27T21:04:49.363+0800][2140.707s] GC(530) User=0.00s Sys=0.00s Real=0.00s
[2022-03-27T21:04:49.659+0800][2141.003s] GC(531) Pause Young (Allocation Failure)
[2022-03-27T21:04:49.660+0800][2141.004s] GC(531) Using 4 workers of 4 for evacuation
[2022-03-27T21:04:49.662+0800][2141.006s] GC(531) ParNew: 93963K->6865K(109248K)
[2022-03-27T21:04:49.662+0800][2141.006s] GC(531) CMS: 145765K->146131K(393216K)
[2022-03-27T21:04:49.662+0800][2141.006s] GC(531) Metaspace: 49601K->49601K(1093632K)
[2022-03-27T21:04:49.662+0800][2141.006s] GC(531) Pause Young (Allocation Failure) 234M->149M(490M) 2.328ms
[2022-03-27T21:04:49.662+0800][2141.006s] GC(531) User=0.00s Sys=0.00s Real=0.01s
[2022-03-27T21:04:49.993+0800][2141.337s] GC(532) Pause Young (Allocation Failure)
[2022-03-27T21:04:49.993+0800][2141.337s] GC(532) Using 4 workers of 4 for evacuation
[2022-03-27T21:04:49.996+0800][2141.340s] GC(532) ParNew: 94289K->8732K(109248K)
[2022-03-27T21:04:49.996+0800][2141.340s] GC(532) CMS: 146131K->146487K(393216K)
[2022-03-27T21:04:49.996+0800][2141.340s] GC(532) Metaspace: 49601K->49601K(1093632K)
[2022-03-27T21:04:49.996+0800][2141.340s] GC(532) Pause Young (Allocation Failure) 234M->151M(490M) 2.370ms
[2022-03-27T21:04:49.996+0800][2141.340s] GC(532) User=0.01s Sys=0.00s Real=0.00s
[2022-03-27T21:04:50.303+0800][2141.647s] GC(533) Pause Young (Allocation Failure)
[2022-03-27T21:04:50.303+0800][2141.647s] GC(533) Using 4 workers of 4 for evacuation
[2022-03-27T21:04:50.305+0800][2141.649s] GC(533) ParNew: 96156K->8293K(109248K)
[2022-03-27T21:04:50.305+0800][2141.649s] GC(533) CMS: 146487K->146766K(393216K)
[2022-03-27T21:04:50.305+0800][2141.649s] GC(533) Metaspace: 49601K->49601K(1093632K)
[2022-03-27T21:04:50.305+0800][2141.649s] GC(533) Pause Young (Allocation Failure) 236M->151M(490M) 2.396ms
[2022-03-27T21:04:50.305+0800][2141.649s] GC(533) User=0.01s Sys=0.00s Real=0.00s
[2022-03-27T21:04:50.594+0800][2141.938s] GC(534) Pause Young (Allocation Failure)
[2022-03-27T21:04:50.594+0800][2141.938s] GC(534) Using 4 workers of 4 for evacuation
[2022-03-27T21:04:50.596+0800][2141.940s] GC(534) ParNew: 95717K->9134K(109248K)
[2022-03-27T21:04:50.596+0800][2141.940s] GC(534) CMS: 146766K->147120K(393216K)
[2022-03-27T21:04:50.596+0800][2141.940s] GC(534) Metaspace: 49601K->49601K(1093632K)
[2022-03-27T21:04:50.596+0800][2141.940s] GC(534) Pause Young (Allocation Failure) 236M->152M(490M) 2.152ms
[2022-03-27T21:04:50.596+0800][2141.940s] GC(534) User=0.01s Sys=0.00s Real=0.00s
[2022-03-27T21:04:50.892+0800][2142.236s] GC(535) Pause Young (Allocation Failure)
[2022-03-27T21:04:50.892+0800][2142.236s] GC(535) Using 4 workers of 4 for evacuation
[2022-03-27T21:04:50.894+0800][2142.238s] GC(535) ParNew: 96558K->8726K(109248K)
[2022-03-27T21:04:50.894+0800][2142.238s] GC(535) CMS: 147120K->147342K(393216K)
[2022-03-27T21:04:50.894+0800][2142.238s] GC(535) Metaspace: 49601K->49601K(1093632K)
[2022-03-27T21:04:50.894+0800][2142.238s] GC(535) Pause Young (Allocation Failure) 237M->152M(490M) 2.228ms
[2022-03-27T21:04:50.894+0800][2142.238s] GC(535) User=0.00s Sys=0.00s Real=0.00s
[2022-03-27T21:04:51.250+0800][2142.594s] GC(536) Pause Young (Allocation Failure)
[2022-03-27T21:04:51.250+0800][2142.594s] GC(536) Using 4 workers of 4 for evacuation
[2022-03-27T21:04:51.253+0800][2142.597s] GC(536) ParNew: 96150K->9455K(109248K)
[2022-03-27T21:04:51.253+0800][2142.597s] GC(536) CMS: 147342K->147661K(393216K)
[2022-03-27T21:04:51.253+0800][2142.597s] GC(536) Metaspace: 49601K->49601K(1093632K)
[2022-03-27T21:04:51.253+0800][2142.597s] GC(536) Pause Young (Allocation Failure) 237M->153M(490M) 2.788ms
[2022-03-27T21:04:51.253+0800][2142.597s] GC(536) User=0.00s Sys=0.00s Real=0.00s
[2022-03-27T21:04:51.554+0800][2142.898s] GC(537) Pause Young (Allocation Failure)
[2022-03-27T21:04:51.554+0800][2142.898s] GC(537) Using 4 workers of 4 for evacuation
[2022-03-27T21:04:51.556+0800][2142.900s] GC(537) ParNew: 96879K->8789K(109248K)
[2022-03-27T21:04:51.556+0800][2142.901s] GC(537) CMS: 147661K->148050K(393216K)
[2022-03-27T21:04:51.557+0800][2142.901s] GC(537) Metaspace: 49601K->49601K(1093632K)
[2022-03-27T21:04:51.557+0800][2142.901s] GC(537) Pause Young (Allocation Failure) 238M->153M(490M) 2.234ms
[2022-03-27T21:04:51.557+0800][2142.901s] GC(537) User=0.01s Sys=0.00s Real=0.00s
[2022-03-27T21:04:51.883+0800][2143.227s] GC(538) Pause Young (Allocation Failure)
[2022-03-27T21:04:51.883+0800][2143.227s] GC(538) Using 4 workers of 4 for evacuation
[2022-03-27T21:04:51.887+0800][2143.231s] GC(538) ParNew: 96213K->9737K(109248K)
[2022-03-27T21:04:51.887+0800][2143.231s] GC(538) CMS: 148050K->148354K(393216K)
[2022-03-27T21:04:51.887+0800][2143.231s] GC(538) Metaspace: 49601K->49601K(1093632K)
[2022-03-27T21:04:51.887+0800][2143.231s] GC(538) Pause Young (Allocation Failure) 238M->154M(490M) 3.573ms
[2022-03-27T21:04:51.887+0800][2143.231s] GC(538) User=0.01s Sys=0.00s Real=0.00s
[2022-03-27T21:04:52.172+0800][2143.516s] GC(539) Pause Young (Allocation Failure)
[2022-03-27T21:04:52.172+0800][2143.516s] GC(539) Using 4 workers of 4 for evacuation
[2022-03-27T21:04:52.174+0800][2143.518s] GC(539) ParNew: 97161K->8684K(109248K)
[2022-03-27T21:04:52.174+0800][2143.518s] GC(539) CMS: 148354K->148640K(393216K)
[2022-03-27T21:04:52.174+0800][2143.518s] GC(539) Metaspace: 49601K->49601K(1093632K)
[2022-03-27T21:04:52.174+0800][2143.518s] GC(539) Pause Young (Allocation Failure) 239M->153M(490M) 2.205ms
[2022-03-27T21:04:52.174+0800][2143.518s] GC(539) User=0.01s Sys=0.00s Real=0.00s
[2022-03-27T21:04:52.458+0800][2143.802s] GC(540) Pause Young (Allocation Failure)
[2022-03-27T21:04:52.458+0800][2143.802s] GC(540) Using 4 workers of 4 for evacuation
[2022-03-27T21:04:52.462+0800][2143.806s] GC(540) ParNew: 96108K->8731K(109248K)
[2022-03-27T21:04:52.462+0800][2143.806s] GC(540) CMS: 148640K->150186K(393216K)
[2022-03-27T21:04:52.462+0800][2143.806s] GC(540) Metaspace: 49601K->49601K(1093632K)
[2022-03-27T21:04:52.462+0800][2143.806s] GC(540) Pause Young (Allocation Failure) 239M->155M(490M) 4.097ms
[2022-03-27T21:04:52.462+0800][2143.806s] GC(540) User=0.01s Sys=0.00s Real=0.01s
[2022-03-27T21:04:52.555+0800][2143.899s] GC(541) Pause Young (Allocation Failure)
[2022-03-27T21:04:52.555+0800][2143.899s] GC(541) Using 4 workers of 4 for evacuation
[2022-03-27T21:04:52.558+0800][2143.902s] GC(541) ParNew: 96155K->11381K(109248K)
[2022-03-27T21:04:52.558+0800][2143.902s] GC(541) CMS: 150186K->150598K(393216K)
[2022-03-27T21:04:52.558+0800][2143.902s] GC(541) Metaspace: 49604K->49604K(1093632K)
[2022-03-27T21:04:52.558+0800][2143.902s] GC(541) Pause Young (Allocation Failure) 240M->158M(490M) 2.608ms
[2022-03-27T21:04:52.558+0800][2143.902s] GC(541) User=0.01s Sys=0.00s Real=0.00s
[2022-03-27T21:04:52.706+0800][2144.050s] GC(542) Pause Young (Allocation Failure)
[2022-03-27T21:04:52.706+0800][2144.050s] GC(542) Using 4 workers of 4 for evacuation
[2022-03-27T21:04:52.709+0800][2144.053s] GC(542) ParNew: 98805K->11228K(109248K)
[2022-03-27T21:04:52.709+0800][2144.053s] GC(542) CMS: 150598K->150893K(393216K)
[2022-03-27T21:04:52.709+0800][2144.053s] GC(542) Metaspace: 49604K->49604K(1093632K)
[2022-03-27T21:04:52.709+0800][2144.053s] GC(542) Pause Young (Allocation Failure) 243M->158M(490M) 2.470ms
[2022-03-27T21:04:52.709+0800][2144.053s] GC(542) User=0.01s Sys=0.00s Real=0.00s
[2022-03-27T21:04:54.776+0800][2146.120s] GC(543) Pause Young (Allocation Failure)
[2022-03-27T21:04:54.794+0800][2146.138s] GC(543) Using 4 workers of 4 for evacuation
[2022-03-27T21:04:54.799+0800][2146.143s] GC(543) ParNew: 98652K->11009K(109248K)
[2022-03-27T21:04:54.799+0800][2146.143s] GC(543) CMS: 150893K->151407K(393216K)
[2022-03-27T21:04:54.799+0800][2146.143s] GC(543) Metaspace: 49604K->49604K(1093632K)
[2022-03-27T21:04:54.799+0800][2146.143s] GC(543) Pause Young (Allocation Failure) 243M->158M(490M) 22.826ms
[2022-03-27T21:04:54.799+0800][2146.143s] GC(543) User=0.02s Sys=0.00s Real=0.02s
[2022-03-27T21:04:57.038+0800][2148.382s] GC(544) Pause Young (Allocation Failure)
[2022-03-27T21:04:57.038+0800][2148.382s] GC(544) Using 4 workers of 4 for evacuation
[2022-03-27T21:04:57.041+0800][2148.385s] GC(544) ParNew: 98433K->11329K(109248K)
[2022-03-27T21:04:57.041+0800][2148.385s] GC(544) CMS: 151407K->151812K(393216K)
[2022-03-27T21:04:57.041+0800][2148.385s] GC(544) Metaspace: 49604K->49604K(1093632K)
[2022-03-27T21:04:57.041+0800][2148.385s] GC(544) Pause Young (Allocation Failure) 243M->159M(490M) 3.620ms
[2022-03-27T21:04:57.041+0800][2148.385s] GC(544) User=0.01s Sys=0.00s Real=0.01s
[2022-03-27T21:04:57.365+0800][2148.709s] GC(545) Pause Young (Allocation Failure)
[2022-03-27T21:04:57.365+0800][2148.709s] GC(545) Using 4 workers of 4 for evacuation
[2022-03-27T21:04:57.369+0800][2148.713s] GC(545) ParNew: 98753K->8389K(109248K)
[2022-03-27T21:04:57.369+0800][2148.713s] GC(545) CMS: 151812K->154390K(393216K)
[2022-03-27T21:04:57.369+0800][2148.713s] GC(545) Metaspace: 49611K->49611K(1093632K)
[2022-03-27T21:04:57.369+0800][2148.713s] GC(545) Pause Young (Allocation Failure) 244M->158M(490M) 3.742ms
[2022-03-27T21:04:57.369+0800][2148.713s] GC(545) User=0.01s Sys=0.00s Real=0.00s
[2022-03-27T21:04:57.710+0800][2149.054s] GC(546) Pause Young (Allocation Failure)
[2022-03-27T21:04:57.710+0800][2149.054s] GC(546) Using 4 workers of 4 for evacuation
[2022-03-27T21:04:57.713+0800][2149.057s] GC(546) ParNew: 95813K->9838K(109248K)
[2022-03-27T21:04:57.713+0800][2149.057s] GC(546) CMS: 154390K->154869K(393216K)
[2022-03-27T21:04:57.713+0800][2149.057s] GC(546) Metaspace: 49611K->49611K(1093632K)
[2022-03-27T21:04:57.713+0800][2149.057s] GC(546) Pause Young (Allocation Failure) 244M->160M(490M) 3.242ms
[2022-03-27T21:04:57.713+0800][2149.057s] GC(546) User=0.01s Sys=0.00s Real=0.00s
[2022-03-27T21:04:58.075+0800][2149.419s] GC(547) Pause Young (Allocation Failure)
[2022-03-27T21:04:58.075+0800][2149.419s] GC(547) Using 4 workers of 4 for evacuation
[2022-03-27T21:04:58.078+0800][2149.422s] GC(547) ParNew: 97262K->9795K(109248K)
[2022-03-27T21:04:58.078+0800][2149.422s] GC(547) CMS: 154869K->155797K(393216K)
[2022-03-27T21:04:58.078+0800][2149.422s] GC(547) Metaspace: 49611K->49611K(1093632K)
[2022-03-27T21:04:58.078+0800][2149.422s] GC(547) Pause Young (Allocation Failure) 246M->161M(490M) 3.199ms
[2022-03-27T21:04:58.078+0800][2149.422s] GC(547) User=0.01s Sys=0.00s Real=0.00s
[2022-03-27T21:04:58.408+0800][2149.752s] GC(548) Pause Young (Allocation Failure)
[2022-03-27T21:04:58.408+0800][2149.752s] GC(548) Using 4 workers of 4 for evacuation
[2022-03-27T21:04:58.411+0800][2149.755s] GC(548) ParNew: 97219K->10515K(109248K)
[2022-03-27T21:04:58.411+0800][2149.755s] GC(548) CMS: 155797K->156158K(393216K)
[2022-03-27T21:04:58.411+0800][2149.755s] GC(548) Metaspace: 49611K->49611K(1093632K)
[2022-03-27T21:04:58.411+0800][2149.755s] GC(548) Pause Young (Allocation Failure) 247M->162M(490M) 3.249ms
[2022-03-27T21:04:58.411+0800][2149.755s] GC(548) User=0.01s Sys=0.01s Real=0.01s
[2022-03-27T21:04:58.828+0800][2150.172s] GC(549) Pause Young (Allocation Failure)
[2022-03-27T21:04:58.828+0800][2150.172s] GC(549) Using 4 workers of 4 for evacuation
[2022-03-27T21:04:58.831+0800][2150.175s] GC(549) ParNew: 97939K->9415K(109248K)
[2022-03-27T21:04:58.831+0800][2150.175s] GC(549) CMS: 156158K->156318K(393216K)
[2022-03-27T21:04:58.831+0800][2150.175s] GC(549) Metaspace: 49611K->49611K(1093632K)
[2022-03-27T21:04:58.831+0800][2150.175s] GC(549) Pause Young (Allocation Failure) 248M->161M(490M) 2.696ms
[2022-03-27T21:04:58.831+0800][2150.175s] GC(549) User=0.00s Sys=0.00s Real=0.01s
[2022-03-27T21:04:59.122+0800][2150.466s] GC(550) Pause Young (Allocation Failure)
[2022-03-27T21:04:59.122+0800][2150.466s] GC(550) Using 4 workers of 4 for evacuation
[2022-03-27T21:04:59.125+0800][2150.469s] GC(550) ParNew: 96839K->9388K(109248K)
[2022-03-27T21:04:59.125+0800][2150.469s] GC(550) CMS: 156318K->156329K(393216K)
[2022-03-27T21:04:59.125+0800][2150.469s] GC(550) Metaspace: 49611K->49611K(1093632K)
[2022-03-27T21:04:59.125+0800][2150.469s] GC(550) Pause Young (Allocation Failure) 247M->161M(490M) 3.511ms
[2022-03-27T21:04:59.125+0800][2150.469s] GC(550) User=0.01s Sys=0.00s Real=0.00s
[2022-03-27T21:04:59.447+0800][2150.791s] GC(551) Pause Young (Allocation Failure)
[2022-03-27T21:04:59.447+0800][2150.791s] GC(551) Using 4 workers of 4 for evacuation
[2022-03-27T21:04:59.449+0800][2150.793s] GC(551) ParNew: 96812K->11423K(109248K)
[2022-03-27T21:04:59.449+0800][2150.793s] GC(551) CMS: 156329K->156347K(393216K)
[2022-03-27T21:04:59.449+0800][2150.793s] GC(551) Metaspace: 49611K->49611K(1093632K)
[2022-03-27T21:04:59.449+0800][2150.793s] GC(551) Pause Young (Allocation Failure) 247M->163M(490M) 2.320ms
[2022-03-27T21:04:59.449+0800][2150.793s] GC(551) User=0.01s Sys=0.00s Real=0.00s
[2022-03-27T21:04:59.761+0800][2151.105s] GC(552) Pause Young (Allocation Failure)
[2022-03-27T21:04:59.761+0800][2151.105s] GC(552) Using 4 workers of 4 for evacuation
[2022-03-27T21:04:59.763+0800][2151.107s] GC(552) ParNew: 98847K->7567K(109248K)
[2022-03-27T21:04:59.763+0800][2151.107s] GC(552) CMS: 156347K->158771K(393216K)
[2022-03-27T21:04:59.763+0800][2151.107s] GC(552) Metaspace: 49611K->49611K(1093632K)
[2022-03-27T21:04:59.763+0800][2151.107s] GC(552) Pause Young (Allocation Failure) 249M->162M(490M) 2.621ms
[2022-03-27T21:04:59.763+0800][2151.107s] GC(552) User=0.01s Sys=0.00s Real=0.00s
[2022-03-27T21:05:00.074+0800][2151.418s] GC(553) Pause Young (Allocation Failure)
[2022-03-27T21:05:00.074+0800][2151.418s] GC(553) Using 4 workers of 4 for evacuation
[2022-03-27T21:05:00.078+0800][2151.422s] GC(553) ParNew: 94991K->9260K(109248K)
[2022-03-27T21:05:00.078+0800][2151.422s] GC(553) CMS: 158771K->160609K(393216K)
[2022-03-27T21:05:00.078+0800][2151.422s] GC(553) Metaspace: 49611K->49611K(1093632K)
[2022-03-27T21:05:00.078+0800][2151.422s] GC(553) Pause Young (Allocation Failure) 247M->165M(490M) 3.775ms
[2022-03-27T21:05:00.078+0800][2151.422s] GC(553) User=0.01s Sys=0.00s Real=0.00s
[2022-03-27T21:05:00.408+0800][2151.752s] GC(554) Pause Young (Allocation Failure)
[2022-03-27T21:05:00.408+0800][2151.752s] GC(554) Using 4 workers of 4 for evacuation
[2022-03-27T21:05:00.410+0800][2151.754s] GC(554) ParNew: 96684K->7393K(109248K)
[2022-03-27T21:05:00.410+0800][2151.754s] GC(554) CMS: 160609K->160974K(393216K)
[2022-03-27T21:05:00.410+0800][2151.754s] GC(554) Metaspace: 49647K->49647K(1095680K)
[2022-03-27T21:05:00.410+0800][2151.754s] GC(554) Pause Young (Allocation Failure) 251M->164M(490M) 2.524ms
[2022-03-27T21:05:00.410+0800][2151.754s] GC(554) User=0.00s Sys=0.00s Real=0.01s
[2022-03-27T21:05:00.716+0800][2152.060s] GC(555) Pause Young (Allocation Failure)
[2022-03-27T21:05:00.716+0800][2152.060s] GC(555) Using 4 workers of 4 for evacuation
[2022-03-27T21:05:00.719+0800][2152.063s] GC(555) ParNew: 94817K->7621K(109248K)
[2022-03-27T21:05:00.719+0800][2152.063s] GC(555) CMS: 160974K->161354K(393216K)
[2022-03-27T21:05:00.719+0800][2152.063s] GC(555) Metaspace: 49647K->49647K(1095680K)
[2022-03-27T21:05:00.719+0800][2152.063s] GC(555) Pause Young (Allocation Failure) 249M->165M(490M) 3.105ms
[2022-03-27T21:05:00.719+0800][2152.063s] GC(555) User=0.01s Sys=0.00s Real=0.00s
[2022-03-27T21:05:01.030+0800][2152.374s] GC(556) Pause Young (Allocation Failure)
[2022-03-27T21:05:01.030+0800][2152.374s] GC(556) Using 4 workers of 4 for evacuation
[2022-03-27T21:05:01.032+0800][2152.376s] GC(556) ParNew: 95045K->8426K(109248K)
[2022-03-27T21:05:01.032+0800][2152.376s] GC(556) CMS: 161354K->161736K(393216K)
[2022-03-27T21:05:01.032+0800][2152.376s] GC(556) Metaspace: 49647K->49647K(1095680K)
[2022-03-27T21:05:01.032+0800][2152.376s] GC(556) Pause Young (Allocation Failure) 250M->166M(490M) 2.227ms
[2022-03-27T21:05:01.032+0800][2152.376s] GC(556) User=0.01s Sys=0.01s Real=0.00s
[2022-03-27T21:05:01.367+0800][2152.711s] GC(557) Pause Young (Allocation Failure)
[2022-03-27T21:05:01.367+0800][2152.711s] GC(557) Using 4 workers of 4 for evacuation
[2022-03-27T21:05:01.370+0800][2152.714s] GC(557) ParNew: 95850K->6992K(109248K)
[2022-03-27T21:05:01.370+0800][2152.714s] GC(557) CMS: 161736K->162177K(393216K)
[2022-03-27T21:05:01.370+0800][2152.714s] GC(557) Metaspace: 49647K->49647K(1095680K)
[2022-03-27T21:05:01.370+0800][2152.714s] GC(557) Pause Young (Allocation Failure) 251M->165M(490M) 3.123ms
[2022-03-27T21:05:01.370+0800][2152.714s] GC(557) User=0.00s Sys=0.00s Real=0.01s
[2022-03-27T21:05:01.704+0800][2153.048s] GC(558) Pause Young (Allocation Failure)
[2022-03-27T21:05:01.704+0800][2153.048s] GC(558) Using 4 workers of 4 for evacuation
[2022-03-27T21:05:01.706+0800][2153.050s] GC(558) ParNew: 94416K->8145K(109248K)
[2022-03-27T21:05:01.706+0800][2153.050s] GC(558) CMS: 162177K->162457K(393216K)
[2022-03-27T21:05:01.706+0800][2153.050s] GC(558) Metaspace: 49647K->49647K(1095680K)
[2022-03-27T21:05:01.706+0800][2153.050s] GC(558) Pause Young (Allocation Failure) 250M->166M(490M) 2.331ms
[2022-03-27T21:05:01.706+0800][2153.050s] GC(558) User=0.01s Sys=0.00s Real=0.00s
[2022-03-27T21:05:02.017+0800][2153.361s] GC(559) Pause Young (Allocation Failure)
[2022-03-27T21:05:02.017+0800][2153.361s] GC(559) Using 4 workers of 4 for evacuation
[2022-03-27T21:05:02.019+0800][2153.363s] GC(559) ParNew: 95569K->7598K(109248K)
[2022-03-27T21:05:02.019+0800][2153.363s] GC(559) CMS: 162457K->162847K(393216K)
[2022-03-27T21:05:02.019+0800][2153.363s] GC(559) Metaspace: 49647K->49647K(1095680K)
[2022-03-27T21:05:02.019+0800][2153.363s] GC(559) Pause Young (Allocation Failure) 251M->166M(490M) 2.304ms
[2022-03-27T21:05:02.019+0800][2153.363s] GC(559) User=0.00s Sys=0.00s Real=0.00s
[2022-03-27T21:05:02.305+0800][2153.649s] GC(560) Pause Young (Allocation Failure)
[2022-03-27T21:05:02.305+0800][2153.649s] GC(560) Using 4 workers of 4 for evacuation
[2022-03-27T21:05:02.307+0800][2153.651s] GC(560) ParNew: 95022K->8159K(109248K)
[2022-03-27T21:05:02.307+0800][2153.651s] GC(560) CMS: 162847K->163134K(393216K)
[2022-03-27T21:05:02.307+0800][2153.651s] GC(560) Metaspace: 49647K->49647K(1095680K)
[2022-03-27T21:05:02.307+0800][2153.651s] GC(560) Pause Young (Allocation Failure) 251M->167M(490M) 2.770ms
[2022-03-27T21:05:02.307+0800][2153.651s] GC(560) User=0.00s Sys=0.00s Real=0.00s
[2022-03-27T21:05:02.619+0800][2153.963s] GC(561) Pause Young (Allocation Failure)
[2022-03-27T21:05:02.619+0800][2153.963s] GC(561) Using 4 workers of 4 for evacuation
[2022-03-27T21:05:02.622+0800][2153.966s] GC(561) ParNew: 95583K->6467K(109248K)
[2022-03-27T21:05:02.622+0800][2153.966s] GC(561) CMS: 163134K->164049K(393216K)
[2022-03-27T21:05:02.622+0800][2153.966s] GC(561) Metaspace: 49647K->49647K(1095680K)
[2022-03-27T21:05:02.622+0800][2153.966s] GC(561) Pause Young (Allocation Failure) 252M->166M(490M) 2.247ms
[2022-03-27T21:05:02.622+0800][2153.966s] GC(561) User=0.01s Sys=0.00s Real=0.01s
[2022-03-27T21:05:02.886+0800][2154.230s] GC(562) Pause Young (Allocation Failure)
[2022-03-27T21:05:02.886+0800][2154.230s] GC(562) Using 4 workers of 4 for evacuation
[2022-03-27T21:05:02.888+0800][2154.232s] GC(562) ParNew: 93829K->8406K(109248K)
[2022-03-27T21:05:02.888+0800][2154.232s] GC(562) CMS: 164049K->164632K(393216K)
[2022-03-27T21:05:02.888+0800][2154.232s] GC(562) Metaspace: 49647K->49647K(1095680K)
[2022-03-27T21:05:02.888+0800][2154.232s] GC(562) Pause Young (Allocation Failure) 251M->168M(490M) 2.112ms
[2022-03-27T21:05:02.888+0800][2154.232s] GC(562) User=0.00s Sys=0.00s Real=0.00s
[2022-03-27T21:05:03.197+0800][2154.541s] GC(563) Pause Young (Allocation Failure)
[2022-03-27T21:05:03.197+0800][2154.541s] GC(563) Using 4 workers of 4 for evacuation
[2022-03-27T21:05:03.199+0800][2154.543s] GC(563) ParNew: 95830K->6446K(109248K)
[2022-03-27T21:05:03.199+0800][2154.543s] GC(563) CMS: 164632K->165007K(393216K)
[2022-03-27T21:05:03.199+0800][2154.543s] GC(563) Metaspace: 49647K->49647K(1095680K)
[2022-03-27T21:05:03.199+0800][2154.543s] GC(563) Pause Young (Allocation Failure) 254M->167M(490M) 2.390ms
[2022-03-27T21:05:03.200+0800][2154.544s] GC(563) User=0.01s Sys=0.00s Real=0.01s
[2022-03-27T21:05:03.504+0800][2154.848s] GC(564) Pause Young (Allocation Failure)
[2022-03-27T21:05:03.504+0800][2154.848s] GC(564) Using 4 workers of 4 for evacuation
[2022-03-27T21:05:03.506+0800][2154.850s] GC(564) ParNew: 93870K->7260K(109248K)
[2022-03-27T21:05:03.506+0800][2154.850s] GC(564) CMS: 165007K->165326K(393216K)
[2022-03-27T21:05:03.506+0800][2154.850s] GC(564) Metaspace: 49647K->49647K(1095680K)
[2022-03-27T21:05:03.506+0800][2154.850s] GC(564) Pause Young (Allocation Failure) 252M->168M(490M) 2.158ms
[2022-03-27T21:05:03.506+0800][2154.850s] GC(564) User=0.01s Sys=0.00s Real=0.00s
[2022-03-27T21:05:03.794+0800][2155.138s] GC(565) Pause Young (Allocation Failure)
[2022-03-27T21:05:03.794+0800][2155.138s] GC(565) Using 4 workers of 4 for evacuation
[2022-03-27T21:05:03.796+0800][2155.140s] GC(565) ParNew: 94684K->6508K(109248K)
[2022-03-27T21:05:03.796+0800][2155.140s] GC(565) CMS: 165326K->165680K(393216K)
[2022-03-27T21:05:03.796+0800][2155.140s] GC(565) Metaspace: 49647K->49647K(1095680K)
[2022-03-27T21:05:03.796+0800][2155.140s] GC(565) Pause Young (Allocation Failure) 253M->168M(490M) 2.027ms
[2022-03-27T21:05:03.796+0800][2155.140s] GC(565) User=0.01s Sys=0.00s Real=0.00s
[2022-03-27T21:05:04.097+0800][2155.441s] GC(566) Pause Young (Allocation Failure)
[2022-03-27T21:05:04.097+0800][2155.441s] GC(566) Using 4 workers of 4 for evacuation
[2022-03-27T21:05:04.101+0800][2155.445s] GC(566) ParNew: 93932K->8199K(109248K)
[2022-03-27T21:05:04.101+0800][2155.445s] GC(566) CMS: 165680K->166243K(393216K)
[2022-03-27T21:05:04.101+0800][2155.445s] GC(566) Metaspace: 49647K->49647K(1095680K)
[2022-03-27T21:05:04.101+0800][2155.445s] GC(566) Pause Young (Allocation Failure) 253M->170M(490M) 4.109ms
[2022-03-27T21:05:04.101+0800][2155.445s] GC(566) User=0.01s Sys=0.00s Real=0.01s
[2022-03-27T21:05:04.429+0800][2155.773s] GC(567) Pause Young (Allocation Failure)
[2022-03-27T21:05:04.429+0800][2155.773s] GC(567) Using 4 workers of 4 for evacuation
[2022-03-27T21:05:04.432+0800][2155.776s] GC(567) ParNew: 95623K->6566K(109248K)
[2022-03-27T21:05:04.432+0800][2155.776s] GC(567) CMS: 166243K->166514K(393216K)
[2022-03-27T21:05:04.432+0800][2155.776s] GC(567) Metaspace: 49647K->49647K(1095680K)
[2022-03-27T21:05:04.432+0800][2155.776s] GC(567) Pause Young (Allocation Failure) 255M->169M(490M) 2.858ms
[2022-03-27T21:05:04.432+0800][2155.776s] GC(567) User=0.01s Sys=0.00s Real=0.01s
[2022-03-27T21:05:04.756+0800][2156.100s] GC(568) Pause Young (Allocation Failure)
[2022-03-27T21:05:04.756+0800][2156.100s] GC(568) Using 4 workers of 4 for evacuation
[2022-03-27T21:05:04.758+0800][2156.102s] GC(568) ParNew: 93990K->7515K(109248K)
[2022-03-27T21:05:04.758+0800][2156.102s] GC(568) CMS: 166514K->166872K(393216K)
[2022-03-27T21:05:04.758+0800][2156.102s] GC(568) Metaspace: 49647K->49647K(1095680K)
[2022-03-27T21:05:04.758+0800][2156.102s] GC(568) Pause Young (Allocation Failure) 254M->170M(490M) 2.044ms
[2022-03-27T21:05:04.758+0800][2156.102s] GC(568) User=0.01s Sys=0.00s Real=0.00s
[2022-03-27T21:05:05.034+0800][2156.378s] GC(569) Pause Young (Allocation Failure)
[2022-03-27T21:05:05.034+0800][2156.378s] GC(569) Using 4 workers of 4 for evacuation
[2022-03-27T21:05:05.036+0800][2156.380s] GC(569) ParNew: 94939K->7184K(109248K)
[2022-03-27T21:05:05.036+0800][2156.380s] GC(569) CMS: 166872K->167130K(393216K)
[2022-03-27T21:05:05.036+0800][2156.380s] GC(569) Metaspace: 49647K->49647K(1095680K)
[2022-03-27T21:05:05.036+0800][2156.380s] GC(569) Pause Young (Allocation Failure) 255M->170M(490M) 2.065ms
[2022-03-27T21:05:05.036+0800][2156.380s] GC(569) User=0.00s Sys=0.00s Real=0.00s
[2022-03-27T21:05:05.336+0800][2156.680s] GC(570) Pause Young (Allocation Failure)
[2022-03-27T21:05:05.336+0800][2156.680s] GC(570) Using 4 workers of 4 for evacuation
[2022-03-27T21:05:05.339+0800][2156.683s] GC(570) ParNew: 94608K->8256K(109248K)
[2022-03-27T21:05:05.339+0800][2156.683s] GC(570) CMS: 167130K->167468K(393216K)
[2022-03-27T21:05:05.339+0800][2156.683s] GC(570) Metaspace: 49647K->49647K(1095680K)
[2022-03-27T21:05:05.339+0800][2156.683s] GC(570) Pause Young (Allocation Failure) 255M->171M(490M) 2.747ms
[2022-03-27T21:05:05.339+0800][2156.683s] GC(570) User=0.01s Sys=0.00s Real=0.00s
[2022-03-27T21:05:05.652+0800][2156.996s] GC(571) Pause Young (Allocation Failure)
[2022-03-27T21:05:05.652+0800][2156.996s] GC(571) Using 4 workers of 4 for evacuation
[2022-03-27T21:05:05.655+0800][2156.999s] GC(571) ParNew: 95680K->7923K(109248K)
[2022-03-27T21:05:05.655+0800][2156.999s] GC(571) CMS: 167468K->167790K(393216K)
[2022-03-27T21:05:05.655+0800][2156.999s] GC(571) Metaspace: 49647K->49647K(1095680K)
[2022-03-27T21:05:05.655+0800][2156.999s] GC(571) Pause Young (Allocation Failure) 256M->171M(490M) 2.308ms
[2022-03-27T21:05:05.655+0800][2156.999s] GC(571) User=0.00s Sys=0.01s Real=0.00s
[2022-03-27T21:05:05.979+0800][2157.323s] GC(572) Pause Young (Allocation Failure)
[2022-03-27T21:05:05.979+0800][2157.323s] GC(572) Using 4 workers of 4 for evacuation
[2022-03-27T21:05:05.981+0800][2157.325s] GC(572) ParNew: 95347K->8782K(109248K)
[2022-03-27T21:05:05.981+0800][2157.325s] GC(572) CMS: 167790K->168129K(393216K)
[2022-03-27T21:05:05.981+0800][2157.325s] GC(572) Metaspace: 49647K->49647K(1095680K)
[2022-03-27T21:05:05.981+0800][2157.325s] GC(572) Pause Young (Allocation Failure) 256M->172M(490M) 2.237ms
[2022-03-27T21:05:05.981+0800][2157.325s] GC(572) User=0.00s Sys=0.00s Real=0.01s
[2022-03-27T21:05:06.272+0800][2157.616s] GC(573) Pause Young (Allocation Failure)
[2022-03-27T21:05:06.272+0800][2157.616s] GC(573) Using 4 workers of 4 for evacuation
[2022-03-27T21:05:06.274+0800][2157.618s] GC(573) ParNew: 96206K->8887K(109248K)
[2022-03-27T21:05:06.274+0800][2157.618s] GC(573) CMS: 168129K->168372K(393216K)
[2022-03-27T21:05:06.274+0800][2157.618s] GC(573) Metaspace: 49647K->49647K(1095680K)
[2022-03-27T21:05:06.274+0800][2157.618s] GC(573) Pause Young (Allocation Failure) 258M->173M(490M) 2.307ms
[2022-03-27T21:05:06.274+0800][2157.618s] GC(573) User=0.01s Sys=0.00s Real=0.00s
[2022-03-27T21:05:06.559+0800][2157.903s] GC(574) Pause Young (Allocation Failure)
[2022-03-27T21:05:06.559+0800][2157.903s] GC(574) Using 4 workers of 4 for evacuation
[2022-03-27T21:05:06.561+0800][2157.905s] GC(574) ParNew: 96311K->8980K(109248K)
[2022-03-27T21:05:06.561+0800][2157.905s] GC(574) CMS: 168372K->168761K(393216K)
[2022-03-27T21:05:06.561+0800][2157.905s] GC(574) Metaspace: 49647K->49647K(1095680K)
[2022-03-27T21:05:06.561+0800][2157.905s] GC(574) Pause Young (Allocation Failure) 258M->173M(490M) 2.459ms
[2022-03-27T21:05:06.561+0800][2157.905s] GC(574) User=0.01s Sys=0.00s Real=0.01s
[2022-03-27T21:05:06.832+0800][2158.176s] GC(575) Pause Young (Allocation Failure)
[2022-03-27T21:05:06.832+0800][2158.176s] GC(575) Using 4 workers of 4 for evacuation
[2022-03-27T21:05:06.834+0800][2158.178s] GC(575) ParNew: 96099K->9379K(109248K)
[2022-03-27T21:05:06.834+0800][2158.178s] GC(575) CMS: 168761K->169043K(393216K)
[2022-03-27T21:05:06.834+0800][2158.178s] GC(575) Metaspace: 49647K->49647K(1095680K)
[2022-03-27T21:05:06.834+0800][2158.178s] GC(575) Pause Young (Allocation Failure) 258M->174M(490M) 2.507ms
[2022-03-27T21:05:06.834+0800][2158.178s] GC(575) User=0.01s Sys=0.00s Real=0.00s
[2022-03-27T21:05:07.161+0800][2158.505s] GC(576) Pause Young (Allocation Failure)
[2022-03-27T21:05:07.161+0800][2158.505s] GC(576) Using 4 workers of 4 for evacuation
[2022-03-27T21:05:07.164+0800][2158.508s] GC(576) ParNew: 96803K->9347K(109248K)
[2022-03-27T21:05:07.164+0800][2158.508s] GC(576) CMS: 169043K->169393K(393216K)
[2022-03-27T21:05:07.164+0800][2158.508s] GC(576) Metaspace: 49647K->49647K(1095680K)
[2022-03-27T21:05:07.164+0800][2158.508s] GC(576) Pause Young (Allocation Failure) 259M->174M(490M) 2.471ms
[2022-03-27T21:05:07.164+0800][2158.508s] GC(576) User=0.01s Sys=0.00s Real=0.00s
[2022-03-27T21:05:07.450+0800][2158.794s] GC(577) Pause Young (Allocation Failure)
[2022-03-27T21:05:07.450+0800][2158.794s] GC(577) Using 4 workers of 4 for evacuation
[2022-03-27T21:05:07.452+0800][2158.796s] GC(577) ParNew: 96771K->10096K(109248K)
[2022-03-27T21:05:07.452+0800][2158.796s] GC(577) CMS: 169393K->169766K(393216K)
[2022-03-27T21:05:07.452+0800][2158.796s] GC(577) Metaspace: 49647K->49647K(1095680K)
[2022-03-27T21:05:07.452+0800][2158.796s] GC(577) Pause Young (Allocation Failure) 259M->175M(490M) 2.079ms
[2022-03-27T21:05:07.453+0800][2158.796s] GC(577) User=0.01s Sys=0.00s Real=0.00s
[2022-03-27T21:05:07.547+0800][2158.891s] GC(578) Pause Young (Allocation Failure)
[2022-03-27T21:05:07.547+0800][2158.891s] GC(578) Using 4 workers of 4 for evacuation
[2022-03-27T21:05:07.549+0800][2158.893s] GC(578) ParNew: 97520K->11775K(109248K)
[2022-03-27T21:05:07.549+0800][2158.893s] GC(578) CMS: 169766K->171010K(393216K)
[2022-03-27T21:05:07.549+0800][2158.893s] GC(578) Metaspace: 49647K->49647K(1095680K)
[2022-03-27T21:05:07.549+0800][2158.893s] GC(578) Pause Young (Allocation Failure) 261M->178M(490M) 2.255ms
[2022-03-27T21:05:07.549+0800][2158.893s] GC(578) User=0.01s Sys=0.00s Real=0.00s
[2022-03-27T21:05:07.668+0800][2159.012s] GC(579) Pause Young (Allocation Failure)
[2022-03-27T21:05:07.668+0800][2159.012s] GC(579) Using 4 workers of 4 for evacuation
[2022-03-27T21:05:07.671+0800][2159.015s] GC(579) ParNew: 99199K->12475K(109248K)
[2022-03-27T21:05:07.671+0800][2159.015s] GC(579) CMS: 171010K->171440K(393216K)
[2022-03-27T21:05:07.671+0800][2159.015s] GC(579) Metaspace: 49647K->49647K(1095680K)
[2022-03-27T21:05:07.671+0800][2159.015s] GC(579) Pause Young (Allocation Failure) 263M->179M(490M) 2.175ms
[2022-03-27T21:05:07.671+0800][2159.015s] GC(579) User=0.01s Sys=0.00s Real=0.01s
[2022-03-27T21:05:09.533+0800][2160.877s] GC(580) Pause Young (Allocation Failure)
[2022-03-27T21:05:09.550+0800][2160.894s] GC(580) Using 4 workers of 4 for evacuation
[2022-03-27T21:05:09.555+0800][2160.899s] GC(580) ParNew: 99899K->13245K(109248K)
[2022-03-27T21:05:09.555+0800][2160.899s] GC(580) CMS: 171440K->171952K(393216K)
[2022-03-27T21:05:09.555+0800][2160.899s] GC(580) Metaspace: 49648K->49648K(1095680K)
[2022-03-27T21:05:09.555+0800][2160.899s] GC(580) Pause Young (Allocation Failure) 264M->180M(490M) 21.703ms
[2022-03-27T21:05:09.555+0800][2160.899s] GC(580) User=0.02s Sys=0.00s Real=0.02s
[2022-03-27T21:05:12.480+0800][2163.824s] GC(581) Pause Young (Allocation Failure)
[2022-03-27T21:05:12.480+0800][2163.824s] GC(581) Using 4 workers of 4 for evacuation
[2022-03-27T21:05:12.483+0800][2163.827s] GC(581) ParNew: 100669K->11331K(109248K)
[2022-03-27T21:05:12.483+0800][2163.827s] GC(581) CMS: 171952K->172438K(393216K)
[2022-03-27T21:05:12.483+0800][2163.827s] GC(581) Metaspace: 49651K->49651K(1095680K)
[2022-03-27T21:05:12.483+0800][2163.827s] GC(581) Pause Young (Allocation Failure) 266M->179M(490M) 3.088ms
[2022-03-27T21:05:12.483+0800][2163.827s] GC(581) User=0.01s Sys=0.00s Real=0.00s
[2022-03-27T21:05:12.782+0800][2164.126s] GC(582) Pause Young (Allocation Failure)
[2022-03-27T21:05:12.783+0800][2164.127s] GC(582) Using 4 workers of 4 for evacuation
[2022-03-27T21:05:12.786+0800][2164.130s] GC(582) ParNew: 98755K->12306K(109248K)
[2022-03-27T21:05:12.786+0800][2164.130s] GC(582) CMS: 172438K->172702K(393216K)
[2022-03-27T21:05:12.786+0800][2164.130s] GC(582) Metaspace: 49659K->49659K(1095680K)
[2022-03-27T21:05:12.786+0800][2164.130s] GC(582) Pause Young (Allocation Failure) 264M->180M(490M) 3.383ms
[2022-03-27T21:05:12.786+0800][2164.130s] GC(582) User=0.01s Sys=0.00s Real=0.00s
[2022-03-27T21:05:12.984+0800][2164.328s] GC(583) Pause Young (Allocation Failure)
[2022-03-27T21:05:12.984+0800][2164.328s] GC(583) Using 4 workers of 4 for evacuation
[2022-03-27T21:05:12.987+0800][2164.331s] GC(583) ParNew: 99730K->13714K(109248K)
[2022-03-27T21:05:12.987+0800][2164.331s] GC(583) CMS: 172702K->173701K(393216K)
[2022-03-27T21:05:12.988+0800][2164.331s] GC(583) Metaspace: 49660K->49660K(1095680K)
[2022-03-27T21:05:12.988+0800][2164.332s] GC(583) Pause Young (Allocation Failure) 266M->183M(490M) 3.302ms
[2022-03-27T21:05:12.988+0800][2164.332s] GC(583) User=0.01s Sys=0.00s Real=0.00s
[2022-03-27T21:05:13.142+0800][2164.486s] GC(584) Pause Young (Allocation Failure)
[2022-03-27T21:05:13.143+0800][2164.486s] GC(584) Using 4 workers of 4 for evacuation
[2022-03-27T21:05:13.145+0800][2164.489s] GC(584) ParNew: 101138K->13299K(109248K)
[2022-03-27T21:05:13.145+0800][2164.489s] GC(584) CMS: 173701K->174060K(393216K)
[2022-03-27T21:05:13.145+0800][2164.489s] GC(584) Metaspace: 49665K->49665K(1095680K)
[2022-03-27T21:05:13.145+0800][2164.489s] GC(584) Pause Young (Allocation Failure) 268M->182M(490M) 2.607ms
[2022-03-27T21:05:13.145+0800][2164.489s] GC(584) User=0.01s Sys=0.00s Real=0.00s
[2022-03-27T21:05:13.294+0800][2164.638s] GC(585) Pause Young (Allocation Failure)
[2022-03-27T21:05:13.294+0800][2164.638s] GC(585) Using 4 workers of 4 for evacuation
[2022-03-27T21:05:13.297+0800][2164.641s] GC(585) ParNew: 100710K->9030K(109248K)
[2022-03-27T21:05:13.297+0800][2164.641s] GC(585) CMS: 174060K->177820K(393216K)
[2022-03-27T21:05:13.297+0800][2164.641s] GC(585) Metaspace: 49665K->49665K(1095680K)
[2022-03-27T21:05:13.297+0800][2164.641s] GC(585) Pause Young (Allocation Failure) 268M->182M(490M) 2.993ms
[2022-03-27T21:05:13.297+0800][2164.641s] GC(585) User=0.01s Sys=0.00s Real=0.00s
[2022-03-27T21:05:13.529+0800][2164.873s] GC(586) Pause Young (Allocation Failure)
[2022-03-27T21:05:13.529+0800][2164.873s] GC(586) Using 4 workers of 4 for evacuation
[2022-03-27T21:05:13.531+0800][2164.875s] GC(586) ParNew: 96454K->8965K(109248K)
[2022-03-27T21:05:13.531+0800][2164.875s] GC(586) CMS: 177820K->178046K(393216K)
[2022-03-27T21:05:13.531+0800][2164.875s] GC(586) Metaspace: 49665K->49665K(1095680K)
[2022-03-27T21:05:13.531+0800][2164.875s] GC(586) Pause Young (Allocation Failure) 267M->182M(490M) 2.939ms
[2022-03-27T21:05:13.531+0800][2164.875s] GC(586) User=0.01s Sys=0.00s Real=0.01s
[2022-03-27T21:05:13.780+0800][2165.124s] GC(587) Pause Young (Allocation Failure)
[2022-03-27T21:05:13.780+0800][2165.124s] GC(587) Using 4 workers of 4 for evacuation
[2022-03-27T21:05:13.783+0800][2165.127s] GC(587) ParNew: 96389K->10657K(109248K)
[2022-03-27T21:05:13.783+0800][2165.127s] GC(587) CMS: 178046K->178055K(393216K)
[2022-03-27T21:05:13.783+0800][2165.127s] GC(587) Metaspace: 49675K->49675K(1095680K)
[2022-03-27T21:05:13.783+0800][2165.127s] GC(587) Pause Young (Allocation Failure) 268M->184M(490M) 2.556ms
[2022-03-27T21:05:13.783+0800][2165.127s] GC(587) User=0.01s Sys=0.00s Real=0.00s
[2022-03-27T21:05:14.036+0800][2165.380s] GC(588) Pause Young (Allocation Failure)
[2022-03-27T21:05:14.036+0800][2165.380s] GC(588) Using 4 workers of 4 for evacuation
[2022-03-27T21:05:14.038+0800][2165.382s] GC(588) ParNew: 98081K->10010K(109248K)
[2022-03-27T21:05:14.038+0800][2165.382s] GC(588) CMS: 178055K->178067K(393216K)
[2022-03-27T21:05:14.038+0800][2165.382s] GC(588) Metaspace: 49675K->49675K(1095680K)
[2022-03-27T21:05:14.038+0800][2165.382s] GC(588) Pause Young (Allocation Failure) 269M->183M(490M) 2.480ms
[2022-03-27T21:05:14.038+0800][2165.382s] GC(588) User=0.01s Sys=0.00s Real=0.00s
[2022-03-27T21:05:14.299+0800][2165.643s] GC(589) Pause Young (Allocation Failure)
[2022-03-27T21:05:14.299+0800][2165.643s] GC(589) Using 4 workers of 4 for evacuation
[2022-03-27T21:05:14.302+0800][2165.645s] GC(589) ParNew: 97434K->12117K(109248K)
[2022-03-27T21:05:14.302+0800][2165.646s] GC(589) CMS: 178067K->179171K(393216K)
[2022-03-27T21:05:14.302+0800][2165.646s] GC(589) Metaspace: 49675K->49675K(1095680K)
[2022-03-27T21:05:14.302+0800][2165.646s] GC(589) Pause Young (Allocation Failure) 269M->186M(490M) 2.590ms
[2022-03-27T21:05:14.302+0800][2165.646s] GC(589) User=0.01s Sys=0.00s Real=0.01s
[2022-03-27T21:05:14.584+0800][2165.928s] GC(590) Pause Young (Allocation Failure)
[2022-03-27T21:05:14.584+0800][2165.928s] GC(590) Using 4 workers of 4 for evacuation
[2022-03-27T21:05:14.588+0800][2165.932s] GC(590) ParNew: 99541K->6952K(109248K)
[2022-03-27T21:05:14.588+0800][2165.932s] GC(590) CMS: 179171K->182210K(393216K)
[2022-03-27T21:05:14.588+0800][2165.932s] GC(590) Metaspace: 49675K->49675K(1095680K)
[2022-03-27T21:05:14.588+0800][2165.932s] GC(590) Pause Young (Allocation Failure) 272M->184M(490M) 4.293ms
[2022-03-27T21:05:14.588+0800][2165.932s] GC(590) User=0.01s Sys=0.00s Real=0.00s
[2022-03-27T21:05:14.837+0800][2166.181s] GC(591) Pause Young (Allocation Failure)
[2022-03-27T21:05:14.837+0800][2166.181s] GC(591) Using 4 workers of 4 for evacuation
[2022-03-27T21:05:14.839+0800][2166.183s] GC(591) ParNew: 94376K->5593K(109248K)
[2022-03-27T21:05:14.839+0800][2166.183s] GC(591) CMS: 182210K->182618K(393216K)
[2022-03-27T21:05:14.839+0800][2166.183s] GC(591) Metaspace: 49675K->49675K(1095680K)
[2022-03-27T21:05:14.839+0800][2166.183s] GC(591) Pause Young (Allocation Failure) 270M->183M(490M) 2.048ms
[2022-03-27T21:05:14.839+0800][2166.183s] GC(591) User=0.01s Sys=0.00s Real=0.00s
[2022-03-27T21:05:15.084+0800][2166.428s] GC(592) Pause Young (Allocation Failure)
[2022-03-27T21:05:15.084+0800][2166.428s] GC(592) Using 4 workers of 4 for evacuation
[2022-03-27T21:05:15.086+0800][2166.430s] GC(592) ParNew: 93017K->6320K(109248K)
[2022-03-27T21:05:15.086+0800][2166.430s] GC(592) CMS: 182618K->182996K(393216K)
[2022-03-27T21:05:15.086+0800][2166.430s] GC(592) Metaspace: 49675K->49675K(1095680K)
[2022-03-27T21:05:15.086+0800][2166.430s] GC(592) Pause Young (Allocation Failure) 269M->184M(490M) 2.435ms
[2022-03-27T21:05:15.086+0800][2166.430s] GC(592) User=0.00s Sys=0.00s Real=0.00s
[2022-03-27T21:05:15.351+0800][2166.695s] GC(593) Pause Young (Allocation Failure)
[2022-03-27T21:05:15.351+0800][2166.695s] GC(593) Using 4 workers of 4 for evacuation
[2022-03-27T21:05:15.353+0800][2166.697s] GC(593) ParNew: 93744K->6276K(109248K)
[2022-03-27T21:05:15.353+0800][2166.697s] GC(593) CMS: 182996K->183183K(393216K)
[2022-03-27T21:05:15.353+0800][2166.697s] GC(593) Metaspace: 49675K->49675K(1095680K)
[2022-03-27T21:05:15.353+0800][2166.697s] GC(593) Pause Young (Allocation Failure) 270M->185M(490M) 2.055ms
[2022-03-27T21:05:15.353+0800][2166.697s] GC(593) User=0.01s Sys=0.00s Real=0.00s
[2022-03-27T21:05:15.459+0800][2166.803s] GC(594) Pause Young (Allocation Failure)
[2022-03-27T21:05:15.459+0800][2166.803s] GC(594) Using 4 workers of 4 for evacuation
[2022-03-27T21:05:15.461+0800][2166.805s] GC(594) ParNew: 93700K->4800K(109248K)
[2022-03-27T21:05:15.461+0800][2166.805s] GC(594) CMS: 183183K->183923K(393216K)
[2022-03-27T21:05:15.461+0800][2166.805s] GC(594) Metaspace: 49675K->49675K(1095680K)
[2022-03-27T21:05:15.461+0800][2166.805s] GC(594) Pause Young (Allocation Failure) 270M->184M(490M) 2.195ms
[2022-03-27T21:05:15.461+0800][2166.805s] GC(594) User=0.00s Sys=0.00s Real=0.01s
[2022-03-27T21:05:15.564+0800][2166.908s] GC(595) Pause Young (Allocation Failure)
[2022-03-27T21:05:15.565+0800][2166.908s] GC(595) Using 4 workers of 4 for evacuation
[2022-03-27T21:05:15.566+0800][2166.910s] GC(595) ParNew: 92224K->5914K(109248K)
[2022-03-27T21:05:15.566+0800][2166.910s] GC(595) CMS: 183923K->184208K(393216K)
[2022-03-27T21:05:15.566+0800][2166.910s] GC(595) Metaspace: 49675K->49675K(1095680K)
[2022-03-27T21:05:15.567+0800][2166.910s] GC(595) Pause Young (Allocation Failure) 269M->185M(490M) 2.065ms
[2022-03-27T21:05:15.567+0800][2166.911s] GC(595) User=0.01s Sys=0.00s Real=0.00s
[2022-03-27T21:05:15.800+0800][2167.144s] GC(596) Pause Young (Allocation Failure)
[2022-03-27T21:05:15.800+0800][2167.144s] GC(596) Using 4 workers of 4 for evacuation
[2022-03-27T21:05:15.802+0800][2167.146s] GC(596) ParNew: 92937K->5526K(109248K)
[2022-03-27T21:05:15.802+0800][2167.146s] GC(596) CMS: 184208K->184500K(393216K)
[2022-03-27T21:05:15.802+0800][2167.146s] GC(596) Metaspace: 49684K->49684K(1095680K)
[2022-03-27T21:05:15.802+0800][2167.146s] GC(596) Pause Young (Allocation Failure) 270M->185M(490M) 2.202ms
[2022-03-27T21:05:15.802+0800][2167.146s] GC(596) User=0.00s Sys=0.00s Real=0.00s
[2022-03-27T21:05:15.965+0800][2167.309s] GC(597) Pause Young (Allocation Failure)
[2022-03-27T21:05:15.965+0800][2167.309s] GC(597) Using 4 workers of 4 for evacuation
[2022-03-27T21:05:15.967+0800][2167.311s] GC(597) ParNew: 92950K->7405K(109248K)
[2022-03-27T21:05:15.967+0800][2167.311s] GC(597) CMS: 184500K->184868K(393216K)
[2022-03-27T21:05:15.967+0800][2167.311s] GC(597) Metaspace: 49695K->49695K(1095680K)
[2022-03-27T21:05:15.967+0800][2167.311s] GC(597) Pause Young (Allocation Failure) 270M->187M(490M) 1.954ms
[2022-03-27T21:05:15.967+0800][2167.311s] GC(597) User=0.01s Sys=0.00s Real=0.00s
[2022-03-27T21:05:16.252+0800][2167.596s] GC(598) Pause Young (Allocation Failure)
[2022-03-27T21:05:16.252+0800][2167.596s] GC(598) Using 4 workers of 4 for evacuation
[2022-03-27T21:05:16.254+0800][2167.598s] GC(598) ParNew: 94829K->5314K(109248K)
[2022-03-27T21:05:16.254+0800][2167.598s] GC(598) CMS: 184868K->185151K(393216K)
[2022-03-27T21:05:16.254+0800][2167.598s] GC(598) Metaspace: 49695K->49695K(1095680K)
[2022-03-27T21:05:16.254+0800][2167.598s] GC(598) Pause Young (Allocation Failure) 273M->186M(490M) 2.010ms
[2022-03-27T21:05:16.254+0800][2167.598s] GC(598) User=0.01s Sys=0.00s Real=0.00s
[2022-03-27T21:05:16.518+0800][2167.862s] GC(599) Pause Young (Allocation Failure)
[2022-03-27T21:05:16.518+0800][2167.862s] GC(599) Using 4 workers of 4 for evacuation
[2022-03-27T21:05:16.520+0800][2167.864s] GC(599) ParNew: 92738K->6506K(109248K)
[2022-03-27T21:05:16.520+0800][2167.864s] GC(599) CMS: 185151K->185482K(393216K)
[2022-03-27T21:05:16.520+0800][2167.864s] GC(599) Metaspace: 49695K->49695K(1095680K)
[2022-03-27T21:05:16.520+0800][2167.864s] GC(599) Pause Young (Allocation Failure) 271M->187M(490M) 1.943ms
[2022-03-27T21:05:16.520+0800][2167.864s] GC(599) User=0.01s Sys=0.00s Real=0.01s
[2022-03-27T21:05:16.772+0800][2168.116s] GC(600) Pause Young (Allocation Failure)
[2022-03-27T21:05:16.772+0800][2168.116s] GC(600) Using 4 workers of 4 for evacuation
[2022-03-27T21:05:16.774+0800][2168.118s] GC(600) ParNew: 93930K->6030K(109248K)
[2022-03-27T21:05:16.774+0800][2168.118s] GC(600) CMS: 185482K->185761K(393216K)
[2022-03-27T21:05:16.774+0800][2168.118s] GC(600) Metaspace: 49695K->49695K(1095680K)
[2022-03-27T21:05:16.774+0800][2168.118s] GC(600) Pause Young (Allocation Failure) 272M->187M(490M) 1.851ms
[2022-03-27T21:05:16.774+0800][2168.118s] GC(600) User=0.01s Sys=0.00s Real=0.00s
[2022-03-27T21:05:17.052+0800][2168.396s] GC(601) Pause Young (Allocation Failure)
[2022-03-27T21:05:17.052+0800][2168.396s] GC(601) Using 4 workers of 4 for evacuation
[2022-03-27T21:05:17.054+0800][2168.398s] GC(601) ParNew: 93454K->5664K(109248K)
[2022-03-27T21:05:17.054+0800][2168.398s] GC(601) CMS: 185761K->185993K(393216K)
[2022-03-27T21:05:17.054+0800][2168.398s] GC(601) Metaspace: 49695K->49695K(1095680K)
[2022-03-27T21:05:17.054+0800][2168.398s] GC(601) Pause Young (Allocation Failure) 272M->187M(490M) 1.885ms
[2022-03-27T21:05:17.054+0800][2168.398s] GC(601) User=0.00s Sys=0.00s Real=0.00s
[2022-03-27T21:05:17.339+0800][2168.683s] GC(602) Pause Young (Allocation Failure)
[2022-03-27T21:05:17.339+0800][2168.683s] GC(602) Using 4 workers of 4 for evacuation
[2022-03-27T21:05:17.341+0800][2168.685s] GC(602) ParNew: 93040K->6806K(109248K)
[2022-03-27T21:05:17.341+0800][2168.685s] GC(602) CMS: 185993K->186148K(393216K)
[2022-03-27T21:05:17.341+0800][2168.685s] GC(602) Metaspace: 49695K->49695K(1095680K)
[2022-03-27T21:05:17.341+0800][2168.685s] GC(602) Pause Young (Allocation Failure) 272M->188M(490M) 2.120ms
[2022-03-27T21:05:17.341+0800][2168.685s] GC(602) User=0.00s Sys=0.00s Real=0.01s
[2022-03-27T21:05:17.638+0800][2168.982s] GC(603) Pause Young (Allocation Failure)
[2022-03-27T21:05:17.638+0800][2168.982s] GC(603) Using 4 workers of 4 for evacuation
[2022-03-27T21:05:17.640+0800][2168.984s] GC(603) ParNew: 94230K->6043K(109248K)
[2022-03-27T21:05:17.640+0800][2168.984s] GC(603) CMS: 186148K->186779K(393216K)
[2022-03-27T21:05:17.640+0800][2168.984s] GC(603) Metaspace: 49695K->49695K(1095680K)
[2022-03-27T21:05:17.640+0800][2168.984s] GC(603) Pause Young (Allocation Failure) 273M->188M(490M) 2.096ms
[2022-03-27T21:05:17.640+0800][2168.984s] GC(603) User=0.00s Sys=0.00s Real=0.01s
[2022-03-27T21:05:17.937+0800][2169.281s] GC(604) Pause Young (Allocation Failure)
[2022-03-27T21:05:17.937+0800][2169.281s] GC(604) Using 4 workers of 4 for evacuation
[2022-03-27T21:05:17.939+0800][2169.283s] GC(604) ParNew: 93467K->7339K(109248K)
[2022-03-27T21:05:17.939+0800][2169.283s] GC(604) CMS: 186779K->187182K(393216K)
[2022-03-27T21:05:17.939+0800][2169.283s] GC(604) Metaspace: 49695K->49695K(1095680K)
[2022-03-27T21:05:17.939+0800][2169.283s] GC(604) Pause Young (Allocation Failure) 273M->189M(490M) 2.450ms
[2022-03-27T21:05:17.940+0800][2169.283s] GC(604) User=0.01s Sys=0.00s Real=0.01s
[2022-03-27T21:05:18.301+0800][2169.645s] GC(605) Pause Young (Allocation Failure)
[2022-03-27T21:05:18.301+0800][2169.645s] GC(605) Using 4 workers of 4 for evacuation
[2022-03-27T21:05:18.303+0800][2169.647s] GC(605) ParNew: 94763K->6550K(109248K)
[2022-03-27T21:05:18.303+0800][2169.647s] GC(605) CMS: 187182K->187296K(393216K)
[2022-03-27T21:05:18.303+0800][2169.647s] GC(605) Metaspace: 49695K->49695K(1095680K)
[2022-03-27T21:05:18.303+0800][2169.647s] GC(605) Pause Young (Allocation Failure) 275M->189M(490M) 2.067ms
[2022-03-27T21:05:18.303+0800][2169.647s] GC(605) User=0.01s Sys=0.00s Real=0.00s
[2022-03-27T21:05:18.625+0800][2169.969s] GC(606) Pause Young (Allocation Failure)
[2022-03-27T21:05:18.625+0800][2169.969s] GC(606) Using 4 workers of 4 for evacuation
[2022-03-27T21:05:18.628+0800][2169.972s] GC(606) ParNew: 93974K->7360K(109248K)
[2022-03-27T21:05:18.628+0800][2169.972s] GC(606) CMS: 187296K->187820K(393216K)
[2022-03-27T21:05:18.628+0800][2169.972s] GC(606) Metaspace: 49695K->49695K(1095680K)
[2022-03-27T21:05:18.628+0800][2169.972s] GC(606) Pause Young (Allocation Failure) 274M->190M(490M) 2.262ms
[2022-03-27T21:05:18.628+0800][2169.972s] GC(606) User=0.01s Sys=0.00s Real=0.00s
[2022-03-27T21:05:18.933+0800][2170.277s] GC(607) Pause Young (Allocation Failure)
[2022-03-27T21:05:18.933+0800][2170.277s] GC(607) Using 4 workers of 4 for evacuation
[2022-03-27T21:05:18.935+0800][2170.279s] GC(607) ParNew: 94784K->6680K(109248K)
[2022-03-27T21:05:18.935+0800][2170.279s] GC(607) CMS: 187820K->188071K(393216K)
[2022-03-27T21:05:18.935+0800][2170.279s] GC(607) Metaspace: 49695K->49695K(1095680K)
[2022-03-27T21:05:18.935+0800][2170.279s] GC(607) Pause Young (Allocation Failure) 275M->190M(490M) 2.719ms
[2022-03-27T21:05:18.935+0800][2170.279s] GC(607) User=0.01s Sys=0.00s Real=0.00s
[2022-03-27T21:05:19.288+0800][2170.632s] GC(608) Pause Young (Allocation Failure)
[2022-03-27T21:05:19.288+0800][2170.632s] GC(608) Using 4 workers of 4 for evacuation
[2022-03-27T21:05:19.292+0800][2170.636s] GC(608) ParNew: 94104K->7600K(109248K)
[2022-03-27T21:05:19.292+0800][2170.636s] GC(608) CMS: 188071K->188320K(393216K)
[2022-03-27T21:05:19.292+0800][2170.636s] GC(608) Metaspace: 49695K->49695K(1095680K)
[2022-03-27T21:05:19.292+0800][2170.636s] GC(608) Pause Young (Allocation Failure) 275M->191M(490M) 3.550ms
[2022-03-27T21:05:19.292+0800][2170.636s] GC(608) User=0.01s Sys=0.01s Real=0.01s
[2022-03-27T21:05:19.610+0800][2170.954s] GC(609) Pause Young (Allocation Failure)
[2022-03-27T21:05:19.610+0800][2170.954s] GC(609) Using 4 workers of 4 for evacuation
[2022-03-27T21:05:19.612+0800][2170.956s] GC(609) ParNew: 95024K->7407K(109248K)
[2022-03-27T21:05:19.612+0800][2170.956s] GC(609) CMS: 188320K->188718K(393216K)
[2022-03-27T21:05:19.612+0800][2170.956s] GC(609) Metaspace: 49695K->49695K(1095680K)
[2022-03-27T21:05:19.612+0800][2170.956s] GC(609) Pause Young (Allocation Failure) 276M->191M(490M) 2.519ms
[2022-03-27T21:05:19.612+0800][2170.956s] GC(609) User=0.01s Sys=0.00s Real=0.00s
[2022-03-27T21:05:19.899+0800][2171.243s] GC(610) Pause Young (Allocation Failure)
[2022-03-27T21:05:19.899+0800][2171.243s] GC(610) Using 4 workers of 4 for evacuation
[2022-03-27T21:05:19.901+0800][2171.244s] GC(610) ParNew: 94831K->6831K(109248K)
[2022-03-27T21:05:19.901+0800][2171.245s] GC(610) CMS: 188718K->189173K(393216K)
[2022-03-27T21:05:19.901+0800][2171.245s] GC(610) Metaspace: 49695K->49695K(1095680K)
[2022-03-27T21:05:19.901+0800][2171.245s] GC(610) Pause Young (Allocation Failure) 276M->191M(490M) 2.051ms
[2022-03-27T21:05:19.901+0800][2171.245s] GC(610) User=0.01s Sys=0.00s Real=0.01s
[2022-03-27T21:05:20.205+0800][2171.549s] GC(611) Pause Young (Allocation Failure)
[2022-03-27T21:05:20.205+0800][2171.549s] GC(611) Using 4 workers of 4 for evacuation
[2022-03-27T21:05:20.207+0800][2171.551s] GC(611) ParNew: 94217K->7444K(109248K)
[2022-03-27T21:05:20.207+0800][2171.551s] GC(611) CMS: 189173K->189540K(393216K)
[2022-03-27T21:05:20.207+0800][2171.551s] GC(611) Metaspace: 49695K->49695K(1095680K)
[2022-03-27T21:05:20.207+0800][2171.551s] GC(611) Pause Young (Allocation Failure) 276M->192M(490M) 2.297ms
[2022-03-27T21:05:20.207+0800][2171.551s] GC(611) User=0.01s Sys=0.00s Real=0.00s
[2022-03-27T21:05:20.478+0800][2171.822s] GC(612) Pause Young (Allocation Failure)
[2022-03-27T21:05:20.478+0800][2171.822s] GC(612) Using 4 workers of 4 for evacuation
[2022-03-27T21:05:20.479+0800][2171.823s] GC(612) ParNew: 94868K->7923K(109248K)
[2022-03-27T21:05:20.480+0800][2171.823s] GC(612) CMS: 189540K->189851K(393216K)
[2022-03-27T21:05:20.480+0800][2171.824s] GC(612) Metaspace: 49695K->49695K(1095680K)
[2022-03-27T21:05:20.480+0800][2171.824s] GC(612) Pause Young (Allocation Failure) 277M->193M(490M) 2.017ms
[2022-03-27T21:05:20.480+0800][2171.824s] GC(612) User=0.00s Sys=0.00s Real=0.01s
[2022-03-27T21:05:20.793+0800][2172.137s] GC(613) Pause Young (Allocation Failure)
[2022-03-27T21:05:20.793+0800][2172.137s] GC(613) Using 4 workers of 4 for evacuation
[2022-03-27T21:05:20.795+0800][2172.139s] GC(613) ParNew: 95347K->6574K(109248K)
[2022-03-27T21:05:20.795+0800][2172.139s] GC(613) CMS: 189851K->190147K(393216K)
[2022-03-27T21:05:20.795+0800][2172.139s] GC(613) Metaspace: 49695K->49695K(1095680K)
[2022-03-27T21:05:20.795+0800][2172.139s] GC(613) Pause Young (Allocation Failure) 278M->192M(490M) 2.452ms
[2022-03-27T21:05:20.795+0800][2172.139s] GC(613) User=0.01s Sys=0.00s Real=0.00s
[2022-03-27T21:05:21.177+0800][2172.521s] GC(614) Pause Young (Allocation Failure)
[2022-03-27T21:05:21.177+0800][2172.521s] GC(614) Using 4 workers of 4 for evacuation
[2022-03-27T21:05:21.179+0800][2172.523s] GC(614) ParNew: 93998K->9179K(109248K)
[2022-03-27T21:05:21.179+0800][2172.523s] GC(614) CMS: 190147K->190472K(393216K)
[2022-03-27T21:05:21.179+0800][2172.523s] GC(614) Metaspace: 49695K->49695K(1095680K)
[2022-03-27T21:05:21.179+0800][2172.523s] GC(614) Pause Young (Allocation Failure) 277M->194M(490M) 2.337ms
[2022-03-27T21:05:21.179+0800][2172.523s] GC(614) User=0.00s Sys=0.00s Real=0.00s
[2022-03-27T21:05:21.449+0800][2172.793s] GC(615) Pause Young (Allocation Failure)
[2022-03-27T21:05:21.449+0800][2172.793s] GC(615) Using 4 workers of 4 for evacuation
[2022-03-27T21:05:21.451+0800][2172.795s] GC(615) ParNew: 96603K->8655K(109248K)
[2022-03-27T21:05:21.451+0800][2172.795s] GC(615) CMS: 190472K->190892K(393216K)
[2022-03-27T21:05:21.451+0800][2172.795s] GC(615) Metaspace: 49695K->49695K(1095680K)
[2022-03-27T21:05:21.451+0800][2172.795s] GC(615) Pause Young (Allocation Failure) 280M->194M(490M) 2.480ms
[2022-03-27T21:05:21.451+0800][2172.795s] GC(615) User=0.01s Sys=0.00s Real=0.01s
[2022-03-27T21:05:21.761+0800][2173.105s] GC(616) Pause Young (Allocation Failure)
[2022-03-27T21:05:21.761+0800][2173.105s] GC(616) Using 4 workers of 4 for evacuation
[2022-03-27T21:05:21.764+0800][2173.108s] GC(616) ParNew: 96079K->8402K(109248K)
[2022-03-27T21:05:21.764+0800][2173.108s] GC(616) CMS: 190892K->191229K(393216K)
[2022-03-27T21:05:21.764+0800][2173.108s] GC(616) Metaspace: 49695K->49695K(1095680K)
[2022-03-27T21:05:21.764+0800][2173.108s] GC(616) Pause Young (Allocation Failure) 280M->194M(490M) 3.283ms
[2022-03-27T21:05:21.764+0800][2173.108s] GC(616) User=0.01s Sys=0.00s Real=0.00s
[2022-03-27T21:05:22.096+0800][2173.440s] GC(617) Pause Young (Allocation Failure)
[2022-03-27T21:05:22.097+0800][2173.440s] GC(617) Using 4 workers of 4 for evacuation
[2022-03-27T21:05:22.099+0800][2173.442s] GC(617) ParNew: 95826K->8949K(109248K)
[2022-03-27T21:05:22.099+0800][2173.443s] GC(617) CMS: 191229K->191565K(393216K)
[2022-03-27T21:05:22.099+0800][2173.443s] GC(617) Metaspace: 49695K->49695K(1095680K)
[2022-03-27T21:05:22.099+0800][2173.443s] GC(617) Pause Young (Allocation Failure) 280M->195M(490M) 2.121ms
[2022-03-27T21:05:22.099+0800][2173.443s] GC(617) User=0.00s Sys=0.00s Real=0.00s
[2022-03-27T21:05:22.400+0800][2173.744s] GC(618) Pause Young (Allocation Failure)
[2022-03-27T21:05:22.400+0800][2173.744s] GC(618) Using 4 workers of 4 for evacuation
[2022-03-27T21:05:22.402+0800][2173.746s] GC(618) ParNew: 96373K->9241K(109248K)
[2022-03-27T21:05:22.402+0800][2173.746s] GC(618) CMS: 191565K->191851K(393216K)
[2022-03-27T21:05:22.402+0800][2173.746s] GC(618) Metaspace: 49695K->49695K(1095680K)
[2022-03-27T21:05:22.402+0800][2173.746s] GC(618) Pause Young (Allocation Failure) 281M->196M(490M) 2.045ms
[2022-03-27T21:05:22.402+0800][2173.746s] GC(618) User=0.01s Sys=0.00s Real=0.00s
[2022-03-27T21:05:22.541+0800][2173.885s] GC(619) Pause Young (Allocation Failure)
[2022-03-27T21:05:22.542+0800][2173.885s] GC(619) Using 4 workers of 4 for evacuation
[2022-03-27T21:05:22.544+0800][2173.888s] GC(619) ParNew: 96665K->10932K(109248K)
[2022-03-27T21:05:22.544+0800][2173.888s] GC(619) CMS: 191851K->192106K(393216K)
[2022-03-27T21:05:22.544+0800][2173.888s] GC(619) Metaspace: 49701K->49701K(1095680K)
[2022-03-27T21:05:22.544+0800][2173.888s] GC(619) Pause Young (Allocation Failure) 281M->198M(490M) 2.662ms
[2022-03-27T21:05:22.544+0800][2173.888s] GC(619) User=0.01s Sys=0.00s Real=0.00s
[2022-03-27T21:05:22.705+0800][2174.049s] GC(620) Pause Young (Allocation Failure)
[2022-03-27T21:05:22.705+0800][2174.049s] GC(620) Using 4 workers of 4 for evacuation
[2022-03-27T21:05:22.709+0800][2174.053s] GC(620) ParNew: 98349K->12763K(109248K)
[2022-03-27T21:05:22.709+0800][2174.053s] GC(620) CMS: 192106K->192492K(393216K)
[2022-03-27T21:05:22.709+0800][2174.053s] GC(620) Metaspace: 49701K->49701K(1095680K)
[2022-03-27T21:05:22.709+0800][2174.053s] GC(620) Pause Young (Allocation Failure) 283M->200M(490M) 4.250ms
[2022-03-27T21:05:22.709+0800][2174.053s] GC(620) User=0.01s Sys=0.00s Real=0.00s
[2022-03-27T21:05:24.527+0800][2175.871s] GC(621) Pause Young (Allocation Failure)
[2022-03-27T21:05:24.538+0800][2175.882s] GC(621) Using 4 workers of 4 for evacuation
[2022-03-27T21:05:24.542+0800][2175.886s] GC(621) ParNew: 100187K->12471K(109248K)
[2022-03-27T21:05:24.542+0800][2175.886s] GC(621) CMS: 192492K->192841K(393216K)
[2022-03-27T21:05:24.542+0800][2175.886s] GC(621) Metaspace: 49709K->49709K(1095680K)
[2022-03-27T21:05:24.542+0800][2175.886s] GC(621) Pause Young (Allocation Failure) 285M->200M(490M) 15.629ms
[2022-03-27T21:05:24.542+0800][2175.886s] GC(621) User=0.01s Sys=0.00s Real=0.02s
[2022-03-27T21:05:25.298+0800][2176.642s] GC(622) Pause Young (Allocation Failure)
[2022-03-27T21:05:25.298+0800][2176.642s] GC(622) Using 4 workers of 4 for evacuation
[2022-03-27T21:05:25.302+0800][2176.646s] GC(622) ParNew: 99895K->11639K(109248K)
[2022-03-27T21:05:25.302+0800][2176.646s] GC(622) CMS: 192841K->194429K(393216K)
[2022-03-27T21:05:25.302+0800][2176.646s] GC(622) Metaspace: 49724K->49724K(1095680K)
[2022-03-27T21:05:25.303+0800][2176.646s] GC(622) Pause Young (Allocation Failure) 285M->201M(490M) 4.575ms
[2022-03-27T21:05:25.303+0800][2176.647s] GC(622) User=0.02s Sys=0.00s Real=0.01s
[2022-03-27T21:05:25.617+0800][2176.961s] GC(623) Pause Young (Allocation Failure)
[2022-03-27T21:05:25.617+0800][2176.961s] GC(623) Using 4 workers of 4 for evacuation
[2022-03-27T21:05:25.620+0800][2176.964s] GC(623) ParNew: 99063K->9869K(109248K)
[2022-03-27T21:05:25.620+0800][2176.964s] GC(623) CMS: 194429K->196920K(393216K)
[2022-03-27T21:05:25.620+0800][2176.964s] GC(623) Metaspace: 49724K->49724K(1095680K)
[2022-03-27T21:05:25.620+0800][2176.964s] GC(623) Pause Young (Allocation Failure) 286M->201M(490M) 2.726ms
[2022-03-27T21:05:25.620+0800][2176.964s] GC(623) User=0.01s Sys=0.00s Real=0.01s
[2022-03-27T21:05:25.620+0800][2176.964s] GC(624) Pause Initial Mark
[2022-03-27T21:05:25.621+0800][2176.965s] GC(624) Pause Initial Mark 202M->202M(490M) 0.547ms
[2022-03-27T21:05:25.621+0800][2176.965s] GC(624) User=0.00s Sys=0.00s Real=0.00s
[2022-03-27T21:05:25.621+0800][2176.965s] GC(624) Concurrent Mark
[2022-03-27T21:05:25.621+0800][2176.965s] GC(624) Using 4 workers of 4 for marking
[2022-03-27T21:05:25.632+0800][2176.976s] GC(624) Concurrent Mark 10.940ms
[2022-03-27T21:05:25.632+0800][2176.976s] GC(624) User=0.05s Sys=0.01s Real=0.01s
[2022-03-27T21:05:25.632+0800][2176.976s] GC(624) Concurrent Preclean
[2022-03-27T21:05:25.633+0800][2176.977s] GC(624) Concurrent Preclean 0.996ms
[2022-03-27T21:05:25.633+0800][2176.977s] GC(624) User=0.00s Sys=0.00s Real=0.00s
[2022-03-27T21:05:25.633+0800][2176.977s] GC(624) Concurrent Abortable Preclean
[2022-03-27T21:05:25.827+0800][2177.171s] GC(624) Concurrent Abortable Preclean 194.092ms
[2022-03-27T21:05:25.827+0800][2177.171s] GC(624) User=0.18s Sys=0.03s Real=0.19s
[2022-03-27T21:05:25.827+0800][2177.171s] GC(624) Pause Remark
[2022-03-27T21:05:25.827+0800][2177.171s] GC(625) Pause Young (CMS Final Remark)
[2022-03-27T21:05:25.827+0800][2177.171s] GC(625) Using 4 workers of 4 for evacuation
[2022-03-27T21:05:25.830+0800][2177.174s] GC(625) ParNew: 72269K->8676K(109248K)
[2022-03-27T21:05:25.830+0800][2177.174s] GC(625) CMS: 196920K->197397K(393216K)
[2022-03-27T21:05:25.830+0800][2177.174s] GC(625) Metaspace: 49724K->49724K(1095680K)
[2022-03-27T21:05:25.830+0800][2177.174s] GC(625) Pause Young (CMS Final Remark) 262M->201M(490M) 2.422ms
[2022-03-27T21:05:25.830+0800][2177.174s] GC(625) User=0.00s Sys=0.00s Real=0.01s
[2022-03-27T21:05:25.844+0800][2177.188s] GC(624) Pause Remark 262M->201M(490M) 16.466ms
[2022-03-27T21:05:25.844+0800][2177.188s] GC(624) User=0.02s Sys=0.00s Real=0.02s
[2022-03-27T21:05:25.844+0800][2177.188s] GC(624) Concurrent Sweep
[2022-03-27T21:05:25.862+0800][2177.206s] GC(624) Concurrent Sweep 17.913ms
[2022-03-27T21:05:25.862+0800][2177.206s] GC(624) User=0.03s Sys=0.01s Real=0.02s
[2022-03-27T21:05:25.862+0800][2177.206s] GC(624) Concurrent Reset
[2022-03-27T21:05:25.862+0800][2177.206s] GC(624) Concurrent Reset 0.219ms
[2022-03-27T21:05:25.862+0800][2177.206s] GC(624) User=0.00s Sys=0.00s Real=0.00s
[2022-03-27T21:05:25.862+0800][2177.206s] GC(624) Old: 196920K->44303K(393216K)
[2022-03-27T21:05:26.138+0800][2177.482s] GC(626) Pause Young (Allocation Failure)
[2022-03-27T21:05:26.138+0800][2177.482s] GC(626) Using 4 workers of 4 for evacuation
[2022-03-27T21:05:26.140+0800][2177.484s] GC(626) ParNew: 96100K->7541K(109248K)
[2022-03-27T21:05:26.140+0800][2177.484s] GC(626) CMS: 44303K->44305K(393216K)
[2022-03-27T21:05:26.140+0800][2177.484s] GC(626) Metaspace: 49724K->49724K(1095680K)
[2022-03-27T21:05:26.140+0800][2177.484s] GC(626) Pause Young (Allocation Failure) 137M->50M(490M) 2.502ms
[2022-03-27T21:05:26.140+0800][2177.484s] GC(626) User=0.01s Sys=0.00s Real=0.01s
[2022-03-27T21:05:26.450+0800][2177.794s] GC(627) Pause Young (Allocation Failure)
[2022-03-27T21:05:26.450+0800][2177.794s] GC(627) Using 4 workers of 4 for evacuation
[2022-03-27T21:05:26.453+0800][2177.797s] GC(627) ParNew: 94965K->9337K(109248K)
[2022-03-27T21:05:26.453+0800][2177.797s] GC(627) CMS: 44305K->44307K(393216K)
[2022-03-27T21:05:26.453+0800][2177.797s] GC(627) Metaspace: 49724K->49724K(1095680K)
[2022-03-27T21:05:26.453+0800][2177.797s] GC(627) Pause Young (Allocation Failure) 136M->52M(490M) 2.554ms
[2022-03-27T21:05:26.453+0800][2177.797s] GC(627) User=0.00s Sys=0.00s Real=0.00s
[2022-03-27T21:05:26.776+0800][2178.120s] GC(628) Pause Young (Allocation Failure)
[2022-03-27T21:05:26.776+0800][2178.120s] GC(628) Using 4 workers of 4 for evacuation
[2022-03-27T21:05:26.778+0800][2178.122s] GC(628) ParNew: 96761K->10317K(109248K)
[2022-03-27T21:05:26.778+0800][2178.122s] GC(628) CMS: 44307K->44391K(393216K)
[2022-03-27T21:05:26.778+0800][2178.122s] GC(628) Metaspace: 49724K->49724K(1095680K)
[2022-03-27T21:05:26.778+0800][2178.122s] GC(628) Pause Young (Allocation Failure) 137M->53M(490M) 2.298ms
[2022-03-27T21:05:26.778+0800][2178.122s] GC(628) User=0.01s Sys=0.00s Real=0.00s
[2022-03-27T21:05:27.087+0800][2178.431s] GC(629) Pause Young (Allocation Failure)
[2022-03-27T21:05:27.087+0800][2178.431s] GC(629) Using 4 workers of 4 for evacuation
[2022-03-27T21:05:27.089+0800][2178.433s] GC(629) ParNew: 97741K->9884K(109248K)
[2022-03-27T21:05:27.089+0800][2178.433s] GC(629) CMS: 44391K->44413K(393216K)
[2022-03-27T21:05:27.089+0800][2178.433s] GC(629) Metaspace: 49724K->49724K(1095680K)
[2022-03-27T21:05:27.089+0800][2178.433s] GC(629) Pause Young (Allocation Failure) 138M->53M(490M) 2.320ms
[2022-03-27T21:05:27.089+0800][2178.433s] GC(629) User=0.01s Sys=0.00s Real=0.00s
[2022-03-27T21:05:27.391+0800][2178.735s] GC(630) Pause Young (Allocation Failure)
[2022-03-27T21:05:27.391+0800][2178.735s] GC(630) Using 4 workers of 4 for evacuation
[2022-03-27T21:05:27.393+0800][2178.737s] GC(630) ParNew: 97308K->11895K(109248K)
[2022-03-27T21:05:27.393+0800][2178.737s] GC(630) CMS: 44413K->44670K(393216K)
[2022-03-27T21:05:27.393+0800][2178.737s] GC(630) Metaspace: 49724K->49724K(1095680K)
[2022-03-27T21:05:27.393+0800][2178.737s] GC(630) Pause Young (Allocation Failure) 138M->55M(490M) 2.401ms
[2022-03-27T21:05:27.393+0800][2178.737s] GC(630) User=0.01s Sys=0.00s Real=0.00s
[2022-03-27T21:05:27.706+0800][2179.050s] GC(631) Pause Young (Allocation Failure)
[2022-03-27T21:05:27.706+0800][2179.050s] GC(631) Using 4 workers of 4 for evacuation
[2022-03-27T21:05:27.709+0800][2179.053s] GC(631) ParNew: 99319K->7128K(109248K)
[2022-03-27T21:05:27.709+0800][2179.053s] GC(631) CMS: 44670K->47795K(393216K)
[2022-03-27T21:05:27.709+0800][2179.053s] GC(631) Metaspace: 49724K->49724K(1095680K)
[2022-03-27T21:05:27.709+0800][2179.053s] GC(631) Pause Young (Allocation Failure) 140M->53M(490M) 3.124ms
[2022-03-27T21:05:27.709+0800][2179.053s] GC(631) User=0.01s Sys=0.00s Real=0.00s
[2022-03-27T21:05:28.023+0800][2179.366s] GC(632) Pause Young (Allocation Failure)
[2022-03-27T21:05:28.023+0800][2179.367s] GC(632) Using 4 workers of 4 for evacuation
[2022-03-27T21:05:28.025+0800][2179.369s] GC(632) ParNew: 94552K->6671K(109248K)
[2022-03-27T21:05:28.025+0800][2179.369s] GC(632) CMS: 47795K->48350K(393216K)
[2022-03-27T21:05:28.025+0800][2179.369s] GC(632) Metaspace: 49724K->49724K(1095680K)
[2022-03-27T21:05:28.025+0800][2179.369s] GC(632) Pause Young (Allocation Failure) 139M->53M(490M) 2.847ms
[2022-03-27T21:05:28.025+0800][2179.369s] GC(632) User=0.01s Sys=0.00s Real=0.00s
[2022-03-27T21:05:28.320+0800][2179.664s] GC(633) Pause Young (Allocation Failure)
[2022-03-27T21:05:28.320+0800][2179.664s] GC(633) Using 4 workers of 4 for evacuation
[2022-03-27T21:05:28.322+0800][2179.666s] GC(633) ParNew: 94095K->7912K(109248K)
[2022-03-27T21:05:28.322+0800][2179.666s] GC(633) CMS: 48350K->48719K(393216K)
[2022-03-27T21:05:28.322+0800][2179.666s] GC(633) Metaspace: 49724K->49724K(1095680K)
[2022-03-27T21:05:28.322+0800][2179.666s] GC(633) Pause Young (Allocation Failure) 139M->55M(490M) 2.247ms
[2022-03-27T21:05:28.322+0800][2179.666s] GC(633) User=0.01s Sys=0.00s Real=0.00s
[2022-03-27T21:05:28.681+0800][2180.025s] GC(634) Pause Young (Allocation Failure)
[2022-03-27T21:05:28.681+0800][2180.025s] GC(634) Using 4 workers of 4 for evacuation
[2022-03-27T21:05:28.684+0800][2180.028s] GC(634) ParNew: 95336K->7879K(109248K)
[2022-03-27T21:05:28.684+0800][2180.028s] GC(634) CMS: 48719K->49296K(393216K)
[2022-03-27T21:05:28.684+0800][2180.028s] GC(634) Metaspace: 49724K->49724K(1095680K)
[2022-03-27T21:05:28.684+0800][2180.028s] GC(634) Pause Young (Allocation Failure) 140M->55M(490M) 3.596ms
[2022-03-27T21:05:28.684+0800][2180.028s] GC(634) User=0.01s Sys=0.00s Real=0.00s
[2022-03-27T21:05:29.015+0800][2180.358s] GC(635) Pause Young (Allocation Failure)
[2022-03-27T21:05:29.015+0800][2180.359s] GC(635) Using 4 workers of 4 for evacuation
[2022-03-27T21:05:29.017+0800][2180.361s] GC(635) ParNew: 95187K->7318K(109248K)
[2022-03-27T21:05:29.017+0800][2180.361s] GC(635) CMS: 49296K->49632K(393216K)
[2022-03-27T21:05:29.017+0800][2180.361s] GC(635) Metaspace: 49724K->49724K(1095680K)
[2022-03-27T21:05:29.017+0800][2180.361s] GC(635) Pause Young (Allocation Failure) 141M->55M(490M) 2.825ms
[2022-03-27T21:05:29.017+0800][2180.361s] GC(635) User=0.01s Sys=0.00s Real=0.00s
[2022-03-27T21:05:29.357+0800][2180.701s] GC(636) Pause Young (Allocation Failure)
[2022-03-27T21:05:29.357+0800][2180.701s] GC(636) Using 4 workers of 4 for evacuation
[2022-03-27T21:05:29.363+0800][2180.707s] GC(636) ParNew: 94742K->6462K(109248K)
[2022-03-27T21:05:29.364+0800][2180.708s] GC(636) CMS: 49632K->50173K(393216K)
[2022-03-27T21:05:29.364+0800][2180.708s] GC(636) Metaspace: 49724K->49724K(1095680K)
[2022-03-27T21:05:29.364+0800][2180.708s] GC(636) Pause Young (Allocation Failure) 140M->55M(490M) 6.780ms
[2022-03-27T21:05:29.364+0800][2180.708s] GC(636) User=0.02s Sys=0.00s Real=0.01s
[2022-03-27T21:05:29.702+0800][2181.046s] GC(637) Pause Young (Allocation Failure)
[2022-03-27T21:05:29.703+0800][2181.046s] GC(637) Using 4 workers of 4 for evacuation
[2022-03-27T21:05:29.707+0800][2181.051s] GC(637) ParNew: 93886K->7649K(109248K)
[2022-03-27T21:05:29.707+0800][2181.051s] GC(637) CMS: 50173K->50554K(393216K)
[2022-03-27T21:05:29.707+0800][2181.051s] GC(637) Metaspace: 49724K->49724K(1095680K)
[2022-03-27T21:05:29.707+0800][2181.051s] GC(637) Pause Young (Allocation Failure) 140M->56M(490M) 4.332ms
[2022-03-27T21:05:29.707+0800][2181.051s] GC(637) User=0.01s Sys=0.00s Real=0.00s
[2022-03-27T21:05:30.055+0800][2181.399s] GC(638) Pause Young (Allocation Failure)
[2022-03-27T21:05:30.055+0800][2181.399s] GC(638) Using 4 workers of 4 for evacuation
[2022-03-27T21:05:30.058+0800][2181.402s] GC(638) ParNew: 95073K->7676K(109248K)
[2022-03-27T21:05:30.058+0800][2181.402s] GC(638) CMS: 50554K->50870K(393216K)
[2022-03-27T21:05:30.058+0800][2181.402s] GC(638) Metaspace: 49724K->49724K(1095680K)
[2022-03-27T21:05:30.058+0800][2181.402s] GC(638) Pause Young (Allocation Failure) 142M->57M(490M) 2.906ms
[2022-03-27T21:05:30.058+0800][2181.402s] GC(638) User=0.01s Sys=0.00s Real=0.00s
[2022-03-27T21:05:30.376+0800][2181.720s] GC(639) Pause Young (Allocation Failure)
[2022-03-27T21:05:30.376+0800][2181.720s] GC(639) Using 4 workers of 4 for evacuation
[2022-03-27T21:05:30.379+0800][2181.723s] GC(639) ParNew: 95100K->7616K(109248K)
[2022-03-27T21:05:30.379+0800][2181.723s] GC(639) CMS: 50870K->51185K(393216K)
[2022-03-27T21:05:30.379+0800][2181.723s] GC(639) Metaspace: 49724K->49724K(1095680K)
[2022-03-27T21:05:30.379+0800][2181.723s] GC(639) Pause Young (Allocation Failure) 142M->57M(490M) 2.805ms
[2022-03-27T21:05:30.379+0800][2181.723s] GC(639) User=0.01s Sys=0.00s Real=0.00s
[2022-03-27T21:05:30.685+0800][2182.029s] GC(640) Pause Young (Allocation Failure)
[2022-03-27T21:05:30.685+0800][2182.029s] GC(640) Using 4 workers of 4 for evacuation
[2022-03-27T21:05:30.688+0800][2182.031s] GC(640) ParNew: 95040K->8933K(109248K)
[2022-03-27T21:05:30.688+0800][2182.031s] GC(640) CMS: 51185K->51521K(393216K)
[2022-03-27T21:05:30.688+0800][2182.032s] GC(640) Metaspace: 49724K->49724K(1095680K)
[2022-03-27T21:05:30.688+0800][2182.032s] GC(640) Pause Young (Allocation Failure) 142M->59M(490M) 2.309ms
[2022-03-27T21:05:30.688+0800][2182.032s] GC(640) User=0.01s Sys=0.00s Real=0.00s
[2022-03-27T21:05:30.991+0800][2182.335s] GC(641) Pause Young (Allocation Failure)
[2022-03-27T21:05:30.991+0800][2182.335s] GC(641) Using 4 workers of 4 for evacuation
[2022-03-27T21:05:30.993+0800][2182.337s] GC(641) ParNew: 96357K->7769K(109248K)
[2022-03-27T21:05:30.993+0800][2182.337s] GC(641) CMS: 51521K->52344K(393216K)
[2022-03-27T21:05:30.993+0800][2182.337s] GC(641) Metaspace: 49724K->49724K(1095680K)
[2022-03-27T21:05:30.993+0800][2182.337s] GC(641) Pause Young (Allocation Failure) 144M->58M(490M) 2.125ms
[2022-03-27T21:05:30.993+0800][2182.337s] GC(641) User=0.01s Sys=0.00s Real=0.00s
[2022-03-27T21:05:31.294+0800][2182.638s] GC(642) Pause Young (Allocation Failure)
[2022-03-27T21:05:31.294+0800][2182.638s] GC(642) Using 4 workers of 4 for evacuation
[2022-03-27T21:05:31.296+0800][2182.640s] GC(642) ParNew: 95193K->7063K(109248K)
[2022-03-27T21:05:31.296+0800][2182.640s] GC(642) CMS: 52344K->52778K(393216K)
[2022-03-27T21:05:31.296+0800][2182.640s] GC(642) Metaspace: 49724K->49724K(1095680K)
[2022-03-27T21:05:31.296+0800][2182.640s] GC(642) Pause Young (Allocation Failure) 144M->58M(490M) 1.858ms
[2022-03-27T21:05:31.296+0800][2182.640s] GC(642) User=0.01s Sys=0.00s Real=0.00s
[2022-03-27T21:05:31.627+0800][2182.971s] GC(643) Pause Young (Allocation Failure)
[2022-03-27T21:05:31.627+0800][2182.971s] GC(643) Using 4 workers of 4 for evacuation
[2022-03-27T21:05:31.629+0800][2182.973s] GC(643) ParNew: 94487K->8450K(109248K)
[2022-03-27T21:05:31.629+0800][2182.973s] GC(643) CMS: 52778K->53105K(393216K)
[2022-03-27T21:05:31.629+0800][2182.973s] GC(643) Metaspace: 49724K->49724K(1095680K)
[2022-03-27T21:05:31.629+0800][2182.973s] GC(643) Pause Young (Allocation Failure) 143M->60M(490M) 2.435ms
[2022-03-27T21:05:31.629+0800][2182.973s] GC(643) User=0.01s Sys=0.00s Real=0.00s
[2022-03-27T21:05:31.932+0800][2183.276s] GC(644) Pause Young (Allocation Failure)
[2022-03-27T21:05:31.932+0800][2183.276s] GC(644) Using 4 workers of 4 for evacuation
[2022-03-27T21:05:31.933+0800][2183.277s] GC(644) ParNew: 95874K->7421K(109248K)
[2022-03-27T21:05:31.934+0800][2183.277s] GC(644) CMS: 53105K->53481K(393216K)
[2022-03-27T21:05:31.934+0800][2183.278s] GC(644) Metaspace: 49724K->49724K(1095680K)
[2022-03-27T21:05:31.934+0800][2183.278s] GC(644) Pause Young (Allocation Failure) 145M->59M(490M) 2.035ms
[2022-03-27T21:05:31.934+0800][2183.278s] GC(644) User=0.00s Sys=0.00s Real=0.00s
[2022-03-27T21:05:32.259+0800][2183.603s] GC(645) Pause Young (Allocation Failure)
[2022-03-27T21:05:32.259+0800][2183.603s] GC(645) Using 4 workers of 4 for evacuation
[2022-03-27T21:05:32.263+0800][2183.607s] GC(645) ParNew: 94845K->7108K(109248K)
[2022-03-27T21:05:32.263+0800][2183.607s] GC(645) CMS: 53481K->54023K(393216K)
[2022-03-27T21:05:32.263+0800][2183.607s] GC(645) Metaspace: 49724K->49724K(1095680K)
[2022-03-27T21:05:32.263+0800][2183.607s] GC(645) Pause Young (Allocation Failure) 144M->59M(490M) 4.015ms
[2022-03-27T21:05:32.263+0800][2183.607s] GC(645) User=0.01s Sys=0.00s Real=0.01s
[2022-03-27T21:05:32.575+0800][2183.919s] GC(646) Pause Young (Allocation Failure)
[2022-03-27T21:05:32.575+0800][2183.919s] GC(646) Using 4 workers of 4 for evacuation
[2022-03-27T21:05:32.577+0800][2183.921s] GC(646) ParNew: 94532K->7297K(109248K)
[2022-03-27T21:05:32.577+0800][2183.921s] GC(646) CMS: 54023K->54338K(393216K)
[2022-03-27T21:05:32.577+0800][2183.921s] GC(646) Metaspace: 49724K->49724K(1095680K)
[2022-03-27T21:05:32.577+0800][2183.921s] GC(646) Pause Young (Allocation Failure) 145M->60M(490M) 2.207ms
[2022-03-27T21:05:32.577+0800][2183.921s] GC(646) User=0.01s Sys=0.00s Real=0.00s
[2022-03-27T21:05:32.864+0800][2184.208s] GC(647) Pause Young (Allocation Failure)
[2022-03-27T21:05:32.864+0800][2184.208s] GC(647) Using 4 workers of 4 for evacuation
[2022-03-27T21:05:32.866+0800][2184.210s] GC(647) ParNew: 94721K->7233K(109248K)
[2022-03-27T21:05:32.866+0800][2184.210s] GC(647) CMS: 54338K->54684K(393216K)
[2022-03-27T21:05:32.866+0800][2184.210s] GC(647) Metaspace: 49724K->49724K(1095680K)
[2022-03-27T21:05:32.866+0800][2184.210s] GC(647) Pause Young (Allocation Failure) 145M->60M(490M) 2.082ms
[2022-03-27T21:05:32.866+0800][2184.210s] GC(647) User=0.00s Sys=0.00s Real=0.00s
[2022-03-27T21:05:33.167+0800][2184.511s] GC(648) Pause Young (Allocation Failure)
[2022-03-27T21:05:33.167+0800][2184.511s] GC(648) Using 4 workers of 4 for evacuation
[2022-03-27T21:05:33.169+0800][2184.513s] GC(648) ParNew: 94657K->6972K(109248K)
[2022-03-27T21:05:33.169+0800][2184.513s] GC(648) CMS: 54684K->55060K(393216K)
[2022-03-27T21:05:33.169+0800][2184.513s] GC(648) Metaspace: 49724K->49724K(1095680K)
[2022-03-27T21:05:33.169+0800][2184.513s] GC(648) Pause Young (Allocation Failure) 145M->60M(490M) 2.032ms
[2022-03-27T21:05:33.169+0800][2184.513s] GC(648) User=0.01s Sys=0.00s Real=0.00s
[2022-03-27T21:05:33.491+0800][2184.835s] GC(649) Pause Young (Allocation Failure)
[2022-03-27T21:05:33.491+0800][2184.835s] GC(649) Using 4 workers of 4 for evacuation
[2022-03-27T21:05:33.494+0800][2184.838s] GC(649) ParNew: 94396K->9969K(109248K)
[2022-03-27T21:05:33.494+0800][2184.838s] GC(649) CMS: 55060K->55398K(393216K)
[2022-03-27T21:05:33.494+0800][2184.838s] GC(649) Metaspace: 49724K->49724K(1095680K)
[2022-03-27T21:05:33.494+0800][2184.838s] GC(649) Pause Young (Allocation Failure) 145M->63M(490M) 2.593ms
[2022-03-27T21:05:33.494+0800][2184.838s] GC(649) User=0.00s Sys=0.00s Real=0.00s
[2022-03-27T21:05:33.763+0800][2185.107s] GC(650) Pause Young (Allocation Failure)
[2022-03-27T21:05:33.763+0800][2185.107s] GC(650) Using 4 workers of 4 for evacuation
[2022-03-27T21:05:33.765+0800][2185.109s] GC(650) ParNew: 97393K->8246K(109248K)
[2022-03-27T21:05:33.765+0800][2185.109s] GC(650) CMS: 55398K->55754K(393216K)
[2022-03-27T21:05:33.765+0800][2185.109s] GC(650) Metaspace: 49724K->49724K(1095680K)
[2022-03-27T21:05:33.765+0800][2185.109s] GC(650) Pause Young (Allocation Failure) 149M->62M(490M) 2.380ms
[2022-03-27T21:05:33.765+0800][2185.109s] GC(650) User=0.01s Sys=0.00s Real=0.00s
[2022-03-27T21:05:34.083+0800][2185.427s] GC(651) Pause Young (Allocation Failure)
[2022-03-27T21:05:34.083+0800][2185.427s] GC(651) Using 4 workers of 4 for evacuation
[2022-03-27T21:05:34.085+0800][2185.429s] GC(651) ParNew: 95670K->9477K(109248K)
[2022-03-27T21:05:34.085+0800][2185.429s] GC(651) CMS: 55754K->56045K(393216K)
[2022-03-27T21:05:34.085+0800][2185.429s] GC(651) Metaspace: 49724K->49724K(1095680K)
[2022-03-27T21:05:34.085+0800][2185.429s] GC(651) Pause Young (Allocation Failure) 147M->63M(490M) 2.195ms
[2022-03-27T21:05:34.085+0800][2185.429s] GC(651) User=0.01s Sys=0.00s Real=0.00s
[2022-03-27T21:05:34.418+0800][2185.762s] GC(652) Pause Young (Allocation Failure)
[2022-03-27T21:05:34.418+0800][2185.762s] GC(652) Using 4 workers of 4 for evacuation
[2022-03-27T21:05:34.420+0800][2185.764s] GC(652) ParNew: 96901K->8425K(109248K)
[2022-03-27T21:05:34.420+0800][2185.764s] GC(652) CMS: 56045K->56280K(393216K)
[2022-03-27T21:05:34.420+0800][2185.764s] GC(652) Metaspace: 49724K->49724K(1095680K)
[2022-03-27T21:05:34.420+0800][2185.764s] GC(652) Pause Young (Allocation Failure) 149M->63M(490M) 2.236ms
[2022-03-27T21:05:34.420+0800][2185.764s] GC(652) User=0.01s Sys=0.00s Real=0.01s
[2022-03-27T21:05:34.711+0800][2186.055s] GC(653) Pause Young (Allocation Failure)
[2022-03-27T21:05:34.711+0800][2186.055s] GC(653) Using 4 workers of 4 for evacuation
[2022-03-27T21:05:34.713+0800][2186.057s] GC(653) ParNew: 95849K->9086K(109248K)
[2022-03-27T21:05:34.713+0800][2186.057s] GC(653) CMS: 56280K->56634K(393216K)
[2022-03-27T21:05:34.713+0800][2186.057s] GC(653) Metaspace: 49724K->49724K(1095680K)
[2022-03-27T21:05:34.713+0800][2186.057s] GC(653) Pause Young (Allocation Failure) 148M->64M(490M) 2.159ms
[2022-03-27T21:05:34.713+0800][2186.057s] GC(653) User=0.00s Sys=0.00s Real=0.00s
[2022-03-27T21:05:35.002+0800][2186.346s] GC(654) Pause Young (Allocation Failure)
[2022-03-27T21:05:35.002+0800][2186.346s] GC(654) Using 4 workers of 4 for evacuation
[2022-03-27T21:05:35.004+0800][2186.348s] GC(654) ParNew: 96510K->9158K(109248K)
[2022-03-27T21:05:35.004+0800][2186.348s] GC(654) CMS: 56634K->56953K(393216K)
[2022-03-27T21:05:35.004+0800][2186.348s] GC(654) Metaspace: 49724K->49724K(1095680K)
[2022-03-27T21:05:35.004+0800][2186.348s] GC(654) Pause Young (Allocation Failure) 149M->64M(490M) 2.236ms
[2022-03-27T21:05:35.004+0800][2186.348s] GC(654) User=0.00s Sys=0.00s Real=0.00s
[2022-03-27T21:05:35.310+0800][2186.654s] GC(655) Pause Young (Allocation Failure)
[2022-03-27T21:05:35.310+0800][2186.654s] GC(655) Using 4 workers of 4 for evacuation
[2022-03-27T21:05:35.314+0800][2186.658s] GC(655) ParNew: 96582K->9379K(109248K)
[2022-03-27T21:05:35.314+0800][2186.658s] GC(655) CMS: 56953K->57211K(393216K)
[2022-03-27T21:05:35.314+0800][2186.658s] GC(655) Metaspace: 49724K->49724K(1095680K)
[2022-03-27T21:05:35.314+0800][2186.658s] GC(655) Pause Young (Allocation Failure) 149M->65M(490M) 4.310ms
[2022-03-27T21:05:35.314+0800][2186.658s] GC(655) User=0.01s Sys=0.00s Real=0.00s
[2022-03-27T21:05:35.621+0800][2186.965s] GC(656) Pause Young (Allocation Failure)
[2022-03-27T21:05:35.621+0800][2186.965s] GC(656) Using 4 workers of 4 for evacuation
[2022-03-27T21:05:35.623+0800][2186.967s] GC(656) ParNew: 96803K->9903K(109248K)
[2022-03-27T21:05:35.623+0800][2186.967s] GC(656) CMS: 57211K->57518K(393216K)
[2022-03-27T21:05:35.623+0800][2186.967s] GC(656) Metaspace: 49724K->49724K(1095680K)
[2022-03-27T21:05:35.623+0800][2186.967s] GC(656) Pause Young (Allocation Failure) 150M->65M(490M) 2.380ms
[2022-03-27T21:05:35.623+0800][2186.967s] GC(656) User=0.00s Sys=0.00s Real=0.00s
[2022-03-27T21:05:35.917+0800][2187.261s] GC(657) Pause Young (Allocation Failure)
[2022-03-27T21:05:35.917+0800][2187.261s] GC(657) Using 4 workers of 4 for evacuation
[2022-03-27T21:05:35.919+0800][2187.263s] GC(657) ParNew: 97327K->8344K(109248K)
[2022-03-27T21:05:35.919+0800][2187.263s] GC(657) CMS: 57518K->59168K(393216K)
[2022-03-27T21:05:35.919+0800][2187.263s] GC(657) Metaspace: 49724K->49724K(1095680K)
[2022-03-27T21:05:35.919+0800][2187.263s] GC(657) Pause Young (Allocation Failure) 151M->65M(490M) 2.384ms
[2022-03-27T21:05:35.919+0800][2187.263s] GC(657) User=0.01s Sys=0.00s Real=0.00s
[2022-03-27T21:05:36.220+0800][2187.564s] GC(658) Pause Young (Allocation Failure)
[2022-03-27T21:05:36.220+0800][2187.564s] GC(658) Using 4 workers of 4 for evacuation
[2022-03-27T21:05:36.223+0800][2187.567s] GC(658) ParNew: 95768K->7893K(109248K)
[2022-03-27T21:05:36.223+0800][2187.567s] GC(658) CMS: 59168K->59385K(393216K)
[2022-03-27T21:05:36.223+0800][2187.567s] GC(658) Metaspace: 49724K->49724K(1095680K)
[2022-03-27T21:05:36.223+0800][2187.567s] GC(658) Pause Young (Allocation Failure) 151M->65M(490M) 2.347ms
[2022-03-27T21:05:36.223+0800][2187.567s] GC(658) User=0.01s Sys=0.00s Real=0.00s
[2022-03-27T21:05:36.506+0800][2187.850s] GC(659) Pause Young (Allocation Failure)
[2022-03-27T21:05:36.506+0800][2187.850s] GC(659) Using 4 workers of 4 for evacuation
[2022-03-27T21:05:36.508+0800][2187.852s] GC(659) ParNew: 95317K->8178K(109248K)
[2022-03-27T21:05:36.508+0800][2187.852s] GC(659) CMS: 59385K->59877K(393216K)
[2022-03-27T21:05:36.508+0800][2187.852s] GC(659) Metaspace: 49724K->49724K(1095680K)
[2022-03-27T21:05:36.508+0800][2187.852s] GC(659) Pause Young (Allocation Failure) 151M->66M(490M) 2.248ms
[2022-03-27T21:05:36.508+0800][2187.852s] GC(659) User=0.01s Sys=0.00s Real=0.00s
[2022-03-27T21:05:36.806+0800][2188.150s] GC(660) Pause Young (Allocation Failure)
[2022-03-27T21:05:36.806+0800][2188.150s] GC(660) Using 4 workers of 4 for evacuation
[2022-03-27T21:05:36.808+0800][2188.152s] GC(660) ParNew: 95602K->9276K(109248K)
[2022-03-27T21:05:36.808+0800][2188.152s] GC(660) CMS: 59877K->60193K(393216K)
[2022-03-27T21:05:36.808+0800][2188.152s] GC(660) Metaspace: 49724K->49724K(1095680K)
[2022-03-27T21:05:36.808+0800][2188.152s] GC(660) Pause Young (Allocation Failure) 151M->67M(490M) 2.448ms
[2022-03-27T21:05:36.808+0800][2188.152s] GC(660) User=0.01s Sys=0.00s Real=0.00s
[2022-03-27T21:05:37.159+0800][2188.503s] GC(661) Pause Young (Allocation Failure)
[2022-03-27T21:05:37.159+0800][2188.503s] GC(661) Using 4 workers of 4 for evacuation
[2022-03-27T21:05:37.161+0800][2188.505s] GC(661) ParNew: 96700K->9364K(109248K)
[2022-03-27T21:05:37.161+0800][2188.505s] GC(661) CMS: 60193K->60476K(393216K)
[2022-03-27T21:05:37.161+0800][2188.505s] GC(661) Metaspace: 49724K->49724K(1095680K)
[2022-03-27T21:05:37.161+0800][2188.505s] GC(661) Pause Young (Allocation Failure) 153M->68M(490M) 2.184ms
[2022-03-27T21:05:37.161+0800][2188.505s] GC(661) User=0.01s Sys=0.00s Real=0.01s
[2022-03-27T21:05:37.482+0800][2188.826s] GC(662) Pause Young (Allocation Failure)
[2022-03-27T21:05:37.482+0800][2188.826s] GC(662) Using 4 workers of 4 for evacuation
[2022-03-27T21:05:37.484+0800][2188.828s] GC(662) ParNew: 96788K->8888K(109248K)
[2022-03-27T21:05:37.484+0800][2188.828s] GC(662) CMS: 60476K->60754K(393216K)
[2022-03-27T21:05:37.484+0800][2188.828s] GC(662) Metaspace: 49724K->49724K(1095680K)
[2022-03-27T21:05:37.484+0800][2188.828s] GC(662) Pause Young (Allocation Failure) 153M->68M(490M) 2.290ms
[2022-03-27T21:05:37.484+0800][2188.828s] GC(662) User=0.01s Sys=0.00s Real=0.00s
[2022-03-27T21:05:37.594+0800][2188.938s] GC(663) Pause Young (Allocation Failure)
[2022-03-27T21:05:37.594+0800][2188.938s] GC(663) Using 4 workers of 4 for evacuation
[2022-03-27T21:05:37.597+0800][2188.940s] GC(663) ParNew: 96312K->11368K(109248K)
[2022-03-27T21:05:37.597+0800][2188.940s] GC(663) CMS: 60754K->61149K(393216K)
[2022-03-27T21:05:37.597+0800][2188.940s] GC(663) Metaspace: 49725K->49725K(1095680K)
[2022-03-27T21:05:37.597+0800][2188.941s] GC(663) Pause Young (Allocation Failure) 153M->70M(490M) 2.555ms
[2022-03-27T21:05:37.597+0800][2188.941s] GC(663) User=0.01s Sys=0.00s Real=0.00s
[2022-03-27T21:05:37.733+0800][2189.076s] GC(664) Pause Young (Allocation Failure)
[2022-03-27T21:05:37.733+0800][2189.077s] GC(664) Using 4 workers of 4 for evacuation
[2022-03-27T21:05:37.735+0800][2189.079s] GC(664) ParNew: 98792K->12357K(109248K)
[2022-03-27T21:05:37.735+0800][2189.079s] GC(664) CMS: 61149K->61430K(393216K)
[2022-03-27T21:05:37.735+0800][2189.079s] GC(664) Metaspace: 49725K->49725K(1095680K)
[2022-03-27T21:05:37.735+0800][2189.079s] GC(664) Pause Young (Allocation Failure) 156M->72M(490M) 2.812ms
[2022-03-27T21:05:37.735+0800][2189.079s] GC(664) User=0.02s Sys=0.01s Real=0.00s
[2022-03-27T21:05:38.988+0800][2190.332s] GC(665) Pause Young (Allocation Failure)
[2022-03-27T21:05:39.005+0800][2190.349s] GC(665) Using 4 workers of 4 for evacuation
[2022-03-27T21:05:39.010+0800][2190.354s] GC(665) ParNew: 99781K->15563K(109248K)
[2022-03-27T21:05:39.010+0800][2190.354s] GC(665) CMS: 61430K->61839K(393216K)
[2022-03-27T21:05:39.010+0800][2190.354s] GC(665) Metaspace: 49727K->49727K(1095680K)
[2022-03-27T21:05:39.010+0800][2190.354s] GC(665) Pause Young (Allocation Failure) 157M->75M(490M) 21.752ms
[2022-03-27T21:05:39.010+0800][2190.354s] GC(665) User=0.02s Sys=0.00s Real=0.03s
[2022-03-27T21:05:40.044+0800][2191.388s] GC(666) Pause Young (Allocation Failure)
[2022-03-27T21:05:40.044+0800][2191.388s] GC(666) Using 4 workers of 4 for evacuation
[2022-03-27T21:05:40.047+0800][2191.391s] GC(666) ParNew: 102987K->11417K(109248K)
[2022-03-27T21:05:40.047+0800][2191.391s] GC(666) CMS: 61839K->62486K(393216K)
[2022-03-27T21:05:40.047+0800][2191.391s] GC(666) Metaspace: 49729K->49729K(1095680K)
[2022-03-27T21:05:40.047+0800][2191.391s] GC(666) Pause Young (Allocation Failure) 160M->72M(490M) 2.720ms
[2022-03-27T21:05:40.047+0800][2191.391s] GC(666) User=0.01s Sys=0.01s Real=0.00s
[2022-03-27T21:05:40.335+0800][2191.679s] GC(667) Pause Young (Allocation Failure)
[2022-03-27T21:05:40.335+0800][2191.679s] GC(667) Using 4 workers of 4 for evacuation
[2022-03-27T21:05:40.338+0800][2191.682s] GC(667) ParNew: 98841K->10309K(109248K)
[2022-03-27T21:05:40.338+0800][2191.682s] GC(667) CMS: 62486K->62985K(393216K)
[2022-03-27T21:05:40.338+0800][2191.682s] GC(667) Metaspace: 49729K->49729K(1095680K)
[2022-03-27T21:05:40.338+0800][2191.682s] GC(667) Pause Young (Allocation Failure) 157M->71M(490M) 2.991ms
[2022-03-27T21:05:40.338+0800][2191.682s] GC(667) User=0.01s Sys=0.00s Real=0.00s
[2022-03-27T21:05:40.616+0800][2191.960s] GC(668) Pause Young (Allocation Failure)
[2022-03-27T21:05:40.616+0800][2191.960s] GC(668) Using 4 workers of 4 for evacuation
[2022-03-27T21:05:40.619+0800][2191.963s] GC(668) ParNew: 97733K->11034K(109248K)
[2022-03-27T21:05:40.619+0800][2191.963s] GC(668) CMS: 62985K->66180K(393216K)
[2022-03-27T21:05:40.619+0800][2191.963s] GC(668) Metaspace: 49729K->49729K(1095680K)
[2022-03-27T21:05:40.619+0800][2191.963s] GC(668) Pause Young (Allocation Failure) 156M->75M(490M) 2.636ms
[2022-03-27T21:05:40.619+0800][2191.963s] GC(668) User=0.01s Sys=0.00s Real=0.00s
[2022-03-27T21:05:40.914+0800][2192.258s] GC(669) Pause Young (Allocation Failure)
[2022-03-27T21:05:40.914+0800][2192.258s] GC(669) Using 4 workers of 4 for evacuation
[2022-03-27T21:05:40.917+0800][2192.261s] GC(669) ParNew: 98458K->9073K(109248K)
[2022-03-27T21:05:40.917+0800][2192.261s] GC(669) CMS: 66180K->66888K(393216K)
[2022-03-27T21:05:40.917+0800][2192.261s] GC(669) Metaspace: 49729K->49729K(1095680K)
[2022-03-27T21:05:40.917+0800][2192.261s] GC(669) Pause Young (Allocation Failure) 160M->74M(490M) 2.375ms
[2022-03-27T21:05:40.917+0800][2192.261s] GC(669) User=0.01s Sys=0.00s Real=0.00s
[2022-03-27T21:05:41.199+0800][2192.542s] GC(670) Pause Young (Allocation Failure)
[2022-03-27T21:05:41.199+0800][2192.543s] GC(670) Using 4 workers of 4 for evacuation
[2022-03-27T21:05:41.201+0800][2192.545s] GC(670) ParNew: 96497K->8751K(109248K)
[2022-03-27T21:05:41.201+0800][2192.545s] GC(670) CMS: 66888K->67581K(393216K)
[2022-03-27T21:05:41.201+0800][2192.545s] GC(670) Metaspace: 49729K->49729K(1095680K)
[2022-03-27T21:05:41.201+0800][2192.545s] GC(670) Pause Young (Allocation Failure) 159M->74M(490M) 2.276ms
[2022-03-27T21:05:41.201+0800][2192.545s] GC(670) User=0.00s Sys=0.00s Real=0.01s
[2022-03-27T21:05:41.413+0800][2192.757s] GC(671) Pause Young (Allocation Failure)
[2022-03-27T21:05:41.413+0800][2192.757s] GC(671) Using 4 workers of 4 for evacuation
[2022-03-27T21:05:41.416+0800][2192.760s] GC(671) ParNew: 96175K->9284K(109248K)
[2022-03-27T21:05:41.416+0800][2192.760s] GC(671) CMS: 67581K->67751K(393216K)
[2022-03-27T21:05:41.416+0800][2192.760s] GC(671) Metaspace: 49729K->49729K(1095680K)
[2022-03-27T21:05:41.416+0800][2192.760s] GC(671) Pause Young (Allocation Failure) 159M->75M(490M) 2.975ms
[2022-03-27T21:05:41.416+0800][2192.760s] GC(671) User=0.01s Sys=0.00s Real=0.00s
[2022-03-27T21:05:41.705+0800][2193.049s] GC(672) Pause Young (Allocation Failure)
[2022-03-27T21:05:41.705+0800][2193.049s] GC(672) Using 4 workers of 4 for evacuation
[2022-03-27T21:05:41.708+0800][2193.051s] GC(672) ParNew: 96708K->10548K(109248K)
[2022-03-27T21:05:41.708+0800][2193.051s] GC(672) CMS: 67751K->67760K(393216K)
[2022-03-27T21:05:41.708+0800][2193.051s] GC(672) Metaspace: 49729K->49729K(1095680K)
[2022-03-27T21:05:41.708+0800][2193.052s] GC(672) Pause Young (Allocation Failure) 160M->76M(490M) 2.239ms
[2022-03-27T21:05:41.708+0800][2193.052s] GC(672) User=0.00s Sys=0.00s Real=0.00s
[2022-03-27T21:05:42.009+0800][2193.353s] GC(673) Pause Young (Allocation Failure)
[2022-03-27T21:05:42.009+0800][2193.353s] GC(673) Using 4 workers of 4 for evacuation
[2022-03-27T21:05:42.011+0800][2193.355s] GC(673) ParNew: 97972K->8831K(109248K)
[2022-03-27T21:05:42.011+0800][2193.355s] GC(673) CMS: 67760K->67769K(393216K)
[2022-03-27T21:05:42.012+0800][2193.355s] GC(673) Metaspace: 49729K->49729K(1095680K)
[2022-03-27T21:05:42.012+0800][2193.355s] GC(673) Pause Young (Allocation Failure) 161M->74M(490M) 2.533ms
[2022-03-27T21:05:42.012+0800][2193.356s] GC(673) User=0.01s Sys=0.00s Real=0.01s
[2022-03-27T21:05:42.326+0800][2193.670s] GC(674) Pause Young (Allocation Failure)
[2022-03-27T21:05:42.326+0800][2193.670s] GC(674) Using 4 workers of 4 for evacuation
[2022-03-27T21:05:42.329+0800][2193.673s] GC(674) ParNew: 96255K->9778K(109248K)
[2022-03-27T21:05:42.329+0800][2193.673s] GC(674) CMS: 67769K->71009K(393216K)
[2022-03-27T21:05:42.329+0800][2193.673s] GC(674) Metaspace: 49729K->49729K(1095680K)
[2022-03-27T21:05:42.329+0800][2193.673s] GC(674) Pause Young (Allocation Failure) 160M->78M(490M) 2.845ms
[2022-03-27T21:05:42.329+0800][2193.673s] GC(674) User=0.00s Sys=0.00s Real=0.00s
[2022-03-27T21:05:42.616+0800][2193.960s] GC(675) Pause Young (Allocation Failure)
[2022-03-27T21:05:42.616+0800][2193.960s] GC(675) Using 4 workers of 4 for evacuation
[2022-03-27T21:05:42.618+0800][2193.962s] GC(675) ParNew: 97202K->5843K(109248K)
[2022-03-27T21:05:42.618+0800][2193.962s] GC(675) CMS: 71009K->71568K(393216K)
[2022-03-27T21:05:42.618+0800][2193.962s] GC(675) Metaspace: 49729K->49729K(1095680K)
[2022-03-27T21:05:42.618+0800][2193.962s] GC(675) Pause Young (Allocation Failure) 164M->75M(490M) 2.117ms
[2022-03-27T21:05:42.618+0800][2193.962s] GC(675) User=0.01s Sys=0.00s Real=0.00s
[2022-03-27T21:05:43.007+0800][2194.351s] GC(676) Pause Young (Allocation Failure)
[2022-03-27T21:05:43.007+0800][2194.351s] GC(676) Using 4 workers of 4 for evacuation
[2022-03-27T21:05:43.009+0800][2194.353s] GC(676) ParNew: 93267K->6980K(109248K)
[2022-03-27T21:05:43.009+0800][2194.353s] GC(676) CMS: 71568K->71975K(393216K)
[2022-03-27T21:05:43.009+0800][2194.353s] GC(676) Metaspace: 49729K->49729K(1095680K)
[2022-03-27T21:05:43.009+0800][2194.353s] GC(676) Pause Young (Allocation Failure) 160M->77M(490M) 2.773ms
[2022-03-27T21:05:43.009+0800][2194.353s] GC(676) User=0.00s Sys=0.00s Real=0.00s
[2022-03-27T21:05:43.359+0800][2194.703s] GC(677) Pause Young (Allocation Failure)
[2022-03-27T21:05:43.359+0800][2194.703s] GC(677) Using 4 workers of 4 for evacuation
[2022-03-27T21:05:43.364+0800][2194.708s] GC(677) ParNew: 94404K->6866K(109248K)
[2022-03-27T21:05:43.364+0800][2194.708s] GC(677) CMS: 71975K->72416K(393216K)
[2022-03-27T21:05:43.364+0800][2194.708s] GC(677) Metaspace: 49729K->49729K(1095680K)
[2022-03-27T21:05:43.364+0800][2194.708s] GC(677) Pause Young (Allocation Failure) 162M->77M(490M) 5.560ms
[2022-03-27T21:05:43.365+0800][2194.708s] GC(677) User=0.01s Sys=0.00s Real=0.01s
[2022-03-27T21:05:43.737+0800][2195.081s] GC(678) Pause Young (Allocation Failure)
[2022-03-27T21:05:43.737+0800][2195.081s] GC(678) Using 4 workers of 4 for evacuation
[2022-03-27T21:05:43.740+0800][2195.084s] GC(678) ParNew: 94290K->6157K(109248K)
[2022-03-27T21:05:43.740+0800][2195.084s] GC(678) CMS: 72416K->72842K(393216K)
[2022-03-27T21:05:43.740+0800][2195.084s] GC(678) Metaspace: 49729K->49729K(1095680K)
[2022-03-27T21:05:43.740+0800][2195.084s] GC(678) Pause Young (Allocation Failure) 162M->77M(490M) 2.927ms
[2022-03-27T21:05:43.740+0800][2195.084s] GC(678) User=0.01s Sys=0.00s Real=0.01s
[2022-03-27T21:05:44.050+0800][2195.393s] GC(679) Pause Young (Allocation Failure)
[2022-03-27T21:05:44.050+0800][2195.394s] GC(679) Using 4 workers of 4 for evacuation
[2022-03-27T21:05:44.052+0800][2195.396s] GC(679) ParNew: 93581K->7313K(109248K)
[2022-03-27T21:05:44.052+0800][2195.396s] GC(679) CMS: 72842K->72917K(393216K)
[2022-03-27T21:05:44.052+0800][2195.396s] GC(679) Metaspace: 49729K->49729K(1095680K)
[2022-03-27T21:05:44.052+0800][2195.396s] GC(679) Pause Young (Allocation Failure) 162M->78M(490M) 2.197ms
[2022-03-27T21:05:44.052+0800][2195.396s] GC(679) User=0.01s Sys=0.00s Real=0.00s
[2022-03-27T21:05:44.314+0800][2195.658s] GC(680) Pause Young (Allocation Failure)
[2022-03-27T21:05:44.314+0800][2195.658s] GC(680) Using 4 workers of 4 for evacuation
[2022-03-27T21:05:44.316+0800][2195.660s] GC(680) ParNew: 94737K->6471K(109248K)
[2022-03-27T21:05:44.316+0800][2195.660s] GC(680) CMS: 72917K->73287K(393216K)
[2022-03-27T21:05:44.316+0800][2195.660s] GC(680) Metaspace: 49729K->49729K(1095680K)
[2022-03-27T21:05:44.316+0800][2195.660s] GC(680) Pause Young (Allocation Failure) 163M->77M(490M) 2.191ms
[2022-03-27T21:05:44.316+0800][2195.660s] GC(680) User=0.01s Sys=0.00s Real=0.00s
[2022-03-27T21:05:44.613+0800][2195.957s] GC(681) Pause Young (Allocation Failure)
[2022-03-27T21:05:44.613+0800][2195.957s] GC(681) Using 4 workers of 4 for evacuation
[2022-03-27T21:05:44.615+0800][2195.959s] GC(681) ParNew: 93895K->8347K(109248K)
[2022-03-27T21:05:44.615+0800][2195.959s] GC(681) CMS: 73287K->73665K(393216K)
[2022-03-27T21:05:44.615+0800][2195.959s] GC(681) Metaspace: 49729K->49729K(1095680K)
[2022-03-27T21:05:44.615+0800][2195.959s] GC(681) Pause Young (Allocation Failure) 163M->80M(490M) 1.968ms
[2022-03-27T21:05:44.615+0800][2195.959s] GC(681) User=0.01s Sys=0.00s Real=0.00s
[2022-03-27T21:05:44.902+0800][2196.246s] GC(682) Pause Young (Allocation Failure)
[2022-03-27T21:05:44.902+0800][2196.246s] GC(682) Using 4 workers of 4 for evacuation
[2022-03-27T21:05:44.904+0800][2196.248s] GC(682) ParNew: 95771K->6644K(109248K)
[2022-03-27T21:05:44.904+0800][2196.248s] GC(682) CMS: 73665K->73981K(393216K)
[2022-03-27T21:05:44.904+0800][2196.248s] GC(682) Metaspace: 49729K->49729K(1095680K)
[2022-03-27T21:05:44.904+0800][2196.248s] GC(682) Pause Young (Allocation Failure) 165M->78M(490M) 2.173ms
[2022-03-27T21:05:44.904+0800][2196.248s] GC(682) User=0.00s Sys=0.00s Real=0.00s
[2022-03-27T21:05:45.218+0800][2196.562s] GC(683) Pause Young (Allocation Failure)
[2022-03-27T21:05:45.218+0800][2196.562s] GC(683) Using 4 workers of 4 for evacuation
[2022-03-27T21:05:45.220+0800][2196.564s] GC(683) ParNew: 94068K->8373K(109248K)
[2022-03-27T21:05:45.220+0800][2196.564s] GC(683) CMS: 73981K->74294K(393216K)
[2022-03-27T21:05:45.220+0800][2196.564s] GC(683) Metaspace: 49729K->49729K(1095680K)
[2022-03-27T21:05:45.220+0800][2196.564s] GC(683) Pause Young (Allocation Failure) 164M->80M(490M) 2.727ms
[2022-03-27T21:05:45.221+0800][2196.564s] GC(683) User=0.01s Sys=0.00s Real=0.01s
[2022-03-27T21:05:45.528+0800][2196.872s] GC(684) Pause Young (Allocation Failure)
[2022-03-27T21:05:45.528+0800][2196.872s] GC(684) Using 4 workers of 4 for evacuation
[2022-03-27T21:05:45.530+0800][2196.874s] GC(684) ParNew: 95797K->7495K(109248K)
[2022-03-27T21:05:45.531+0800][2196.874s] GC(684) CMS: 74294K->75101K(393216K)
[2022-03-27T21:05:45.531+0800][2196.874s] GC(684) Metaspace: 49729K->49729K(1095680K)
[2022-03-27T21:05:45.531+0800][2196.874s] GC(684) Pause Young (Allocation Failure) 166M->80M(490M) 2.433ms
[2022-03-27T21:05:45.531+0800][2196.875s] GC(684) User=0.01s Sys=0.00s Real=0.01s
[2022-03-27T21:05:45.923+0800][2197.266s] GC(685) Pause Young (Allocation Failure)
[2022-03-27T21:05:45.923+0800][2197.267s] GC(685) Using 4 workers of 4 for evacuation
[2022-03-27T21:05:45.925+0800][2197.269s] GC(685) ParNew: 94919K->7903K(109248K)
[2022-03-27T21:05:45.925+0800][2197.269s] GC(685) CMS: 75101K->75447K(393216K)
[2022-03-27T21:05:45.925+0800][2197.269s] GC(685) Metaspace: 49729K->49729K(1095680K)
[2022-03-27T21:05:45.925+0800][2197.269s] GC(685) Pause Young (Allocation Failure) 166M->81M(490M) 2.278ms
[2022-03-27T21:05:45.925+0800][2197.269s] GC(685) User=0.00s Sys=0.00s Real=0.00s
[2022-03-27T21:05:46.234+0800][2197.578s] GC(686) Pause Young (Allocation Failure)
[2022-03-27T21:05:46.234+0800][2197.578s] GC(686) Using 4 workers of 4 for evacuation
[2022-03-27T21:05:46.237+0800][2197.581s] GC(686) ParNew: 95327K->6674K(109248K)
[2022-03-27T21:05:46.237+0800][2197.581s] GC(686) CMS: 75447K->75885K(393216K)
[2022-03-27T21:05:46.237+0800][2197.581s] GC(686) Metaspace: 49729K->49729K(1095680K)
[2022-03-27T21:05:46.237+0800][2197.581s] GC(686) Pause Young (Allocation Failure) 166M->80M(490M) 2.368ms
[2022-03-27T21:05:46.237+0800][2197.581s] GC(686) User=0.01s Sys=0.00s Real=0.00s
[2022-03-27T21:05:46.553+0800][2197.897s] GC(687) Pause Young (Allocation Failure)
[2022-03-27T21:05:46.553+0800][2197.897s] GC(687) Using 4 workers of 4 for evacuation
[2022-03-27T21:05:46.556+0800][2197.900s] GC(687) ParNew: 94098K->7937K(109248K)
[2022-03-27T21:05:46.556+0800][2197.900s] GC(687) CMS: 75885K->76288K(393216K)
[2022-03-27T21:05:46.556+0800][2197.900s] GC(687) Metaspace: 49729K->49729K(1095680K)
[2022-03-27T21:05:46.556+0800][2197.900s] GC(687) Pause Young (Allocation Failure) 166M->82M(490M) 2.356ms
[2022-03-27T21:05:46.556+0800][2197.900s] GC(687) User=0.01s Sys=0.00s Real=0.00s
[2022-03-27T21:05:46.824+0800][2198.168s] GC(688) Pause Young (Allocation Failure)
[2022-03-27T21:05:46.824+0800][2198.168s] GC(688) Using 4 workers of 4 for evacuation
[2022-03-27T21:05:46.826+0800][2198.170s] GC(688) ParNew: 95361K->7915K(109248K)
[2022-03-27T21:05:46.826+0800][2198.170s] GC(688) CMS: 76288K->76577K(393216K)
[2022-03-27T21:05:46.826+0800][2198.170s] GC(688) Metaspace: 49729K->49729K(1095680K)
[2022-03-27T21:05:46.826+0800][2198.170s] GC(688) Pause Young (Allocation Failure) 167M->82M(490M) 2.454ms
[2022-03-27T21:05:46.826+0800][2198.170s] GC(688) User=0.01s Sys=0.00s Real=0.00s
[2022-03-27T21:05:47.114+0800][2198.458s] GC(689) Pause Young (Allocation Failure)
[2022-03-27T21:05:47.114+0800][2198.458s] GC(689) Using 4 workers of 4 for evacuation
[2022-03-27T21:05:47.117+0800][2198.460s] GC(689) ParNew: 95339K->6969K(109248K)
[2022-03-27T21:05:47.117+0800][2198.460s] GC(689) CMS: 76577K->76989K(393216K)
[2022-03-27T21:05:47.117+0800][2198.460s] GC(689) Metaspace: 49729K->49729K(1095680K)
[2022-03-27T21:05:47.117+0800][2198.461s] GC(689) Pause Young (Allocation Failure) 167M->81M(490M) 2.308ms
[2022-03-27T21:05:47.117+0800][2198.461s] GC(689) User=0.01s Sys=0.00s Real=0.00s
[2022-03-27T21:05:47.437+0800][2198.781s] GC(690) Pause Young (Allocation Failure)
[2022-03-27T21:05:47.437+0800][2198.781s] GC(690) Using 4 workers of 4 for evacuation
[2022-03-27T21:05:47.439+0800][2198.783s] GC(690) ParNew: 94363K->6985K(109248K)
[2022-03-27T21:05:47.439+0800][2198.783s] GC(690) CMS: 76989K->77414K(393216K)
[2022-03-27T21:05:47.439+0800][2198.783s] GC(690) Metaspace: 49729K->49729K(1095680K)
[2022-03-27T21:05:47.439+0800][2198.783s] GC(690) Pause Young (Allocation Failure) 167M->82M(490M) 2.040ms
[2022-03-27T21:05:47.439+0800][2198.783s] GC(690) User=0.00s Sys=0.00s Real=0.00s
[2022-03-27T21:05:47.720+0800][2199.064s] GC(691) Pause Young (Allocation Failure)
[2022-03-27T21:05:47.720+0800][2199.064s] GC(691) Using 4 workers of 4 for evacuation
[2022-03-27T21:05:47.722+0800][2199.066s] GC(691) ParNew: 94409K->7716K(109248K)
[2022-03-27T21:05:47.722+0800][2199.066s] GC(691) CMS: 77414K->77836K(393216K)
[2022-03-27T21:05:47.722+0800][2199.066s] GC(691) Metaspace: 49729K->49729K(1095680K)
[2022-03-27T21:05:47.722+0800][2199.066s] GC(691) Pause Young (Allocation Failure) 167M->83M(490M) 2.325ms
[2022-03-27T21:05:47.723+0800][2199.066s] GC(691) User=0.01s Sys=0.00s Real=0.00s
[2022-03-27T21:05:48.050+0800][2199.394s] GC(692) Pause Young (Allocation Failure)
[2022-03-27T21:05:48.050+0800][2199.394s] GC(692) Using 4 workers of 4 for evacuation
[2022-03-27T21:05:48.052+0800][2199.396s] GC(692) ParNew: 95140K->7822K(109248K)
[2022-03-27T21:05:48.053+0800][2199.396s] GC(692) CMS: 77836K->78220K(393216K)
[2022-03-27T21:05:48.053+0800][2199.396s] GC(692) Metaspace: 49729K->49729K(1095680K)
[2022-03-27T21:05:48.053+0800][2199.396s] GC(692) Pause Young (Allocation Failure) 168M->84M(490M) 2.419ms
[2022-03-27T21:05:48.053+0800][2199.397s] GC(692) User=0.00s Sys=0.00s Real=0.00s
[2022-03-27T21:05:48.342+0800][2199.686s] GC(693) Pause Young (Allocation Failure)
[2022-03-27T21:05:48.342+0800][2199.686s] GC(693) Using 4 workers of 4 for evacuation
[2022-03-27T21:05:48.344+0800][2199.688s] GC(693) ParNew: 95246K->9512K(109248K)
[2022-03-27T21:05:48.344+0800][2199.688s] GC(693) CMS: 78220K->78559K(393216K)
[2022-03-27T21:05:48.344+0800][2199.688s] GC(693) Metaspace: 49729K->49729K(1095680K)
[2022-03-27T21:05:48.344+0800][2199.688s] GC(693) Pause Young (Allocation Failure) 169M->86M(490M) 2.309ms
[2022-03-27T21:05:48.344+0800][2199.688s] GC(693) User=0.00s Sys=0.00s Real=0.00s
[2022-03-27T21:05:48.718+0800][2200.062s] GC(694) Pause Young (Allocation Failure)
[2022-03-27T21:05:48.718+0800][2200.062s] GC(694) Using 4 workers of 4 for evacuation
[2022-03-27T21:05:48.720+0800][2200.064s] GC(694) ParNew: 96936K->8385K(109248K)
[2022-03-27T21:05:48.720+0800][2200.064s] GC(694) CMS: 78559K->78913K(393216K)
[2022-03-27T21:05:48.720+0800][2200.064s] GC(694) Metaspace: 49729K->49729K(1095680K)
[2022-03-27T21:05:48.720+0800][2200.064s] GC(694) Pause Young (Allocation Failure) 171M->85M(490M) 2.330ms
[2022-03-27T21:05:48.720+0800][2200.064s] GC(694) User=0.00s Sys=0.00s Real=0.01s
[2022-03-27T21:05:49.016+0800][2200.360s] GC(695) Pause Young (Allocation Failure)
[2022-03-27T21:05:49.016+0800][2200.360s] GC(695) Using 4 workers of 4 for evacuation
[2022-03-27T21:05:49.019+0800][2200.363s] GC(695) ParNew: 95809K->8950K(109248K)
[2022-03-27T21:05:49.019+0800][2200.363s] GC(695) CMS: 78913K->79235K(393216K)
[2022-03-27T21:05:49.019+0800][2200.363s] GC(695) Metaspace: 49729K->49729K(1095680K)
[2022-03-27T21:05:49.019+0800][2200.363s] GC(695) Pause Young (Allocation Failure) 170M->86M(490M) 2.707ms
[2022-03-27T21:05:49.019+0800][2200.363s] GC(695) User=0.00s Sys=0.00s Real=0.00s
[2022-03-27T21:05:49.335+0800][2200.679s] GC(696) Pause Young (Allocation Failure)
[2022-03-27T21:05:49.335+0800][2200.679s] GC(696) Using 4 workers of 4 for evacuation
[2022-03-27T21:05:49.337+0800][2200.681s] GC(696) ParNew: 96374K->8977K(109248K)
[2022-03-27T21:05:49.337+0800][2200.681s] GC(696) CMS: 79235K->79493K(393216K)
[2022-03-27T21:05:49.337+0800][2200.681s] GC(696) Metaspace: 49729K->49729K(1095680K)
[2022-03-27T21:05:49.337+0800][2200.681s] GC(696) Pause Young (Allocation Failure) 171M->86M(490M) 2.199ms
[2022-03-27T21:05:49.337+0800][2200.681s] GC(696) User=0.01s Sys=0.00s Real=0.00s
[2022-03-27T21:05:49.613+0800][2200.957s] GC(697) Pause Young (Allocation Failure)
[2022-03-27T21:05:49.613+0800][2200.957s] GC(697) Using 4 workers of 4 for evacuation
[2022-03-27T21:05:49.616+0800][2200.960s] GC(697) ParNew: 96401K->8741K(109248K)
[2022-03-27T21:05:49.616+0800][2200.960s] GC(697) CMS: 79493K->79771K(393216K)
[2022-03-27T21:05:49.616+0800][2200.960s] GC(697) Metaspace: 49729K->49729K(1095680K)
[2022-03-27T21:05:49.616+0800][2200.960s] GC(697) Pause Young (Allocation Failure) 171M->86M(490M) 2.707ms
[2022-03-27T21:05:49.616+0800][2200.960s] GC(697) User=0.01s Sys=0.00s Real=0.00s
[2022-03-27T21:05:49.916+0800][2201.260s] GC(698) Pause Young (Allocation Failure)
[2022-03-27T21:05:49.917+0800][2201.260s] GC(698) Using 4 workers of 4 for evacuation
[2022-03-27T21:05:49.919+0800][2201.263s] GC(698) ParNew: 96165K->9537K(109248K)
[2022-03-27T21:05:49.919+0800][2201.263s] GC(698) CMS: 79771K->80176K(393216K)
[2022-03-27T21:05:49.919+0800][2201.263s] GC(698) Metaspace: 49729K->49729K(1095680K)
[2022-03-27T21:05:49.919+0800][2201.263s] GC(698) Pause Young (Allocation Failure) 171M->87M(490M) 2.284ms
[2022-03-27T21:05:49.919+0800][2201.263s] GC(698) User=0.00s Sys=0.00s Real=0.00s
[2022-03-27T21:05:50.253+0800][2201.597s] GC(699) Pause Young (Allocation Failure)
[2022-03-27T21:05:50.253+0800][2201.597s] GC(699) Using 4 workers of 4 for evacuation
[2022-03-27T21:05:50.256+0800][2201.600s] GC(699) ParNew: 96961K->9256K(109248K)
[2022-03-27T21:05:50.256+0800][2201.600s] GC(699) CMS: 80176K->80426K(393216K)
[2022-03-27T21:05:50.256+0800][2201.600s] GC(699) Metaspace: 49729K->49729K(1095680K)
[2022-03-27T21:05:50.256+0800][2201.600s] GC(699) Pause Young (Allocation Failure) 172M->87M(490M) 3.375ms
[2022-03-27T21:05:50.256+0800][2201.600s] GC(699) User=0.01s Sys=0.00s Real=0.00s
[2022-03-27T21:05:50.569+0800][2201.913s] GC(700) Pause Young (Allocation Failure)
[2022-03-27T21:05:50.569+0800][2201.913s] GC(700) Using 4 workers of 4 for evacuation
[2022-03-27T21:05:50.572+0800][2201.916s] GC(700) ParNew: 96680K->9235K(109248K)
[2022-03-27T21:05:50.573+0800][2201.916s] GC(700) CMS: 80426K->81742K(393216K)
[2022-03-27T21:05:50.573+0800][2201.916s] GC(700) Metaspace: 49729K->49729K(1095680K)
[2022-03-27T21:05:50.573+0800][2201.917s] GC(700) Pause Young (Allocation Failure) 172M->88M(490M) 3.469ms
[2022-03-27T21:05:50.573+0800][2201.917s] GC(700) User=0.01s Sys=0.00s Real=0.01s
[2022-03-27T21:05:50.934+0800][2202.278s] GC(701) Pause Young (Allocation Failure)
[2022-03-27T21:05:50.934+0800][2202.278s] GC(701) Using 4 workers of 4 for evacuation
[2022-03-27T21:05:50.937+0800][2202.281s] GC(701) ParNew: 96659K->8017K(109248K)
[2022-03-27T21:05:50.937+0800][2202.281s] GC(701) CMS: 81742K->82229K(393216K)
[2022-03-27T21:05:50.937+0800][2202.281s] GC(701) Metaspace: 49729K->49729K(1095680K)
[2022-03-27T21:05:50.937+0800][2202.281s] GC(701) Pause Young (Allocation Failure) 174M->88M(490M) 3.040ms
[2022-03-27T21:05:50.937+0800][2202.281s] GC(701) User=0.01s Sys=0.00s Real=0.00s
[2022-03-27T21:05:51.258+0800][2202.601s] GC(702) Pause Young (Allocation Failure)
[2022-03-27T21:05:51.258+0800][2202.602s] GC(702) Using 4 workers of 4 for evacuation
[2022-03-27T21:05:51.260+0800][2202.604s] GC(702) ParNew: 95441K->7783K(109248K)
[2022-03-27T21:05:51.260+0800][2202.604s] GC(702) CMS: 82229K->82690K(393216K)
[2022-03-27T21:05:51.260+0800][2202.604s] GC(702) Metaspace: 49729K->49729K(1095680K)
[2022-03-27T21:05:51.260+0800][2202.604s] GC(702) Pause Young (Allocation Failure) 173M->88M(490M) 2.962ms
[2022-03-27T21:05:51.261+0800][2202.604s] GC(702) User=0.01s Sys=0.00s Real=0.01s
[2022-03-27T21:05:51.606+0800][2202.950s] GC(703) Pause Young (Allocation Failure)
[2022-03-27T21:05:51.606+0800][2202.950s] GC(703) Using 4 workers of 4 for evacuation
[2022-03-27T21:05:51.608+0800][2202.952s] GC(703) ParNew: 95207K->8401K(109248K)
[2022-03-27T21:05:51.608+0800][2202.952s] GC(703) CMS: 82690K->83011K(393216K)
[2022-03-27T21:05:51.608+0800][2202.952s] GC(703) Metaspace: 49729K->49729K(1095680K)
[2022-03-27T21:05:51.608+0800][2202.952s] GC(703) Pause Young (Allocation Failure) 173M->89M(490M) 2.063ms
[2022-03-27T21:05:51.608+0800][2202.952s] GC(703) User=0.01s Sys=0.00s Real=0.00s
[2022-03-27T21:05:51.896+0800][2203.240s] GC(704) Pause Young (Allocation Failure)
[2022-03-27T21:05:51.896+0800][2203.240s] GC(704) Using 4 workers of 4 for evacuation
[2022-03-27T21:05:51.898+0800][2203.242s] GC(704) ParNew: 95825K->9228K(109248K)
[2022-03-27T21:05:51.898+0800][2203.242s] GC(704) CMS: 83011K->83339K(393216K)
[2022-03-27T21:05:51.898+0800][2203.242s] GC(704) Metaspace: 49729K->49729K(1095680K)
[2022-03-27T21:05:51.898+0800][2203.242s] GC(704) Pause Young (Allocation Failure) 174M->90M(490M) 2.261ms
[2022-03-27T21:05:51.898+0800][2203.242s] GC(704) User=0.00s Sys=0.00s Real=0.00s
[2022-03-27T21:05:52.211+0800][2203.555s] GC(705) Pause Young (Allocation Failure)
[2022-03-27T21:05:52.211+0800][2203.555s] GC(705) Using 4 workers of 4 for evacuation
[2022-03-27T21:05:52.214+0800][2203.558s] GC(705) ParNew: 96652K->8500K(109248K)
[2022-03-27T21:05:52.214+0800][2203.558s] GC(705) CMS: 83339K->83581K(393216K)
[2022-03-27T21:05:52.214+0800][2203.558s] GC(705) Metaspace: 49729K->49729K(1095680K)
[2022-03-27T21:05:52.214+0800][2203.558s] GC(705) Pause Young (Allocation Failure) 175M->89M(490M) 3.144ms
[2022-03-27T21:05:52.214+0800][2203.558s] GC(705) User=0.00s Sys=0.00s Real=0.00s
[2022-03-27T21:05:52.538+0800][2203.881s] GC(706) Pause Young (Allocation Failure)
[2022-03-27T21:05:52.538+0800][2203.882s] GC(706) Using 4 workers of 4 for evacuation
[2022-03-27T21:05:52.541+0800][2203.885s] GC(706) ParNew: 95878K->8484K(109248K)
[2022-03-27T21:05:52.541+0800][2203.885s] GC(706) CMS: 83581K->83900K(393216K)
[2022-03-27T21:05:52.541+0800][2203.885s] GC(706) Metaspace: 49729K->49729K(1095680K)
[2022-03-27T21:05:52.541+0800][2203.885s] GC(706) Pause Young (Allocation Failure) 175M->90M(490M) 3.485ms
[2022-03-27T21:05:52.541+0800][2203.885s] GC(706) User=0.01s Sys=0.00s Real=0.01s
[2022-03-27T21:05:52.659+0800][2204.003s] GC(707) Pause Young (Allocation Failure)
[2022-03-27T21:05:52.659+0800][2204.003s] GC(707) Using 4 workers of 4 for evacuation
[2022-03-27T21:05:52.663+0800][2204.007s] GC(707) ParNew: 95908K->12324K(109248K)
[2022-03-27T21:05:52.663+0800][2204.007s] GC(707) CMS: 83900K->84265K(393216K)
[2022-03-27T21:05:52.663+0800][2204.007s] GC(707) Metaspace: 49740K->49740K(1095680K)
[2022-03-27T21:05:52.663+0800][2204.007s] GC(707) Pause Young (Allocation Failure) 175M->94M(490M) 3.943ms
[2022-03-27T21:05:52.663+0800][2204.007s] GC(707) User=0.02s Sys=0.00s Real=0.01s
[2022-03-27T21:05:52.819+0800][2204.163s] GC(708) Pause Young (Allocation Failure)
[2022-03-27T21:05:52.819+0800][2204.163s] GC(708) Using 4 workers of 4 for evacuation
[2022-03-27T21:05:52.821+0800][2204.165s] GC(708) ParNew: 99748K->12876K(109248K)
[2022-03-27T21:05:52.821+0800][2204.165s] GC(708) CMS: 84265K->84602K(393216K)
[2022-03-27T21:05:52.821+0800][2204.165s] GC(708) Metaspace: 49740K->49740K(1095680K)
[2022-03-27T21:05:52.821+0800][2204.165s] GC(708) Pause Young (Allocation Failure) 179M->95M(490M) 2.143ms
[2022-03-27T21:05:52.821+0800][2204.165s] GC(708) User=0.01s Sys=0.00s Real=0.01s
[2022-03-27T21:05:54.473+0800][2205.817s] GC(709) Pause Young (Allocation Failure)
[2022-03-27T21:05:54.484+0800][2205.828s] GC(709) Using 4 workers of 4 for evacuation
[2022-03-27T21:05:54.489+0800][2205.833s] GC(709) ParNew: 100300K->12056K(109248K)
[2022-03-27T21:05:54.489+0800][2205.833s] GC(709) CMS: 84602K->85067K(393216K)
[2022-03-27T21:05:54.489+0800][2205.833s] GC(709) Metaspace: 49744K->49744K(1095680K)
[2022-03-27T21:05:54.489+0800][2205.833s] GC(709) Pause Young (Allocation Failure) 180M->94M(490M) 16.239ms
[2022-03-27T21:05:54.489+0800][2205.833s] GC(709) User=0.01s Sys=0.00s Real=0.01s
[2022-03-27T21:05:56.953+0800][2208.297s] GC(710) Pause Young (Allocation Failure)
[2022-03-27T21:05:56.953+0800][2208.297s] GC(710) Using 4 workers of 4 for evacuation
[2022-03-27T21:05:56.956+0800][2208.300s] GC(710) ParNew: 99480K->10532K(109248K)
[2022-03-27T21:05:56.956+0800][2208.300s] GC(710) CMS: 85067K->85765K(393216K)
[2022-03-27T21:05:56.956+0800][2208.300s] GC(710) Metaspace: 49744K->49744K(1095680K)
[2022-03-27T21:05:56.956+0800][2208.300s] GC(710) Pause Young (Allocation Failure) 180M->94M(490M) 2.627ms
[2022-03-27T21:05:56.956+0800][2208.300s] GC(710) User=0.01s Sys=0.00s Real=0.00s
[2022-03-27T21:05:57.237+0800][2208.581s] GC(711) Pause Young (Allocation Failure)
[2022-03-27T21:05:57.237+0800][2208.581s] GC(711) Using 4 workers of 4 for evacuation
[2022-03-27T21:05:57.240+0800][2208.584s] GC(711) ParNew: 97956K->8627K(109248K)
[2022-03-27T21:05:57.240+0800][2208.584s] GC(711) CMS: 85765K->88788K(393216K)
[2022-03-27T21:05:57.240+0800][2208.584s] GC(711) Metaspace: 49749K->49749K(1095680K)
[2022-03-27T21:05:57.240+0800][2208.584s] GC(711) Pause Young (Allocation Failure) 179M->95M(490M) 3.113ms
[2022-03-27T21:05:57.240+0800][2208.584s] GC(711) User=0.02s Sys=0.00s Real=0.01s
[2022-03-27T21:05:57.574+0800][2208.918s] GC(712) Pause Young (Allocation Failure)
[2022-03-27T21:05:57.574+0800][2208.918s] GC(712) Using 4 workers of 4 for evacuation
[2022-03-27T21:05:57.576+0800][2208.920s] GC(712) ParNew: 96051K->8819K(109248K)
[2022-03-27T21:05:57.576+0800][2208.920s] GC(712) CMS: 88788K->89221K(393216K)
[2022-03-27T21:05:57.576+0800][2208.920s] GC(712) Metaspace: 49749K->49749K(1095680K)
[2022-03-27T21:05:57.576+0800][2208.920s] GC(712) Pause Young (Allocation Failure) 180M->95M(490M) 2.345ms
[2022-03-27T21:05:57.576+0800][2208.920s] GC(712) User=0.01s Sys=0.00s Real=0.00s
[2022-03-27T21:05:57.876+0800][2209.220s] GC(713) Pause Young (Allocation Failure)
[2022-03-27T21:05:57.876+0800][2209.220s] GC(713) Using 4 workers of 4 for evacuation
[2022-03-27T21:05:57.879+0800][2209.222s] GC(713) ParNew: 96243K->10302K(109248K)
[2022-03-27T21:05:57.879+0800][2209.223s] GC(713) CMS: 89221K->89609K(393216K)
[2022-03-27T21:05:57.879+0800][2209.223s] GC(713) Metaspace: 49749K->49749K(1095680K)
[2022-03-27T21:05:57.879+0800][2209.223s] GC(713) Pause Young (Allocation Failure) 181M->97M(490M) 2.598ms
[2022-03-27T21:05:57.879+0800][2209.223s] GC(713) User=0.01s Sys=0.00s Real=0.00s
[2022-03-27T21:05:58.190+0800][2209.534s] GC(714) Pause Young (Allocation Failure)
[2022-03-27T21:05:58.190+0800][2209.534s] GC(714) Using 4 workers of 4 for evacuation
[2022-03-27T21:05:58.192+0800][2209.536s] GC(714) ParNew: 97726K->8898K(109248K)
[2022-03-27T21:05:58.192+0800][2209.536s] GC(714) CMS: 89609K->90463K(393216K)
[2022-03-27T21:05:58.192+0800][2209.536s] GC(714) Metaspace: 49749K->49749K(1095680K)
[2022-03-27T21:05:58.192+0800][2209.536s] GC(714) Pause Young (Allocation Failure) 182M->97M(490M) 2.400ms
[2022-03-27T21:05:58.192+0800][2209.536s] GC(714) User=0.01s Sys=0.00s Real=0.00s
[2022-03-27T21:05:58.486+0800][2209.830s] GC(715) Pause Young (Allocation Failure)
[2022-03-27T21:05:58.486+0800][2209.830s] GC(715) Using 4 workers of 4 for evacuation
[2022-03-27T21:05:58.490+0800][2209.834s] GC(715) ParNew: 96322K->9649K(109248K)
[2022-03-27T21:05:58.490+0800][2209.834s] GC(715) CMS: 90463K->90582K(393216K)
[2022-03-27T21:05:58.490+0800][2209.834s] GC(715) Metaspace: 49749K->49749K(1095680K)
[2022-03-27T21:05:58.490+0800][2209.834s] GC(715) Pause Young (Allocation Failure) 182M->97M(490M) 4.550ms
[2022-03-27T21:05:58.490+0800][2209.834s] GC(715) User=0.02s Sys=0.00s Real=0.01s
[2022-03-27T21:05:58.875+0800][2210.219s] GC(716) Pause Young (Allocation Failure)
[2022-03-27T21:05:58.875+0800][2210.219s] GC(716) Using 4 workers of 4 for evacuation
[2022-03-27T21:05:58.877+0800][2210.221s] GC(716) ParNew: 97073K->9808K(109248K)
[2022-03-27T21:05:58.877+0800][2210.221s] GC(716) CMS: 90582K->90593K(393216K)
[2022-03-27T21:05:58.877+0800][2210.221s] GC(716) Metaspace: 49749K->49749K(1095680K)
[2022-03-27T21:05:58.877+0800][2210.221s] GC(716) Pause Young (Allocation Failure) 183M->98M(490M) 2.668ms
[2022-03-27T21:05:58.877+0800][2210.221s] GC(716) User=0.01s Sys=0.00s Real=0.00s
[2022-03-27T21:05:59.210+0800][2210.554s] GC(717) Pause Young (Allocation Failure)
[2022-03-27T21:05:59.210+0800][2210.554s] GC(717) Using 4 workers of 4 for evacuation
[2022-03-27T21:05:59.212+0800][2210.556s] GC(717) ParNew: 97232K->10413K(109248K)
[2022-03-27T21:05:59.212+0800][2210.556s] GC(717) CMS: 90593K->90608K(393216K)
[2022-03-27T21:05:59.212+0800][2210.556s] GC(717) Metaspace: 49749K->49749K(1095680K)
[2022-03-27T21:05:59.212+0800][2210.556s] GC(717) Pause Young (Allocation Failure) 183M->98M(490M) 2.471ms
[2022-03-27T21:05:59.212+0800][2210.556s] GC(717) User=0.00s Sys=0.00s Real=0.00s
[2022-03-27T21:05:59.486+0800][2210.830s] GC(718) Pause Young (Allocation Failure)
[2022-03-27T21:05:59.486+0800][2210.830s] GC(718) Using 4 workers of 4 for evacuation
[2022-03-27T21:05:59.488+0800][2210.832s] GC(718) ParNew: 97837K->9962K(109248K)
[2022-03-27T21:05:59.488+0800][2210.832s] GC(718) CMS: 90608K->92440K(393216K)
[2022-03-27T21:05:59.488+0800][2210.832s] GC(718) Metaspace: 49749K->49749K(1095680K)
[2022-03-27T21:05:59.488+0800][2210.832s] GC(718) Pause Young (Allocation Failure) 184M->100M(490M) 2.523ms
[2022-03-27T21:05:59.488+0800][2210.832s] GC(718) User=0.00s Sys=0.00s Real=0.00s
[2022-03-27T21:05:59.791+0800][2211.135s] GC(719) Pause Young (Allocation Failure)
[2022-03-27T21:05:59.791+0800][2211.135s] GC(719) Using 4 workers of 4 for evacuation
[2022-03-27T21:05:59.793+0800][2211.137s] GC(719) ParNew: 97333K->7964K(109248K)
[2022-03-27T21:05:59.793+0800][2211.137s] GC(719) CMS: 92440K->94603K(393216K)
[2022-03-27T21:05:59.793+0800][2211.137s] GC(719) Metaspace: 49749K->49749K(1095680K)
[2022-03-27T21:05:59.793+0800][2211.137s] GC(719) Pause Young (Allocation Failure) 185M->100M(490M) 2.672ms
[2022-03-27T21:05:59.793+0800][2211.137s] GC(719) User=0.00s Sys=0.00s Real=0.00s
[2022-03-27T21:06:00.098+0800][2211.442s] GC(720) Pause Young (Allocation Failure)
[2022-03-27T21:06:00.098+0800][2211.442s] GC(720) Using 4 workers of 4 for evacuation
[2022-03-27T21:06:00.100+0800][2211.444s] GC(720) ParNew: 95388K->6860K(109248K)
[2022-03-27T21:06:00.100+0800][2211.444s] GC(720) CMS: 94603K->95133K(393216K)
[2022-03-27T21:06:00.100+0800][2211.444s] GC(720) Metaspace: 49749K->49749K(1095680K)
[2022-03-27T21:06:00.100+0800][2211.444s] GC(720) Pause Young (Allocation Failure) 185M->99M(490M) 2.154ms
[2022-03-27T21:06:00.100+0800][2211.444s] GC(720) User=0.00s Sys=0.00s Real=0.01s
[2022-03-27T21:06:00.372+0800][2211.716s] GC(721) Pause Young (Allocation Failure)
[2022-03-27T21:06:00.372+0800][2211.716s] GC(721) Using 4 workers of 4 for evacuation
[2022-03-27T21:06:00.374+0800][2211.718s] GC(721) ParNew: 94284K->6775K(109248K)
[2022-03-27T21:06:00.374+0800][2211.718s] GC(721) CMS: 95133K->95481K(393216K)
[2022-03-27T21:06:00.374+0800][2211.718s] GC(721) Metaspace: 49749K->49749K(1095680K)
[2022-03-27T21:06:00.374+0800][2211.718s] GC(721) Pause Young (Allocation Failure) 184M->99M(490M) 2.092ms
[2022-03-27T21:06:00.374+0800][2211.718s] GC(721) User=0.01s Sys=0.00s Real=0.00s
[2022-03-27T21:06:00.675+0800][2212.019s] GC(722) Pause Young (Allocation Failure)
[2022-03-27T21:06:00.675+0800][2212.019s] GC(722) Using 4 workers of 4 for evacuation
[2022-03-27T21:06:00.677+0800][2212.021s] GC(722) ParNew: 94199K->6342K(109248K)
[2022-03-27T21:06:00.677+0800][2212.021s] GC(722) CMS: 95481K->95895K(393216K)
[2022-03-27T21:06:00.677+0800][2212.021s] GC(722) Metaspace: 49749K->49749K(1095680K)
[2022-03-27T21:06:00.677+0800][2212.021s] GC(722) Pause Young (Allocation Failure) 185M->99M(490M) 2.106ms
[2022-03-27T21:06:00.677+0800][2212.021s] GC(722) User=0.00s Sys=0.00s Real=0.00s
[2022-03-27T21:06:00.992+0800][2212.336s] GC(723) Pause Young (Allocation Failure)
[2022-03-27T21:06:00.992+0800][2212.336s] GC(723) Using 4 workers of 4 for evacuation
[2022-03-27T21:06:00.994+0800][2212.338s] GC(723) ParNew: 93766K->7513K(109248K)
[2022-03-27T21:06:00.994+0800][2212.338s] GC(723) CMS: 95895K->96195K(393216K)
[2022-03-27T21:06:00.994+0800][2212.338s] GC(723) Metaspace: 49749K->49749K(1095680K)
[2022-03-27T21:06:00.994+0800][2212.338s] GC(723) Pause Young (Allocation Failure) 185M->101M(490M) 2.135ms
[2022-03-27T21:06:00.994+0800][2212.338s] GC(723) User=0.01s Sys=0.00s Real=0.00s
[2022-03-27T21:06:01.356+0800][2212.700s] GC(724) Pause Young (Allocation Failure)
[2022-03-27T21:06:01.356+0800][2212.700s] GC(724) Using 4 workers of 4 for evacuation
[2022-03-27T21:06:01.359+0800][2212.703s] GC(724) ParNew: 94937K->7326K(109248K)
[2022-03-27T21:06:01.359+0800][2212.703s] GC(724) CMS: 96195K->96508K(393216K)
[2022-03-27T21:06:01.359+0800][2212.703s] GC(724) Metaspace: 49749K->49749K(1095680K)
[2022-03-27T21:06:01.359+0800][2212.703s] GC(724) Pause Young (Allocation Failure) 186M->101M(490M) 2.621ms
[2022-03-27T21:06:01.359+0800][2212.703s] GC(724) User=0.01s Sys=0.01s Real=0.00s
[2022-03-27T21:06:01.657+0800][2213.001s] GC(725) Pause Young (Allocation Failure)
[2022-03-27T21:06:01.657+0800][2213.001s] GC(725) Using 4 workers of 4 for evacuation
[2022-03-27T21:06:01.659+0800][2213.003s] GC(725) ParNew: 94750K->7411K(109248K)
[2022-03-27T21:06:01.659+0800][2213.003s] GC(725) CMS: 96508K->96858K(393216K)
[2022-03-27T21:06:01.659+0800][2213.003s] GC(725) Metaspace: 49749K->49749K(1095680K)
[2022-03-27T21:06:01.659+0800][2213.003s] GC(725) Pause Young (Allocation Failure) 186M->101M(490M) 2.323ms
[2022-03-27T21:06:01.659+0800][2213.003s] GC(725) User=0.00s Sys=0.00s Real=0.00s
[2022-03-27T21:06:01.976+0800][2213.320s] GC(726) Pause Young (Allocation Failure)
[2022-03-27T21:06:01.976+0800][2213.320s] GC(726) Using 4 workers of 4 for evacuation
[2022-03-27T21:06:01.978+0800][2213.322s] GC(726) ParNew: 94835K->7647K(109248K)
[2022-03-27T21:06:01.978+0800][2213.322s] GC(726) CMS: 96858K->97132K(393216K)
[2022-03-27T21:06:01.978+0800][2213.322s] GC(726) Metaspace: 49749K->49749K(1095680K)
[2022-03-27T21:06:01.978+0800][2213.322s] GC(726) Pause Young (Allocation Failure) 187M->102M(490M) 2.272ms
[2022-03-27T21:06:01.978+0800][2213.322s] GC(726) User=0.00s Sys=0.01s Real=0.00s
[2022-03-27T21:06:02.284+0800][2213.628s] GC(727) Pause Young (Allocation Failure)
[2022-03-27T21:06:02.284+0800][2213.628s] GC(727) Using 4 workers of 4 for evacuation
[2022-03-27T21:06:02.286+0800][2213.630s] GC(727) ParNew: 95071K->8267K(109248K)
[2022-03-27T21:06:02.286+0800][2213.630s] GC(727) CMS: 97132K->98010K(393216K)
[2022-03-27T21:06:02.286+0800][2213.630s] GC(727) Metaspace: 49749K->49749K(1095680K)
[2022-03-27T21:06:02.286+0800][2213.630s] GC(727) Pause Young (Allocation Failure) 187M->103M(490M) 2.198ms
[2022-03-27T21:06:02.286+0800][2213.630s] GC(727) User=0.01s Sys=0.00s Real=0.00s
[2022-03-27T21:06:02.621+0800][2213.965s] GC(728) Pause Young (Allocation Failure)
[2022-03-27T21:06:02.621+0800][2213.965s] GC(728) Using 4 workers of 4 for evacuation
[2022-03-27T21:06:02.623+0800][2213.967s] GC(728) ParNew: 95691K->7035K(109248K)
[2022-03-27T21:06:02.623+0800][2213.967s] GC(728) CMS: 98010K->98515K(393216K)
[2022-03-27T21:06:02.623+0800][2213.967s] GC(728) Metaspace: 49749K->49749K(1095680K)
[2022-03-27T21:06:02.623+0800][2213.967s] GC(728) Pause Young (Allocation Failure) 189M->103M(490M) 2.180ms
[2022-03-27T21:06:02.623+0800][2213.967s] GC(728) User=0.01s Sys=0.00s Real=0.00s
[2022-03-27T21:06:02.917+0800][2214.261s] GC(729) Pause Young (Allocation Failure)
[2022-03-27T21:06:02.917+0800][2214.261s] GC(729) Using 4 workers of 4 for evacuation
[2022-03-27T21:06:02.919+0800][2214.263s] GC(729) ParNew: 94459K->7251K(109248K)
[2022-03-27T21:06:02.919+0800][2214.263s] GC(729) CMS: 98515K->98726K(393216K)
[2022-03-27T21:06:02.919+0800][2214.263s] GC(729) Metaspace: 49749K->49749K(1095680K)
[2022-03-27T21:06:02.919+0800][2214.263s] GC(729) Pause Young (Allocation Failure) 188M->103M(490M) 1.950ms
[2022-03-27T21:06:02.919+0800][2214.263s] GC(729) User=0.00s Sys=0.01s Real=0.00s
[2022-03-27T21:06:03.218+0800][2214.562s] GC(730) Pause Young (Allocation Failure)
[2022-03-27T21:06:03.218+0800][2214.562s] GC(730) Using 4 workers of 4 for evacuation
[2022-03-27T21:06:03.220+0800][2214.564s] GC(730) ParNew: 94675K->8224K(109248K)
[2022-03-27T21:06:03.220+0800][2214.564s] GC(730) CMS: 98726K->99097K(393216K)
[2022-03-27T21:06:03.220+0800][2214.564s] GC(730) Metaspace: 49749K->49749K(1095680K)
[2022-03-27T21:06:03.220+0800][2214.564s] GC(730) Pause Young (Allocation Failure) 188M->104M(490M) 2.154ms
[2022-03-27T21:06:03.220+0800][2214.564s] GC(730) User=0.00s Sys=0.00s Real=0.01s
[2022-03-27T21:06:03.533+0800][2214.877s] GC(731) Pause Young (Allocation Failure)
[2022-03-27T21:06:03.534+0800][2214.877s] GC(731) Using 4 workers of 4 for evacuation
[2022-03-27T21:06:03.536+0800][2214.880s] GC(731) ParNew: 95648K->7700K(109248K)
[2022-03-27T21:06:03.536+0800][2214.880s] GC(731) CMS: 99097K->99653K(393216K)
[2022-03-27T21:06:03.536+0800][2214.880s] GC(731) Metaspace: 49749K->49749K(1095680K)
[2022-03-27T21:06:03.536+0800][2214.880s] GC(731) Pause Young (Allocation Failure) 190M->104M(490M) 2.595ms
[2022-03-27T21:06:03.536+0800][2214.880s] GC(731) User=0.01s Sys=0.00s Real=0.00s
[2022-03-27T21:06:03.847+0800][2215.191s] GC(732) Pause Young (Allocation Failure)
[2022-03-27T21:06:03.847+0800][2215.191s] GC(732) Using 4 workers of 4 for evacuation
[2022-03-27T21:06:03.850+0800][2215.194s] GC(732) ParNew: 95124K->6854K(109248K)
[2022-03-27T21:06:03.850+0800][2215.194s] GC(732) CMS: 99653K->100174K(393216K)
[2022-03-27T21:06:03.850+0800][2215.194s] GC(732) Metaspace: 49749K->49749K(1095680K)
[2022-03-27T21:06:03.850+0800][2215.194s] GC(732) Pause Young (Allocation Failure) 190M->104M(490M) 3.364ms
[2022-03-27T21:06:03.850+0800][2215.194s] GC(732) User=0.01s Sys=0.00s Real=0.01s
[2022-03-27T21:06:04.168+0800][2215.512s] GC(733) Pause Young (Allocation Failure)
[2022-03-27T21:06:04.168+0800][2215.512s] GC(733) Using 4 workers of 4 for evacuation
[2022-03-27T21:06:04.171+0800][2215.515s] GC(733) ParNew: 94278K->7518K(109248K)
[2022-03-27T21:06:04.171+0800][2215.515s] GC(733) CMS: 100174K->100484K(393216K)
[2022-03-27T21:06:04.171+0800][2215.515s] GC(733) Metaspace: 49749K->49749K(1095680K)
[2022-03-27T21:06:04.171+0800][2215.515s] GC(733) Pause Young (Allocation Failure) 189M->105M(490M) 2.645ms
[2022-03-27T21:06:04.171+0800][2215.515s] GC(733) User=0.01s Sys=0.00s Real=0.01s
[2022-03-27T21:06:04.532+0800][2215.875s] GC(734) Pause Young (Allocation Failure)
[2022-03-27T21:06:04.532+0800][2215.876s] GC(734) Using 4 workers of 4 for evacuation
[2022-03-27T21:06:04.535+0800][2215.879s] GC(734) ParNew: 94942K->6992K(109248K)
[2022-03-27T21:06:04.535+0800][2215.879s] GC(734) CMS: 100484K->100798K(393216K)
[2022-03-27T21:06:04.535+0800][2215.879s] GC(734) Metaspace: 49749K->49749K(1095680K)
[2022-03-27T21:06:04.535+0800][2215.879s] GC(734) Pause Young (Allocation Failure) 190M->105M(490M) 3.227ms
[2022-03-27T21:06:04.535+0800][2215.879s] GC(734) User=0.01s Sys=0.00s Real=0.00s
[2022-03-27T21:06:04.851+0800][2216.195s] GC(735) Pause Young (Allocation Failure)
[2022-03-27T21:06:04.852+0800][2216.195s] GC(735) Using 4 workers of 4 for evacuation
[2022-03-27T21:06:04.854+0800][2216.198s] GC(735) ParNew: 94416K->7519K(109248K)
[2022-03-27T21:06:04.854+0800][2216.198s] GC(735) CMS: 100798K->101146K(393216K)
[2022-03-27T21:06:04.854+0800][2216.198s] GC(735) Metaspace: 49749K->49749K(1095680K)
[2022-03-27T21:06:04.854+0800][2216.198s] GC(735) Pause Young (Allocation Failure) 190M->106M(490M) 2.257ms
[2022-03-27T21:06:04.854+0800][2216.198s] GC(735) User=0.01s Sys=0.00s Real=0.00s
[2022-03-27T21:06:05.195+0800][2216.539s] GC(736) Pause Young (Allocation Failure)
[2022-03-27T21:06:05.196+0800][2216.539s] GC(736) Using 4 workers of 4 for evacuation
[2022-03-27T21:06:05.199+0800][2216.543s] GC(736) ParNew: 94943K->7898K(109248K)
[2022-03-27T21:06:05.199+0800][2216.543s] GC(736) CMS: 101146K->101563K(393216K)
[2022-03-27T21:06:05.199+0800][2216.543s] GC(736) Metaspace: 49749K->49749K(1095680K)
[2022-03-27T21:06:05.199+0800][2216.543s] GC(736) Pause Young (Allocation Failure) 191M->106M(490M) 3.829ms
[2022-03-27T21:06:05.199+0800][2216.543s] GC(736) User=0.01s Sys=0.00s Real=0.00s
[2022-03-27T21:06:05.481+0800][2216.824s] GC(737) Pause Young (Allocation Failure)
[2022-03-27T21:06:05.481+0800][2216.825s] GC(737) Using 4 workers of 4 for evacuation
[2022-03-27T21:06:05.483+0800][2216.827s] GC(737) ParNew: 95322K->9362K(109248K)
[2022-03-27T21:06:05.483+0800][2216.827s] GC(737) CMS: 101563K->101885K(393216K)
[2022-03-27T21:06:05.483+0800][2216.827s] GC(737) Metaspace: 49749K->49749K(1095680K)
[2022-03-27T21:06:05.483+0800][2216.827s] GC(737) Pause Young (Allocation Failure) 192M->108M(490M) 2.156ms
[2022-03-27T21:06:05.483+0800][2216.827s] GC(737) User=0.00s Sys=0.00s Real=0.00s
[2022-03-27T21:06:05.794+0800][2217.138s] GC(738) Pause Young (Allocation Failure)
[2022-03-27T21:06:05.794+0800][2217.138s] GC(738) Using 4 workers of 4 for evacuation
[2022-03-27T21:06:05.797+0800][2217.141s] GC(738) ParNew: 96786K->8324K(109248K)
[2022-03-27T21:06:05.797+0800][2217.141s] GC(738) CMS: 101885K->102103K(393216K)
[2022-03-27T21:06:05.797+0800][2217.141s] GC(738) Metaspace: 49749K->49749K(1095680K)
[2022-03-27T21:06:05.797+0800][2217.141s] GC(738) Pause Young (Allocation Failure) 194M->107M(490M) 3.525ms
[2022-03-27T21:06:05.797+0800][2217.141s] GC(738) User=0.01s Sys=0.00s Real=0.00s
[2022-03-27T21:06:06.094+0800][2217.438s] GC(739) Pause Young (Allocation Failure)
[2022-03-27T21:06:06.094+0800][2217.438s] GC(739) Using 4 workers of 4 for evacuation
[2022-03-27T21:06:06.096+0800][2217.440s] GC(739) ParNew: 95748K->9870K(109248K)
[2022-03-27T21:06:06.096+0800][2217.440s] GC(739) CMS: 102103K->102463K(393216K)
[2022-03-27T21:06:06.096+0800][2217.440s] GC(739) Metaspace: 49749K->49749K(1095680K)
[2022-03-27T21:06:06.096+0800][2217.440s] GC(739) Pause Young (Allocation Failure) 193M->109M(490M) 2.578ms
[2022-03-27T21:06:06.096+0800][2217.440s] GC(739) User=0.01s Sys=0.00s Real=0.00s
[2022-03-27T21:06:06.434+0800][2217.778s] GC(740) Pause Young (Allocation Failure)
[2022-03-27T21:06:06.434+0800][2217.778s] GC(740) Using 4 workers of 4 for evacuation
[2022-03-27T21:06:06.436+0800][2217.780s] GC(740) ParNew: 97294K->8945K(109248K)
[2022-03-27T21:06:06.436+0800][2217.780s] GC(740) CMS: 102463K->102781K(393216K)
[2022-03-27T21:06:06.436+0800][2217.780s] GC(740) Metaspace: 49749K->49749K(1095680K)
[2022-03-27T21:06:06.436+0800][2217.780s] GC(740) Pause Young (Allocation Failure) 195M->109M(490M) 2.012ms
[2022-03-27T21:06:06.436+0800][2217.780s] GC(740) User=0.00s Sys=0.00s Real=0.00s
[2022-03-27T21:06:06.728+0800][2218.072s] GC(741) Pause Young (Allocation Failure)
[2022-03-27T21:06:06.728+0800][2218.072s] GC(741) Using 4 workers of 4 for evacuation
[2022-03-27T21:06:06.730+0800][2218.074s] GC(741) ParNew: 96369K->9727K(109248K)
[2022-03-27T21:06:06.730+0800][2218.074s] GC(741) CMS: 102781K->103104K(393216K)
[2022-03-27T21:06:06.730+0800][2218.074s] GC(741) Metaspace: 49749K->49749K(1095680K)
[2022-03-27T21:06:06.730+0800][2218.074s] GC(741) Pause Young (Allocation Failure) 194M->110M(490M) 2.115ms
[2022-03-27T21:06:06.730+0800][2218.074s] GC(741) User=0.01s Sys=0.00s Real=0.01s
[2022-03-27T21:06:07.040+0800][2218.383s] GC(742) Pause Young (Allocation Failure)
[2022-03-27T21:06:07.040+0800][2218.384s] GC(742) Using 4 workers of 4 for evacuation
[2022-03-27T21:06:07.042+0800][2218.386s] GC(742) ParNew: 97151K->8536K(109248K)
[2022-03-27T21:06:07.042+0800][2218.386s] GC(742) CMS: 103104K->103470K(393216K)
[2022-03-27T21:06:07.042+0800][2218.386s] GC(742) Metaspace: 49749K->49749K(1095680K)
[2022-03-27T21:06:07.042+0800][2218.386s] GC(742) Pause Young (Allocation Failure) 195M->109M(490M) 2.305ms
[2022-03-27T21:06:07.042+0800][2218.386s] GC(742) User=0.01s Sys=0.00s Real=0.00s
[2022-03-27T21:06:07.319+0800][2218.663s] GC(743) Pause Young (Allocation Failure)
[2022-03-27T21:06:07.319+0800][2218.663s] GC(743) Using 4 workers of 4 for evacuation
[2022-03-27T21:06:07.322+0800][2218.666s] GC(743) ParNew: 95960K->10206K(109248K)
[2022-03-27T21:06:07.322+0800][2218.666s] GC(743) CMS: 103470K->103884K(393216K)
[2022-03-27T21:06:07.322+0800][2218.666s] GC(743) Metaspace: 49749K->49749K(1095680K)
[2022-03-27T21:06:07.322+0800][2218.666s] GC(743) Pause Young (Allocation Failure) 194M->111M(490M) 3.562ms
[2022-03-27T21:06:07.322+0800][2218.666s] GC(743) User=0.01s Sys=0.00s Real=0.01s
[2022-03-27T21:06:07.577+0800][2218.921s] GC(744) Pause Young (Allocation Failure)
[2022-03-27T21:06:07.577+0800][2218.921s] GC(744) Using 4 workers of 4 for evacuation
[2022-03-27T21:06:07.581+0800][2218.924s] GC(744) ParNew: 97630K->7404K(109248K)
[2022-03-27T21:06:07.581+0800][2218.924s] GC(744) CMS: 103884K->105296K(393216K)
[2022-03-27T21:06:07.581+0800][2218.924s] GC(744) Metaspace: 49749K->49749K(1095680K)
[2022-03-27T21:06:07.581+0800][2218.925s] GC(744) Pause Young (Allocation Failure) 196M->110M(490M) 3.884ms
[2022-03-27T21:06:07.581+0800][2218.925s] GC(744) User=0.01s Sys=0.00s Real=0.01s
[2022-03-27T21:06:07.707+0800][2219.051s] GC(745) Pause Young (Allocation Failure)
[2022-03-27T21:06:07.707+0800][2219.051s] GC(745) Using 4 workers of 4 for evacuation
[2022-03-27T21:06:07.713+0800][2219.057s] GC(745) ParNew: 94828K->11848K(109248K)
[2022-03-27T21:06:07.714+0800][2219.057s] GC(745) CMS: 105296K->105644K(393216K)
[2022-03-27T21:06:07.714+0800][2219.057s] GC(745) Metaspace: 49753K->49753K(1095680K)
[2022-03-27T21:06:07.714+0800][2219.057s] GC(745) Pause Young (Allocation Failure) 195M->114M(490M) 6.987ms
[2022-03-27T21:06:07.714+0800][2219.058s] GC(745) User=0.03s Sys=0.00s Real=0.01s
[2022-03-27T21:06:07.842+0800][2219.186s] GC(746) Pause Young (Allocation Failure)
[2022-03-27T21:06:07.842+0800][2219.186s] GC(746) Using 4 workers of 4 for evacuation
[2022-03-27T21:06:07.845+0800][2219.189s] GC(746) ParNew: 99272K->12313K(109248K)
[2022-03-27T21:06:07.845+0800][2219.189s] GC(746) CMS: 105644K->106120K(393216K)
[2022-03-27T21:06:07.845+0800][2219.189s] GC(746) Metaspace: 49753K->49753K(1095680K)
[2022-03-27T21:06:07.845+0800][2219.189s] GC(746) Pause Young (Allocation Failure) 200M->115M(490M) 2.774ms
[2022-03-27T21:06:07.845+0800][2219.189s] GC(746) User=0.01s Sys=0.01s Real=0.00s
[2022-03-27T21:06:11.664+0800][2223.008s] GC(747) Pause Young (Allocation Failure)
[2022-03-27T21:06:11.676+0800][2223.020s] GC(747) Using 4 workers of 4 for evacuation
[2022-03-27T21:06:11.681+0800][2223.025s] GC(747) ParNew: 99737K->10909K(109248K)
[2022-03-27T21:06:11.681+0800][2223.025s] GC(747) CMS: 106120K->106554K(393216K)
[2022-03-27T21:06:11.681+0800][2223.025s] GC(747) Metaspace: 49753K->49753K(1095680K)
[2022-03-27T21:06:11.681+0800][2223.025s] GC(747) Pause Young (Allocation Failure) 201M->114M(490M) 16.690ms
[2022-03-27T21:06:11.681+0800][2223.025s] GC(747) User=0.02s Sys=0.00s Real=0.02s
[2022-03-27T21:06:12.529+0800][2223.873s] GC(748) Pause Young (Allocation Failure)
[2022-03-27T21:06:12.529+0800][2223.873s] GC(748) Using 4 workers of 4 for evacuation
[2022-03-27T21:06:12.532+0800][2223.876s] GC(748) ParNew: 98333K->11077K(109248K)
[2022-03-27T21:06:12.532+0800][2223.876s] GC(748) CMS: 106554K->106971K(393216K)
[2022-03-27T21:06:12.532+0800][2223.876s] GC(748) Metaspace: 49765K->49765K(1095680K)
[2022-03-27T21:06:12.532+0800][2223.876s] GC(748) Pause Young (Allocation Failure) 200M->115M(490M) 2.392ms
[2022-03-27T21:06:12.532+0800][2223.876s] GC(748) User=0.01s Sys=0.00s Real=0.01s
[2022-03-27T21:06:12.842+0800][2224.186s] GC(749) Pause Young (Allocation Failure)
[2022-03-27T21:06:12.842+0800][2224.186s] GC(749) Using 4 workers of 4 for evacuation
[2022-03-27T21:06:12.844+0800][2224.188s] GC(749) ParNew: 98501K->11286K(109248K)
[2022-03-27T21:06:12.844+0800][2224.188s] GC(749) CMS: 106971K->107674K(393216K)
[2022-03-27T21:06:12.844+0800][2224.188s] GC(749) Metaspace: 49765K->49765K(1095680K)
[2022-03-27T21:06:12.844+0800][2224.188s] GC(749) Pause Young (Allocation Failure) 200M->116M(490M) 2.632ms
[2022-03-27T21:06:12.844+0800][2224.188s] GC(749) User=0.01s Sys=0.00s Real=0.00s
[2022-03-27T21:06:13.131+0800][2224.475s] GC(750) Pause Young (Allocation Failure)
[2022-03-27T21:06:13.131+0800][2224.475s] GC(750) Using 4 workers of 4 for evacuation
[2022-03-27T21:06:13.134+0800][2224.477s] GC(750) ParNew: 98710K->8787K(109248K)
[2022-03-27T21:06:13.134+0800][2224.477s] GC(750) CMS: 107674K->110541K(393216K)
[2022-03-27T21:06:13.134+0800][2224.477s] GC(750) Metaspace: 49765K->49765K(1095680K)
[2022-03-27T21:06:13.134+0800][2224.478s] GC(750) Pause Young (Allocation Failure) 201M->116M(490M) 2.303ms
[2022-03-27T21:06:13.134+0800][2224.478s] GC(750) User=0.01s Sys=0.00s Real=0.00s
[2022-03-27T21:06:13.427+0800][2224.771s] GC(751) Pause Young (Allocation Failure)
[2022-03-27T21:06:13.427+0800][2224.771s] GC(751) Using 4 workers of 4 for evacuation
[2022-03-27T21:06:13.429+0800][2224.773s] GC(751) ParNew: 96211K->8483K(109248K)
[2022-03-27T21:06:13.429+0800][2224.773s] GC(751) CMS: 110541K->110859K(393216K)
[2022-03-27T21:06:13.429+0800][2224.773s] GC(751) Metaspace: 49765K->49765K(1095680K)
[2022-03-27T21:06:13.429+0800][2224.773s] GC(751) Pause Young (Allocation Failure) 201M->116M(490M) 2.227ms
[2022-03-27T21:06:13.429+0800][2224.773s] GC(751) User=0.01s Sys=0.01s Real=0.00s
[2022-03-27T21:06:13.741+0800][2225.085s] GC(752) Pause Young (Allocation Failure)
[2022-03-27T21:06:13.741+0800][2225.085s] GC(752) Using 4 workers of 4 for evacuation
[2022-03-27T21:06:13.743+0800][2225.087s] GC(752) ParNew: 95907K->8699K(109248K)
[2022-03-27T21:06:13.743+0800][2225.087s] GC(752) CMS: 110859K->111233K(393216K)
[2022-03-27T21:06:13.743+0800][2225.087s] GC(752) Metaspace: 49765K->49765K(1095680K)
[2022-03-27T21:06:13.743+0800][2225.087s] GC(752) Pause Young (Allocation Failure) 201M->117M(490M) 2.357ms
[2022-03-27T21:06:13.743+0800][2225.087s] GC(752) User=0.00s Sys=0.00s Real=0.00s
[2022-03-27T21:06:14.061+0800][2225.404s] GC(753) Pause Young (Allocation Failure)
[2022-03-27T21:06:14.061+0800][2225.404s] GC(753) Using 4 workers of 4 for evacuation
[2022-03-27T21:06:14.063+0800][2225.407s] GC(753) ParNew: 96123K->9877K(109248K)
[2022-03-27T21:06:14.063+0800][2225.407s] GC(753) CMS: 111233K->111347K(393216K)
[2022-03-27T21:06:14.063+0800][2225.407s] GC(753) Metaspace: 49765K->49765K(1095680K)
[2022-03-27T21:06:14.063+0800][2225.407s] GC(753) Pause Young (Allocation Failure) 202M->118M(490M) 2.193ms
[2022-03-27T21:06:14.063+0800][2225.407s] GC(753) User=0.00s Sys=0.00s Real=0.00s
[2022-03-27T21:06:14.375+0800][2225.719s] GC(754) Pause Young (Allocation Failure)
[2022-03-27T21:06:14.376+0800][2225.719s] GC(754) Using 4 workers of 4 for evacuation
[2022-03-27T21:06:14.378+0800][2225.722s] GC(754) ParNew: 97301K->8731K(109248K)
[2022-03-27T21:06:14.378+0800][2225.722s] GC(754) CMS: 111347K->111356K(393216K)
[2022-03-27T21:06:14.378+0800][2225.722s] GC(754) Metaspace: 49765K->49765K(1095680K)
[2022-03-27T21:06:14.378+0800][2225.722s] GC(754) Pause Young (Allocation Failure) 203M->117M(490M) 2.902ms
[2022-03-27T21:06:14.378+0800][2225.722s] GC(754) User=0.01s Sys=0.00s Real=0.00s
[2022-03-27T21:06:14.642+0800][2225.986s] GC(755) Pause Young (Allocation Failure)
[2022-03-27T21:06:14.642+0800][2225.986s] GC(755) Using 4 workers of 4 for evacuation
[2022-03-27T21:06:14.644+0800][2225.988s] GC(755) ParNew: 96155K->12130K(109248K)
[2022-03-27T21:06:14.644+0800][2225.988s] GC(755) CMS: 111356K->111375K(393216K)
[2022-03-27T21:06:14.644+0800][2225.988s] GC(755) Metaspace: 49765K->49765K(1095680K)
[2022-03-27T21:06:14.644+0800][2225.988s] GC(755) Pause Young (Allocation Failure) 202M->120M(490M) 2.298ms
[2022-03-27T21:06:14.644+0800][2225.988s] GC(755) User=0.00s Sys=0.00s Real=0.00s
[2022-03-27T21:06:14.981+0800][2226.325s] GC(756) Pause Young (Allocation Failure)
[2022-03-27T21:06:14.981+0800][2226.325s] GC(756) Using 4 workers of 4 for evacuation
[2022-03-27T21:06:14.983+0800][2226.327s] GC(756) ParNew: 99554K->8704K(109248K)
[2022-03-27T21:06:14.983+0800][2226.327s] GC(756) CMS: 111375K->114608K(393216K)
[2022-03-27T21:06:14.983+0800][2226.327s] GC(756) Metaspace: 49765K->49765K(1095680K)
[2022-03-27T21:06:14.983+0800][2226.327s] GC(756) Pause Young (Allocation Failure) 205M->120M(490M) 2.514ms
[2022-03-27T21:06:14.983+0800][2226.327s] GC(756) User=0.01s Sys=0.00s Real=0.00s
[2022-03-27T21:06:15.286+0800][2226.630s] GC(757) Pause Young (Allocation Failure)
[2022-03-27T21:06:15.286+0800][2226.630s] GC(757) Using 4 workers of 4 for evacuation
[2022-03-27T21:06:15.288+0800][2226.632s] GC(757) ParNew: 96128K->6033K(109248K)
[2022-03-27T21:06:15.288+0800][2226.632s] GC(757) CMS: 114608K->115462K(393216K)
[2022-03-27T21:06:15.288+0800][2226.632s] GC(757) Metaspace: 49765K->49765K(1095680K)
[2022-03-27T21:06:15.288+0800][2226.632s] GC(757) Pause Young (Allocation Failure) 205M->118M(490M) 1.896ms
[2022-03-27T21:06:15.288+0800][2226.632s] GC(757) User=0.00s Sys=0.00s Real=0.00s
[2022-03-27T21:06:15.618+0800][2226.962s] GC(758) Pause Young (Allocation Failure)
[2022-03-27T21:06:15.618+0800][2226.962s] GC(758) Using 4 workers of 4 for evacuation
[2022-03-27T21:06:15.620+0800][2226.964s] GC(758) ParNew: 93457K->5936K(109248K)
[2022-03-27T21:06:15.620+0800][2226.964s] GC(758) CMS: 115462K->115833K(393216K)
[2022-03-27T21:06:15.620+0800][2226.964s] GC(758) Metaspace: 49765K->49765K(1095680K)
[2022-03-27T21:06:15.620+0800][2226.964s] GC(758) Pause Young (Allocation Failure) 204M->118M(490M) 1.999ms
[2022-03-27T21:06:15.620+0800][2226.964s] GC(758) User=0.01s Sys=0.00s Real=0.01s
[2022-03-27T21:06:15.931+0800][2227.275s] GC(759) Pause Young (Allocation Failure)
[2022-03-27T21:06:15.931+0800][2227.275s] GC(759) Using 4 workers of 4 for evacuation
[2022-03-27T21:06:15.933+0800][2227.277s] GC(759) ParNew: 93360K->6883K(109248K)
[2022-03-27T21:06:15.933+0800][2227.277s] GC(759) CMS: 115833K->116179K(393216K)
[2022-03-27T21:06:15.933+0800][2227.277s] GC(759) Metaspace: 49765K->49765K(1095680K)
[2022-03-27T21:06:15.933+0800][2227.277s] GC(759) Pause Young (Allocation Failure) 204M->120M(490M) 2.131ms
[2022-03-27T21:06:15.933+0800][2227.277s] GC(759) User=0.00s Sys=0.00s Real=0.00s
[2022-03-27T21:06:16.265+0800][2227.609s] GC(760) Pause Young (Allocation Failure)
[2022-03-27T21:06:16.265+0800][2227.609s] GC(760) Using 4 workers of 4 for evacuation
[2022-03-27T21:06:16.267+0800][2227.611s] GC(760) ParNew: 94307K->6160K(109248K)
[2022-03-27T21:06:16.267+0800][2227.611s] GC(760) CMS: 116179K->116527K(393216K)
[2022-03-27T21:06:16.267+0800][2227.611s] GC(760) Metaspace: 49765K->49765K(1095680K)
[2022-03-27T21:06:16.267+0800][2227.611s] GC(760) Pause Young (Allocation Failure) 205M->119M(490M) 1.918ms
[2022-03-27T21:06:16.267+0800][2227.611s] GC(760) User=0.00s Sys=0.00s Real=0.00s
[2022-03-27T21:06:16.551+0800][2227.895s] GC(761) Pause Young (Allocation Failure)
[2022-03-27T21:06:16.551+0800][2227.895s] GC(761) Using 4 workers of 4 for evacuation
[2022-03-27T21:06:16.553+0800][2227.897s] GC(761) ParNew: 93584K->7319K(109248K)
[2022-03-27T21:06:16.553+0800][2227.897s] GC(761) CMS: 116527K->116875K(393216K)
[2022-03-27T21:06:16.553+0800][2227.897s] GC(761) Metaspace: 49765K->49765K(1095680K)
[2022-03-27T21:06:16.553+0800][2227.897s] GC(761) Pause Young (Allocation Failure) 205M->121M(490M) 1.935ms
[2022-03-27T21:06:16.553+0800][2227.897s] GC(761) User=0.01s Sys=0.00s Real=0.00s
[2022-03-27T21:06:16.909+0800][2228.253s] GC(762) Pause Young (Allocation Failure)
[2022-03-27T21:06:16.910+0800][2228.253s] GC(762) Using 4 workers of 4 for evacuation
[2022-03-27T21:06:16.912+0800][2228.256s] GC(762) ParNew: 94732K->7247K(109248K)
[2022-03-27T21:06:16.912+0800][2228.256s] GC(762) CMS: 116875K->117252K(393216K)
[2022-03-27T21:06:16.912+0800][2228.256s] GC(762) Metaspace: 49765K->49765K(1095680K)
[2022-03-27T21:06:16.912+0800][2228.256s] GC(762) Pause Young (Allocation Failure) 206M->121M(490M) 2.539ms
[2022-03-27T21:06:16.912+0800][2228.256s] GC(762) User=0.00s Sys=0.00s Real=0.01s
[2022-03-27T21:06:17.242+0800][2228.586s] GC(763) Pause Young (Allocation Failure)
[2022-03-27T21:06:17.242+0800][2228.586s] GC(763) Using 4 workers of 4 for evacuation
[2022-03-27T21:06:17.244+0800][2228.588s] GC(763) ParNew: 94671K->7440K(109248K)
[2022-03-27T21:06:17.244+0800][2228.588s] GC(763) CMS: 117252K->117491K(393216K)
[2022-03-27T21:06:17.244+0800][2228.588s] GC(763) Metaspace: 49765K->49765K(1095680K)
[2022-03-27T21:06:17.244+0800][2228.588s] GC(763) Pause Young (Allocation Failure) 206M->122M(490M) 2.084ms
[2022-03-27T21:06:17.244+0800][2228.588s] GC(763) User=0.00s Sys=0.00s Real=0.00s
[2022-03-27T21:06:17.526+0800][2228.870s] GC(764) Pause Young (Allocation Failure)
[2022-03-27T21:06:17.526+0800][2228.870s] GC(764) Using 4 workers of 4 for evacuation
[2022-03-27T21:06:17.528+0800][2228.872s] GC(764) ParNew: 94864K->7789K(109248K)
[2022-03-27T21:06:17.528+0800][2228.872s] GC(764) CMS: 117491K->117770K(393216K)
[2022-03-27T21:06:17.528+0800][2228.872s] GC(764) Metaspace: 49765K->49765K(1095680K)
[2022-03-27T21:06:17.528+0800][2228.872s] GC(764) Pause Young (Allocation Failure) 207M->122M(490M) 1.882ms
[2022-03-27T21:06:17.528+0800][2228.872s] GC(764) User=0.00s Sys=0.00s Real=0.00s
[2022-03-27T21:06:17.859+0800][2229.203s] GC(765) Pause Young (Allocation Failure)
[2022-03-27T21:06:17.859+0800][2229.203s] GC(765) Using 4 workers of 4 for evacuation
[2022-03-27T21:06:17.861+0800][2229.205s] GC(765) ParNew: 95213K->8671K(109248K)
[2022-03-27T21:06:17.861+0800][2229.205s] GC(765) CMS: 117770K->118081K(393216K)
[2022-03-27T21:06:17.861+0800][2229.205s] GC(765) Metaspace: 49765K->49765K(1095680K)
[2022-03-27T21:06:17.861+0800][2229.205s] GC(765) Pause Young (Allocation Failure) 207M->123M(490M) 2.210ms
[2022-03-27T21:06:17.861+0800][2229.205s] GC(765) User=0.01s Sys=0.00s Real=0.01s
[2022-03-27T21:06:18.492+0800][2229.836s] GC(766) Pause Young (Allocation Failure)
[2022-03-27T21:06:18.492+0800][2229.836s] GC(766) Using 4 workers of 4 for evacuation
[2022-03-27T21:06:18.494+0800][2229.838s] GC(766) ParNew: 96092K->7346K(109248K)
[2022-03-27T21:06:18.494+0800][2229.838s] GC(766) CMS: 118081K->118956K(393216K)
[2022-03-27T21:06:18.494+0800][2229.838s] GC(766) Metaspace: 49765K->49765K(1095680K)
[2022-03-27T21:06:18.494+0800][2229.838s] GC(766) Pause Young (Allocation Failure) 209M->123M(490M) 2.086ms
[2022-03-27T21:06:18.494+0800][2229.838s] GC(766) User=0.00s Sys=0.00s Real=0.00s
[2022-03-27T21:06:18.766+0800][2230.110s] GC(767) Pause Young (Allocation Failure)
[2022-03-27T21:06:18.766+0800][2230.110s] GC(767) Using 4 workers of 4 for evacuation
[2022-03-27T21:06:18.768+0800][2230.112s] GC(767) ParNew: 94770K->7893K(109248K)
[2022-03-27T21:06:18.768+0800][2230.112s] GC(767) CMS: 118956K->119423K(393216K)
[2022-03-27T21:06:18.768+0800][2230.112s] GC(767) Metaspace: 49765K->49765K(1095680K)
[2022-03-27T21:06:18.768+0800][2230.112s] GC(767) Pause Young (Allocation Failure) 208M->124M(490M) 2.038ms
[2022-03-27T21:06:18.768+0800][2230.112s] GC(767) User=0.00s Sys=0.00s Real=0.00s
[2022-03-27T21:06:19.066+0800][2230.410s] GC(768) Pause Young (Allocation Failure)
[2022-03-27T21:06:19.066+0800][2230.410s] GC(768) Using 4 workers of 4 for evacuation
[2022-03-27T21:06:19.068+0800][2230.412s] GC(768) ParNew: 95317K->8579K(109248K)
[2022-03-27T21:06:19.068+0800][2230.412s] GC(768) CMS: 119423K->119738K(393216K)
[2022-03-27T21:06:19.068+0800][2230.412s] GC(768) Metaspace: 49765K->49765K(1095680K)
[2022-03-27T21:06:19.068+0800][2230.412s] GC(768) Pause Young (Allocation Failure) 209M->125M(490M) 2.427ms
[2022-03-27T21:06:19.068+0800][2230.412s] GC(768) User=0.00s Sys=0.00s Real=0.00s
[2022-03-27T21:06:19.344+0800][2230.688s] GC(769) Pause Young (Allocation Failure)
[2022-03-27T21:06:19.344+0800][2230.688s] GC(769) Using 4 workers of 4 for evacuation
[2022-03-27T21:06:19.346+0800][2230.690s] GC(769) ParNew: 96003K->7302K(109248K)
[2022-03-27T21:06:19.346+0800][2230.690s] GC(769) CMS: 119738K->120046K(393216K)
[2022-03-27T21:06:19.346+0800][2230.690s] GC(769) Metaspace: 49765K->49765K(1095680K)
[2022-03-27T21:06:19.346+0800][2230.690s] GC(769) Pause Young (Allocation Failure) 210M->124M(490M) 2.072ms
[2022-03-27T21:06:19.346+0800][2230.690s] GC(769) User=0.00s Sys=0.00s Real=0.00s
[2022-03-27T21:06:19.689+0800][2231.033s] GC(770) Pause Young (Allocation Failure)
[2022-03-27T21:06:19.689+0800][2231.033s] GC(770) Using 4 workers of 4 for evacuation
[2022-03-27T21:06:19.691+0800][2231.035s] GC(770) ParNew: 94726K->8351K(109248K)
[2022-03-27T21:06:19.691+0800][2231.035s] GC(770) CMS: 120046K->120585K(393216K)
[2022-03-27T21:06:19.691+0800][2231.035s] GC(770) Metaspace: 49765K->49765K(1095680K)
[2022-03-27T21:06:19.691+0800][2231.035s] GC(770) Pause Young (Allocation Failure) 209M->125M(490M) 2.045ms
[2022-03-27T21:06:19.691+0800][2231.035s] GC(770) User=0.00s Sys=0.00s Real=0.01s
[2022-03-27T21:06:20.006+0800][2231.350s] GC(771) Pause Young (Allocation Failure)
[2022-03-27T21:06:20.006+0800][2231.350s] GC(771) Using 4 workers of 4 for evacuation
[2022-03-27T21:06:20.008+0800][2231.352s] GC(771) ParNew: 95775K->7699K(109248K)
[2022-03-27T21:06:20.008+0800][2231.352s] GC(771) CMS: 120585K->121124K(393216K)
[2022-03-27T21:06:20.008+0800][2231.352s] GC(771) Metaspace: 49765K->49765K(1095680K)
[2022-03-27T21:06:20.008+0800][2231.352s] GC(771) Pause Young (Allocation Failure) 211M->125M(490M) 2.345ms
[2022-03-27T21:06:20.008+0800][2231.352s] GC(771) User=0.00s Sys=0.00s Real=0.00s
[2022-03-27T21:06:20.299+0800][2231.643s] GC(772) Pause Young (Allocation Failure)
[2022-03-27T21:06:20.299+0800][2231.643s] GC(772) Using 4 workers of 4 for evacuation
[2022-03-27T21:06:20.301+0800][2231.645s] GC(772) ParNew: 95123K->7024K(109248K)
[2022-03-27T21:06:20.301+0800][2231.645s] GC(772) CMS: 121124K->121471K(393216K)
[2022-03-27T21:06:20.301+0800][2231.645s] GC(772) Metaspace: 49765K->49765K(1095680K)
[2022-03-27T21:06:20.301+0800][2231.645s] GC(772) Pause Young (Allocation Failure) 211M->125M(490M) 2.012ms
[2022-03-27T21:06:20.301+0800][2231.645s] GC(772) User=0.01s Sys=0.00s Real=0.01s
[2022-03-27T21:06:20.596+0800][2231.940s] GC(773) Pause Young (Allocation Failure)
[2022-03-27T21:06:20.596+0800][2231.940s] GC(773) Using 4 workers of 4 for evacuation
[2022-03-27T21:06:20.598+0800][2231.942s] GC(773) ParNew: 94448K->8600K(109248K)
[2022-03-27T21:06:20.598+0800][2231.942s] GC(773) CMS: 121471K->121817K(393216K)
[2022-03-27T21:06:20.598+0800][2231.942s] GC(773) Metaspace: 49765K->49765K(1095680K)
[2022-03-27T21:06:20.598+0800][2231.942s] GC(773) Pause Young (Allocation Failure) 210M->127M(490M) 2.369ms
[2022-03-27T21:06:20.598+0800][2231.942s] GC(773) User=0.01s Sys=0.00s Real=0.00s
[2022-03-27T21:06:20.895+0800][2232.239s] GC(774) Pause Young (Allocation Failure)
[2022-03-27T21:06:20.895+0800][2232.239s] GC(774) Using 4 workers of 4 for evacuation
[2022-03-27T21:06:20.897+0800][2232.241s] GC(774) ParNew: 96024K->10544K(109248K)
[2022-03-27T21:06:20.897+0800][2232.241s] GC(774) CMS: 121817K->122381K(393216K)
[2022-03-27T21:06:20.897+0800][2232.241s] GC(774) Metaspace: 49765K->49765K(1095680K)
[2022-03-27T21:06:20.897+0800][2232.241s] GC(774) Pause Young (Allocation Failure) 212M->129M(490M) 2.134ms
[2022-03-27T21:06:20.897+0800][2232.241s] GC(774) User=0.01s Sys=0.00s Real=0.00s
[2022-03-27T21:06:21.239+0800][2232.582s] GC(775) Pause Young (Allocation Failure)
[2022-03-27T21:06:21.239+0800][2232.582s] GC(775) Using 4 workers of 4 for evacuation
[2022-03-27T21:06:21.241+0800][2232.584s] GC(775) ParNew: 97968K->8913K(109248K)
[2022-03-27T21:06:21.241+0800][2232.584s] GC(775) CMS: 122381K->122765K(393216K)
[2022-03-27T21:06:21.241+0800][2232.584s] GC(775) Metaspace: 49765K->49765K(1095680K)
[2022-03-27T21:06:21.241+0800][2232.585s] GC(775) Pause Young (Allocation Failure) 215M->128M(490M) 2.127ms
[2022-03-27T21:06:21.241+0800][2232.585s] GC(775) User=0.01s Sys=0.00s Real=0.01s
[2022-03-27T21:06:21.516+0800][2232.860s] GC(776) Pause Young (Allocation Failure)
[2022-03-27T21:06:21.516+0800][2232.860s] GC(776) Using 4 workers of 4 for evacuation
[2022-03-27T21:06:21.519+0800][2232.862s] GC(776) ParNew: 96337K->8549K(109248K)
[2022-03-27T21:06:21.519+0800][2232.863s] GC(776) CMS: 122765K->123065K(393216K)
[2022-03-27T21:06:21.519+0800][2232.863s] GC(776) Metaspace: 49765K->49765K(1095680K)
[2022-03-27T21:06:21.519+0800][2232.863s] GC(776) Pause Young (Allocation Failure) 213M->128M(490M) 2.984ms
[2022-03-27T21:06:21.519+0800][2232.863s] GC(776) User=0.01s Sys=0.00s Real=0.00s
[2022-03-27T21:06:21.858+0800][2233.201s] GC(777) Pause Young (Allocation Failure)
[2022-03-27T21:06:21.858+0800][2233.201s] GC(777) Using 4 workers of 4 for evacuation
[2022-03-27T21:06:21.861+0800][2233.204s] GC(777) ParNew: 95973K->8461K(109248K)
[2022-03-27T21:06:21.861+0800][2233.204s] GC(777) CMS: 123065K->123286K(393216K)
[2022-03-27T21:06:21.861+0800][2233.204s] GC(777) Metaspace: 49765K->49765K(1095680K)
[2022-03-27T21:06:21.861+0800][2233.204s] GC(777) Pause Young (Allocation Failure) 213M->128M(490M) 3.127ms
[2022-03-27T21:06:21.861+0800][2233.205s] GC(777) User=0.01s Sys=0.00s Real=0.01s
[2022-03-27T21:06:22.172+0800][2233.516s] GC(778) Pause Young (Allocation Failure)
[2022-03-27T21:06:22.172+0800][2233.516s] GC(778) Using 4 workers of 4 for evacuation
[2022-03-27T21:06:22.174+0800][2233.518s] GC(778) ParNew: 95885K->9443K(109248K)
[2022-03-27T21:06:22.174+0800][2233.518s] GC(778) CMS: 123286K->123760K(393216K)
[2022-03-27T21:06:22.174+0800][2233.518s] GC(778) Metaspace: 49765K->49765K(1095680K)
[2022-03-27T21:06:22.174+0800][2233.518s] GC(778) Pause Young (Allocation Failure) 214M->130M(490M) 2.088ms
[2022-03-27T21:06:22.174+0800][2233.518s] GC(778) User=0.01s Sys=0.00s Real=0.00s
[2022-03-27T21:06:22.486+0800][2233.830s] GC(779) Pause Young (Allocation Failure)
[2022-03-27T21:06:22.486+0800][2233.830s] GC(779) Using 4 workers of 4 for evacuation
[2022-03-27T21:06:22.488+0800][2233.832s] GC(779) ParNew: 96867K->9231K(109248K)
[2022-03-27T21:06:22.488+0800][2233.832s] GC(779) CMS: 123760K->124113K(393216K)
[2022-03-27T21:06:22.488+0800][2233.832s] GC(779) Metaspace: 49765K->49765K(1095680K)
[2022-03-27T21:06:22.488+0800][2233.832s] GC(779) Pause Young (Allocation Failure) 215M->130M(490M) 2.353ms
[2022-03-27T21:06:22.488+0800][2233.832s] GC(779) User=0.00s Sys=0.00s Real=0.00s
[2022-03-27T21:06:22.628+0800][2233.972s] GC(780) Pause Young (Allocation Failure)
[2022-03-27T21:06:22.628+0800][2233.972s] GC(780) Using 4 workers of 4 for evacuation
[2022-03-27T21:06:22.630+0800][2233.974s] GC(780) ParNew: 96655K->10555K(109248K)
[2022-03-27T21:06:22.631+0800][2233.974s] GC(780) CMS: 124113K->124426K(393216K)
[2022-03-27T21:06:22.631+0800][2233.974s] GC(780) Metaspace: 49765K->49765K(1095680K)
[2022-03-27T21:06:22.631+0800][2233.974s] GC(780) Pause Young (Allocation Failure) 215M->131M(490M) 2.610ms
[2022-03-27T21:06:22.631+0800][2233.974s] GC(780) User=0.01s Sys=0.00s Real=0.01s
[2022-03-27T21:06:22.778+0800][2234.122s] GC(781) Pause Young (Allocation Failure)
[2022-03-27T21:06:22.778+0800][2234.122s] GC(781) Using 4 workers of 4 for evacuation
[2022-03-27T21:06:22.781+0800][2234.125s] GC(781) ParNew: 97979K->12258K(109248K)
[2022-03-27T21:06:22.781+0800][2234.125s] GC(781) CMS: 124426K->125857K(393216K)
[2022-03-27T21:06:22.781+0800][2234.125s] GC(781) Metaspace: 49765K->49765K(1095680K)
[2022-03-27T21:06:22.781+0800][2234.125s] GC(781) Pause Young (Allocation Failure) 217M->134M(490M) 2.764ms
[2022-03-27T21:06:22.781+0800][2234.125s] GC(781) User=0.01s Sys=0.01s Real=0.01s
[2022-03-27T21:06:24.168+0800][2235.512s] GC(782) Pause Young (Allocation Failure)
[2022-03-27T21:06:24.185+0800][2235.528s] GC(782) Using 4 workers of 4 for evacuation
[2022-03-27T21:06:24.190+0800][2235.534s] GC(782) ParNew: 99682K->12054K(109248K)
[2022-03-27T21:06:24.190+0800][2235.534s] GC(782) CMS: 125857K->126156K(393216K)
[2022-03-27T21:06:24.190+0800][2235.534s] GC(782) Metaspace: 49765K->49765K(1095680K)
[2022-03-27T21:06:24.190+0800][2235.534s] GC(782) Pause Young (Allocation Failure) 220M->134M(490M) 21.850ms
[2022-03-27T21:06:24.190+0800][2235.534s] GC(782) User=0.01s Sys=0.00s Real=0.03s
[2022-03-27T21:06:27.936+0800][2239.280s] GC(783) Pause Young (Allocation Failure)
[2022-03-27T21:06:27.936+0800][2239.280s] GC(783) Using 4 workers of 4 for evacuation
[2022-03-27T21:06:27.939+0800][2239.283s] GC(783) ParNew: 99376K->9287K(109248K)
[2022-03-27T21:06:27.939+0800][2239.283s] GC(783) CMS: 126156K->126704K(393216K)
[2022-03-27T21:06:27.939+0800][2239.283s] GC(783) Metaspace: 49765K->49765K(1095680K)
[2022-03-27T21:06:27.939+0800][2239.283s] GC(783) Pause Young (Allocation Failure) 220M->132M(490M) 2.585ms
[2022-03-27T21:06:27.939+0800][2239.283s] GC(783) User=0.01s Sys=0.00s Real=0.00s
[2022-03-27T21:06:28.036+0800][2239.380s] GC(784) Pause Young (Allocation Failure)
[2022-03-27T21:06:28.036+0800][2239.380s] GC(784) Using 4 workers of 4 for evacuation
[2022-03-27T21:06:28.039+0800][2239.382s] GC(784) ParNew: 96708K->10234K(109248K)
[2022-03-27T21:06:28.039+0800][2239.382s] GC(784) CMS: 126704K->127192K(393216K)
[2022-03-27T21:06:28.039+0800][2239.382s] GC(784) Metaspace: 49777K->49777K(1095680K)
[2022-03-27T21:06:28.039+0800][2239.382s] GC(784) Pause Young (Allocation Failure) 218M->134M(490M) 2.633ms
[2022-03-27T21:06:28.039+0800][2239.382s] GC(784) User=0.00s Sys=0.00s Real=0.00s
[2022-03-27T21:06:28.114+0800][2239.457s] GC(785) Pause Young (Allocation Failure)
[2022-03-27T21:06:28.114+0800][2239.457s] GC(785) Using 4 workers of 4 for evacuation
[2022-03-27T21:06:28.118+0800][2239.462s] GC(785) ParNew: 97184K->12311K(109248K)
[2022-03-27T21:06:28.118+0800][2239.462s] GC(785) CMS: 127192K->127746K(393216K)
[2022-03-27T21:06:28.118+0800][2239.462s] GC(785) Metaspace: 49783K->49783K(1095680K)
[2022-03-27T21:06:28.118+0800][2239.462s] GC(785) Pause Young (Allocation Failure) 219M->136M(490M) 4.397ms
[2022-03-27T21:06:28.118+0800][2239.462s] GC(785) User=0.02s Sys=0.01s Real=0.00s
[2022-03-27T21:06:28.339+0800][2239.683s] GC(786) Pause Young (Allocation Failure)
[2022-03-27T21:06:28.340+0800][2239.684s] GC(786) Using 4 workers of 4 for evacuation
[2022-03-27T21:06:28.343+0800][2239.687s] GC(786) ParNew: 99735K->9235K(109248K)
[2022-03-27T21:06:28.343+0800][2239.687s] GC(786) CMS: 127746K->128239K(393216K)
[2022-03-27T21:06:28.343+0800][2239.687s] GC(786) Metaspace: 49794K->49794K(1095680K)
[2022-03-27T21:06:28.343+0800][2239.687s] GC(786) Pause Young (Allocation Failure) 222M->134M(490M) 3.374ms
[2022-03-27T21:06:28.343+0800][2239.687s] GC(786) User=0.01s Sys=0.00s Real=0.01s
[2022-03-27T21:06:28.655+0800][2239.999s] GC(787) Pause Young (Allocation Failure)
[2022-03-27T21:06:28.655+0800][2239.999s] GC(787) Using 4 workers of 4 for evacuation
[2022-03-27T21:06:28.658+0800][2240.001s] GC(787) ParNew: 96659K->8711K(109248K)
[2022-03-27T21:06:28.658+0800][2240.002s] GC(787) CMS: 128239K->130883K(393216K)
[2022-03-27T21:06:28.658+0800][2240.002s] GC(787) Metaspace: 49794K->49794K(1095680K)
[2022-03-27T21:06:28.658+0800][2240.002s] GC(787) Pause Young (Allocation Failure) 219M->136M(490M) 2.292ms
[2022-03-27T21:06:28.658+0800][2240.002s] GC(787) User=0.01s Sys=0.01s Real=0.00s
[2022-03-27T21:06:28.928+0800][2240.272s] GC(788) Pause Young (Allocation Failure)
[2022-03-27T21:06:28.928+0800][2240.272s] GC(788) Using 4 workers of 4 for evacuation
[2022-03-27T21:06:28.930+0800][2240.274s] GC(788) ParNew: 96135K->7598K(109248K)
[2022-03-27T21:06:28.930+0800][2240.274s] GC(788) CMS: 130883K->131357K(393216K)
[2022-03-27T21:06:28.930+0800][2240.274s] GC(788) Metaspace: 49794K->49794K(1095680K)
[2022-03-27T21:06:28.930+0800][2240.274s] GC(788) Pause Young (Allocation Failure) 221M->135M(490M) 2.138ms
[2022-03-27T21:06:28.930+0800][2240.274s] GC(788) User=0.01s Sys=0.00s Real=0.01s
[2022-03-27T21:06:29.200+0800][2240.544s] GC(789) Pause Young (Allocation Failure)
[2022-03-27T21:06:29.200+0800][2240.544s] GC(789) Using 4 workers of 4 for evacuation
[2022-03-27T21:06:29.202+0800][2240.546s] GC(789) ParNew: 95022K->11228K(109248K)
[2022-03-27T21:06:29.202+0800][2240.546s] GC(789) CMS: 131357K->131371K(393216K)
[2022-03-27T21:06:29.202+0800][2240.546s] GC(789) Metaspace: 49794K->49794K(1095680K)
[2022-03-27T21:06:29.202+0800][2240.546s] GC(789) Pause Young (Allocation Failure) 221M->139M(490M) 2.104ms
[2022-03-27T21:06:29.202+0800][2240.546s] GC(789) User=0.01s Sys=0.00s Real=0.00s
[2022-03-27T21:06:29.502+0800][2240.846s] GC(790) Pause Young (Allocation Failure)
[2022-03-27T21:06:29.502+0800][2240.846s] GC(790) Using 4 workers of 4 for evacuation
[2022-03-27T21:06:29.505+0800][2240.849s] GC(790) ParNew: 98652K->8909K(109248K)
[2022-03-27T21:06:29.505+0800][2240.849s] GC(790) CMS: 131371K->131385K(393216K)
[2022-03-27T21:06:29.505+0800][2240.849s] GC(790) Metaspace: 49794K->49794K(1095680K)
[2022-03-27T21:06:29.505+0800][2240.849s] GC(790) Pause Young (Allocation Failure) 224M->137M(490M) 2.434ms
[2022-03-27T21:06:29.505+0800][2240.849s] GC(790) User=0.01s Sys=0.00s Real=0.00s
[2022-03-27T21:06:29.811+0800][2241.154s] GC(791) Pause Young (Allocation Failure)
[2022-03-27T21:06:29.811+0800][2241.154s] GC(791) Using 4 workers of 4 for evacuation
[2022-03-27T21:06:29.813+0800][2241.157s] GC(791) ParNew: 96315K->10379K(109248K)
[2022-03-27T21:06:29.813+0800][2241.157s] GC(791) CMS: 131385K->131450K(393216K)
[2022-03-27T21:06:29.813+0800][2241.157s] GC(791) Metaspace: 49794K->49794K(1095680K)
[2022-03-27T21:06:29.813+0800][2241.157s] GC(791) Pause Young (Allocation Failure) 222M->138M(490M) 2.451ms
[2022-03-27T21:06:29.813+0800][2241.157s] GC(791) User=0.01s Sys=0.00s Real=0.00s
[2022-03-27T21:06:30.116+0800][2241.460s] GC(792) Pause Young (Allocation Failure)
[2022-03-27T21:06:30.116+0800][2241.460s] GC(792) Using 4 workers of 4 for evacuation
[2022-03-27T21:06:30.118+0800][2241.462s] GC(792) ParNew: 97803K->6700K(109248K)
[2022-03-27T21:06:30.118+0800][2241.462s] GC(792) CMS: 131450K->134975K(393216K)
[2022-03-27T21:06:30.118+0800][2241.462s] GC(792) Metaspace: 49794K->49794K(1095680K)
[2022-03-27T21:06:30.118+0800][2241.462s] GC(792) Pause Young (Allocation Failure) 223M->138M(490M) 2.526ms
[2022-03-27T21:06:30.118+0800][2241.462s] GC(792) User=0.01s Sys=0.00s Real=0.00s
[2022-03-27T21:06:30.426+0800][2241.770s] GC(793) Pause Young (Allocation Failure)
[2022-03-27T21:06:30.426+0800][2241.770s] GC(793) Using 4 workers of 4 for evacuation
[2022-03-27T21:06:30.428+0800][2241.772s] GC(793) ParNew: 93023K->6549K(109248K)
[2022-03-27T21:06:30.428+0800][2241.772s] GC(793) CMS: 134975K->135299K(393216K)
[2022-03-27T21:06:30.428+0800][2241.772s] GC(793) Metaspace: 49794K->49794K(1095680K)
[2022-03-27T21:06:30.428+0800][2241.772s] GC(793) Pause Young (Allocation Failure) 222M->138M(490M) 2.308ms
[2022-03-27T21:06:30.428+0800][2241.772s] GC(793) User=0.01s Sys=0.00s Real=0.00s
[2022-03-27T21:06:30.765+0800][2242.109s] GC(794) Pause Young (Allocation Failure)
[2022-03-27T21:06:30.765+0800][2242.109s] GC(794) Using 4 workers of 4 for evacuation
[2022-03-27T21:06:30.768+0800][2242.112s] GC(794) ParNew: 93973K->6915K(109248K)
[2022-03-27T21:06:30.768+0800][2242.112s] GC(794) CMS: 135299K->135607K(393216K)
[2022-03-27T21:06:30.768+0800][2242.112s] GC(794) Metaspace: 49794K->49794K(1095680K)
[2022-03-27T21:06:30.768+0800][2242.112s] GC(794) Pause Young (Allocation Failure) 223M->139M(490M) 3.147ms
[2022-03-27T21:06:30.768+0800][2242.112s] GC(794) User=0.01s Sys=0.00s Real=0.00s
[2022-03-27T21:06:31.109+0800][2242.453s] GC(795) Pause Young (Allocation Failure)
[2022-03-27T21:06:31.109+0800][2242.453s] GC(795) Using 4 workers of 4 for evacuation
[2022-03-27T21:06:31.112+0800][2242.455s] GC(795) ParNew: 94339K->7444K(109248K)
[2022-03-27T21:06:31.112+0800][2242.455s] GC(795) CMS: 135607K->135982K(393216K)
[2022-03-27T21:06:31.112+0800][2242.455s] GC(795) Metaspace: 49794K->49794K(1095680K)
[2022-03-27T21:06:31.112+0800][2242.455s] GC(795) Pause Young (Allocation Failure) 224M->140M(490M) 2.183ms
[2022-03-27T21:06:31.112+0800][2242.455s] GC(795) User=0.01s Sys=0.00s Real=0.01s
[2022-03-27T21:06:31.454+0800][2242.798s] GC(796) Pause Young (Allocation Failure)
[2022-03-27T21:06:31.454+0800][2242.798s] GC(796) Using 4 workers of 4 for evacuation
[2022-03-27T21:06:31.457+0800][2242.801s] GC(796) ParNew: 94868K->7362K(109248K)
[2022-03-27T21:06:31.457+0800][2242.801s] GC(796) CMS: 135982K->136291K(393216K)
[2022-03-27T21:06:31.457+0800][2242.801s] GC(796) Metaspace: 49794K->49794K(1095680K)
[2022-03-27T21:06:31.457+0800][2242.801s] GC(796) Pause Young (Allocation Failure) 225M->140M(490M) 3.120ms
[2022-03-27T21:06:31.457+0800][2242.801s] GC(796) User=0.01s Sys=0.00s Real=0.00s
[2022-03-27T21:06:31.750+0800][2243.094s] GC(797) Pause Young (Allocation Failure)
[2022-03-27T21:06:31.750+0800][2243.094s] GC(797) Using 4 workers of 4 for evacuation
[2022-03-27T21:06:31.753+0800][2243.097s] GC(797) ParNew: 94786K->6911K(109248K)
[2022-03-27T21:06:31.753+0800][2243.097s] GC(797) CMS: 136291K->136622K(393216K)
[2022-03-27T21:06:31.753+0800][2243.097s] GC(797) Metaspace: 49794K->49794K(1095680K)
[2022-03-27T21:06:31.753+0800][2243.097s] GC(797) Pause Young (Allocation Failure) 225M->140M(490M) 3.084ms
[2022-03-27T21:06:31.753+0800][2243.097s] GC(797) User=0.01s Sys=0.00s Real=0.00s
[2022-03-27T21:06:32.112+0800][2243.456s] GC(798) Pause Young (Allocation Failure)
[2022-03-27T21:06:32.112+0800][2243.456s] GC(798) Using 4 workers of 4 for evacuation
[2022-03-27T21:06:32.115+0800][2243.459s] GC(798) ParNew: 94335K->8487K(109248K)
[2022-03-27T21:06:32.115+0800][2243.459s] GC(798) CMS: 136622K->136964K(393216K)
[2022-03-27T21:06:32.115+0800][2243.459s] GC(798) Metaspace: 49794K->49794K(1095680K)
[2022-03-27T21:06:32.115+0800][2243.459s] GC(798) Pause Young (Allocation Failure) 225M->142M(490M) 3.074ms
[2022-03-27T21:06:32.115+0800][2243.459s] GC(798) User=0.01s Sys=0.00s Real=0.00s
[2022-03-27T21:06:32.437+0800][2243.781s] GC(799) Pause Young (Allocation Failure)
[2022-03-27T21:06:32.437+0800][2243.781s] GC(799) Using 4 workers of 4 for evacuation
[2022-03-27T21:06:32.439+0800][2243.783s] GC(799) ParNew: 95911K->7708K(109248K)
[2022-03-27T21:06:32.439+0800][2243.783s] GC(799) CMS: 136964K->137317K(393216K)
[2022-03-27T21:06:32.439+0800][2243.783s] GC(799) Metaspace: 49794K->49794K(1095680K)
[2022-03-27T21:06:32.439+0800][2243.783s] GC(799) Pause Young (Allocation Failure) 227M->141M(490M) 2.379ms
[2022-03-27T21:06:32.439+0800][2243.783s] GC(799) User=0.00s Sys=0.00s Real=0.00s
[2022-03-27T21:06:32.745+0800][2244.089s] GC(800) Pause Young (Allocation Failure)
[2022-03-27T21:06:32.745+0800][2244.089s] GC(800) Using 4 workers of 4 for evacuation
[2022-03-27T21:06:32.747+0800][2244.091s] GC(800) ParNew: 95132K->7043K(109248K)
[2022-03-27T21:06:32.747+0800][2244.091s] GC(800) CMS: 137317K->137629K(393216K)
[2022-03-27T21:06:32.747+0800][2244.091s] GC(800) Metaspace: 49794K->49794K(1095680K)
[2022-03-27T21:06:32.747+0800][2244.091s] GC(800) Pause Young (Allocation Failure) 227M->141M(490M) 2.058ms
[2022-03-27T21:06:32.747+0800][2244.091s] GC(800) User=0.00s Sys=0.00s Real=0.00s
[2022-03-27T21:06:33.061+0800][2244.404s] GC(801) Pause Young (Allocation Failure)
[2022-03-27T21:06:33.061+0800][2244.404s] GC(801) Using 4 workers of 4 for evacuation
[2022-03-27T21:06:33.063+0800][2244.406s] GC(801) ParNew: 94467K->8418K(109248K)
[2022-03-27T21:06:33.063+0800][2244.406s] GC(801) CMS: 137629K->137942K(393216K)
[2022-03-27T21:06:33.063+0800][2244.407s] GC(801) Metaspace: 49794K->49794K(1095680K)
[2022-03-27T21:06:33.063+0800][2244.407s] GC(801) Pause Young (Allocation Failure) 226M->142M(490M) 2.141ms
[2022-03-27T21:06:33.063+0800][2244.407s] GC(801) User=0.00s Sys=0.00s Real=0.00s
[2022-03-27T21:06:33.359+0800][2244.703s] GC(802) Pause Young (Allocation Failure)
[2022-03-27T21:06:33.359+0800][2244.703s] GC(802) Using 4 workers of 4 for evacuation
[2022-03-27T21:06:33.361+0800][2244.705s] GC(802) ParNew: 95842K->6293K(109248K)
[2022-03-27T21:06:33.361+0800][2244.705s] GC(802) CMS: 137942K->139153K(393216K)
[2022-03-27T21:06:33.361+0800][2244.705s] GC(802) Metaspace: 49794K->49794K(1095680K)
[2022-03-27T21:06:33.361+0800][2244.705s] GC(802) Pause Young (Allocation Failure) 228M->142M(490M) 2.410ms
[2022-03-27T21:06:33.361+0800][2244.705s] GC(802) User=0.00s Sys=0.00s Real=0.01s
[2022-03-27T21:06:33.651+0800][2244.994s] GC(803) Pause Young (Allocation Failure)
[2022-03-27T21:06:33.651+0800][2244.995s] GC(803) Using 4 workers of 4 for evacuation
[2022-03-27T21:06:33.654+0800][2244.998s] GC(803) ParNew: 93717K->8147K(109248K)
[2022-03-27T21:06:33.654+0800][2244.998s] GC(803) CMS: 139153K->139610K(393216K)
[2022-03-27T21:06:33.654+0800][2244.998s] GC(803) Metaspace: 49794K->49794K(1095680K)
[2022-03-27T21:06:33.654+0800][2244.998s] GC(803) Pause Young (Allocation Failure) 227M->144M(490M) 3.247ms
[2022-03-27T21:06:33.654+0800][2244.998s] GC(803) User=0.01s Sys=0.00s Real=0.00s
[2022-03-27T21:06:33.964+0800][2245.308s] GC(804) Pause Young (Allocation Failure)
[2022-03-27T21:06:33.965+0800][2245.308s] GC(804) Using 4 workers of 4 for evacuation
[2022-03-27T21:06:33.967+0800][2245.311s] GC(804) ParNew: 95571K->7422K(109248K)
[2022-03-27T21:06:33.967+0800][2245.311s] GC(804) CMS: 139610K->139972K(393216K)
[2022-03-27T21:06:33.967+0800][2245.311s] GC(804) Metaspace: 49794K->49794K(1095680K)
[2022-03-27T21:06:33.967+0800][2245.311s] GC(804) Pause Young (Allocation Failure) 229M->143M(490M) 2.733ms
[2022-03-27T21:06:33.967+0800][2245.311s] GC(804) User=0.01s Sys=0.00s Real=0.00s
[2022-03-27T21:06:34.294+0800][2245.638s] GC(805) Pause Young (Allocation Failure)
[2022-03-27T21:06:34.294+0800][2245.638s] GC(805) Using 4 workers of 4 for evacuation
[2022-03-27T21:06:34.296+0800][2245.640s] GC(805) ParNew: 94846K->7056K(109248K)
[2022-03-27T21:06:34.296+0800][2245.640s] GC(805) CMS: 139972K->140236K(393216K)
[2022-03-27T21:06:34.296+0800][2245.640s] GC(805) Metaspace: 49794K->49794K(1095680K)
[2022-03-27T21:06:34.296+0800][2245.640s] GC(805) Pause Young (Allocation Failure) 229M->143M(490M) 2.167ms
[2022-03-27T21:06:34.296+0800][2245.640s] GC(805) User=0.00s Sys=0.00s Real=0.00s
[2022-03-27T21:06:34.582+0800][2245.926s] GC(806) Pause Young (Allocation Failure)
[2022-03-27T21:06:34.582+0800][2245.926s] GC(806) Using 4 workers of 4 for evacuation
[2022-03-27T21:06:34.584+0800][2245.928s] GC(806) ParNew: 94480K->8126K(109248K)
[2022-03-27T21:06:34.584+0800][2245.928s] GC(806) CMS: 140236K->140556K(393216K)
[2022-03-27T21:06:34.584+0800][2245.928s] GC(806) Metaspace: 49794K->49794K(1095680K)
[2022-03-27T21:06:34.584+0800][2245.928s] GC(806) Pause Young (Allocation Failure) 229M->145M(490M) 2.303ms
[2022-03-27T21:06:34.584+0800][2245.928s] GC(806) User=0.00s Sys=0.00s Real=0.00s
[2022-03-27T21:06:34.894+0800][2246.238s] GC(807) Pause Young (Allocation Failure)
[2022-03-27T21:06:34.894+0800][2246.238s] GC(807) Using 4 workers of 4 for evacuation
[2022-03-27T21:06:34.897+0800][2246.241s] GC(807) ParNew: 95550K->7729K(109248K)
[2022-03-27T21:06:34.897+0800][2246.241s] GC(807) CMS: 140556K->141072K(393216K)
[2022-03-27T21:06:34.897+0800][2246.241s] GC(807) Metaspace: 49799K->49799K(1095680K)
[2022-03-27T21:06:34.897+0800][2246.241s] GC(807) Pause Young (Allocation Failure) 230M->145M(490M) 2.924ms
[2022-03-27T21:06:34.897+0800][2246.241s] GC(807) User=0.01s Sys=0.00s Real=0.00s
[2022-03-27T21:06:35.199+0800][2246.543s] GC(808) Pause Young (Allocation Failure)
[2022-03-27T21:06:35.199+0800][2246.543s] GC(808) Using 4 workers of 4 for evacuation
[2022-03-27T21:06:35.201+0800][2246.545s] GC(808) ParNew: 95153K->6744K(109248K)
[2022-03-27T21:06:35.201+0800][2246.545s] GC(808) CMS: 141072K->141478K(393216K)
[2022-03-27T21:06:35.201+0800][2246.545s] GC(808) Metaspace: 49799K->49799K(1095680K)
[2022-03-27T21:06:35.201+0800][2246.545s] GC(808) Pause Young (Allocation Failure) 230M->144M(490M) 2.223ms
[2022-03-27T21:06:35.201+0800][2246.545s] GC(808) User=0.01s Sys=0.00s Real=0.01s
[2022-03-27T21:06:35.494+0800][2246.838s] GC(809) Pause Young (Allocation Failure)
[2022-03-27T21:06:35.494+0800][2246.838s] GC(809) Using 4 workers of 4 for evacuation
[2022-03-27T21:06:35.496+0800][2246.840s] GC(809) ParNew: 94168K->8123K(109248K)
[2022-03-27T21:06:35.497+0800][2246.840s] GC(809) CMS: 141478K->141797K(393216K)
[2022-03-27T21:06:35.497+0800][2246.840s] GC(809) Metaspace: 49799K->49799K(1095680K)
[2022-03-27T21:06:35.497+0800][2246.840s] GC(809) Pause Young (Allocation Failure) 230M->146M(490M) 2.484ms
[2022-03-27T21:06:35.497+0800][2246.840s] GC(809) User=0.01s Sys=0.00s Real=0.00s
[2022-03-27T21:06:35.803+0800][2247.146s] GC(810) Pause Young (Allocation Failure)
[2022-03-27T21:06:35.803+0800][2247.147s] GC(810) Using 4 workers of 4 for evacuation
[2022-03-27T21:06:35.806+0800][2247.150s] GC(810) ParNew: 95547K->8736K(109248K)
[2022-03-27T21:06:35.806+0800][2247.150s] GC(810) CMS: 141797K->142080K(393216K)
[2022-03-27T21:06:35.806+0800][2247.150s] GC(810) Metaspace: 49799K->49799K(1095680K)
[2022-03-27T21:06:35.806+0800][2247.150s] GC(810) Pause Young (Allocation Failure) 231M->147M(490M) 3.254ms
[2022-03-27T21:06:35.806+0800][2247.150s] GC(810) User=0.01s Sys=0.00s Real=0.00s
[2022-03-27T21:06:36.132+0800][2247.476s] GC(811) Pause Young (Allocation Failure)
[2022-03-27T21:06:36.132+0800][2247.476s] GC(811) Using 4 workers of 4 for evacuation
[2022-03-27T21:06:36.134+0800][2247.478s] GC(811) ParNew: 96160K->7909K(109248K)
[2022-03-27T21:06:36.134+0800][2247.478s] GC(811) CMS: 142080K->142425K(393216K)
[2022-03-27T21:06:36.134+0800][2247.478s] GC(811) Metaspace: 49799K->49799K(1095680K)
[2022-03-27T21:06:36.134+0800][2247.478s] GC(811) Pause Young (Allocation Failure) 232M->146M(490M) 2.652ms
[2022-03-27T21:06:36.134+0800][2247.478s] GC(811) User=0.01s Sys=0.01s Real=0.00s
[2022-03-27T21:06:36.449+0800][2247.793s] GC(812) Pause Young (Allocation Failure)
[2022-03-27T21:06:36.449+0800][2247.793s] GC(812) Using 4 workers of 4 for evacuation
[2022-03-27T21:06:36.452+0800][2247.796s] GC(812) ParNew: 95333K->8823K(109248K)
[2022-03-27T21:06:36.452+0800][2247.796s] GC(812) CMS: 142425K->142757K(393216K)
[2022-03-27T21:06:36.452+0800][2247.796s] GC(812) Metaspace: 49799K->49799K(1095680K)
[2022-03-27T21:06:36.452+0800][2247.796s] GC(812) Pause Young (Allocation Failure) 232M->148M(490M) 3.138ms
[2022-03-27T21:06:36.452+0800][2247.796s] GC(812) User=0.01s Sys=0.00s Real=0.01s
[2022-03-27T21:06:36.700+0800][2248.043s] GC(813) Pause Young (Allocation Failure)
[2022-03-27T21:06:36.700+0800][2248.044s] GC(813) Using 4 workers of 4 for evacuation
[2022-03-27T21:06:36.702+0800][2248.046s] GC(813) ParNew: 96247K->8611K(109248K)
[2022-03-27T21:06:36.702+0800][2248.046s] GC(813) CMS: 142757K->143124K(393216K)
[2022-03-27T21:06:36.702+0800][2248.046s] GC(813) Metaspace: 49799K->49799K(1095680K)
[2022-03-27T21:06:36.702+0800][2248.046s] GC(813) Pause Young (Allocation Failure) 233M->148M(490M) 2.580ms
[2022-03-27T21:06:36.702+0800][2248.046s] GC(813) User=0.01s Sys=0.00s Real=0.00s
[2022-03-27T21:06:37.041+0800][2248.385s] GC(814) Pause Young (Allocation Failure)
[2022-03-27T21:06:37.041+0800][2248.385s] GC(814) Using 4 workers of 4 for evacuation
[2022-03-27T21:06:37.043+0800][2248.387s] GC(814) ParNew: 96035K->8102K(109248K)
[2022-03-27T21:06:37.043+0800][2248.387s] GC(814) CMS: 143124K->143405K(393216K)
[2022-03-27T21:06:37.043+0800][2248.387s] GC(814) Metaspace: 49799K->49799K(1095680K)
[2022-03-27T21:06:37.043+0800][2248.387s] GC(814) Pause Young (Allocation Failure) 233M->147M(490M) 2.407ms
[2022-03-27T21:06:37.043+0800][2248.387s] GC(814) User=0.00s Sys=0.00s Real=0.00s
[2022-03-27T21:06:37.340+0800][2248.683s] GC(815) Pause Young (Allocation Failure)
[2022-03-27T21:06:37.340+0800][2248.684s] GC(815) Using 4 workers of 4 for evacuation
[2022-03-27T21:06:37.342+0800][2248.686s] GC(815) ParNew: 95526K->9627K(109248K)
[2022-03-27T21:06:37.342+0800][2248.686s] GC(815) CMS: 143405K->143741K(393216K)
[2022-03-27T21:06:37.342+0800][2248.686s] GC(815) Metaspace: 49799K->49799K(1095680K)
[2022-03-27T21:06:37.342+0800][2248.686s] GC(815) Pause Young (Allocation Failure) 233M->149M(490M) 2.455ms
[2022-03-27T21:06:37.342+0800][2248.686s] GC(815) User=0.00s Sys=0.00s Real=0.00s
[2022-03-27T21:06:37.629+0800][2248.973s] GC(816) Pause Young (Allocation Failure)
[2022-03-27T21:06:37.629+0800][2248.973s] GC(816) Using 4 workers of 4 for evacuation
[2022-03-27T21:06:37.631+0800][2248.975s] GC(816) ParNew: 97051K->8674K(109248K)
[2022-03-27T21:06:37.631+0800][2248.975s] GC(816) CMS: 143741K->144078K(393216K)
[2022-03-27T21:06:37.631+0800][2248.975s] GC(816) Metaspace: 49799K->49799K(1095680K)
[2022-03-27T21:06:37.631+0800][2248.975s] GC(816) Pause Young (Allocation Failure) 235M->149M(490M) 2.452ms
[2022-03-27T21:06:37.631+0800][2248.975s] GC(816) User=0.00s Sys=0.00s Real=0.01s
[2022-03-27T21:06:37.713+0800][2249.056s] GC(817) Pause Young (Allocation Failure)
[2022-03-27T21:06:37.713+0800][2249.057s] GC(817) Using 4 workers of 4 for evacuation
[2022-03-27T21:06:37.716+0800][2249.060s] GC(817) ParNew: 96098K->10738K(109248K)
[2022-03-27T21:06:37.716+0800][2249.060s] GC(817) CMS: 144078K->145345K(393216K)
[2022-03-27T21:06:37.716+0800][2249.060s] GC(817) Metaspace: 49799K->49799K(1095680K)
[2022-03-27T21:06:37.716+0800][2249.060s] GC(817) Pause Young (Allocation Failure) 234M->152M(490M) 3.872ms
[2022-03-27T21:06:37.717+0800][2249.060s] GC(817) User=0.01s Sys=0.00s Real=0.00s
[2022-03-27T21:06:37.844+0800][2249.188s] GC(818) Pause Young (Allocation Failure)
[2022-03-27T21:06:37.844+0800][2249.188s] GC(818) Using 4 workers of 4 for evacuation
[2022-03-27T21:06:37.847+0800][2249.191s] GC(818) ParNew: 98162K->10868K(109248K)
[2022-03-27T21:06:37.847+0800][2249.191s] GC(818) CMS: 145345K->145763K(393216K)
[2022-03-27T21:06:37.847+0800][2249.191s] GC(818) Metaspace: 49799K->49799K(1095680K)
[2022-03-27T21:06:37.847+0800][2249.191s] GC(818) Pause Young (Allocation Failure) 237M->152M(490M) 2.987ms
[2022-03-27T21:06:37.847+0800][2249.191s] GC(818) User=0.01s Sys=0.00s Real=0.00s
[2022-03-27T21:06:40.840+0800][2252.184s] GC(819) Pause Young (Allocation Failure)
[2022-03-27T21:06:40.840+0800][2252.184s] GC(819) Using 4 workers of 4 for evacuation
[2022-03-27T21:06:40.844+0800][2252.188s] GC(819) ParNew: 98049K->13657K(109248K)
[2022-03-27T21:06:40.844+0800][2252.188s] GC(819) CMS: 145763K->146187K(393216K)
[2022-03-27T21:06:40.844+0800][2252.188s] GC(819) Metaspace: 49804K->49804K(1095680K)
[2022-03-27T21:06:40.844+0800][2252.188s] GC(819) Pause Young (Allocation Failure) 238M->156M(490M) 4.272ms
[2022-03-27T21:06:40.844+0800][2252.188s] GC(819) User=0.01s Sys=0.00s Real=0.00s
[2022-03-27T21:06:40.943+0800][2252.287s] GC(820) Pause Young (Allocation Failure)
[2022-03-27T21:06:40.943+0800][2252.287s] GC(820) Using 4 workers of 4 for evacuation
[2022-03-27T21:06:40.946+0800][2252.290s] GC(820) ParNew: 101081K->10048K(109248K)
[2022-03-27T21:06:40.946+0800][2252.290s] GC(820) CMS: 146187K->147056K(393216K)
[2022-03-27T21:06:40.946+0800][2252.290s] GC(820) Metaspace: 49806K->49806K(1095680K)
[2022-03-27T21:06:40.947+0800][2252.290s] GC(820) Pause Young (Allocation Failure) 241M->153M(490M) 3.680ms
[2022-03-27T21:06:40.947+0800][2252.290s] GC(820) User=0.01s Sys=0.00s Real=0.00s
[2022-03-27T21:06:41.243+0800][2252.587s] GC(821) Pause Young (Allocation Failure)
[2022-03-27T21:06:41.243+0800][2252.587s] GC(821) Using 4 workers of 4 for evacuation
[2022-03-27T21:06:41.246+0800][2252.590s] GC(821) ParNew: 97432K->10395K(109248K)
[2022-03-27T21:06:41.246+0800][2252.590s] GC(821) CMS: 147056K->147295K(393216K)
[2022-03-27T21:06:41.246+0800][2252.590s] GC(821) Metaspace: 49806K->49806K(1095680K)
[2022-03-27T21:06:41.246+0800][2252.590s] GC(821) Pause Young (Allocation Failure) 238M->153M(490M) 2.927ms
[2022-03-27T21:06:41.246+0800][2252.590s] GC(821) User=0.01s Sys=0.00s Real=0.00s
[2022-03-27T21:06:41.542+0800][2252.885s] GC(822) Pause Young (Allocation Failure)
[2022-03-27T21:06:41.542+0800][2252.886s] GC(822) Using 4 workers of 4 for evacuation
[2022-03-27T21:06:41.544+0800][2252.888s] GC(822) ParNew: 97754K->8610K(109248K)
[2022-03-27T21:06:41.544+0800][2252.888s] GC(822) CMS: 147295K->150030K(393216K)
[2022-03-27T21:06:41.544+0800][2252.888s] GC(822) Metaspace: 49806K->49806K(1095680K)
[2022-03-27T21:06:41.544+0800][2252.888s] GC(822) Pause Young (Allocation Failure) 239M->154M(490M) 2.792ms
[2022-03-27T21:06:41.544+0800][2252.888s] GC(822) User=0.01s Sys=0.00s Real=0.00s
[2022-03-27T21:06:41.869+0800][2253.213s] GC(823) Pause Young (Allocation Failure)
[2022-03-27T21:06:41.869+0800][2253.213s] GC(823) Using 4 workers of 4 for evacuation
[2022-03-27T21:06:41.873+0800][2253.217s] GC(823) ParNew: 96034K->9916K(109248K)
[2022-03-27T21:06:41.873+0800][2253.217s] GC(823) CMS: 150030K->150672K(393216K)
[2022-03-27T21:06:41.873+0800][2253.217s] GC(823) Metaspace: 49806K->49806K(1095680K)
[2022-03-27T21:06:41.873+0800][2253.217s] GC(823) Pause Young (Allocation Failure) 240M->156M(490M) 4.296ms
[2022-03-27T21:06:41.873+0800][2253.217s] GC(823) User=0.01s Sys=0.00s Real=0.01s
[2022-03-27T21:06:42.173+0800][2253.516s] GC(824) Pause Young (Allocation Failure)
[2022-03-27T21:06:42.173+0800][2253.516s] GC(824) Using 4 workers of 4 for evacuation
[2022-03-27T21:06:42.176+0800][2253.520s] GC(824) ParNew: 97340K->8480K(109248K)
[2022-03-27T21:06:42.176+0800][2253.520s] GC(824) CMS: 150672K->151010K(393216K)
[2022-03-27T21:06:42.176+0800][2253.520s] GC(824) Metaspace: 49806K->49806K(1095680K)
[2022-03-27T21:06:42.176+0800][2253.520s] GC(824) Pause Young (Allocation Failure) 242M->155M(490M) 3.587ms
[2022-03-27T21:06:42.176+0800][2253.520s] GC(824) User=0.01s Sys=0.00s Real=0.00s
[2022-03-27T21:06:42.514+0800][2253.858s] GC(825) Pause Young (Allocation Failure)
[2022-03-27T21:06:42.514+0800][2253.858s] GC(825) Using 4 workers of 4 for evacuation
[2022-03-27T21:06:42.517+0800][2253.861s] GC(825) ParNew: 95904K->9429K(109248K)
[2022-03-27T21:06:42.518+0800][2253.861s] GC(825) CMS: 151010K->151122K(393216K)
[2022-03-27T21:06:42.518+0800][2253.861s] GC(825) Metaspace: 49806K->49806K(1095680K)
[2022-03-27T21:06:42.518+0800][2253.861s] GC(825) Pause Young (Allocation Failure) 241M->156M(490M) 3.158ms
[2022-03-27T21:06:42.518+0800][2253.861s] GC(825) User=0.01s Sys=0.00s Real=0.00s
[2022-03-27T21:06:42.827+0800][2254.170s] GC(826) Pause Young (Allocation Failure)
[2022-03-27T21:06:42.827+0800][2254.171s] GC(826) Using 4 workers of 4 for evacuation
[2022-03-27T21:06:42.834+0800][2254.178s] GC(826) ParNew: 96853K->12550K(109248K)
[2022-03-27T21:06:42.834+0800][2254.178s] GC(826) CMS: 151122K->151133K(393216K)
[2022-03-27T21:06:42.834+0800][2254.178s] GC(826) Metaspace: 49806K->49806K(1095680K)
[2022-03-27T21:06:42.834+0800][2254.178s] GC(826) Pause Young (Allocation Failure) 242M->159M(490M) 7.645ms
[2022-03-27T21:06:42.834+0800][2254.178s] GC(826) User=0.02s Sys=0.00s Real=0.01s
[2022-03-27T21:06:43.150+0800][2254.494s] GC(827) Pause Young (Allocation Failure)
[2022-03-27T21:06:43.150+0800][2254.494s] GC(827) Using 4 workers of 4 for evacuation
[2022-03-27T21:06:43.153+0800][2254.497s] GC(827) ParNew: 99974K->10017K(109248K)
[2022-03-27T21:06:43.153+0800][2254.497s] GC(827) CMS: 151133K->151308K(393216K)
[2022-03-27T21:06:43.153+0800][2254.497s] GC(827) Metaspace: 49806K->49806K(1095680K)
[2022-03-27T21:06:43.153+0800][2254.497s] GC(827) Pause Young (Allocation Failure) 245M->157M(490M) 3.315ms
[2022-03-27T21:06:43.153+0800][2254.497s] GC(827) User=0.01s Sys=0.00s Real=0.00s
[2022-03-27T21:06:43.475+0800][2254.819s] GC(828) Pause Young (Allocation Failure)
[2022-03-27T21:06:43.475+0800][2254.819s] GC(828) Using 4 workers of 4 for evacuation
[2022-03-27T21:06:43.478+0800][2254.822s] GC(828) ParNew: 97441K->9908K(109248K)
[2022-03-27T21:06:43.478+0800][2254.822s] GC(828) CMS: 151308K->154513K(393216K)
[2022-03-27T21:06:43.478+0800][2254.822s] GC(828) Metaspace: 49806K->49806K(1095680K)
[2022-03-27T21:06:43.478+0800][2254.822s] GC(828) Pause Young (Allocation Failure) 242M->160M(490M) 2.672ms
[2022-03-27T21:06:43.478+0800][2254.822s] GC(828) User=0.01s Sys=0.00s Real=0.00s
[2022-03-27T21:06:43.821+0800][2255.165s] GC(829) Pause Young (Allocation Failure)
[2022-03-27T21:06:43.821+0800][2255.165s] GC(829) Using 4 workers of 4 for evacuation
[2022-03-27T21:06:43.823+0800][2255.167s] GC(829) ParNew: 97332K->6433K(109248K)
[2022-03-27T21:06:43.823+0800][2255.167s] GC(829) CMS: 154513K->155347K(393216K)
[2022-03-27T21:06:43.823+0800][2255.167s] GC(829) Metaspace: 49806K->49806K(1095680K)
[2022-03-27T21:06:43.823+0800][2255.167s] GC(829) Pause Young (Allocation Failure) 245M->157M(490M) 2.286ms
[2022-03-27T21:06:43.823+0800][2255.167s] GC(829) User=0.01s Sys=0.00s Real=0.00s
[2022-03-27T21:06:44.142+0800][2255.486s] GC(830) Pause Young (Allocation Failure)
[2022-03-27T21:06:44.142+0800][2255.486s] GC(830) Using 4 workers of 4 for evacuation
[2022-03-27T21:06:44.144+0800][2255.488s] GC(830) ParNew: 93857K->6939K(109248K)
[2022-03-27T21:06:44.144+0800][2255.488s] GC(830) CMS: 155347K->155746K(393216K)
[2022-03-27T21:06:44.144+0800][2255.488s] GC(830) Metaspace: 49806K->49806K(1095680K)
[2022-03-27T21:06:44.144+0800][2255.488s] GC(830) Pause Young (Allocation Failure) 243M->158M(490M) 2.268ms
[2022-03-27T21:06:44.144+0800][2255.488s] GC(830) User=0.01s Sys=0.00s Real=0.00s
[2022-03-27T21:06:44.419+0800][2255.763s] GC(831) Pause Young (Allocation Failure)
[2022-03-27T21:06:44.419+0800][2255.763s] GC(831) Using 4 workers of 4 for evacuation
[2022-03-27T21:06:44.421+0800][2255.765s] GC(831) ParNew: 94363K->6928K(109248K)
[2022-03-27T21:06:44.421+0800][2255.765s] GC(831) CMS: 155746K->156094K(393216K)
[2022-03-27T21:06:44.421+0800][2255.765s] GC(831) Metaspace: 49806K->49806K(1095680K)
[2022-03-27T21:06:44.421+0800][2255.765s] GC(831) Pause Young (Allocation Failure) 244M->159M(490M) 2.242ms
[2022-03-27T21:06:44.421+0800][2255.765s] GC(831) User=0.01s Sys=0.00s Real=0.01s
[2022-03-27T21:06:44.722+0800][2256.066s] GC(832) Pause Young (Allocation Failure)
[2022-03-27T21:06:44.722+0800][2256.066s] GC(832) Using 4 workers of 4 for evacuation
[2022-03-27T21:06:44.724+0800][2256.068s] GC(832) ParNew: 94352K->7269K(109248K)
[2022-03-27T21:06:44.724+0800][2256.068s] GC(832) CMS: 156094K->156401K(393216K)
[2022-03-27T21:06:44.724+0800][2256.068s] GC(832) Metaspace: 49806K->49806K(1095680K)
[2022-03-27T21:06:44.724+0800][2256.068s] GC(832) Pause Young (Allocation Failure) 244M->159M(490M) 2.147ms
[2022-03-27T21:06:44.724+0800][2256.068s] GC(832) User=0.01s Sys=0.00s Real=0.00s
[2022-03-27T21:06:44.999+0800][2256.343s] GC(833) Pause Young (Allocation Failure)
[2022-03-27T21:06:44.999+0800][2256.343s] GC(833) Using 4 workers of 4 for evacuation
[2022-03-27T21:06:45.001+0800][2256.345s] GC(833) ParNew: 94693K->6811K(109248K)
[2022-03-27T21:06:45.001+0800][2256.345s] GC(833) CMS: 156401K->156755K(393216K)
[2022-03-27T21:06:45.001+0800][2256.345s] GC(833) Metaspace: 49806K->49806K(1095680K)
[2022-03-27T21:06:45.001+0800][2256.345s] GC(833) Pause Young (Allocation Failure) 245M->159M(490M) 2.073ms
[2022-03-27T21:06:45.001+0800][2256.345s] GC(833) User=0.01s Sys=0.00s Real=0.01s
[2022-03-27T21:06:45.310+0800][2256.654s] GC(834) Pause Young (Allocation Failure)
[2022-03-27T21:06:45.310+0800][2256.654s] GC(834) Using 4 workers of 4 for evacuation
[2022-03-27T21:06:45.312+0800][2256.656s] GC(834) ParNew: 94235K->7473K(109248K)
[2022-03-27T21:06:45.312+0800][2256.656s] GC(834) CMS: 156755K->157131K(393216K)
[2022-03-27T21:06:45.312+0800][2256.656s] GC(834) Metaspace: 49806K->49806K(1095680K)
[2022-03-27T21:06:45.312+0800][2256.656s] GC(834) Pause Young (Allocation Failure) 245M->160M(490M) 2.118ms
[2022-03-27T21:06:45.312+0800][2256.656s] GC(834) User=0.00s Sys=0.00s Real=0.00s
[2022-03-27T21:06:45.604+0800][2256.948s] GC(835) Pause Young (Allocation Failure)
[2022-03-27T21:06:45.604+0800][2256.948s] GC(835) Using 4 workers of 4 for evacuation
[2022-03-27T21:06:45.606+0800][2256.950s] GC(835) ParNew: 94897K->7891K(109248K)
[2022-03-27T21:06:45.606+0800][2256.950s] GC(835) CMS: 157131K->157578K(393216K)
[2022-03-27T21:06:45.606+0800][2256.950s] GC(835) Metaspace: 49806K->49806K(1095680K)
[2022-03-27T21:06:45.606+0800][2256.950s] GC(835) Pause Young (Allocation Failure) 246M->161M(490M) 2.063ms
[2022-03-27T21:06:45.606+0800][2256.950s] GC(835) User=0.01s Sys=0.01s Real=0.00s
[2022-03-27T21:06:45.873+0800][2257.217s] GC(836) Pause Young (Allocation Failure)
[2022-03-27T21:06:45.873+0800][2257.217s] GC(836) Using 4 workers of 4 for evacuation
[2022-03-27T21:06:45.875+0800][2257.219s] GC(836) ParNew: 95315K->7165K(109248K)
[2022-03-27T21:06:45.875+0800][2257.219s] GC(836) CMS: 157578K->157888K(393216K)
[2022-03-27T21:06:45.875+0800][2257.219s] GC(836) Metaspace: 49806K->49806K(1095680K)
[2022-03-27T21:06:45.875+0800][2257.219s] GC(836) Pause Young (Allocation Failure) 246M->161M(490M) 2.224ms
[2022-03-27T21:06:45.875+0800][2257.219s] GC(836) User=0.01s Sys=0.00s Real=0.00s
[2022-03-27T21:06:46.145+0800][2257.489s] GC(837) Pause Young (Allocation Failure)
[2022-03-27T21:06:46.145+0800][2257.489s] GC(837) Using 4 workers of 4 for evacuation
[2022-03-27T21:06:46.147+0800][2257.491s] GC(837) ParNew: 94589K->6419K(109248K)
[2022-03-27T21:06:46.147+0800][2257.491s] GC(837) CMS: 157888K->158767K(393216K)
[2022-03-27T21:06:46.147+0800][2257.491s] GC(837) Metaspace: 49806K->49806K(1095680K)
[2022-03-27T21:06:46.147+0800][2257.491s] GC(837) Pause Young (Allocation Failure) 246M->161M(490M) 2.040ms
[2022-03-27T21:06:46.147+0800][2257.491s] GC(837) User=0.01s Sys=0.00s Real=0.00s
[2022-03-27T21:06:46.428+0800][2257.772s] GC(838) Pause Young (Allocation Failure)
[2022-03-27T21:06:46.428+0800][2257.772s] GC(838) Using 4 workers of 4 for evacuation
[2022-03-27T21:06:46.431+0800][2257.775s] GC(838) ParNew: 93843K->6898K(109248K)
[2022-03-27T21:06:46.431+0800][2257.775s] GC(838) CMS: 158767K->159235K(393216K)
[2022-03-27T21:06:46.431+0800][2257.775s] GC(838) Metaspace: 49806K->49806K(1095680K)
[2022-03-27T21:06:46.431+0800][2257.775s] GC(838) Pause Young (Allocation Failure) 246M->162M(490M) 3.067ms
[2022-03-27T21:06:46.431+0800][2257.775s] GC(838) User=0.01s Sys=0.00s Real=0.01s
[2022-03-27T21:06:46.797+0800][2258.141s] GC(839) Pause Young (Allocation Failure)
[2022-03-27T21:06:46.797+0800][2258.141s] GC(839) Using 4 workers of 4 for evacuation
[2022-03-27T21:06:46.800+0800][2258.144s] GC(839) ParNew: 94322K->6860K(109248K)
[2022-03-27T21:06:46.800+0800][2258.144s] GC(839) CMS: 159235K->159538K(393216K)
[2022-03-27T21:06:46.800+0800][2258.144s] GC(839) Metaspace: 49806K->49806K(1095680K)
[2022-03-27T21:06:46.800+0800][2258.144s] GC(839) Pause Young (Allocation Failure) 247M->162M(490M) 2.807ms
[2022-03-27T21:06:46.800+0800][2258.144s] GC(839) User=0.00s Sys=0.00s Real=0.01s
[2022-03-27T21:06:47.144+0800][2258.488s] GC(840) Pause Young (Allocation Failure)
[2022-03-27T21:06:47.144+0800][2258.488s] GC(840) Using 4 workers of 4 for evacuation
[2022-03-27T21:06:47.147+0800][2258.491s] GC(840) ParNew: 94284K->6419K(109248K)
[2022-03-27T21:06:47.147+0800][2258.491s] GC(840) CMS: 159538K->159872K(393216K)
[2022-03-27T21:06:47.147+0800][2258.491s] GC(840) Metaspace: 49806K->49806K(1095680K)
[2022-03-27T21:06:47.147+0800][2258.491s] GC(840) Pause Young (Allocation Failure) 247M->162M(490M) 3.164ms
[2022-03-27T21:06:47.147+0800][2258.491s] GC(840) User=0.01s Sys=0.00s Real=0.00s
[2022-03-27T21:06:47.513+0800][2258.857s] GC(841) Pause Young (Allocation Failure)
[2022-03-27T21:06:47.514+0800][2258.857s] GC(841) Using 4 workers of 4 for evacuation
[2022-03-27T21:06:47.521+0800][2258.865s] GC(841) ParNew: 93825K->6872K(109248K)
[2022-03-27T21:06:47.521+0800][2258.865s] GC(841) CMS: 159872K->160280K(393216K)
[2022-03-27T21:06:47.521+0800][2258.865s] GC(841) Metaspace: 49806K->49806K(1095680K)
[2022-03-27T21:06:47.521+0800][2258.865s] GC(841) Pause Young (Allocation Failure) 247M->163M(490M) 7.504ms
[2022-03-27T21:06:47.521+0800][2258.865s] GC(841) User=0.02s Sys=0.00s Real=0.01s
[2022-03-27T21:06:47.851+0800][2259.195s] GC(842) Pause Young (Allocation Failure)
[2022-03-27T21:06:47.851+0800][2259.195s] GC(842) Using 4 workers of 4 for evacuation
[2022-03-27T21:06:47.853+0800][2259.197s] GC(842) ParNew: 94296K->7912K(109248K)
[2022-03-27T21:06:47.853+0800][2259.197s] GC(842) CMS: 160280K->160747K(393216K)
[2022-03-27T21:06:47.853+0800][2259.197s] GC(842) Metaspace: 49806K->49806K(1095680K)
[2022-03-27T21:06:47.854+0800][2259.197s] GC(842) Pause Young (Allocation Failure) 248M->164M(490M) 2.560ms
[2022-03-27T21:06:47.854+0800][2259.197s] GC(842) User=0.01s Sys=0.00s Real=0.00s
[2022-03-27T21:06:48.161+0800][2259.505s] GC(843) Pause Young (Allocation Failure)
[2022-03-27T21:06:48.161+0800][2259.505s] GC(843) Using 4 workers of 4 for evacuation
[2022-03-27T21:06:48.163+0800][2259.507s] GC(843) ParNew: 95336K->6949K(109248K)
[2022-03-27T21:06:48.163+0800][2259.507s] GC(843) CMS: 160747K->161015K(393216K)
[2022-03-27T21:06:48.163+0800][2259.507s] GC(843) Metaspace: 49806K->49806K(1095680K)
[2022-03-27T21:06:48.163+0800][2259.507s] GC(843) Pause Young (Allocation Failure) 250M->164M(490M) 2.067ms
[2022-03-27T21:06:48.163+0800][2259.507s] GC(843) User=0.01s Sys=0.00s Real=0.00s
[2022-03-27T21:06:48.460+0800][2259.803s] GC(844) Pause Young (Allocation Failure)
[2022-03-27T21:06:48.460+0800][2259.804s] GC(844) Using 4 workers of 4 for evacuation
[2022-03-27T21:06:48.462+0800][2259.805s] GC(844) ParNew: 94373K->6467K(109248K)
[2022-03-27T21:06:48.462+0800][2259.806s] GC(844) CMS: 161015K->161322K(393216K)
[2022-03-27T21:06:48.462+0800][2259.806s] GC(844) Metaspace: 49806K->49806K(1095680K)
[2022-03-27T21:06:48.462+0800][2259.806s] GC(844) Pause Young (Allocation Failure) 249M->163M(490M) 2.135ms
[2022-03-27T21:06:48.462+0800][2259.806s] GC(844) User=0.01s Sys=0.00s Real=0.00s
[2022-03-27T21:06:48.757+0800][2260.101s] GC(845) Pause Young (Allocation Failure)
[2022-03-27T21:06:48.757+0800][2260.101s] GC(845) Using 4 workers of 4 for evacuation
[2022-03-27T21:06:48.759+0800][2260.103s] GC(845) ParNew: 93832K->7176K(109248K)
[2022-03-27T21:06:48.759+0800][2260.103s] GC(845) CMS: 161322K->161634K(393216K)
[2022-03-27T21:06:48.759+0800][2260.103s] GC(845) Metaspace: 49806K->49806K(1095680K)
[2022-03-27T21:06:48.759+0800][2260.103s] GC(845) Pause Young (Allocation Failure) 249M->164M(490M) 2.087ms
[2022-03-27T21:06:48.759+0800][2260.103s] GC(845) User=0.01s Sys=0.00s Real=0.00s
[2022-03-27T21:06:49.099+0800][2260.442s] GC(846) Pause Young (Allocation Failure)
[2022-03-27T21:06:49.099+0800][2260.442s] GC(846) Using 4 workers of 4 for evacuation
[2022-03-27T21:06:49.101+0800][2260.444s] GC(846) ParNew: 94600K->8268K(109248K)
[2022-03-27T21:06:49.101+0800][2260.444s] GC(846) CMS: 161634K->161908K(393216K)
[2022-03-27T21:06:49.101+0800][2260.445s] GC(846) Metaspace: 49806K->49806K(1095680K)
[2022-03-27T21:06:49.101+0800][2260.445s] GC(846) Pause Young (Allocation Failure) 250M->166M(490M) 2.106ms
[2022-03-27T21:06:49.101+0800][2260.445s] GC(846) User=0.00s Sys=0.00s Real=0.01s
[2022-03-27T21:06:49.383+0800][2260.727s] GC(847) Pause Young (Allocation Failure)
[2022-03-27T21:06:49.383+0800][2260.727s] GC(847) Using 4 workers of 4 for evacuation
[2022-03-27T21:06:49.385+0800][2260.729s] GC(847) ParNew: 95692K->8336K(109248K)
[2022-03-27T21:06:49.385+0800][2260.729s] GC(847) CMS: 161908K->162274K(393216K)
[2022-03-27T21:06:49.385+0800][2260.729s] GC(847) Metaspace: 49806K->49806K(1095680K)
[2022-03-27T21:06:49.385+0800][2260.729s] GC(847) Pause Young (Allocation Failure) 251M->166M(490M) 2.181ms
[2022-03-27T21:06:49.385+0800][2260.729s] GC(847) User=0.01s Sys=0.00s Real=0.00s
[2022-03-27T21:06:49.740+0800][2261.084s] GC(848) Pause Young (Allocation Failure)
[2022-03-27T21:06:49.740+0800][2261.084s] GC(848) Using 4 workers of 4 for evacuation
[2022-03-27T21:06:49.742+0800][2261.086s] GC(848) ParNew: 95760K->9151K(109248K)
[2022-03-27T21:06:49.742+0800][2261.086s] GC(848) CMS: 162274K->162598K(393216K)
[2022-03-27T21:06:49.742+0800][2261.086s] GC(848) Metaspace: 49806K->49806K(1095680K)
[2022-03-27T21:06:49.742+0800][2261.086s] GC(848) Pause Young (Allocation Failure) 251M->167M(490M) 2.243ms
[2022-03-27T21:06:49.742+0800][2261.086s] GC(848) User=0.00s Sys=0.00s Real=0.00s
[2022-03-27T21:06:50.056+0800][2261.399s] GC(849) Pause Young (Allocation Failure)
[2022-03-27T21:06:50.056+0800][2261.399s] GC(849) Using 4 workers of 4 for evacuation
[2022-03-27T21:06:50.058+0800][2261.402s] GC(849) ParNew: 96575K->9250K(109248K)
[2022-03-27T21:06:50.058+0800][2261.402s] GC(849) CMS: 162598K->162933K(393216K)
[2022-03-27T21:06:50.058+0800][2261.402s] GC(849) Metaspace: 49806K->49806K(1095680K)
[2022-03-27T21:06:50.058+0800][2261.402s] GC(849) Pause Young (Allocation Failure) 253M->168M(490M) 2.594ms
[2022-03-27T21:06:50.058+0800][2261.402s] GC(849) User=0.00s Sys=0.00s Real=0.00s
[2022-03-27T21:06:50.317+0800][2261.661s] GC(850) Pause Young (Allocation Failure)
[2022-03-27T21:06:50.317+0800][2261.661s] GC(850) Using 4 workers of 4 for evacuation
[2022-03-27T21:06:50.321+0800][2261.665s] GC(850) ParNew: 96674K->8387K(109248K)
[2022-03-27T21:06:50.321+0800][2261.665s] GC(850) CMS: 162933K->163218K(393216K)
[2022-03-27T21:06:50.321+0800][2261.665s] GC(850) Metaspace: 49806K->49806K(1095680K)
[2022-03-27T21:06:50.321+0800][2261.665s] GC(850) Pause Young (Allocation Failure) 253M->167M(490M) 3.817ms
[2022-03-27T21:06:50.321+0800][2261.665s] GC(850) User=0.01s Sys=0.00s Real=0.01s
[2022-03-27T21:06:50.622+0800][2261.966s] GC(851) Pause Young (Allocation Failure)
[2022-03-27T21:06:50.622+0800][2261.966s] GC(851) Using 4 workers of 4 for evacuation
[2022-03-27T21:06:50.624+0800][2261.968s] GC(851) ParNew: 95811K->9356K(109248K)
[2022-03-27T21:06:50.624+0800][2261.968s] GC(851) CMS: 163218K->163527K(393216K)
[2022-03-27T21:06:50.624+0800][2261.968s] GC(851) Metaspace: 49806K->49806K(1095680K)
[2022-03-27T21:06:50.624+0800][2261.968s] GC(851) Pause Young (Allocation Failure) 252M->168M(490M) 2.219ms
[2022-03-27T21:06:50.624+0800][2261.968s] GC(851) User=0.01s Sys=0.00s Real=0.00s
[2022-03-27T21:06:50.931+0800][2262.275s] GC(852) Pause Young (Allocation Failure)
[2022-03-27T21:06:50.931+0800][2262.275s] GC(852) Using 4 workers of 4 for evacuation
[2022-03-27T21:06:50.933+0800][2262.277s] GC(852) ParNew: 96780K->8624K(109248K)
[2022-03-27T21:06:50.933+0800][2262.277s] GC(852) CMS: 163527K->163845K(393216K)
[2022-03-27T21:06:50.933+0800][2262.277s] GC(852) Metaspace: 49806K->49806K(1095680K)
[2022-03-27T21:06:50.933+0800][2262.277s] GC(852) Pause Young (Allocation Failure) 254M->168M(490M) 2.240ms
[2022-03-27T21:06:50.933+0800][2262.277s] GC(852) User=0.00s Sys=0.00s Real=0.00s
[2022-03-27T21:06:51.223+0800][2262.567s] GC(853) Pause Young (Allocation Failure)
[2022-03-27T21:06:51.223+0800][2262.567s] GC(853) Using 4 workers of 4 for evacuation
[2022-03-27T21:06:51.225+0800][2262.569s] GC(853) ParNew: 96048K->9224K(109248K)
[2022-03-27T21:06:51.225+0800][2262.569s] GC(853) CMS: 163845K->164134K(393216K)
[2022-03-27T21:06:51.225+0800][2262.569s] GC(853) Metaspace: 49806K->49806K(1095680K)
[2022-03-27T21:06:51.225+0800][2262.569s] GC(853) Pause Young (Allocation Failure) 253M->169M(490M) 2.412ms
[2022-03-27T21:06:51.225+0800][2262.569s] GC(853) User=0.01s Sys=0.00s Real=0.00s
[2022-03-27T21:06:51.531+0800][2262.875s] GC(854) Pause Young (Allocation Failure)
[2022-03-27T21:06:51.531+0800][2262.875s] GC(854) Using 4 workers of 4 for evacuation
[2022-03-27T21:06:51.533+0800][2262.877s] GC(854) ParNew: 96648K->7479K(109248K)
[2022-03-27T21:06:51.533+0800][2262.877s] GC(854) CMS: 164134K->165613K(393216K)
[2022-03-27T21:06:51.533+0800][2262.877s] GC(854) Metaspace: 49806K->49806K(1095680K)
[2022-03-27T21:06:51.533+0800][2262.877s] GC(854) Pause Young (Allocation Failure) 254M->169M(490M) 2.189ms
[2022-03-27T21:06:51.533+0800][2262.877s] GC(854) User=0.00s Sys=0.00s Real=0.00s
[2022-03-27T21:06:51.823+0800][2263.167s] GC(855) Pause Young (Allocation Failure)
[2022-03-27T21:06:51.823+0800][2263.167s] GC(855) Using 4 workers of 4 for evacuation
[2022-03-27T21:06:51.826+0800][2263.169s] GC(855) ParNew: 94903K->8129K(109248K)
[2022-03-27T21:06:51.826+0800][2263.170s] GC(855) CMS: 165613K->165965K(393216K)
[2022-03-27T21:06:51.826+0800][2263.170s] GC(855) Metaspace: 49806K->49806K(1095680K)
[2022-03-27T21:06:51.826+0800][2263.170s] GC(855) Pause Young (Allocation Failure) 254M->170M(490M) 2.560ms
[2022-03-27T21:06:51.826+0800][2263.170s] GC(855) User=0.01s Sys=0.00s Real=0.00s
[2022-03-27T21:06:52.180+0800][2263.524s] GC(856) Pause Young (Allocation Failure)
[2022-03-27T21:06:52.180+0800][2263.524s] GC(856) Using 4 workers of 4 for evacuation
[2022-03-27T21:06:52.183+0800][2263.527s] GC(856) ParNew: 95553K->8405K(109248K)
[2022-03-27T21:06:52.183+0800][2263.527s] GC(856) CMS: 165965K->166281K(393216K)
[2022-03-27T21:06:52.183+0800][2263.527s] GC(856) Metaspace: 49806K->49806K(1095680K)
[2022-03-27T21:06:52.183+0800][2263.527s] GC(856) Pause Young (Allocation Failure) 255M->170M(490M) 3.318ms
[2022-03-27T21:06:52.183+0800][2263.527s] GC(856) User=0.01s Sys=0.00s Real=0.00s
[2022-03-27T21:06:52.539+0800][2263.883s] GC(857) Pause Young (Allocation Failure)
[2022-03-27T21:06:52.539+0800][2263.883s] GC(857) Using 4 workers of 4 for evacuation
[2022-03-27T21:06:52.542+0800][2263.885s] GC(857) ParNew: 95829K->8368K(109248K)
[2022-03-27T21:06:52.542+0800][2263.885s] GC(857) CMS: 166281K->166711K(393216K)
[2022-03-27T21:06:52.542+0800][2263.885s] GC(857) Metaspace: 49806K->49806K(1095680K)
[2022-03-27T21:06:52.542+0800][2263.886s] GC(857) Pause Young (Allocation Failure) 255M->170M(490M) 2.884ms
[2022-03-27T21:06:52.542+0800][2263.886s] GC(857) User=0.00s Sys=0.00s Real=0.01s
[2022-03-27T21:06:52.657+0800][2264.001s] GC(858) Pause Young (Allocation Failure)
[2022-03-27T21:06:52.657+0800][2264.001s] GC(858) Using 4 workers of 4 for evacuation
[2022-03-27T21:06:52.659+0800][2264.003s] GC(858) ParNew: 95792K->9466K(109248K)
[2022-03-27T21:06:52.659+0800][2264.003s] GC(858) CMS: 166711K->166990K(393216K)
[2022-03-27T21:06:52.659+0800][2264.003s] GC(858) Metaspace: 49808K->49808K(1095680K)
[2022-03-27T21:06:52.659+0800][2264.003s] GC(858) Pause Young (Allocation Failure) 256M->172M(490M) 2.228ms
[2022-03-27T21:06:52.659+0800][2264.003s] GC(858) User=0.01s Sys=0.00s Real=0.00s
[2022-03-27T21:06:52.795+0800][2264.139s] GC(859) Pause Young (Allocation Failure)
[2022-03-27T21:06:52.795+0800][2264.139s] GC(859) Using 4 workers of 4 for evacuation
[2022-03-27T21:06:52.797+0800][2264.141s] GC(859) ParNew: 96890K->11649K(109248K)
[2022-03-27T21:06:52.797+0800][2264.141s] GC(859) CMS: 166990K->167305K(393216K)
[2022-03-27T21:06:52.797+0800][2264.141s] GC(859) Metaspace: 49808K->49808K(1095680K)
[2022-03-27T21:06:52.797+0800][2264.141s] GC(859) Pause Young (Allocation Failure) 257M->174M(490M) 2.388ms
[2022-03-27T21:06:52.797+0800][2264.141s] GC(859) User=0.00s Sys=0.00s Real=0.00s
[2022-03-27T21:06:52.901+0800][2264.245s] GC(860) Pause Young (Allocation Failure)
[2022-03-27T21:06:52.901+0800][2264.245s] GC(860) Using 4 workers of 4 for evacuation
[2022-03-27T21:06:52.906+0800][2264.250s] GC(860) ParNew: 99073K->11969K(109248K)
[2022-03-27T21:06:52.906+0800][2264.250s] GC(860) CMS: 167305K->167631K(393216K)
[2022-03-27T21:06:52.906+0800][2264.250s] GC(860) Metaspace: 49808K->49808K(1095680K)
[2022-03-27T21:06:52.906+0800][2264.250s] GC(860) Pause Young (Allocation Failure) 260M->175M(490M) 4.786ms
[2022-03-27T21:06:52.906+0800][2264.250s] GC(860) User=0.01s Sys=0.00s Real=0.00s
[2022-03-27T21:06:56.060+0800][2267.404s] GC(861) Pause Young (Allocation Failure)
[2022-03-27T21:06:56.060+0800][2267.404s] GC(861) Using 4 workers of 4 for evacuation
[2022-03-27T21:06:56.063+0800][2267.407s] GC(861) ParNew: 99393K->9982K(109248K)
[2022-03-27T21:06:56.063+0800][2267.407s] GC(861) CMS: 167631K->168265K(393216K)
[2022-03-27T21:06:56.063+0800][2267.407s] GC(861) Metaspace: 49809K->49809K(1095680K)
[2022-03-27T21:06:56.064+0800][2267.407s] GC(861) Pause Young (Allocation Failure) 260M->174M(490M) 3.403ms
[2022-03-27T21:06:56.064+0800][2267.407s] GC(861) User=0.00s Sys=0.00s Real=0.00s
[2022-03-27T21:06:56.321+0800][2267.665s] GC(862) Pause Young (Allocation Failure)
[2022-03-27T21:06:56.321+0800][2267.665s] GC(862) Using 4 workers of 4 for evacuation
[2022-03-27T21:06:56.324+0800][2267.668s] GC(862) ParNew: 97406K->10218K(109248K)
[2022-03-27T21:06:56.324+0800][2267.668s] GC(862) CMS: 168265K->168951K(393216K)
[2022-03-27T21:06:56.324+0800][2267.668s] GC(862) Metaspace: 49811K->49811K(1095680K)
[2022-03-27T21:06:56.324+0800][2267.668s] GC(862) Pause Young (Allocation Failure) 259M->174M(490M) 3.024ms
[2022-03-27T21:06:56.324+0800][2267.668s] GC(862) User=0.01s Sys=0.00s Real=0.00s
[2022-03-27T21:06:56.597+0800][2267.941s] GC(863) Pause Young (Allocation Failure)
[2022-03-27T21:06:56.597+0800][2267.941s] GC(863) Using 4 workers of 4 for evacuation
[2022-03-27T21:06:56.600+0800][2267.944s] GC(863) ParNew: 97642K->11522K(109248K)
[2022-03-27T21:06:56.600+0800][2267.944s] GC(863) CMS: 168951K->169588K(393216K)
[2022-03-27T21:06:56.600+0800][2267.944s] GC(863) Metaspace: 49811K->49811K(1095680K)
[2022-03-27T21:06:56.600+0800][2267.944s] GC(863) Pause Young (Allocation Failure) 260M->176M(490M) 3.070ms
[2022-03-27T21:06:56.600+0800][2267.944s] GC(863) User=0.00s Sys=0.00s Real=0.01s
[2022-03-27T21:06:56.821+0800][2268.165s] GC(864) Pause Young (Allocation Failure)
[2022-03-27T21:06:56.821+0800][2268.165s] GC(864) Using 4 workers of 4 for evacuation
[2022-03-27T21:06:56.826+0800][2268.170s] GC(864) ParNew: 98946K->11670K(109248K)
[2022-03-27T21:06:56.826+0800][2268.170s] GC(864) CMS: 169588K->170081K(393216K)
[2022-03-27T21:06:56.826+0800][2268.170s] GC(864) Metaspace: 49811K->49811K(1095680K)
[2022-03-27T21:06:56.826+0800][2268.170s] GC(864) Pause Young (Allocation Failure) 262M->177M(490M) 4.984ms
[2022-03-27T21:06:56.826+0800][2268.170s] GC(864) User=0.02s Sys=0.00s Real=0.00s
[2022-03-27T21:06:57.105+0800][2268.448s] GC(865) Pause Young (Allocation Failure)
[2022-03-27T21:06:57.105+0800][2268.448s] GC(865) Using 4 workers of 4 for evacuation
[2022-03-27T21:06:57.107+0800][2268.451s] GC(865) ParNew: 99094K->9954K(109248K)
[2022-03-27T21:06:57.107+0800][2268.451s] GC(865) CMS: 170081K->170799K(393216K)
[2022-03-27T21:06:57.107+0800][2268.451s] GC(865) Metaspace: 49811K->49811K(1095680K)
[2022-03-27T21:06:57.107+0800][2268.451s] GC(865) Pause Young (Allocation Failure) 262M->176M(490M) 2.817ms
[2022-03-27T21:06:57.107+0800][2268.451s] GC(865) User=0.01s Sys=0.00s Real=0.00s
[2022-03-27T21:06:57.406+0800][2268.750s] GC(866) Pause Young (Allocation Failure)
[2022-03-27T21:06:57.406+0800][2268.750s] GC(866) Using 4 workers of 4 for evacuation
[2022-03-27T21:06:57.408+0800][2268.752s] GC(866) ParNew: 97378K->9277K(109248K)
[2022-03-27T21:06:57.408+0800][2268.752s] GC(866) CMS: 170799K->173534K(393216K)
[2022-03-27T21:06:57.408+0800][2268.752s] GC(866) Metaspace: 49811K->49811K(1095680K)
[2022-03-27T21:06:57.408+0800][2268.752s] GC(866) Pause Young (Allocation Failure) 261M->178M(490M) 2.583ms
[2022-03-27T21:06:57.408+0800][2268.752s] GC(866) User=0.01s Sys=0.00s Real=0.00s
[2022-03-27T21:06:57.690+0800][2269.033s] GC(867) Pause Young (Allocation Failure)
[2022-03-27T21:06:57.690+0800][2269.033s] GC(867) Using 4 workers of 4 for evacuation
[2022-03-27T21:06:57.692+0800][2269.036s] GC(867) ParNew: 96701K->8316K(109248K)
[2022-03-27T21:06:57.692+0800][2269.036s] GC(867) CMS: 173534K->173618K(393216K)
[2022-03-27T21:06:57.692+0800][2269.036s] GC(867) Metaspace: 49811K->49811K(1095680K)
[2022-03-27T21:06:57.692+0800][2269.036s] GC(867) Pause Young (Allocation Failure) 263M->177M(490M) 2.596ms
[2022-03-27T21:06:57.692+0800][2269.036s] GC(867) User=0.00s Sys=0.00s Real=0.00s
[2022-03-27T21:06:57.985+0800][2269.329s] GC(868) Pause Young (Allocation Failure)
[2022-03-27T21:06:57.985+0800][2269.329s] GC(868) Using 4 workers of 4 for evacuation
[2022-03-27T21:06:57.987+0800][2269.331s] GC(868) ParNew: 95740K->9040K(109248K)
[2022-03-27T21:06:57.987+0800][2269.331s] GC(868) CMS: 173618K->173632K(393216K)
[2022-03-27T21:06:57.987+0800][2269.331s] GC(868) Metaspace: 49811K->49811K(1095680K)
[2022-03-27T21:06:57.988+0800][2269.331s] GC(868) Pause Young (Allocation Failure) 263M->178M(490M) 2.404ms
[2022-03-27T21:06:57.988+0800][2269.331s] GC(868) User=0.01s Sys=0.00s Real=0.00s
[2022-03-27T21:06:58.306+0800][2269.650s] GC(869) Pause Young (Allocation Failure)
[2022-03-27T21:06:58.306+0800][2269.650s] GC(869) Using 4 workers of 4 for evacuation
[2022-03-27T21:06:58.309+0800][2269.652s] GC(869) ParNew: 96464K->10719K(109248K)
[2022-03-27T21:06:58.309+0800][2269.653s] GC(869) CMS: 173632K->173696K(393216K)
[2022-03-27T21:06:58.309+0800][2269.653s] GC(869) Metaspace: 49811K->49811K(1095680K)
[2022-03-27T21:06:58.309+0800][2269.653s] GC(869) Pause Young (Allocation Failure) 263M->180M(490M) 2.365ms
[2022-03-27T21:06:58.309+0800][2269.653s] GC(869) User=0.01s Sys=0.00s Real=0.00s
[2022-03-27T21:06:58.670+0800][2270.014s] GC(870) Pause Young (Allocation Failure)
[2022-03-27T21:06:58.671+0800][2270.014s] GC(870) Using 4 workers of 4 for evacuation
[2022-03-27T21:06:58.673+0800][2270.017s] GC(870) ParNew: 98143K->6198K(109248K)
[2022-03-27T21:06:58.673+0800][2270.017s] GC(870) CMS: 173696K->177475K(393216K)
[2022-03-27T21:06:58.673+0800][2270.017s] GC(870) Metaspace: 49811K->49811K(1095680K)
[2022-03-27T21:06:58.673+0800][2270.017s] GC(870) Pause Young (Allocation Failure) 265M->179M(490M) 2.820ms
[2022-03-27T21:06:58.673+0800][2270.017s] GC(870) User=0.01s Sys=0.00s Real=0.00s
[2022-03-27T21:06:58.964+0800][2270.308s] GC(871) Pause Young (Allocation Failure)
[2022-03-27T21:06:58.964+0800][2270.308s] GC(871) Using 4 workers of 4 for evacuation
[2022-03-27T21:06:58.966+0800][2270.310s] GC(871) ParNew: 93622K->5650K(109248K)
[2022-03-27T21:06:58.966+0800][2270.310s] GC(871) CMS: 177475K->177818K(393216K)
[2022-03-27T21:06:58.966+0800][2270.310s] GC(871) Metaspace: 49811K->49811K(1095680K)
[2022-03-27T21:06:58.966+0800][2270.310s] GC(871) Pause Young (Allocation Failure) 264M->179M(490M) 2.132ms
[2022-03-27T21:06:58.966+0800][2270.310s] GC(871) User=0.01s Sys=0.00s Real=0.00s
[2022-03-27T21:06:59.253+0800][2270.597s] GC(872) Pause Young (Allocation Failure)
[2022-03-27T21:06:59.253+0800][2270.597s] GC(872) Using 4 workers of 4 for evacuation
[2022-03-27T21:06:59.255+0800][2270.599s] GC(872) ParNew: 93074K->7616K(109248K)
[2022-03-27T21:06:59.255+0800][2270.599s] GC(872) CMS: 177818K->177982K(393216K)
[2022-03-27T21:06:59.255+0800][2270.599s] GC(872) Metaspace: 49811K->49811K(1095680K)
[2022-03-27T21:06:59.255+0800][2270.599s] GC(872) Pause Young (Allocation Failure) 264M->181M(490M) 2.102ms
[2022-03-27T21:06:59.255+0800][2270.599s] GC(872) User=0.00s Sys=0.00s Real=0.00s
[2022-03-27T21:06:59.568+0800][2270.912s] GC(873) Pause Young (Allocation Failure)
[2022-03-27T21:06:59.568+0800][2270.912s] GC(873) Using 4 workers of 4 for evacuation
[2022-03-27T21:06:59.570+0800][2270.914s] GC(873) ParNew: 95040K->6017K(109248K)
[2022-03-27T21:06:59.570+0800][2270.914s] GC(873) CMS: 177982K->178324K(393216K)
[2022-03-27T21:06:59.570+0800][2270.914s] GC(873) Metaspace: 49811K->49811K(1095680K)
[2022-03-27T21:06:59.570+0800][2270.914s] GC(873) Pause Young (Allocation Failure) 266M->180M(490M) 2.162ms
[2022-03-27T21:06:59.570+0800][2270.914s] GC(873) User=0.01s Sys=0.00s Real=0.01s
[2022-03-27T21:06:59.887+0800][2271.230s] GC(874) Pause Young (Allocation Failure)
[2022-03-27T21:06:59.887+0800][2271.230s] GC(874) Using 4 workers of 4 for evacuation
[2022-03-27T21:06:59.889+0800][2271.233s] GC(874) ParNew: 93441K->7598K(109248K)
[2022-03-27T21:06:59.889+0800][2271.233s] GC(874) CMS: 178324K->178680K(393216K)
[2022-03-27T21:06:59.889+0800][2271.233s] GC(874) Metaspace: 49811K->49811K(1095680K)
[2022-03-27T21:06:59.889+0800][2271.233s] GC(874) Pause Young (Allocation Failure) 265M->181M(490M) 2.331ms
[2022-03-27T21:06:59.889+0800][2271.233s] GC(874) User=0.00s Sys=0.00s Real=0.00s
[2022-03-27T21:07:00.180+0800][2271.524s] GC(875) Pause Young (Allocation Failure)
[2022-03-27T21:07:00.180+0800][2271.524s] GC(875) Using 4 workers of 4 for evacuation
[2022-03-27T21:07:00.183+0800][2271.527s] GC(875) ParNew: 95022K->6276K(109248K)
[2022-03-27T21:07:00.183+0800][2271.527s] GC(875) CMS: 178680K->178925K(393216K)
[2022-03-27T21:07:00.183+0800][2271.527s] GC(875) Metaspace: 49811K->49811K(1095680K)
[2022-03-27T21:07:00.183+0800][2271.527s] GC(875) Pause Young (Allocation Failure) 267M->180M(490M) 2.911ms
[2022-03-27T21:07:00.183+0800][2271.527s] GC(875) User=0.01s Sys=0.00s Real=0.00s
[2022-03-27T21:07:00.486+0800][2271.830s] GC(876) Pause Young (Allocation Failure)
[2022-03-27T21:07:00.486+0800][2271.830s] GC(876) Using 4 workers of 4 for evacuation
[2022-03-27T21:07:00.489+0800][2271.832s] GC(876) ParNew: 93700K->8787K(109248K)
[2022-03-27T21:07:00.489+0800][2271.833s] GC(876) CMS: 178925K->179286K(393216K)
[2022-03-27T21:07:00.489+0800][2271.833s] GC(876) Metaspace: 49811K->49811K(1095680K)
[2022-03-27T21:07:00.489+0800][2271.833s] GC(876) Pause Young (Allocation Failure) 266M->183M(490M) 2.403ms
[2022-03-27T21:07:00.489+0800][2271.833s] GC(876) User=0.01s Sys=0.00s Real=0.00s
[2022-03-27T21:07:00.813+0800][2272.157s] GC(877) Pause Young (Allocation Failure)
[2022-03-27T21:07:00.813+0800][2272.157s] GC(877) Using 4 workers of 4 for evacuation
[2022-03-27T21:07:00.815+0800][2272.159s] GC(877) ParNew: 96211K->6776K(109248K)
[2022-03-27T21:07:00.815+0800][2272.159s] GC(877) CMS: 179286K->179660K(393216K)
[2022-03-27T21:07:00.815+0800][2272.159s] GC(877) Metaspace: 49811K->49811K(1095680K)
[2022-03-27T21:07:00.815+0800][2272.159s] GC(877) Pause Young (Allocation Failure) 269M->182M(490M) 2.201ms
[2022-03-27T21:07:00.815+0800][2272.159s] GC(877) User=0.01s Sys=0.00s Real=0.00s
[2022-03-27T21:07:01.119+0800][2272.463s] GC(878) Pause Young (Allocation Failure)
[2022-03-27T21:07:01.119+0800][2272.463s] GC(878) Using 4 workers of 4 for evacuation
[2022-03-27T21:07:01.121+0800][2272.465s] GC(878) ParNew: 94200K->7329K(109248K)
[2022-03-27T21:07:01.121+0800][2272.465s] GC(878) CMS: 179660K->179908K(393216K)
[2022-03-27T21:07:01.121+0800][2272.465s] GC(878) Metaspace: 49811K->49811K(1095680K)
[2022-03-27T21:07:01.121+0800][2272.465s] GC(878) Pause Young (Allocation Failure) 267M->182M(490M) 2.051ms
[2022-03-27T21:07:01.121+0800][2272.465s] GC(878) User=0.01s Sys=0.00s Real=0.01s
[2022-03-27T21:07:01.443+0800][2272.787s] GC(879) Pause Young (Allocation Failure)
[2022-03-27T21:07:01.443+0800][2272.787s] GC(879) Using 4 workers of 4 for evacuation
[2022-03-27T21:07:01.445+0800][2272.789s] GC(879) ParNew: 94753K->7198K(109248K)
[2022-03-27T21:07:01.445+0800][2272.789s] GC(879) CMS: 179908K->180224K(393216K)
[2022-03-27T21:07:01.445+0800][2272.789s] GC(879) Metaspace: 49811K->49811K(1095680K)
[2022-03-27T21:07:01.445+0800][2272.789s] GC(879) Pause Young (Allocation Failure) 268M->183M(490M) 2.106ms
[2022-03-27T21:07:01.445+0800][2272.789s] GC(879) User=0.01s Sys=0.00s Real=0.00s
[2022-03-27T21:07:01.719+0800][2273.062s] GC(880) Pause Young (Allocation Failure)
[2022-03-27T21:07:01.719+0800][2273.062s] GC(880) Using 4 workers of 4 for evacuation
[2022-03-27T21:07:01.721+0800][2273.065s] GC(880) ParNew: 94622K->6353K(109248K)
[2022-03-27T21:07:01.721+0800][2273.065s] GC(880) CMS: 180224K->181058K(393216K)
[2022-03-27T21:07:01.721+0800][2273.065s] GC(880) Metaspace: 49811K->49811K(1095680K)
[2022-03-27T21:07:01.721+0800][2273.065s] GC(880) Pause Young (Allocation Failure) 268M->183M(490M) 2.232ms
[2022-03-27T21:07:01.721+0800][2273.065s] GC(880) User=0.01s Sys=0.00s Real=0.01s
[2022-03-27T21:07:02.015+0800][2273.359s] GC(881) Pause Young (Allocation Failure)
[2022-03-27T21:07:02.015+0800][2273.359s] GC(881) Using 4 workers of 4 for evacuation
[2022-03-27T21:07:02.017+0800][2273.361s] GC(881) ParNew: 93777K->6875K(109248K)
[2022-03-27T21:07:02.017+0800][2273.361s] GC(881) CMS: 181058K->181390K(393216K)
[2022-03-27T21:07:02.017+0800][2273.361s] GC(881) Metaspace: 49811K->49811K(1095680K)
[2022-03-27T21:07:02.017+0800][2273.361s] GC(881) Pause Young (Allocation Failure) 268M->183M(490M) 2.143ms
[2022-03-27T21:07:02.017+0800][2273.361s] GC(881) User=0.00s Sys=0.00s Real=0.00s
[2022-03-27T21:07:02.310+0800][2273.654s] GC(882) Pause Young (Allocation Failure)
[2022-03-27T21:07:02.310+0800][2273.654s] GC(882) Using 4 workers of 4 for evacuation
[2022-03-27T21:07:02.313+0800][2273.657s] GC(882) ParNew: 94299K->7878K(109248K)
[2022-03-27T21:07:02.313+0800][2273.657s] GC(882) CMS: 181390K->181825K(393216K)
[2022-03-27T21:07:02.313+0800][2273.657s] GC(882) Metaspace: 49811K->49811K(1095680K)
[2022-03-27T21:07:02.313+0800][2273.657s] GC(882) Pause Young (Allocation Failure) 269M->185M(490M) 2.755ms
[2022-03-27T21:07:02.313+0800][2273.657s] GC(882) User=0.00s Sys=0.00s Real=0.00s
[2022-03-27T21:07:02.645+0800][2273.989s] GC(883) Pause Young (Allocation Failure)
[2022-03-27T21:07:02.645+0800][2273.989s] GC(883) Using 4 workers of 4 for evacuation
[2022-03-27T21:07:02.647+0800][2273.991s] GC(883) ParNew: 95302K->6992K(109248K)
[2022-03-27T21:07:02.647+0800][2273.991s] GC(883) CMS: 181825K->182150K(393216K)
[2022-03-27T21:07:02.647+0800][2273.991s] GC(883) Metaspace: 49811K->49811K(1095680K)
[2022-03-27T21:07:02.647+0800][2273.991s] GC(883) Pause Young (Allocation Failure) 270M->184M(490M) 2.300ms
[2022-03-27T21:07:02.647+0800][2273.991s] GC(883) User=0.01s Sys=0.00s Real=0.00s
[2022-03-27T21:07:02.930+0800][2274.274s] GC(884) Pause Young (Allocation Failure)
[2022-03-27T21:07:02.930+0800][2274.274s] GC(884) Using 4 workers of 4 for evacuation
[2022-03-27T21:07:02.933+0800][2274.276s] GC(884) ParNew: 94416K->7110K(109248K)
[2022-03-27T21:07:02.933+0800][2274.276s] GC(884) CMS: 182150K->182579K(393216K)
[2022-03-27T21:07:02.933+0800][2274.276s] GC(884) Metaspace: 49811K->49811K(1095680K)
[2022-03-27T21:07:02.933+0800][2274.276s] GC(884) Pause Young (Allocation Failure) 270M->185M(490M) 2.296ms
[2022-03-27T21:07:02.933+0800][2274.277s] GC(884) User=0.01s Sys=0.00s Real=0.00s
[2022-03-27T21:07:03.237+0800][2274.581s] GC(885) Pause Young (Allocation Failure)
[2022-03-27T21:07:03.237+0800][2274.581s] GC(885) Using 4 workers of 4 for evacuation
[2022-03-27T21:07:03.240+0800][2274.583s] GC(885) ParNew: 94534K->7980K(109248K)
[2022-03-27T21:07:03.240+0800][2274.583s] GC(885) CMS: 182579K->182994K(393216K)
[2022-03-27T21:07:03.240+0800][2274.584s] GC(885) Metaspace: 49811K->49811K(1095680K)
[2022-03-27T21:07:03.240+0800][2274.584s] GC(885) Pause Young (Allocation Failure) 270M->186M(490M) 2.779ms
[2022-03-27T21:07:03.240+0800][2274.584s] GC(885) User=0.01s Sys=0.00s Real=0.01s
[2022-03-27T21:07:03.535+0800][2274.878s] GC(886) Pause Young (Allocation Failure)
[2022-03-27T21:07:03.535+0800][2274.878s] GC(886) Using 4 workers of 4 for evacuation
[2022-03-27T21:07:03.537+0800][2274.880s] GC(886) ParNew: 95404K->7341K(109248K)
[2022-03-27T21:07:03.537+0800][2274.880s] GC(886) CMS: 182994K->183343K(393216K)
[2022-03-27T21:07:03.537+0800][2274.880s] GC(886) Metaspace: 49811K->49811K(1095680K)
[2022-03-27T21:07:03.537+0800][2274.880s] GC(886) Pause Young (Allocation Failure) 271M->186M(490M) 2.131ms
[2022-03-27T21:07:03.537+0800][2274.880s] GC(886) User=0.00s Sys=0.00s Real=0.00s
[2022-03-27T21:07:03.851+0800][2275.194s] GC(887) Pause Young (Allocation Failure)
[2022-03-27T21:07:03.851+0800][2275.194s] GC(887) Using 4 workers of 4 for evacuation
[2022-03-27T21:07:03.853+0800][2275.197s] GC(887) ParNew: 94765K->7509K(109248K)
[2022-03-27T21:07:03.853+0800][2275.197s] GC(887) CMS: 183343K->183659K(393216K)
[2022-03-27T21:07:03.853+0800][2275.197s] GC(887) Metaspace: 49811K->49811K(1095680K)
[2022-03-27T21:07:03.853+0800][2275.197s] GC(887) Pause Young (Allocation Failure) 271M->186M(490M) 2.302ms
[2022-03-27T21:07:03.853+0800][2275.197s] GC(887) User=0.01s Sys=0.00s Real=0.00s
[2022-03-27T21:07:04.195+0800][2275.539s] GC(888) Pause Young (Allocation Failure)
[2022-03-27T21:07:04.195+0800][2275.539s] GC(888) Using 4 workers of 4 for evacuation
[2022-03-27T21:07:04.197+0800][2275.541s] GC(888) ParNew: 94926K->8516K(109248K)
[2022-03-27T21:07:04.197+0800][2275.541s] GC(888) CMS: 183659K->184038K(393216K)
[2022-03-27T21:07:04.197+0800][2275.541s] GC(888) Metaspace: 49811K->49811K(1095680K)
[2022-03-27T21:07:04.197+0800][2275.541s] GC(888) Pause Young (Allocation Failure) 272M->188M(490M) 2.198ms
[2022-03-27T21:07:04.197+0800][2275.541s] GC(888) User=0.01s Sys=0.00s Real=0.00s
[2022-03-27T21:07:04.489+0800][2275.833s] GC(889) Pause Young (Allocation Failure)
[2022-03-27T21:07:04.490+0800][2275.833s] GC(889) Using 4 workers of 4 for evacuation
[2022-03-27T21:07:04.493+0800][2275.836s] GC(889) ParNew: 95915K->8465K(109248K)
[2022-03-27T21:07:04.493+0800][2275.836s] GC(889) CMS: 184038K->184445K(393216K)
[2022-03-27T21:07:04.493+0800][2275.836s] GC(889) Metaspace: 49811K->49811K(1095680K)
[2022-03-27T21:07:04.493+0800][2275.837s] GC(889) Pause Young (Allocation Failure) 273M->188M(490M) 3.309ms
[2022-03-27T21:07:04.493+0800][2275.837s] GC(889) User=0.01s Sys=0.00s Real=0.01s
[2022-03-27T21:07:04.805+0800][2276.148s] GC(890) Pause Young (Allocation Failure)
[2022-03-27T21:07:04.805+0800][2276.148s] GC(890) Using 4 workers of 4 for evacuation
[2022-03-27T21:07:04.808+0800][2276.151s] GC(890) ParNew: 95889K->9534K(109248K)
[2022-03-27T21:07:04.808+0800][2276.151s] GC(890) CMS: 184445K->184700K(393216K)
[2022-03-27T21:07:04.808+0800][2276.151s] GC(890) Metaspace: 49811K->49811K(1095680K)
[2022-03-27T21:07:04.808+0800][2276.151s] GC(890) Pause Young (Allocation Failure) 273M->189M(490M) 3.071ms
[2022-03-27T21:07:04.808+0800][2276.151s] GC(890) User=0.00s Sys=0.00s Real=0.00s
[2022-03-27T21:07:05.140+0800][2276.484s] GC(891) Pause Young (Allocation Failure)
[2022-03-27T21:07:05.140+0800][2276.484s] GC(891) Using 4 workers of 4 for evacuation
[2022-03-27T21:07:05.143+0800][2276.487s] GC(891) ParNew: 96958K->8310K(109248K)
[2022-03-27T21:07:05.143+0800][2276.487s] GC(891) CMS: 184700K->185089K(393216K)
[2022-03-27T21:07:05.143+0800][2276.487s] GC(891) Metaspace: 49811K->49811K(1095680K)
[2022-03-27T21:07:05.143+0800][2276.487s] GC(891) Pause Young (Allocation Failure) 275M->188M(490M) 3.531ms
[2022-03-27T21:07:05.143+0800][2276.487s] GC(891) User=0.01s Sys=0.00s Real=0.00s
[2022-03-27T21:07:05.448+0800][2276.792s] GC(892) Pause Young (Allocation Failure)
[2022-03-27T21:07:05.448+0800][2276.792s] GC(892) Using 4 workers of 4 for evacuation
[2022-03-27T21:07:05.450+0800][2276.794s] GC(892) ParNew: 95734K->8096K(109248K)
[2022-03-27T21:07:05.450+0800][2276.794s] GC(892) CMS: 185089K->185585K(393216K)
[2022-03-27T21:07:05.450+0800][2276.794s] GC(892) Metaspace: 49811K->49811K(1095680K)
[2022-03-27T21:07:05.450+0800][2276.794s] GC(892) Pause Young (Allocation Failure) 274M->189M(490M) 2.424ms
[2022-03-27T21:07:05.450+0800][2276.794s] GC(892) User=0.01s Sys=0.00s Real=0.01s
[2022-03-27T21:07:05.759+0800][2277.103s] GC(893) Pause Young (Allocation Failure)
[2022-03-27T21:07:05.760+0800][2277.103s] GC(893) Using 4 workers of 4 for evacuation
[2022-03-27T21:07:05.762+0800][2277.106s] GC(893) ParNew: 95520K->8676K(109248K)
[2022-03-27T21:07:05.762+0800][2277.106s] GC(893) CMS: 185585K->185870K(393216K)
[2022-03-27T21:07:05.762+0800][2277.106s] GC(893) Metaspace: 49811K->49811K(1095680K)
[2022-03-27T21:07:05.762+0800][2277.106s] GC(893) Pause Young (Allocation Failure) 274M->189M(490M) 2.455ms
[2022-03-27T21:07:05.762+0800][2277.106s] GC(893) User=0.01s Sys=0.00s Real=0.01s
[2022-03-27T21:07:06.076+0800][2277.420s] GC(894) Pause Young (Allocation Failure)
[2022-03-27T21:07:06.076+0800][2277.420s] GC(894) Using 4 workers of 4 for evacuation
[2022-03-27T21:07:06.079+0800][2277.422s] GC(894) ParNew: 96100K->8420K(109248K)
[2022-03-27T21:07:06.079+0800][2277.422s] GC(894) CMS: 185870K->186206K(393216K)
[2022-03-27T21:07:06.079+0800][2277.422s] GC(894) Metaspace: 49811K->49811K(1095680K)
[2022-03-27T21:07:06.079+0800][2277.422s] GC(894) Pause Young (Allocation Failure) 275M->190M(490M) 2.346ms
[2022-03-27T21:07:06.079+0800][2277.423s] GC(894) User=0.01s Sys=0.00s Real=0.00s
[2022-03-27T21:07:06.396+0800][2277.740s] GC(895) Pause Young (Allocation Failure)
[2022-03-27T21:07:06.396+0800][2277.740s] GC(895) Using 4 workers of 4 for evacuation
[2022-03-27T21:07:06.398+0800][2277.742s] GC(895) ParNew: 95844K->8972K(109248K)
[2022-03-27T21:07:06.398+0800][2277.742s] GC(895) CMS: 186206K->186522K(393216K)
[2022-03-27T21:07:06.399+0800][2277.742s] GC(895) Metaspace: 49811K->49811K(1095680K)
[2022-03-27T21:07:06.399+0800][2277.742s] GC(895) Pause Young (Allocation Failure) 275M->190M(490M) 2.159ms
[2022-03-27T21:07:06.399+0800][2277.742s] GC(895) User=0.01s Sys=0.00s Real=0.00s
[2022-03-27T21:07:06.698+0800][2278.041s] GC(896) Pause Young (Allocation Failure)
[2022-03-27T21:07:06.698+0800][2278.042s] GC(896) Using 4 workers of 4 for evacuation
[2022-03-27T21:07:06.701+0800][2278.045s] GC(896) ParNew: 96396K->7710K(109248K)
[2022-03-27T21:07:06.701+0800][2278.045s] GC(896) CMS: 186522K->188012K(393216K)
[2022-03-27T21:07:06.701+0800][2278.045s] GC(896) Metaspace: 49811K->49811K(1095680K)
[2022-03-27T21:07:06.701+0800][2278.045s] GC(896) Pause Young (Allocation Failure) 276M->191M(490M) 3.729ms
[2022-03-27T21:07:06.701+0800][2278.045s] GC(896) User=0.01s Sys=0.00s Real=0.01s
[2022-03-27T21:07:07.058+0800][2278.402s] GC(897) Pause Young (Allocation Failure)
[2022-03-27T21:07:07.058+0800][2278.402s] GC(897) Using 4 workers of 4 for evacuation
[2022-03-27T21:07:07.060+0800][2278.404s] GC(897) ParNew: 95134K->7574K(109248K)
[2022-03-27T21:07:07.060+0800][2278.404s] GC(897) CMS: 188012K->188365K(393216K)
[2022-03-27T21:07:07.060+0800][2278.404s] GC(897) Metaspace: 49811K->49811K(1095680K)
[2022-03-27T21:07:07.060+0800][2278.404s] GC(897) Pause Young (Allocation Failure) 276M->191M(490M) 2.026ms
[2022-03-27T21:07:07.060+0800][2278.404s] GC(897) User=0.00s Sys=0.00s Real=0.01s
[2022-03-27T21:07:07.359+0800][2278.702s] GC(898) Pause Young (Allocation Failure)
[2022-03-27T21:07:07.359+0800][2278.702s] GC(898) Using 4 workers of 4 for evacuation
[2022-03-27T21:07:07.361+0800][2278.705s] GC(898) ParNew: 94998K->7740K(109248K)
[2022-03-27T21:07:07.361+0800][2278.705s] GC(898) CMS: 188365K->188669K(393216K)
[2022-03-27T21:07:07.361+0800][2278.705s] GC(898) Metaspace: 49811K->49811K(1095680K)
[2022-03-27T21:07:07.361+0800][2278.705s] GC(898) Pause Young (Allocation Failure) 276M->191M(490M) 2.741ms
[2022-03-27T21:07:07.361+0800][2278.705s] GC(898) User=0.00s Sys=0.00s Real=0.01s
[2022-03-27T21:07:07.668+0800][2279.011s] GC(899) Pause Young (Allocation Failure)
[2022-03-27T21:07:07.668+0800][2279.012s] GC(899) Using 4 workers of 4 for evacuation
[2022-03-27T21:07:07.670+0800][2279.013s] GC(899) ParNew: 94898K->10658K(109248K)
[2022-03-27T21:07:07.670+0800][2279.014s] GC(899) CMS: 188669K->188983K(393216K)
[2022-03-27T21:07:07.670+0800][2279.014s] GC(899) Metaspace: 49813K->49813K(1095680K)
[2022-03-27T21:07:07.670+0800][2279.014s] GC(899) Pause Young (Allocation Failure) 276M->194M(490M) 2.097ms
[2022-03-27T21:07:07.670+0800][2279.014s] GC(899) User=0.01s Sys=0.00s Real=0.01s
[2022-03-27T21:07:07.746+0800][2279.089s] GC(900) Pause Young (Allocation Failure)
[2022-03-27T21:07:07.746+0800][2279.089s] GC(900) Using 4 workers of 4 for evacuation
[2022-03-27T21:07:07.748+0800][2279.092s] GC(900) ParNew: 98082K->11282K(109248K)
[2022-03-27T21:07:07.748+0800][2279.092s] GC(900) CMS: 188983K->189376K(393216K)
[2022-03-27T21:07:07.748+0800][2279.092s] GC(900) Metaspace: 49813K->49813K(1095680K)
[2022-03-27T21:07:07.748+0800][2279.092s] GC(900) Pause Young (Allocation Failure) 280M->195M(490M) 2.297ms
[2022-03-27T21:07:07.748+0800][2279.092s] GC(900) User=0.01s Sys=0.00s Real=0.00s
[2022-03-27T21:07:07.875+0800][2279.218s] GC(901) Pause Young (Allocation Failure)
[2022-03-27T21:07:07.875+0800][2279.218s] GC(901) Using 4 workers of 4 for evacuation
[2022-03-27T21:07:07.877+0800][2279.221s] GC(901) ParNew: 98706K->13778K(109248K)
[2022-03-27T21:07:07.877+0800][2279.221s] GC(901) CMS: 189376K->189716K(393216K)
[2022-03-27T21:07:07.877+0800][2279.221s] GC(901) Metaspace: 49813K->49813K(1095680K)
[2022-03-27T21:07:07.877+0800][2279.221s] GC(901) Pause Young (Allocation Failure) 281M->198M(490M) 2.244ms
[2022-03-27T21:07:07.877+0800][2279.221s] GC(901) User=0.00s Sys=0.00s Real=0.00s
[2022-03-27T21:07:10.521+0800][2281.865s] GC(902) Pause Young (Allocation Failure)
[2022-03-27T21:07:10.536+0800][2281.879s] GC(902) Using 4 workers of 4 for evacuation
[2022-03-27T21:07:10.540+0800][2281.884s] GC(902) ParNew: 101202K->10092K(109248K)
[2022-03-27T21:07:10.540+0800][2281.884s] GC(902) CMS: 189716K->192606K(393216K)
[2022-03-27T21:07:10.541+0800][2281.884s] GC(902) Metaspace: 49827K->49827K(1095680K)
[2022-03-27T21:07:10.541+0800][2281.884s] GC(902) Pause Young (Allocation Failure) 284M->197M(490M) 19.125ms
[2022-03-27T21:07:10.541+0800][2281.884s] GC(902) User=0.01s Sys=0.00s Real=0.02s
[2022-03-27T21:07:12.010+0800][2283.354s] GC(903) Pause Young (Allocation Failure)
[2022-03-27T21:07:12.010+0800][2283.354s] GC(903) Using 4 workers of 4 for evacuation
[2022-03-27T21:07:12.012+0800][2283.356s] GC(903) ParNew: 97516K->7773K(109248K)
[2022-03-27T21:07:12.012+0800][2283.356s] GC(903) CMS: 192606K->193276K(393216K)
[2022-03-27T21:07:12.012+0800][2283.356s] GC(903) Metaspace: 49833K->49833K(1095680K)
[2022-03-27T21:07:12.012+0800][2283.356s] GC(903) Pause Young (Allocation Failure) 283M->196M(490M) 2.378ms
[2022-03-27T21:07:12.012+0800][2283.356s] GC(903) User=0.01s Sys=0.01s Real=0.00s
[2022-03-27T21:07:12.342+0800][2283.686s] GC(904) Pause Young (Allocation Failure)
[2022-03-27T21:07:12.342+0800][2283.686s] GC(904) Using 4 workers of 4 for evacuation
[2022-03-27T21:07:12.344+0800][2283.688s] GC(904) ParNew: 95197K->8715K(109248K)
[2022-03-27T21:07:12.344+0800][2283.688s] GC(904) CMS: 193276K->193809K(393216K)
[2022-03-27T21:07:12.344+0800][2283.688s] GC(904) Metaspace: 49836K->49836K(1095680K)
[2022-03-27T21:07:12.344+0800][2283.688s] GC(904) Pause Young (Allocation Failure) 281M->197M(490M) 2.564ms
[2022-03-27T21:07:12.344+0800][2283.688s] GC(904) User=0.00s Sys=0.00s Real=0.00s
[2022-03-27T21:07:12.625+0800][2283.968s] GC(905) Pause Young (Allocation Failure)
[2022-03-27T21:07:12.625+0800][2283.968s] GC(905) Using 4 workers of 4 for evacuation
[2022-03-27T21:07:12.627+0800][2283.971s] GC(905) ParNew: 96139K->8836K(109248K)
[2022-03-27T21:07:12.627+0800][2283.971s] GC(905) CMS: 193809K->194302K(393216K)
[2022-03-27T21:07:12.627+0800][2283.971s] GC(905) Metaspace: 49836K->49836K(1095680K)
[2022-03-27T21:07:12.627+0800][2283.971s] GC(905) Pause Young (Allocation Failure) 283M->198M(490M) 2.370ms
[2022-03-27T21:07:12.627+0800][2283.971s] GC(905) User=0.00s Sys=0.00s Real=0.00s
[2022-03-27T21:07:12.921+0800][2284.265s] GC(906) Pause Young (Allocation Failure)
[2022-03-27T21:07:12.921+0800][2284.265s] GC(906) Using 4 workers of 4 for evacuation
[2022-03-27T21:07:12.924+0800][2284.268s] GC(906) ParNew: 96260K->10165K(109248K)
[2022-03-27T21:07:12.924+0800][2284.268s] GC(906) CMS: 194302K->194746K(393216K)
[2022-03-27T21:07:12.924+0800][2284.268s] GC(906) Metaspace: 49836K->49836K(1095680K)
[2022-03-27T21:07:12.924+0800][2284.268s] GC(906) Pause Young (Allocation Failure) 283M->200M(490M) 2.835ms
[2022-03-27T21:07:12.924+0800][2284.268s] GC(906) User=0.01s Sys=0.01s Real=0.00s
[2022-03-27T21:07:13.234+0800][2284.578s] GC(907) Pause Young (Allocation Failure)
[2022-03-27T21:07:13.234+0800][2284.578s] GC(907) Using 4 workers of 4 for evacuation
[2022-03-27T21:07:13.237+0800][2284.580s] GC(907) ParNew: 97589K->8945K(109248K)
[2022-03-27T21:07:13.237+0800][2284.580s] GC(907) CMS: 194746K->195435K(393216K)
[2022-03-27T21:07:13.237+0800][2284.581s] GC(907) Metaspace: 49836K->49836K(1095680K)
[2022-03-27T21:07:13.237+0800][2284.581s] GC(907) Pause Young (Allocation Failure) 285M->199M(490M) 2.333ms
[2022-03-27T21:07:13.237+0800][2284.581s] GC(907) User=0.01s Sys=0.00s Real=0.00s
[2022-03-27T21:07:13.556+0800][2284.900s] GC(908) Pause Young (Allocation Failure)
[2022-03-27T21:07:13.556+0800][2284.900s] GC(908) Using 4 workers of 4 for evacuation
[2022-03-27T21:07:13.558+0800][2284.902s] GC(908) ParNew: 96369K->9900K(109248K)
[2022-03-27T21:07:13.558+0800][2284.902s] GC(908) CMS: 195435K->195548K(393216K)
[2022-03-27T21:07:13.558+0800][2284.902s] GC(908) Metaspace: 49836K->49836K(1095680K)
[2022-03-27T21:07:13.558+0800][2284.902s] GC(908) Pause Young (Allocation Failure) 284M->200M(490M) 2.639ms
[2022-03-27T21:07:13.559+0800][2284.902s] GC(908) User=0.01s Sys=0.00s Real=0.00s
[2022-03-27T21:07:13.860+0800][2285.204s] GC(909) Pause Young (Allocation Failure)
[2022-03-27T21:07:13.860+0800][2285.204s] GC(909) Using 4 workers of 4 for evacuation
[2022-03-27T21:07:13.862+0800][2285.206s] GC(909) ParNew: 97324K->10333K(109248K)
[2022-03-27T21:07:13.862+0800][2285.206s] GC(909) CMS: 195548K->195558K(393216K)
[2022-03-27T21:07:13.862+0800][2285.206s] GC(909) Metaspace: 49836K->49836K(1095680K)
[2022-03-27T21:07:13.862+0800][2285.206s] GC(909) Pause Young (Allocation Failure) 286M->201M(490M) 2.277ms
[2022-03-27T21:07:13.862+0800][2285.206s] GC(909) User=0.01s Sys=0.00s Real=0.00s
[2022-03-27T21:07:14.124+0800][2285.468s] GC(910) Pause Young (Allocation Failure)
[2022-03-27T21:07:14.125+0800][2285.468s] GC(910) Using 4 workers of 4 for evacuation
[2022-03-27T21:07:14.127+0800][2285.471s] GC(910) ParNew: 97757K->10313K(109248K)
[2022-03-27T21:07:14.127+0800][2285.471s] GC(910) CMS: 195558K->195579K(393216K)
[2022-03-27T21:07:14.127+0800][2285.471s] GC(910) Metaspace: 49836K->49836K(1095680K)
[2022-03-27T21:07:14.127+0800][2285.471s] GC(910) Pause Young (Allocation Failure) 286M->201M(490M) 2.831ms
[2022-03-27T21:07:14.127+0800][2285.471s] GC(910) User=0.01s Sys=0.00s Real=0.00s
[2022-03-27T21:07:14.397+0800][2285.740s] GC(911) Pause Young (Allocation Failure)
[2022-03-27T21:07:14.397+0800][2285.740s] GC(911) Using 4 workers of 4 for evacuation
[2022-03-27T21:07:14.400+0800][2285.744s] GC(911) ParNew: 97737K->10269K(109248K)
[2022-03-27T21:07:14.400+0800][2285.744s] GC(911) CMS: 195579K->198592K(393216K)
[2022-03-27T21:07:14.400+0800][2285.744s] GC(911) Metaspace: 49836K->49836K(1095680K)
[2022-03-27T21:07:14.400+0800][2285.744s] GC(911) Pause Young (Allocation Failure) 286M->203M(490M) 3.848ms
[2022-03-27T21:07:14.401+0800][2285.744s] GC(911) User=0.01s Sys=0.01s Real=0.01s
[2022-03-27T21:07:14.401+0800][2285.744s] GC(912) Pause Initial Mark
[2022-03-27T21:07:14.401+0800][2285.745s] GC(912) Pause Initial Mark 204M->204M(490M) 0.498ms
[2022-03-27T21:07:14.401+0800][2285.745s] GC(912) User=0.00s Sys=0.00s Real=0.00s
[2022-03-27T21:07:14.401+0800][2285.745s] GC(912) Concurrent Mark
[2022-03-27T21:07:14.401+0800][2285.745s] GC(912) Using 4 workers of 4 for marking
[2022-03-27T21:07:14.411+0800][2285.755s] GC(912) Concurrent Mark 9.790ms
[2022-03-27T21:07:14.411+0800][2285.755s] GC(912) User=0.04s Sys=0.00s Real=0.01s
[2022-03-27T21:07:14.411+0800][2285.755s] GC(912) Concurrent Preclean
[2022-03-27T21:07:14.412+0800][2285.756s] GC(912) Concurrent Preclean 1.128ms
[2022-03-27T21:07:14.412+0800][2285.756s] GC(912) User=0.01s Sys=0.00s Real=0.00s
[2022-03-27T21:07:14.412+0800][2285.756s] GC(912) Concurrent Abortable Preclean
[2022-03-27T21:07:14.632+0800][2285.976s] GC(912) Concurrent Abortable Preclean 219.749ms
[2022-03-27T21:07:14.632+0800][2285.976s] GC(912) User=0.15s Sys=0.04s Real=0.22s
[2022-03-27T21:07:14.632+0800][2285.976s] GC(912) Pause Remark
[2022-03-27T21:07:14.632+0800][2285.976s] GC(913) Pause Young (CMS Final Remark)
[2022-03-27T21:07:14.632+0800][2285.976s] GC(913) Using 4 workers of 4 for evacuation
[2022-03-27T21:07:14.635+0800][2285.978s] GC(913) ParNew: 75959K->5930K(109248K)
[2022-03-27T21:07:14.635+0800][2285.978s] GC(913) CMS: 198592K->199731K(393216K)
[2022-03-27T21:07:14.635+0800][2285.978s] GC(913) Metaspace: 49836K->49836K(1095680K)
[2022-03-27T21:07:14.635+0800][2285.978s] GC(913) Pause Young (CMS Final Remark) 268M->200M(490M) 2.328ms
[2022-03-27T21:07:14.635+0800][2285.978s] GC(913) User=0.01s Sys=0.00s Real=0.00s
[2022-03-27T21:07:14.648+0800][2285.991s] GC(912) Pause Remark 268M->200M(490M) 15.455ms
[2022-03-27T21:07:14.648+0800][2285.992s] GC(912) User=0.02s Sys=0.00s Real=0.01s
[2022-03-27T21:07:14.648+0800][2285.992s] GC(912) Concurrent Sweep
[2022-03-27T21:07:14.663+0800][2286.006s] GC(912) Concurrent Sweep 14.709ms
[2022-03-27T21:07:14.663+0800][2286.006s] GC(912) User=0.03s Sys=0.01s Real=0.02s
[2022-03-27T21:07:14.663+0800][2286.006s] GC(912) Concurrent Reset
[2022-03-27T21:07:14.663+0800][2286.007s] GC(912) Concurrent Reset 0.217ms
[2022-03-27T21:07:14.663+0800][2286.007s] GC(912) User=0.00s Sys=0.00s Real=0.00s
[2022-03-27T21:07:14.663+0800][2286.007s] GC(912) Old: 198592K->38702K(393216K)
[2022-03-27T21:07:14.927+0800][2286.271s] GC(914) Pause Young (Allocation Failure)
[2022-03-27T21:07:14.927+0800][2286.271s] GC(914) Using 4 workers of 4 for evacuation
[2022-03-27T21:07:14.929+0800][2286.273s] GC(914) ParNew: 93354K->6111K(109248K)
[2022-03-27T21:07:14.929+0800][2286.273s] GC(914) CMS: 38702K->39167K(393216K)
[2022-03-27T21:07:14.929+0800][2286.273s] GC(914) Metaspace: 49836K->49836K(1095680K)
[2022-03-27T21:07:14.929+0800][2286.273s] GC(914) Pause Young (Allocation Failure) 128M->44M(490M) 2.068ms
[2022-03-27T21:07:14.929+0800][2286.273s] GC(914) User=0.00s Sys=0.00s Real=0.00s
[2022-03-27T21:07:15.229+0800][2286.573s] GC(915) Pause Young (Allocation Failure)
[2022-03-27T21:07:15.229+0800][2286.573s] GC(915) Using 4 workers of 4 for evacuation
[2022-03-27T21:07:15.231+0800][2286.575s] GC(915) ParNew: 93535K->6954K(109248K)
[2022-03-27T21:07:15.231+0800][2286.575s] GC(915) CMS: 39167K->39511K(393216K)
[2022-03-27T21:07:15.231+0800][2286.575s] GC(915) Metaspace: 49836K->49836K(1095680K)
[2022-03-27T21:07:15.231+0800][2286.575s] GC(915) Pause Young (Allocation Failure) 129M->45M(490M) 1.942ms
[2022-03-27T21:07:15.231+0800][2286.575s] GC(915) User=0.01s Sys=0.00s Real=0.01s
[2022-03-27T21:07:15.530+0800][2286.874s] GC(916) Pause Young (Allocation Failure)
[2022-03-27T21:07:15.530+0800][2286.874s] GC(916) Using 4 workers of 4 for evacuation
[2022-03-27T21:07:15.532+0800][2286.876s] GC(916) ParNew: 94378K->6291K(109248K)
[2022-03-27T21:07:15.532+0800][2286.876s] GC(916) CMS: 39511K->39923K(393216K)
[2022-03-27T21:07:15.532+0800][2286.876s] GC(916) Metaspace: 49836K->49836K(1095680K)
[2022-03-27T21:07:15.532+0800][2286.876s] GC(916) Pause Young (Allocation Failure) 130M->45M(490M) 1.964ms
[2022-03-27T21:07:15.532+0800][2286.876s] GC(916) User=0.00s Sys=0.00s Real=0.00s
[2022-03-27T21:07:15.835+0800][2287.178s] GC(917) Pause Young (Allocation Failure)
[2022-03-27T21:07:15.835+0800][2287.179s] GC(917) Using 4 workers of 4 for evacuation
[2022-03-27T21:07:15.837+0800][2287.181s] GC(917) ParNew: 93715K->6023K(109248K)
[2022-03-27T21:07:15.837+0800][2287.181s] GC(917) CMS: 39923K->40335K(393216K)
[2022-03-27T21:07:15.837+0800][2287.181s] GC(917) Metaspace: 49836K->49836K(1095680K)
[2022-03-27T21:07:15.837+0800][2287.181s] GC(917) Pause Young (Allocation Failure) 130M->45M(490M) 2.494ms
[2022-03-27T21:07:15.837+0800][2287.181s] GC(917) User=0.00s Sys=0.00s Real=0.00s
[2022-03-27T21:07:16.149+0800][2287.493s] GC(918) Pause Young (Allocation Failure)
[2022-03-27T21:07:16.149+0800][2287.493s] GC(918) Using 4 workers of 4 for evacuation
[2022-03-27T21:07:16.151+0800][2287.495s] GC(918) ParNew: 93447K->6637K(109248K)
[2022-03-27T21:07:16.151+0800][2287.495s] GC(918) CMS: 40335K->40615K(393216K)
[2022-03-27T21:07:16.151+0800][2287.495s] GC(918) Metaspace: 49836K->49836K(1095680K)
[2022-03-27T21:07:16.151+0800][2287.495s] GC(918) Pause Young (Allocation Failure) 130M->46M(490M) 2.352ms
[2022-03-27T21:07:16.151+0800][2287.495s] GC(918) User=0.01s Sys=0.00s Real=0.01s
[2022-03-27T21:07:16.621+0800][2287.965s] GC(919) Pause Young (Allocation Failure)
[2022-03-27T21:07:16.621+0800][2287.965s] GC(919) Using 4 workers of 4 for evacuation
[2022-03-27T21:07:16.624+0800][2287.968s] GC(919) ParNew: 94061K->7529K(109248K)
[2022-03-27T21:07:16.624+0800][2287.968s] GC(919) CMS: 40615K->40920K(393216K)
[2022-03-27T21:07:16.624+0800][2287.968s] GC(919) Metaspace: 49836K->49836K(1095680K)
[2022-03-27T21:07:16.624+0800][2287.968s] GC(919) Pause Young (Allocation Failure) 131M->47M(490M) 2.894ms
[2022-03-27T21:07:16.624+0800][2287.968s] GC(919) User=0.01s Sys=0.00s Real=0.00s
[2022-03-27T21:07:16.961+0800][2288.305s] GC(920) Pause Young (Allocation Failure)
[2022-03-27T21:07:16.961+0800][2288.305s] GC(920) Using 4 workers of 4 for evacuation
[2022-03-27T21:07:16.965+0800][2288.309s] GC(920) ParNew: 94953K->6853K(109248K)
[2022-03-27T21:07:16.965+0800][2288.309s] GC(920) CMS: 40920K->41169K(393216K)
[2022-03-27T21:07:16.965+0800][2288.309s] GC(920) Metaspace: 49836K->49836K(1095680K)
[2022-03-27T21:07:16.965+0800][2288.309s] GC(920) Pause Young (Allocation Failure) 132M->46M(490M) 3.815ms
[2022-03-27T21:07:16.965+0800][2288.309s] GC(920) User=0.01s Sys=0.01s Real=0.00s
[2022-03-27T21:07:17.304+0800][2288.648s] GC(921) Pause Young (Allocation Failure)
[2022-03-27T21:07:17.304+0800][2288.648s] GC(921) Using 4 workers of 4 for evacuation
[2022-03-27T21:07:17.306+0800][2288.650s] GC(921) ParNew: 94277K->8242K(109248K)
[2022-03-27T21:07:17.306+0800][2288.650s] GC(921) CMS: 41169K->41397K(393216K)
[2022-03-27T21:07:17.306+0800][2288.650s] GC(921) Metaspace: 49836K->49836K(1095680K)
[2022-03-27T21:07:17.306+0800][2288.650s] GC(921) Pause Young (Allocation Failure) 132M->48M(490M) 1.912ms
[2022-03-27T21:07:17.306+0800][2288.650s] GC(921) User=0.01s Sys=0.00s Real=0.00s
[2022-03-27T21:07:17.610+0800][2288.953s] GC(922) Pause Young (Allocation Failure)
[2022-03-27T21:07:17.610+0800][2288.953s] GC(922) Using 4 workers of 4 for evacuation
[2022-03-27T21:07:17.612+0800][2288.956s] GC(922) ParNew: 95666K->7200K(109248K)
[2022-03-27T21:07:17.612+0800][2288.956s] GC(922) CMS: 41397K->42246K(393216K)
[2022-03-27T21:07:17.612+0800][2288.956s] GC(922) Metaspace: 49836K->49836K(1095680K)
[2022-03-27T21:07:17.612+0800][2288.956s] GC(922) Pause Young (Allocation Failure) 133M->48M(490M) 2.213ms
[2022-03-27T21:07:17.612+0800][2288.956s] GC(922) User=0.01s Sys=0.00s Real=0.00s
[2022-03-27T21:07:17.907+0800][2289.251s] GC(923) Pause Young (Allocation Failure)
[2022-03-27T21:07:17.907+0800][2289.251s] GC(923) Using 4 workers of 4 for evacuation
[2022-03-27T21:07:17.909+0800][2289.253s] GC(923) ParNew: 94624K->6982K(109248K)
[2022-03-27T21:07:17.909+0800][2289.253s] GC(923) CMS: 42246K->42597K(393216K)
[2022-03-27T21:07:17.909+0800][2289.253s] GC(923) Metaspace: 49836K->49836K(1095680K)
[2022-03-27T21:07:17.909+0800][2289.253s] GC(923) Pause Young (Allocation Failure) 133M->48M(490M) 1.915ms
[2022-03-27T21:07:17.909+0800][2289.253s] GC(923) User=0.01s Sys=0.00s Real=0.00s
[2022-03-27T21:07:18.180+0800][2289.524s] GC(924) Pause Young (Allocation Failure)
[2022-03-27T21:07:18.181+0800][2289.524s] GC(924) Using 4 workers of 4 for evacuation
[2022-03-27T21:07:18.182+0800][2289.526s] GC(924) ParNew: 94406K->7451K(109248K)
[2022-03-27T21:07:18.182+0800][2289.526s] GC(924) CMS: 42597K->42996K(393216K)
[2022-03-27T21:07:18.182+0800][2289.526s] GC(924) Metaspace: 49836K->49836K(1095680K)
[2022-03-27T21:07:18.182+0800][2289.526s] GC(924) Pause Young (Allocation Failure) 133M->49M(490M) 1.808ms
[2022-03-27T21:07:18.182+0800][2289.526s] GC(924) User=0.00s Sys=0.00s Real=0.00s
[2022-03-27T21:07:18.490+0800][2289.834s] GC(925) Pause Young (Allocation Failure)
[2022-03-27T21:07:18.490+0800][2289.834s] GC(925) Using 4 workers of 4 for evacuation
[2022-03-27T21:07:18.492+0800][2289.836s] GC(925) ParNew: 94875K->7671K(109248K)
[2022-03-27T21:07:18.492+0800][2289.836s] GC(925) CMS: 42996K->43321K(393216K)
[2022-03-27T21:07:18.492+0800][2289.836s] GC(925) Metaspace: 49836K->49836K(1095680K)
[2022-03-27T21:07:18.492+0800][2289.836s] GC(925) Pause Young (Allocation Failure) 134M->49M(490M) 2.015ms
[2022-03-27T21:07:18.492+0800][2289.836s] GC(925) User=0.01s Sys=0.00s Real=0.00s
[2022-03-27T21:07:18.786+0800][2290.130s] GC(926) Pause Young (Allocation Failure)
[2022-03-27T21:07:18.786+0800][2290.130s] GC(926) Using 4 workers of 4 for evacuation
[2022-03-27T21:07:18.788+0800][2290.132s] GC(926) ParNew: 95095K->6466K(109248K)
[2022-03-27T21:07:18.788+0800][2290.132s] GC(926) CMS: 43321K->43730K(393216K)
[2022-03-27T21:07:18.788+0800][2290.132s] GC(926) Metaspace: 49836K->49836K(1095680K)
[2022-03-27T21:07:18.788+0800][2290.132s] GC(926) Pause Young (Allocation Failure) 135M->49M(490M) 2.458ms
[2022-03-27T21:07:18.788+0800][2290.132s] GC(926) User=0.01s Sys=0.00s Real=0.00s
[2022-03-27T21:07:19.090+0800][2290.433s] GC(927) Pause Young (Allocation Failure)
[2022-03-27T21:07:19.090+0800][2290.433s] GC(927) Using 4 workers of 4 for evacuation
[2022-03-27T21:07:19.092+0800][2290.435s] GC(927) ParNew: 93890K->8159K(109248K)
[2022-03-27T21:07:19.092+0800][2290.435s] GC(927) CMS: 43730K->44173K(393216K)
[2022-03-27T21:07:19.092+0800][2290.435s] GC(927) Metaspace: 49836K->49836K(1095680K)
[2022-03-27T21:07:19.092+0800][2290.436s] GC(927) Pause Young (Allocation Failure) 134M->51M(490M) 2.128ms
[2022-03-27T21:07:19.092+0800][2290.436s] GC(927) User=0.00s Sys=0.00s Real=0.00s
[2022-03-27T21:07:19.369+0800][2290.713s] GC(928) Pause Young (Allocation Failure)
[2022-03-27T21:07:19.369+0800][2290.713s] GC(928) Using 4 workers of 4 for evacuation
[2022-03-27T21:07:19.371+0800][2290.714s] GC(928) ParNew: 95583K->6621K(109248K)
[2022-03-27T21:07:19.371+0800][2290.714s] GC(928) CMS: 44173K->44515K(393216K)
[2022-03-27T21:07:19.371+0800][2290.714s] GC(928) Metaspace: 49836K->49836K(1095680K)
[2022-03-27T21:07:19.371+0800][2290.714s] GC(928) Pause Young (Allocation Failure) 136M->49M(490M) 1.891ms
[2022-03-27T21:07:19.371+0800][2290.714s] GC(928) User=0.00s Sys=0.00s Real=0.01s
[2022-03-27T21:07:19.673+0800][2291.017s] GC(929) Pause Young (Allocation Failure)
[2022-03-27T21:07:19.673+0800][2291.017s] GC(929) Using 4 workers of 4 for evacuation
[2022-03-27T21:07:19.675+0800][2291.019s] GC(929) ParNew: 94045K->7048K(109248K)
[2022-03-27T21:07:19.675+0800][2291.019s] GC(929) CMS: 44515K->44832K(393216K)
[2022-03-27T21:07:19.675+0800][2291.019s] GC(929) Metaspace: 49836K->49836K(1095680K)
[2022-03-27T21:07:19.675+0800][2291.019s] GC(929) Pause Young (Allocation Failure) 135M->50M(490M) 1.969ms
[2022-03-27T21:07:19.675+0800][2291.019s] GC(929) User=0.00s Sys=0.00s Real=0.00s
[2022-03-27T21:07:19.977+0800][2291.321s] GC(930) Pause Young (Allocation Failure)
[2022-03-27T21:07:19.977+0800][2291.321s] GC(930) Using 4 workers of 4 for evacuation
[2022-03-27T21:07:19.979+0800][2291.323s] GC(930) ParNew: 94472K->8055K(109248K)
[2022-03-27T21:07:19.979+0800][2291.323s] GC(930) CMS: 44832K->45234K(393216K)
[2022-03-27T21:07:19.979+0800][2291.323s] GC(930) Metaspace: 49836K->49836K(1095680K)
[2022-03-27T21:07:19.979+0800][2291.323s] GC(930) Pause Young (Allocation Failure) 136M->52M(490M) 1.974ms
[2022-03-27T21:07:19.979+0800][2291.323s] GC(930) User=0.00s Sys=0.00s Real=0.00s
[2022-03-27T21:07:20.255+0800][2291.599s] GC(931) Pause Young (Allocation Failure)
[2022-03-27T21:07:20.255+0800][2291.599s] GC(931) Using 4 workers of 4 for evacuation
[2022-03-27T21:07:20.257+0800][2291.601s] GC(931) ParNew: 95479K->7630K(109248K)
[2022-03-27T21:07:20.257+0800][2291.601s] GC(931) CMS: 45234K->45545K(393216K)
[2022-03-27T21:07:20.257+0800][2291.601s] GC(931) Metaspace: 49836K->49836K(1095680K)
[2022-03-27T21:07:20.257+0800][2291.601s] GC(931) Pause Young (Allocation Failure) 137M->51M(490M) 1.871ms
[2022-03-27T21:07:20.257+0800][2291.601s] GC(931) User=0.00s Sys=0.00s Real=0.00s
[2022-03-27T21:07:20.573+0800][2291.917s] GC(932) Pause Young (Allocation Failure)
[2022-03-27T21:07:20.573+0800][2291.917s] GC(932) Using 4 workers of 4 for evacuation
[2022-03-27T21:07:20.575+0800][2291.919s] GC(932) ParNew: 95054K->7777K(109248K)
[2022-03-27T21:07:20.575+0800][2291.919s] GC(932) CMS: 45545K->45857K(393216K)
[2022-03-27T21:07:20.575+0800][2291.919s] GC(932) Metaspace: 49836K->49836K(1095680K)
[2022-03-27T21:07:20.575+0800][2291.919s] GC(932) Pause Young (Allocation Failure) 137M->52M(490M) 2.126ms
[2022-03-27T21:07:20.575+0800][2291.919s] GC(932) User=0.00s Sys=0.00s Real=0.00s
[2022-03-27T21:07:20.869+0800][2292.213s] GC(933) Pause Young (Allocation Failure)
[2022-03-27T21:07:20.869+0800][2292.213s] GC(933) Using 4 workers of 4 for evacuation
[2022-03-27T21:07:20.872+0800][2292.215s] GC(933) ParNew: 95147K->9280K(109248K)
[2022-03-27T21:07:20.872+0800][2292.215s] GC(933) CMS: 45857K->46181K(393216K)
[2022-03-27T21:07:20.872+0800][2292.215s] GC(933) Metaspace: 49836K->49836K(1095680K)
[2022-03-27T21:07:20.872+0800][2292.215s] GC(933) Pause Young (Allocation Failure) 137M->54M(490M) 2.304ms
[2022-03-27T21:07:20.872+0800][2292.215s] GC(933) User=0.01s Sys=0.01s Real=0.01s
[2022-03-27T21:07:21.175+0800][2292.519s] GC(934) Pause Young (Allocation Failure)
[2022-03-27T21:07:21.175+0800][2292.519s] GC(934) Using 4 workers of 4 for evacuation
[2022-03-27T21:07:21.178+0800][2292.522s] GC(934) ParNew: 96704K->8099K(109248K)
[2022-03-27T21:07:21.178+0800][2292.522s] GC(934) CMS: 46181K->46521K(393216K)
[2022-03-27T21:07:21.178+0800][2292.522s] GC(934) Metaspace: 49836K->49836K(1095680K)
[2022-03-27T21:07:21.179+0800][2292.522s] GC(934) Pause Young (Allocation Failure) 139M->53M(490M) 3.358ms
[2022-03-27T21:07:21.179+0800][2292.522s] GC(934) User=0.01s Sys=0.00s Real=0.00s
[2022-03-27T21:07:21.482+0800][2292.826s] GC(935) Pause Young (Allocation Failure)
[2022-03-27T21:07:21.482+0800][2292.826s] GC(935) Using 4 workers of 4 for evacuation
[2022-03-27T21:07:21.485+0800][2292.829s] GC(935) ParNew: 95523K->8910K(109248K)
[2022-03-27T21:07:21.485+0800][2292.829s] GC(935) CMS: 46521K->46772K(393216K)
[2022-03-27T21:07:21.485+0800][2292.829s] GC(935) Metaspace: 49836K->49836K(1095680K)
[2022-03-27T21:07:21.485+0800][2292.829s] GC(935) Pause Young (Allocation Failure) 138M->54M(490M) 3.151ms
[2022-03-27T21:07:21.485+0800][2292.829s] GC(935) User=0.01s Sys=0.00s Real=0.00s
[2022-03-27T21:07:21.803+0800][2293.146s] GC(936) Pause Young (Allocation Failure)
[2022-03-27T21:07:21.803+0800][2293.146s] GC(936) Using 4 workers of 4 for evacuation
[2022-03-27T21:07:21.806+0800][2293.149s] GC(936) ParNew: 96334K->8433K(109248K)
[2022-03-27T21:07:21.806+0800][2293.150s] GC(936) CMS: 46772K->47061K(393216K)
[2022-03-27T21:07:21.806+0800][2293.150s] GC(936) Metaspace: 49836K->49836K(1095680K)
[2022-03-27T21:07:21.806+0800][2293.150s] GC(936) Pause Young (Allocation Failure) 139M->54M(490M) 3.178ms
[2022-03-27T21:07:21.806+0800][2293.150s] GC(936) User=0.01s Sys=0.00s Real=0.00s
[2022-03-27T21:07:22.142+0800][2293.486s] GC(937) Pause Young (Allocation Failure)
[2022-03-27T21:07:22.142+0800][2293.486s] GC(937) Using 4 workers of 4 for evacuation
[2022-03-27T21:07:22.145+0800][2293.489s] GC(937) ParNew: 95857K->9035K(109248K)
[2022-03-27T21:07:22.145+0800][2293.489s] GC(937) CMS: 47061K->47348K(393216K)
[2022-03-27T21:07:22.145+0800][2293.489s] GC(937) Metaspace: 49836K->49836K(1095680K)
[2022-03-27T21:07:22.145+0800][2293.489s] GC(937) Pause Young (Allocation Failure) 139M->55M(490M) 2.957ms
[2022-03-27T21:07:22.145+0800][2293.489s] GC(937) User=0.00s Sys=0.00s Real=0.00s
[2022-03-27T21:07:22.485+0800][2293.829s] GC(938) Pause Young (Allocation Failure)
[2022-03-27T21:07:22.485+0800][2293.829s] GC(938) Using 4 workers of 4 for evacuation
[2022-03-27T21:07:22.487+0800][2293.831s] GC(938) ParNew: 96459K->7784K(109248K)
[2022-03-27T21:07:22.487+0800][2293.831s] GC(938) CMS: 47348K->47764K(393216K)
[2022-03-27T21:07:22.487+0800][2293.831s] GC(938) Metaspace: 49836K->49836K(1095680K)
[2022-03-27T21:07:22.487+0800][2293.831s] GC(938) Pause Young (Allocation Failure) 140M->54M(490M) 2.296ms
[2022-03-27T21:07:22.487+0800][2293.831s] GC(938) User=0.01s Sys=0.00s Real=0.00s
[2022-03-27T21:07:22.692+0800][2294.035s] GC(939) Pause Young (Allocation Failure)
[2022-03-27T21:07:22.692+0800][2294.035s] GC(939) Using 4 workers of 4 for evacuation
[2022-03-27T21:07:22.694+0800][2294.038s] GC(939) ParNew: 95208K->10341K(109248K)
[2022-03-27T21:07:22.694+0800][2294.038s] GC(939) CMS: 47764K->48082K(393216K)
[2022-03-27T21:07:22.694+0800][2294.038s] GC(939) Metaspace: 49836K->49836K(1095680K)
[2022-03-27T21:07:22.694+0800][2294.038s] GC(939) Pause Young (Allocation Failure) 139M->57M(490M) 2.436ms
[2022-03-27T21:07:22.694+0800][2294.038s] GC(939) User=0.01s Sys=0.00s Real=0.00s
[2022-03-27T21:07:22.803+0800][2294.147s] GC(940) Pause Young (Allocation Failure)
[2022-03-27T21:07:22.803+0800][2294.147s] GC(940) Using 4 workers of 4 for evacuation
[2022-03-27T21:07:22.805+0800][2294.149s] GC(940) ParNew: 97765K->10249K(109248K)
[2022-03-27T21:07:22.805+0800][2294.149s] GC(940) CMS: 48082K->49516K(393216K)
[2022-03-27T21:07:22.805+0800][2294.149s] GC(940) Metaspace: 49837K->49837K(1095680K)
[2022-03-27T21:07:22.805+0800][2294.149s] GC(940) Pause Young (Allocation Failure) 142M->58M(490M) 2.461ms
[2022-03-27T21:07:22.805+0800][2294.149s] GC(940) User=0.00s Sys=0.00s Real=0.00s
[2022-03-27T21:07:22.943+0800][2294.287s] GC(941) Pause Young (Allocation Failure)
[2022-03-27T21:07:22.943+0800][2294.287s] GC(941) Using 4 workers of 4 for evacuation
[2022-03-27T21:07:22.945+0800][2294.289s] GC(941) ParNew: 97673K->12260K(109248K)
[2022-03-27T21:07:22.945+0800][2294.289s] GC(941) CMS: 49516K->49876K(393216K)
[2022-03-27T21:07:22.945+0800][2294.289s] GC(941) Metaspace: 49837K->49837K(1095680K)
[2022-03-27T21:07:22.945+0800][2294.289s] GC(941) Pause Young (Allocation Failure) 143M->60M(490M) 2.291ms
[2022-03-27T21:07:22.945+0800][2294.289s] GC(941) User=0.00s Sys=0.00s Real=0.00s
[2022-03-27T21:07:27.552+0800][2298.895s] GC(942) Pause Young (Allocation Failure)
[2022-03-27T21:07:27.552+0800][2298.896s] GC(942) Using 4 workers of 4 for evacuation
[2022-03-27T21:07:27.556+0800][2298.899s] GC(942) ParNew: 99619K->9607K(109248K)
[2022-03-27T21:07:27.556+0800][2298.899s] GC(942) CMS: 49876K->50364K(393216K)
[2022-03-27T21:07:27.556+0800][2298.899s] GC(942) Metaspace: 49837K->49837K(1095680K)
[2022-03-27T21:07:27.556+0800][2298.899s] GC(942) Pause Young (Allocation Failure) 145M->58M(490M) 4.101ms
[2022-03-27T21:07:27.556+0800][2298.899s] GC(942) User=0.01s Sys=0.00s Real=0.00s
[2022-03-27T21:07:27.708+0800][2299.051s] GC(943) Pause Young (Allocation Failure)
[2022-03-27T21:07:27.708+0800][2299.051s] GC(943) Using 4 workers of 4 for evacuation
[2022-03-27T21:07:27.711+0800][2299.055s] GC(943) ParNew: 97031K->11274K(109248K)
[2022-03-27T21:07:27.711+0800][2299.055s] GC(943) CMS: 50364K->50781K(393216K)
[2022-03-27T21:07:27.711+0800][2299.055s] GC(943) Metaspace: 49839K->49839K(1095680K)
[2022-03-27T21:07:27.711+0800][2299.055s] GC(943) Pause Young (Allocation Failure) 143M->60M(490M) 3.723ms
[2022-03-27T21:07:27.711+0800][2299.055s] GC(943) User=0.01s Sys=0.00s Real=0.01s
[2022-03-27T21:07:28.004+0800][2299.348s] GC(944) Pause Young (Allocation Failure)
[2022-03-27T21:07:28.004+0800][2299.348s] GC(944) Using 4 workers of 4 for evacuation
[2022-03-27T21:07:28.006+0800][2299.350s] GC(944) ParNew: 98698K->10891K(109248K)
[2022-03-27T21:07:28.006+0800][2299.350s] GC(944) CMS: 50781K->51052K(393216K)
[2022-03-27T21:07:28.006+0800][2299.350s] GC(944) Metaspace: 49839K->49839K(1095680K)
[2022-03-27T21:07:28.006+0800][2299.350s] GC(944) Pause Young (Allocation Failure) 145M->60M(490M) 2.373ms
[2022-03-27T21:07:28.006+0800][2299.350s] GC(944) User=0.01s Sys=0.00s Real=0.00s
[2022-03-27T21:07:28.260+0800][2299.604s] GC(945) Pause Young (Allocation Failure)
[2022-03-27T21:07:28.260+0800][2299.604s] GC(945) Using 4 workers of 4 for evacuation
[2022-03-27T21:07:28.263+0800][2299.607s] GC(945) ParNew: 98315K->11062K(109248K)
[2022-03-27T21:07:28.263+0800][2299.607s] GC(945) CMS: 51052K->51824K(393216K)
[2022-03-27T21:07:28.263+0800][2299.607s] GC(945) Metaspace: 49839K->49839K(1095680K)
[2022-03-27T21:07:28.263+0800][2299.607s] GC(945) Pause Young (Allocation Failure) 145M->61M(490M) 2.694ms
[2022-03-27T21:07:28.263+0800][2299.607s] GC(945) User=0.01s Sys=0.00s Real=0.00s
[2022-03-27T21:07:28.632+0800][2299.976s] GC(946) Pause Young (Allocation Failure)
[2022-03-27T21:07:28.633+0800][2299.976s] GC(946) Using 4 workers of 4 for evacuation
[2022-03-27T21:07:28.636+0800][2299.980s] GC(946) ParNew: 98486K->10971K(109248K)
[2022-03-27T21:07:28.636+0800][2299.980s] GC(946) CMS: 51824K->52387K(393216K)
[2022-03-27T21:07:28.636+0800][2299.980s] GC(946) Metaspace: 49839K->49839K(1095680K)
[2022-03-27T21:07:28.636+0800][2299.980s] GC(946) Pause Young (Allocation Failure) 146M->61M(490M) 3.856ms
[2022-03-27T21:07:28.636+0800][2299.980s] GC(946) User=0.01s Sys=0.00s Real=0.00s
[2022-03-27T21:07:28.929+0800][2300.272s] GC(947) Pause Young (Allocation Failure)
[2022-03-27T21:07:28.929+0800][2300.272s] GC(947) Using 4 workers of 4 for evacuation
[2022-03-27T21:07:28.931+0800][2300.275s] GC(947) ParNew: 98395K->8514K(109248K)
[2022-03-27T21:07:28.931+0800][2300.275s] GC(947) CMS: 52387K->55079K(393216K)
[2022-03-27T21:07:28.931+0800][2300.275s] GC(947) Metaspace: 49839K->49839K(1095680K)
[2022-03-27T21:07:28.931+0800][2300.275s] GC(947) Pause Young (Allocation Failure) 147M->62M(490M) 2.564ms
[2022-03-27T21:07:28.931+0800][2300.275s] GC(947) User=0.00s Sys=0.00s Real=0.01s
[2022-03-27T21:07:29.217+0800][2300.561s] GC(948) Pause Young (Allocation Failure)
[2022-03-27T21:07:29.217+0800][2300.561s] GC(948) Using 4 workers of 4 for evacuation
[2022-03-27T21:07:29.219+0800][2300.563s] GC(948) ParNew: 95712K->8722K(109248K)
[2022-03-27T21:07:29.219+0800][2300.563s] GC(948) CMS: 55079K->55186K(393216K)
[2022-03-27T21:07:29.219+0800][2300.563s] GC(948) Metaspace: 49839K->49839K(1095680K)
[2022-03-27T21:07:29.219+0800][2300.563s] GC(948) Pause Young (Allocation Failure) 147M->62M(490M) 2.257ms
[2022-03-27T21:07:29.219+0800][2300.563s] GC(948) User=0.01s Sys=0.00s Real=0.00s
[2022-03-27T21:07:29.495+0800][2300.839s] GC(949) Pause Young (Allocation Failure)
[2022-03-27T21:07:29.495+0800][2300.839s] GC(949) Using 4 workers of 4 for evacuation
[2022-03-27T21:07:29.498+0800][2300.841s] GC(949) ParNew: 96146K->10152K(109248K)
[2022-03-27T21:07:29.498+0800][2300.841s] GC(949) CMS: 55186K->55194K(393216K)
[2022-03-27T21:07:29.498+0800][2300.841s] GC(949) Metaspace: 49839K->49839K(1095680K)
[2022-03-27T21:07:29.498+0800][2300.841s] GC(949) Pause Young (Allocation Failure) 147M->63M(490M) 2.425ms
[2022-03-27T21:07:29.498+0800][2300.841s] GC(949) User=0.01s Sys=0.00s Real=0.00s
[2022-03-27T21:07:29.797+0800][2301.141s] GC(950) Pause Young (Allocation Failure)
[2022-03-27T21:07:29.797+0800][2301.141s] GC(950) Using 4 workers of 4 for evacuation
[2022-03-27T21:07:29.800+0800][2301.143s] GC(950) ParNew: 97576K->9098K(109248K)
[2022-03-27T21:07:29.800+0800][2301.143s] GC(950) CMS: 55194K->55243K(393216K)
[2022-03-27T21:07:29.800+0800][2301.143s] GC(950) Metaspace: 49839K->49839K(1095680K)
[2022-03-27T21:07:29.800+0800][2301.143s] GC(950) Pause Young (Allocation Failure) 149M->62M(490M) 2.273ms
[2022-03-27T21:07:29.800+0800][2301.143s] GC(950) User=0.01s Sys=0.00s Real=0.01s
[2022-03-27T21:07:30.113+0800][2301.456s] GC(951) Pause Young (Allocation Failure)
[2022-03-27T21:07:30.113+0800][2301.456s] GC(951) Using 4 workers of 4 for evacuation
[2022-03-27T21:07:30.115+0800][2301.459s] GC(951) ParNew: 96522K->8805K(109248K)
[2022-03-27T21:07:30.115+0800][2301.459s] GC(951) CMS: 55243K->58719K(393216K)
[2022-03-27T21:07:30.116+0800][2301.459s] GC(951) Metaspace: 49839K->49839K(1095680K)
[2022-03-27T21:07:30.116+0800][2301.459s] GC(951) Pause Young (Allocation Failure) 148M->65M(490M) 2.923ms
[2022-03-27T21:07:30.116+0800][2301.459s] GC(951) User=0.01s Sys=0.00s Real=0.00s
[2022-03-27T21:07:30.415+0800][2301.759s] GC(952) Pause Young (Allocation Failure)
[2022-03-27T21:07:30.415+0800][2301.759s] GC(952) Using 4 workers of 4 for evacuation
[2022-03-27T21:07:30.417+0800][2301.761s] GC(952) ParNew: 96229K->8181K(109248K)
[2022-03-27T21:07:30.417+0800][2301.761s] GC(952) CMS: 58719K->59164K(393216K)
[2022-03-27T21:07:30.417+0800][2301.761s] GC(952) Metaspace: 49839K->49839K(1095680K)
[2022-03-27T21:07:30.417+0800][2301.761s] GC(952) Pause Young (Allocation Failure) 151M->65M(490M) 2.093ms
[2022-03-27T21:07:30.417+0800][2301.761s] GC(952) User=0.01s Sys=0.00s Real=0.00s
[2022-03-27T21:07:30.707+0800][2302.051s] GC(953) Pause Young (Allocation Failure)
[2022-03-27T21:07:30.708+0800][2302.051s] GC(953) Using 4 workers of 4 for evacuation
[2022-03-27T21:07:30.710+0800][2302.054s] GC(953) ParNew: 95605K->6540K(109248K)
[2022-03-27T21:07:30.710+0800][2302.054s] GC(953) CMS: 59164K->59466K(393216K)
[2022-03-27T21:07:30.710+0800][2302.054s] GC(953) Metaspace: 49839K->49839K(1095680K)
[2022-03-27T21:07:30.710+0800][2302.054s] GC(953) Pause Young (Allocation Failure) 151M->64M(490M) 2.548ms
[2022-03-27T21:07:30.710+0800][2302.054s] GC(953) User=0.01s Sys=0.00s Real=0.01s
[2022-03-27T21:07:30.994+0800][2302.338s] GC(954) Pause Young (Allocation Failure)
[2022-03-27T21:07:30.995+0800][2302.338s] GC(954) Using 4 workers of 4 for evacuation
[2022-03-27T21:07:30.997+0800][2302.341s] GC(954) ParNew: 93964K->6934K(109248K)
[2022-03-27T21:07:30.997+0800][2302.341s] GC(954) CMS: 59466K->59954K(393216K)
[2022-03-27T21:07:30.997+0800][2302.341s] GC(954) Metaspace: 49839K->49839K(1095680K)
[2022-03-27T21:07:30.997+0800][2302.341s] GC(954) Pause Young (Allocation Failure) 149M->65M(490M) 2.675ms
[2022-03-27T21:07:30.997+0800][2302.341s] GC(954) User=0.00s Sys=0.00s Real=0.00s
[2022-03-27T21:07:31.353+0800][2302.697s] GC(955) Pause Young (Allocation Failure)
[2022-03-27T21:07:31.353+0800][2302.697s] GC(955) Using 4 workers of 4 for evacuation
[2022-03-27T21:07:31.355+0800][2302.699s] GC(955) ParNew: 94358K->7456K(109248K)
[2022-03-27T21:07:31.355+0800][2302.699s] GC(955) CMS: 59954K->60300K(393216K)
[2022-03-27T21:07:31.355+0800][2302.699s] GC(955) Metaspace: 49839K->49839K(1095680K)
[2022-03-27T21:07:31.355+0800][2302.699s] GC(955) Pause Young (Allocation Failure) 150M->66M(490M) 2.076ms
[2022-03-27T21:07:31.355+0800][2302.699s] GC(955) User=0.01s Sys=0.00s Real=0.00s
[2022-03-27T21:07:31.660+0800][2303.004s] GC(956) Pause Young (Allocation Failure)
[2022-03-27T21:07:31.660+0800][2303.004s] GC(956) Using 4 workers of 4 for evacuation
[2022-03-27T21:07:31.662+0800][2303.006s] GC(956) ParNew: 94880K->7380K(109248K)
[2022-03-27T21:07:31.662+0800][2303.006s] GC(956) CMS: 60300K->60607K(393216K)
[2022-03-27T21:07:31.662+0800][2303.006s] GC(956) Metaspace: 49839K->49839K(1095680K)
[2022-03-27T21:07:31.662+0800][2303.006s] GC(956) Pause Young (Allocation Failure) 151M->66M(490M) 2.260ms
[2022-03-27T21:07:31.662+0800][2303.006s] GC(956) User=0.01s Sys=0.00s Real=0.00s
[2022-03-27T21:07:31.954+0800][2303.298s] GC(957) Pause Young (Allocation Failure)
[2022-03-27T21:07:31.954+0800][2303.298s] GC(957) Using 4 workers of 4 for evacuation
[2022-03-27T21:07:31.958+0800][2303.301s] GC(957) ParNew: 94804K->7972K(109248K)
[2022-03-27T21:07:31.958+0800][2303.301s] GC(957) CMS: 60607K->60952K(393216K)
[2022-03-27T21:07:31.958+0800][2303.301s] GC(957) Metaspace: 49839K->49839K(1095680K)
[2022-03-27T21:07:31.958+0800][2303.302s] GC(957) Pause Young (Allocation Failure) 151M->67M(490M) 3.818ms
[2022-03-27T21:07:31.958+0800][2303.302s] GC(957) User=0.01s Sys=0.00s Real=0.00s
[2022-03-27T21:07:32.281+0800][2303.625s] GC(958) Pause Young (Allocation Failure)
[2022-03-27T21:07:32.281+0800][2303.625s] GC(958) Using 4 workers of 4 for evacuation
[2022-03-27T21:07:32.283+0800][2303.627s] GC(958) ParNew: 95396K->7426K(109248K)
[2022-03-27T21:07:32.283+0800][2303.627s] GC(958) CMS: 60952K->61261K(393216K)
[2022-03-27T21:07:32.283+0800][2303.627s] GC(958) Metaspace: 49839K->49839K(1095680K)
[2022-03-27T21:07:32.283+0800][2303.627s] GC(958) Pause Young (Allocation Failure) 152M->67M(490M) 2.219ms
[2022-03-27T21:07:32.283+0800][2303.627s] GC(958) User=0.01s Sys=0.00s Real=0.00s
[2022-03-27T21:07:32.607+0800][2303.951s] GC(959) Pause Young (Allocation Failure)
[2022-03-27T21:07:32.607+0800][2303.951s] GC(959) Using 4 workers of 4 for evacuation
[2022-03-27T21:07:32.610+0800][2303.953s] GC(959) ParNew: 94850K->8320K(109248K)
[2022-03-27T21:07:32.610+0800][2303.953s] GC(959) CMS: 61261K->61608K(393216K)
[2022-03-27T21:07:32.610+0800][2303.953s] GC(959) Metaspace: 49839K->49839K(1095680K)
[2022-03-27T21:07:32.610+0800][2303.953s] GC(959) Pause Young (Allocation Failure) 152M->68M(490M) 2.300ms
[2022-03-27T21:07:32.610+0800][2303.953s] GC(959) User=0.01s Sys=0.00s Real=0.01s
[2022-03-27T21:07:32.909+0800][2304.252s] GC(960) Pause Young (Allocation Failure)
[2022-03-27T21:07:32.909+0800][2304.252s] GC(960) Using 4 workers of 4 for evacuation
[2022-03-27T21:07:32.911+0800][2304.255s] GC(960) ParNew: 95744K->6687K(109248K)
[2022-03-27T21:07:32.911+0800][2304.255s] GC(960) CMS: 61608K->62695K(393216K)
[2022-03-27T21:07:32.911+0800][2304.255s] GC(960) Metaspace: 49839K->49839K(1095680K)
[2022-03-27T21:07:32.911+0800][2304.255s] GC(960) Pause Young (Allocation Failure) 153M->67M(490M) 2.329ms
[2022-03-27T21:07:32.911+0800][2304.255s] GC(960) User=0.00s Sys=0.00s Real=0.01s
[2022-03-27T21:07:33.199+0800][2304.543s] GC(961) Pause Young (Allocation Failure)
[2022-03-27T21:07:33.199+0800][2304.543s] GC(961) Using 4 workers of 4 for evacuation
[2022-03-27T21:07:33.201+0800][2304.545s] GC(961) ParNew: 94111K->7781K(109248K)
[2022-03-27T21:07:33.201+0800][2304.545s] GC(961) CMS: 62695K->63026K(393216K)
[2022-03-27T21:07:33.201+0800][2304.545s] GC(961) Metaspace: 49839K->49839K(1095680K)
[2022-03-27T21:07:33.201+0800][2304.545s] GC(961) Pause Young (Allocation Failure) 153M->69M(490M) 2.279ms
[2022-03-27T21:07:33.201+0800][2304.545s] GC(961) User=0.01s Sys=0.00s Real=0.01s
[2022-03-27T21:07:33.543+0800][2304.887s] GC(962) Pause Young (Allocation Failure)
[2022-03-27T21:07:33.543+0800][2304.887s] GC(962) Using 4 workers of 4 for evacuation
[2022-03-27T21:07:33.546+0800][2304.890s] GC(962) ParNew: 95205K->7116K(109248K)
[2022-03-27T21:07:33.546+0800][2304.890s] GC(962) CMS: 63026K->63434K(393216K)
[2022-03-27T21:07:33.546+0800][2304.890s] GC(962) Metaspace: 49839K->49839K(1095680K)
[2022-03-27T21:07:33.547+0800][2304.890s] GC(962) Pause Young (Allocation Failure) 154M->68M(490M) 3.211ms
[2022-03-27T21:07:33.547+0800][2304.890s] GC(962) User=0.00s Sys=0.00s Real=0.00s
[2022-03-27T21:07:33.862+0800][2305.205s] GC(963) Pause Young (Allocation Failure)
[2022-03-27T21:07:33.862+0800][2305.205s] GC(963) Using 4 workers of 4 for evacuation
[2022-03-27T21:07:33.864+0800][2305.208s] GC(963) ParNew: 94540K->7104K(109248K)
[2022-03-27T21:07:33.864+0800][2305.208s] GC(963) CMS: 63434K->63838K(393216K)
[2022-03-27T21:07:33.864+0800][2305.208s] GC(963) Metaspace: 49839K->49839K(1095680K)
[2022-03-27T21:07:33.864+0800][2305.208s] GC(963) Pause Young (Allocation Failure) 154M->69M(490M) 2.294ms
[2022-03-27T21:07:33.864+0800][2305.208s] GC(963) User=0.01s Sys=0.00s Real=0.00s
[2022-03-27T21:07:34.204+0800][2305.548s] GC(964) Pause Young (Allocation Failure)
[2022-03-27T21:07:34.204+0800][2305.548s] GC(964) Using 4 workers of 4 for evacuation
[2022-03-27T21:07:34.208+0800][2305.552s] GC(964) ParNew: 94528K->7851K(109248K)
[2022-03-27T21:07:34.208+0800][2305.552s] GC(964) CMS: 63838K->64181K(393216K)
[2022-03-27T21:07:34.208+0800][2305.552s] GC(964) Metaspace: 49839K->49839K(1095680K)
[2022-03-27T21:07:34.208+0800][2305.552s] GC(964) Pause Young (Allocation Failure) 154M->70M(490M) 3.612ms
[2022-03-27T21:07:34.208+0800][2305.552s] GC(964) User=0.01s Sys=0.00s Real=0.00s
[2022-03-27T21:07:34.512+0800][2305.856s] GC(965) Pause Young (Allocation Failure)
[2022-03-27T21:07:34.512+0800][2305.856s] GC(965) Using 4 workers of 4 for evacuation
[2022-03-27T21:07:34.514+0800][2305.858s] GC(965) ParNew: 95275K->7429K(109248K)
[2022-03-27T21:07:34.514+0800][2305.858s] GC(965) CMS: 64181K->64643K(393216K)
[2022-03-27T21:07:34.514+0800][2305.858s] GC(965) Metaspace: 49839K->49839K(1095680K)
[2022-03-27T21:07:34.514+0800][2305.858s] GC(965) Pause Young (Allocation Failure) 155M->70M(490M) 2.126ms
[2022-03-27T21:07:34.514+0800][2305.858s] GC(965) User=0.01s Sys=0.00s Real=0.00s
[2022-03-27T21:07:34.838+0800][2306.181s] GC(966) Pause Young (Allocation Failure)
[2022-03-27T21:07:34.838+0800][2306.181s] GC(966) Using 4 workers of 4 for evacuation
[2022-03-27T21:07:34.840+0800][2306.183s] GC(966) ParNew: 94853K->6834K(109248K)
[2022-03-27T21:07:34.840+0800][2306.183s] GC(966) CMS: 64643K->65143K(393216K)
[2022-03-27T21:07:34.840+0800][2306.183s] GC(966) Metaspace: 49839K->49839K(1095680K)
[2022-03-27T21:07:34.840+0800][2306.183s] GC(966) Pause Young (Allocation Failure) 155M->70M(490M) 2.129ms
[2022-03-27T21:07:34.840+0800][2306.183s] GC(966) User=0.00s Sys=0.00s Real=0.01s
[2022-03-27T21:07:35.142+0800][2306.485s] GC(967) Pause Young (Allocation Failure)
[2022-03-27T21:07:35.142+0800][2306.486s] GC(967) Using 4 workers of 4 for evacuation
[2022-03-27T21:07:35.144+0800][2306.487s] GC(967) ParNew: 94258K->6830K(109248K)
[2022-03-27T21:07:35.144+0800][2306.488s] GC(967) CMS: 65143K->65461K(393216K)
[2022-03-27T21:07:35.144+0800][2306.488s] GC(967) Metaspace: 49839K->49839K(1095680K)
[2022-03-27T21:07:35.144+0800][2306.488s] GC(967) Pause Young (Allocation Failure) 155M->70M(490M) 2.134ms
[2022-03-27T21:07:35.144+0800][2306.488s] GC(967) User=0.01s Sys=0.00s Real=0.00s
[2022-03-27T21:07:35.437+0800][2306.781s] GC(968) Pause Young (Allocation Failure)
[2022-03-27T21:07:35.437+0800][2306.781s] GC(968) Using 4 workers of 4 for evacuation
[2022-03-27T21:07:35.439+0800][2306.783s] GC(968) ParNew: 94254K->7262K(109248K)
[2022-03-27T21:07:35.439+0800][2306.783s] GC(968) CMS: 65461K->65770K(393216K)
[2022-03-27T21:07:35.439+0800][2306.783s] GC(968) Metaspace: 49839K->49839K(1095680K)
[2022-03-27T21:07:35.439+0800][2306.783s] GC(968) Pause Young (Allocation Failure) 155M->71M(490M) 2.219ms
[2022-03-27T21:07:35.439+0800][2306.783s] GC(968) User=0.01s Sys=0.00s Real=0.00s
[2022-03-27T21:07:35.755+0800][2307.099s] GC(969) Pause Young (Allocation Failure)
[2022-03-27T21:07:35.755+0800][2307.099s] GC(969) Using 4 workers of 4 for evacuation
[2022-03-27T21:07:35.757+0800][2307.101s] GC(969) ParNew: 94686K->8124K(109248K)
[2022-03-27T21:07:35.757+0800][2307.101s] GC(969) CMS: 65770K->66168K(393216K)
[2022-03-27T21:07:35.757+0800][2307.101s] GC(969) Metaspace: 49839K->49839K(1095680K)
[2022-03-27T21:07:35.757+0800][2307.101s] GC(969) Pause Young (Allocation Failure) 156M->72M(490M) 2.069ms
[2022-03-27T21:07:35.757+0800][2307.101s] GC(969) User=0.01s Sys=0.00s Real=0.00s
[2022-03-27T21:07:36.025+0800][2307.368s] GC(970) Pause Young (Allocation Failure)
[2022-03-27T21:07:36.025+0800][2307.369s] GC(970) Using 4 workers of 4 for evacuation
[2022-03-27T21:07:36.027+0800][2307.371s] GC(970) ParNew: 95548K->7952K(109248K)
[2022-03-27T21:07:36.027+0800][2307.371s] GC(970) CMS: 66168K->66509K(393216K)
[2022-03-27T21:07:36.027+0800][2307.371s] GC(970) Metaspace: 49839K->49839K(1095680K)
[2022-03-27T21:07:36.027+0800][2307.371s] GC(970) Pause Young (Allocation Failure) 157M->72M(490M) 2.465ms
[2022-03-27T21:07:36.027+0800][2307.371s] GC(970) User=0.01s Sys=0.00s Real=0.00s
[2022-03-27T21:07:36.310+0800][2307.654s] GC(971) Pause Young (Allocation Failure)
[2022-03-27T21:07:36.310+0800][2307.654s] GC(971) Using 4 workers of 4 for evacuation
[2022-03-27T21:07:36.313+0800][2307.657s] GC(971) ParNew: 95376K->8534K(109248K)
[2022-03-27T21:07:36.313+0800][2307.657s] GC(971) CMS: 66509K->66857K(393216K)
[2022-03-27T21:07:36.313+0800][2307.657s] GC(971) Metaspace: 49839K->49839K(1095680K)
[2022-03-27T21:07:36.313+0800][2307.657s] GC(971) Pause Young (Allocation Failure) 158M->73M(490M) 2.735ms
[2022-03-27T21:07:36.313+0800][2307.657s] GC(971) User=0.01s Sys=0.00s Real=0.00s
[2022-03-27T21:07:36.635+0800][2307.978s] GC(972) Pause Young (Allocation Failure)
[2022-03-27T21:07:36.635+0800][2307.979s] GC(972) Using 4 workers of 4 for evacuation
[2022-03-27T21:07:36.637+0800][2307.981s] GC(972) ParNew: 95958K->8451K(109248K)
[2022-03-27T21:07:36.637+0800][2307.981s] GC(972) CMS: 66857K->67161K(393216K)
[2022-03-27T21:07:36.637+0800][2307.981s] GC(972) Metaspace: 49839K->49839K(1095680K)
[2022-03-27T21:07:36.637+0800][2307.981s] GC(972) Pause Young (Allocation Failure) 159M->73M(490M) 2.369ms
[2022-03-27T21:07:36.637+0800][2307.981s] GC(972) User=0.01s Sys=0.00s Real=0.00s
[2022-03-27T21:07:36.952+0800][2308.296s] GC(973) Pause Young (Allocation Failure)
[2022-03-27T21:07:36.952+0800][2308.296s] GC(973) Using 4 workers of 4 for evacuation
[2022-03-27T21:07:36.954+0800][2308.298s] GC(973) ParNew: 95875K->8866K(109248K)
[2022-03-27T21:07:36.954+0800][2308.298s] GC(973) CMS: 67161K->67484K(393216K)
[2022-03-27T21:07:36.954+0800][2308.298s] GC(973) Metaspace: 49839K->49839K(1095680K)
[2022-03-27T21:07:36.954+0800][2308.298s] GC(973) Pause Young (Allocation Failure) 159M->74M(490M) 2.095ms
[2022-03-27T21:07:36.954+0800][2308.298s] GC(973) User=0.00s Sys=0.00s Real=0.00s
[2022-03-27T21:07:37.230+0800][2308.574s] GC(974) Pause Young (Allocation Failure)
[2022-03-27T21:07:37.230+0800][2308.574s] GC(974) Using 4 workers of 4 for evacuation
[2022-03-27T21:07:37.232+0800][2308.576s] GC(974) ParNew: 96290K->7827K(109248K)
[2022-03-27T21:07:37.232+0800][2308.576s] GC(974) CMS: 67484K->67842K(393216K)
[2022-03-27T21:07:37.232+0800][2308.576s] GC(974) Metaspace: 49839K->49839K(1095680K)
[2022-03-27T21:07:37.232+0800][2308.576s] GC(974) Pause Young (Allocation Failure) 159M->73M(490M) 2.004ms
[2022-03-27T21:07:37.232+0800][2308.576s] GC(974) User=0.01s Sys=0.00s Real=0.00s
[2022-03-27T21:07:37.551+0800][2308.895s] GC(975) Pause Young (Allocation Failure)
[2022-03-27T21:07:37.551+0800][2308.895s] GC(975) Using 4 workers of 4 for evacuation
[2022-03-27T21:07:37.553+0800][2308.897s] GC(975) ParNew: 95251K->9290K(109248K)
[2022-03-27T21:07:37.553+0800][2308.897s] GC(975) CMS: 67842K->68196K(393216K)
[2022-03-27T21:07:37.553+0800][2308.897s] GC(975) Metaspace: 49839K->49839K(1095680K)
[2022-03-27T21:07:37.553+0800][2308.897s] GC(975) Pause Young (Allocation Failure) 159M->75M(490M) 2.237ms
[2022-03-27T21:07:37.553+0800][2308.897s] GC(975) User=0.01s Sys=0.00s Real=0.00s
[2022-03-27T21:07:37.724+0800][2309.068s] GC(976) Pause Young (Allocation Failure)
[2022-03-27T21:07:37.725+0800][2309.068s] GC(976) Using 4 workers of 4 for evacuation
[2022-03-27T21:07:37.727+0800][2309.071s] GC(976) ParNew: 96680K->8383K(109248K)
[2022-03-27T21:07:37.727+0800][2309.071s] GC(976) CMS: 68196K->68545K(393216K)
[2022-03-27T21:07:37.727+0800][2309.071s] GC(976) Metaspace: 49839K->49839K(1095680K)
[2022-03-27T21:07:37.727+0800][2309.071s] GC(976) Pause Young (Allocation Failure) 161M->75M(490M) 2.768ms
[2022-03-27T21:07:37.727+0800][2309.071s] GC(976) User=0.01s Sys=0.00s Real=0.00s
[2022-03-27T21:07:37.857+0800][2309.201s] GC(977) Pause Young (Allocation Failure)
[2022-03-27T21:07:37.857+0800][2309.201s] GC(977) Using 4 workers of 4 for evacuation
[2022-03-27T21:07:37.859+0800][2309.203s] GC(977) ParNew: 95807K->11292K(109248K)
[2022-03-27T21:07:37.859+0800][2309.203s] GC(977) CMS: 68545K->69899K(393216K)
[2022-03-27T21:07:37.859+0800][2309.203s] GC(977) Metaspace: 49839K->49839K(1095680K)
[2022-03-27T21:07:37.859+0800][2309.203s] GC(977) Pause Young (Allocation Failure) 160M->79M(490M) 2.437ms
[2022-03-27T21:07:37.859+0800][2309.203s] GC(977) User=0.01s Sys=0.00s Real=0.00s
[2022-03-27T21:07:38.101+0800][2309.445s] GC(978) Pause Young (Allocation Failure)
[2022-03-27T21:07:38.103+0800][2309.447s] GC(978) Using 4 workers of 4 for evacuation
[2022-03-27T21:07:38.107+0800][2309.451s] GC(978) ParNew: 98716K->10332K(109248K)
[2022-03-27T21:07:38.107+0800][2309.451s] GC(978) CMS: 69899K->70146K(393216K)
[2022-03-27T21:07:38.107+0800][2309.451s] GC(978) Metaspace: 49839K->49839K(1095680K)
[2022-03-27T21:07:38.107+0800][2309.451s] GC(978) Pause Young (Allocation Failure) 164M->78M(490M) 6.453ms
[2022-03-27T21:07:38.107+0800][2309.451s] GC(978) User=0.01s Sys=0.00s Real=0.00s
[2022-03-27T21:07:43.134+0800][2314.478s] GC(979) Pause Young (Allocation Failure)
[2022-03-27T21:07:43.134+0800][2314.478s] GC(979) Using 4 workers of 4 for evacuation
[2022-03-27T21:07:43.137+0800][2314.481s] GC(979) ParNew: 97534K->12197K(109248K)
[2022-03-27T21:07:43.138+0800][2314.481s] GC(979) CMS: 70146K->70598K(393216K)
[2022-03-27T21:07:43.138+0800][2314.481s] GC(979) Metaspace: 49839K->49839K(1095680K)
[2022-03-27T21:07:43.138+0800][2314.481s] GC(979) Pause Young (Allocation Failure) 163M->80M(490M) 3.757ms
[2022-03-27T21:07:43.138+0800][2314.481s] GC(979) User=0.01s Sys=0.00s Real=0.00s
[2022-03-27T21:07:43.258+0800][2314.602s] GC(980) Pause Young (Allocation Failure)
[2022-03-27T21:07:43.258+0800][2314.602s] GC(980) Using 4 workers of 4 for evacuation
[2022-03-27T21:07:43.263+0800][2314.607s] GC(980) ParNew: 99621K->11376K(109248K)
[2022-03-27T21:07:43.263+0800][2314.607s] GC(980) CMS: 70598K->71004K(393216K)
[2022-03-27T21:07:43.263+0800][2314.607s] GC(980) Metaspace: 49849K->49849K(1095680K)
[2022-03-27T21:07:43.263+0800][2314.607s] GC(980) Pause Young (Allocation Failure) 166M->80M(490M) 4.558ms
[2022-03-27T21:07:43.263+0800][2314.607s] GC(980) User=0.01s Sys=0.00s Real=0.01s
[2022-03-27T21:07:43.622+0800][2314.966s] GC(981) Pause Young (Allocation Failure)
[2022-03-27T21:07:43.622+0800][2314.966s] GC(981) Using 4 workers of 4 for evacuation
[2022-03-27T21:07:43.625+0800][2314.969s] GC(981) ParNew: 98800K->12230K(109248K)
[2022-03-27T21:07:43.625+0800][2314.969s] GC(981) CMS: 71004K->71389K(393216K)
[2022-03-27T21:07:43.625+0800][2314.969s] GC(981) Metaspace: 49849K->49849K(1095680K)
[2022-03-27T21:07:43.625+0800][2314.969s] GC(981) Pause Young (Allocation Failure) 165M->81M(490M) 3.242ms
[2022-03-27T21:07:43.625+0800][2314.969s] GC(981) User=0.01s Sys=0.01s Real=0.00s
[2022-03-27T21:07:43.922+0800][2315.265s] GC(982) Pause Young (Allocation Failure)
[2022-03-27T21:07:43.922+0800][2315.266s] GC(982) Using 4 workers of 4 for evacuation
[2022-03-27T21:07:43.924+0800][2315.268s] GC(982) ParNew: 99654K->8798K(109248K)
[2022-03-27T21:07:43.924+0800][2315.268s] GC(982) CMS: 71389K->74311K(393216K)
[2022-03-27T21:07:43.924+0800][2315.268s] GC(982) Metaspace: 49849K->49849K(1095680K)
[2022-03-27T21:07:43.924+0800][2315.268s] GC(982) Pause Young (Allocation Failure) 167M->81M(490M) 2.678ms
[2022-03-27T21:07:43.924+0800][2315.268s] GC(982) User=0.01s Sys=0.00s Real=0.00s
[2022-03-27T21:07:44.237+0800][2315.581s] GC(983) Pause Young (Allocation Failure)
[2022-03-27T21:07:44.237+0800][2315.581s] GC(983) Using 4 workers of 4 for evacuation
[2022-03-27T21:07:44.239+0800][2315.583s] GC(983) ParNew: 96164K->9142K(109248K)
[2022-03-27T21:07:44.239+0800][2315.583s] GC(983) CMS: 74311K->74957K(393216K)
[2022-03-27T21:07:44.239+0800][2315.583s] GC(983) Metaspace: 49849K->49849K(1095680K)
[2022-03-27T21:07:44.239+0800][2315.583s] GC(983) Pause Young (Allocation Failure) 166M->82M(490M) 2.418ms
[2022-03-27T21:07:44.239+0800][2315.583s] GC(983) User=0.00s Sys=0.00s Real=0.00s
[2022-03-27T21:07:44.541+0800][2315.885s] GC(984) Pause Young (Allocation Failure)
[2022-03-27T21:07:44.541+0800][2315.885s] GC(984) Using 4 workers of 4 for evacuation
[2022-03-27T21:07:44.543+0800][2315.887s] GC(984) ParNew: 96566K->8223K(109248K)
[2022-03-27T21:07:44.543+0800][2315.887s] GC(984) CMS: 74957K->75461K(393216K)
[2022-03-27T21:07:44.543+0800][2315.887s] GC(984) Metaspace: 49849K->49849K(1095680K)
[2022-03-27T21:07:44.543+0800][2315.887s] GC(984) Pause Young (Allocation Failure) 167M->81M(490M) 2.618ms
[2022-03-27T21:07:44.543+0800][2315.887s] GC(984) User=0.01s Sys=0.00s Real=0.00s
[2022-03-27T21:07:44.867+0800][2316.210s] GC(985) Pause Young (Allocation Failure)
[2022-03-27T21:07:44.867+0800][2316.211s] GC(985) Using 4 workers of 4 for evacuation
[2022-03-27T21:07:44.869+0800][2316.213s] GC(985) ParNew: 95647K->9231K(109248K)
[2022-03-27T21:07:44.869+0800][2316.213s] GC(985) CMS: 75461K->75491K(393216K)
[2022-03-27T21:07:44.869+0800][2316.213s] GC(985) Metaspace: 49849K->49849K(1095680K)
[2022-03-27T21:07:44.869+0800][2316.213s] GC(985) Pause Young (Allocation Failure) 167M->82M(490M) 2.502ms
[2022-03-27T21:07:44.869+0800][2316.213s] GC(985) User=0.01s Sys=0.00s Real=0.00s
[2022-03-27T21:07:45.159+0800][2316.503s] GC(986) Pause Young (Allocation Failure)
[2022-03-27T21:07:45.159+0800][2316.503s] GC(986) Using 4 workers of 4 for evacuation
[2022-03-27T21:07:45.161+0800][2316.505s] GC(986) ParNew: 96655K->10584K(109248K)
[2022-03-27T21:07:45.161+0800][2316.505s] GC(986) CMS: 75491K->75507K(393216K)
[2022-03-27T21:07:45.161+0800][2316.505s] GC(986) Metaspace: 49849K->49849K(1095680K)
[2022-03-27T21:07:45.161+0800][2316.505s] GC(986) Pause Young (Allocation Failure) 168M->84M(490M) 2.305ms
[2022-03-27T21:07:45.161+0800][2316.505s] GC(986) User=0.01s Sys=0.00s Real=0.01s
[2022-03-27T21:07:45.466+0800][2316.810s] GC(987) Pause Young (Allocation Failure)
[2022-03-27T21:07:45.466+0800][2316.810s] GC(987) Using 4 workers of 4 for evacuation
[2022-03-27T21:07:45.469+0800][2316.813s] GC(987) ParNew: 98008K->11238K(109248K)
[2022-03-27T21:07:45.469+0800][2316.813s] GC(987) CMS: 75507K->75561K(393216K)
[2022-03-27T21:07:45.469+0800][2316.813s] GC(987) Metaspace: 49849K->49849K(1095680K)
[2022-03-27T21:07:45.469+0800][2316.813s] GC(987) Pause Young (Allocation Failure) 169M->84M(490M) 2.678ms
[2022-03-27T21:07:45.469+0800][2316.813s] GC(987) User=0.01s Sys=0.00s Real=0.00s
[2022-03-27T21:07:45.869+0800][2317.212s] GC(988) Pause Young (Allocation Failure)
[2022-03-27T21:07:45.869+0800][2317.212s] GC(988) Using 4 workers of 4 for evacuation
[2022-03-27T21:07:45.872+0800][2317.215s] GC(988) ParNew: 98662K->13217K(109248K)
[2022-03-27T21:07:45.872+0800][2317.215s] GC(988) CMS: 75561K->79097K(393216K)
[2022-03-27T21:07:45.872+0800][2317.215s] GC(988) Metaspace: 49849K->49849K(1095680K)
[2022-03-27T21:07:45.872+0800][2317.215s] GC(988) Pause Young (Allocation Failure) 170M->90M(490M) 2.977ms
[2022-03-27T21:07:45.872+0800][2317.215s] GC(988) User=0.00s Sys=0.00s Real=0.01s
[2022-03-27T21:07:46.171+0800][2317.515s] GC(989) Pause Young (Allocation Failure)
[2022-03-27T21:07:46.171+0800][2317.515s] GC(989) Using 4 workers of 4 for evacuation
[2022-03-27T21:07:46.173+0800][2317.517s] GC(989) ParNew: 100641K->9933K(109248K)
[2022-03-27T21:07:46.173+0800][2317.517s] GC(989) CMS: 79097K->79558K(393216K)
[2022-03-27T21:07:46.173+0800][2317.517s] GC(989) Metaspace: 49849K->49849K(1095680K)
[2022-03-27T21:07:46.173+0800][2317.517s] GC(989) Pause Young (Allocation Failure) 175M->87M(490M) 2.402ms
[2022-03-27T21:07:46.174+0800][2317.517s] GC(989) User=0.01s Sys=0.00s Real=0.00s
[2022-03-27T21:07:46.470+0800][2317.814s] GC(990) Pause Young (Allocation Failure)
[2022-03-27T21:07:46.470+0800][2317.814s] GC(990) Using 4 workers of 4 for evacuation
[2022-03-27T21:07:46.472+0800][2317.816s] GC(990) ParNew: 97357K->8509K(109248K)
[2022-03-27T21:07:46.472+0800][2317.816s] GC(990) CMS: 79558K->80085K(393216K)
[2022-03-27T21:07:46.472+0800][2317.816s] GC(990) Metaspace: 49849K->49849K(1095680K)
[2022-03-27T21:07:46.472+0800][2317.816s] GC(990) Pause Young (Allocation Failure) 172M->86M(490M) 2.244ms
[2022-03-27T21:07:46.472+0800][2317.816s] GC(990) User=0.01s Sys=0.00s Real=0.00s
[2022-03-27T21:07:46.791+0800][2318.135s] GC(991) Pause Young (Allocation Failure)
[2022-03-27T21:07:46.792+0800][2318.135s] GC(991) Using 4 workers of 4 for evacuation
[2022-03-27T21:07:46.794+0800][2318.138s] GC(991) ParNew: 95933K->8411K(109248K)
[2022-03-27T21:07:46.794+0800][2318.138s] GC(991) CMS: 80085K->80447K(393216K)
[2022-03-27T21:07:46.794+0800][2318.138s] GC(991) Metaspace: 49849K->49849K(1095680K)
[2022-03-27T21:07:46.794+0800][2318.138s] GC(991) Pause Young (Allocation Failure) 171M->86M(490M) 2.420ms
[2022-03-27T21:07:46.794+0800][2318.138s] GC(991) User=0.00s Sys=0.00s Real=0.00s
[2022-03-27T21:07:47.094+0800][2318.437s] GC(992) Pause Young (Allocation Failure)
[2022-03-27T21:07:47.094+0800][2318.437s] GC(992) Using 4 workers of 4 for evacuation
[2022-03-27T21:07:47.096+0800][2318.440s] GC(992) ParNew: 95835K->11117K(109248K)
[2022-03-27T21:07:47.097+0800][2318.440s] GC(992) CMS: 80447K->80782K(393216K)
[2022-03-27T21:07:47.097+0800][2318.440s] GC(992) Metaspace: 49849K->49849K(1095680K)
[2022-03-27T21:07:47.097+0800][2318.440s] GC(992) Pause Young (Allocation Failure) 172M->89M(490M) 2.975ms
[2022-03-27T21:07:47.097+0800][2318.440s] GC(992) User=0.01s Sys=0.00s Real=0.00s
[2022-03-27T21:07:47.381+0800][2318.725s] GC(993) Pause Young (Allocation Failure)
[2022-03-27T21:07:47.382+0800][2318.725s] GC(993) Using 4 workers of 4 for evacuation
[2022-03-27T21:07:47.384+0800][2318.727s] GC(993) ParNew: 98541K->10601K(109248K)
[2022-03-27T21:07:47.384+0800][2318.727s] GC(993) CMS: 80782K->81127K(393216K)
[2022-03-27T21:07:47.384+0800][2318.727s] GC(993) Metaspace: 49849K->49849K(1095680K)
[2022-03-27T21:07:47.384+0800][2318.727s] GC(993) Pause Young (Allocation Failure) 175M->89M(490M) 2.295ms
[2022-03-27T21:07:47.384+0800][2318.727s] GC(993) User=0.01s Sys=0.00s Real=0.00s
[2022-03-27T21:07:47.682+0800][2319.026s] GC(994) Pause Young (Allocation Failure)
[2022-03-27T21:07:47.683+0800][2319.026s] GC(994) Using 4 workers of 4 for evacuation
[2022-03-27T21:07:47.687+0800][2319.031s] GC(994) ParNew: 98025K->9746K(109248K)
[2022-03-27T21:07:47.687+0800][2319.031s] GC(994) CMS: 81127K->81406K(393216K)
[2022-03-27T21:07:47.687+0800][2319.031s] GC(994) Metaspace: 49849K->49849K(1095680K)
[2022-03-27T21:07:47.687+0800][2319.031s] GC(994) Pause Young (Allocation Failure) 174M->89M(490M) 4.997ms
[2022-03-27T21:07:47.687+0800][2319.031s] GC(994) User=0.01s Sys=0.00s Real=0.00s
[2022-03-27T21:07:47.987+0800][2319.331s] GC(995) Pause Young (Allocation Failure)
[2022-03-27T21:07:47.987+0800][2319.331s] GC(995) Using 4 workers of 4 for evacuation
[2022-03-27T21:07:47.991+0800][2319.335s] GC(995) ParNew: 97170K->9818K(109248K)
[2022-03-27T21:07:47.991+0800][2319.335s] GC(995) CMS: 81406K->82981K(393216K)
[2022-03-27T21:07:47.991+0800][2319.335s] GC(995) Metaspace: 49849K->49849K(1095680K)
[2022-03-27T21:07:47.991+0800][2319.335s] GC(995) Pause Young (Allocation Failure) 174M->90M(490M) 4.310ms
[2022-03-27T21:07:47.991+0800][2319.335s] GC(995) User=0.01s Sys=0.00s Real=0.01s
[2022-03-27T21:07:48.281+0800][2319.624s] GC(996) Pause Young (Allocation Failure)
[2022-03-27T21:07:48.281+0800][2319.624s] GC(996) Using 4 workers of 4 for evacuation
[2022-03-27T21:07:48.283+0800][2319.626s] GC(996) ParNew: 97242K->8443K(109248K)
[2022-03-27T21:07:48.283+0800][2319.626s] GC(996) CMS: 82981K->83363K(393216K)
[2022-03-27T21:07:48.283+0800][2319.626s] GC(996) Metaspace: 49849K->49849K(1095680K)
[2022-03-27T21:07:48.283+0800][2319.626s] GC(996) Pause Young (Allocation Failure) 176M->89M(490M) 2.147ms
[2022-03-27T21:07:48.283+0800][2319.626s] GC(996) User=0.01s Sys=0.00s Real=0.00s
[2022-03-27T21:07:48.697+0800][2320.041s] GC(997) Pause Young (Allocation Failure)
[2022-03-27T21:07:48.697+0800][2320.041s] GC(997) Using 4 workers of 4 for evacuation
[2022-03-27T21:07:48.700+0800][2320.043s] GC(997) ParNew: 95867K->10018K(109248K)
[2022-03-27T21:07:48.700+0800][2320.043s] GC(997) CMS: 83363K->83692K(393216K)
[2022-03-27T21:07:48.700+0800][2320.043s] GC(997) Metaspace: 49849K->49849K(1095680K)
[2022-03-27T21:07:48.700+0800][2320.043s] GC(997) Pause Young (Allocation Failure) 175M->91M(490M) 2.464ms
[2022-03-27T21:07:48.700+0800][2320.043s] GC(997) User=0.01s Sys=0.00s Real=0.01s
[2022-03-27T21:07:48.978+0800][2320.321s] GC(998) Pause Young (Allocation Failure)
[2022-03-27T21:07:48.978+0800][2320.321s] GC(998) Using 4 workers of 4 for evacuation
[2022-03-27T21:07:48.980+0800][2320.323s] GC(998) ParNew: 97442K->10141K(109248K)
[2022-03-27T21:07:48.980+0800][2320.324s] GC(998) CMS: 83692K->84060K(393216K)
[2022-03-27T21:07:48.980+0800][2320.324s] GC(998) Metaspace: 49849K->49849K(1095680K)
[2022-03-27T21:07:48.980+0800][2320.324s] GC(998) Pause Young (Allocation Failure) 176M->91M(490M) 2.147ms
[2022-03-27T21:07:48.980+0800][2320.324s] GC(998) User=0.01s Sys=0.00s Real=0.01s
[2022-03-27T21:07:49.306+0800][2320.650s] GC(999) Pause Young (Allocation Failure)
[2022-03-27T21:07:49.306+0800][2320.650s] GC(999) Using 4 workers of 4 for evacuation
[2022-03-27T21:07:49.308+0800][2320.652s] GC(999) ParNew: 97565K->8933K(109248K)
[2022-03-27T21:07:49.308+0800][2320.652s] GC(999) CMS: 84060K->84468K(393216K)
[2022-03-27T21:07:49.308+0800][2320.652s] GC(999) Metaspace: 49849K->49849K(1095680K)
[2022-03-27T21:07:49.308+0800][2320.652s] GC(999) Pause Young (Allocation Failure) 177M->91M(490M) 2.174ms
[2022-03-27T21:07:49.308+0800][2320.652s] GC(999) User=0.01s Sys=0.00s Real=0.00s
[2022-03-27T21:07:49.655+0800][2320.999s] GC(1000) Pause Young (Allocation Failure)
[2022-03-27T21:07:49.655+0800][2320.999s] GC(1000) Using 4 workers of 4 for evacuation
[2022-03-27T21:07:49.657+0800][2321.001s] GC(1000) ParNew: 96357K->9923K(109248K)
[2022-03-27T21:07:49.657+0800][2321.001s] GC(1000) CMS: 84468K->85866K(393216K)
[2022-03-27T21:07:49.657+0800][2321.001s] GC(1000) Metaspace: 49849K->49849K(1095680K)
[2022-03-27T21:07:49.657+0800][2321.001s] GC(1000) Pause Young (Allocation Failure) 176M->93M(490M) 2.511ms
[2022-03-27T21:07:49.657+0800][2321.001s] GC(1000) User=0.01s Sys=0.00s Real=0.00s
[2022-03-27T21:07:49.943+0800][2321.287s] GC(1001) Pause Young (Allocation Failure)
[2022-03-27T21:07:49.943+0800][2321.287s] GC(1001) Using 4 workers of 4 for evacuation
[2022-03-27T21:07:49.945+0800][2321.289s] GC(1001) ParNew: 97347K->9186K(109248K)
[2022-03-27T21:07:49.945+0800][2321.289s] GC(1001) CMS: 85866K->86250K(393216K)
[2022-03-27T21:07:49.945+0800][2321.289s] GC(1001) Metaspace: 49849K->49849K(1095680K)
[2022-03-27T21:07:49.945+0800][2321.289s] GC(1001) Pause Young (Allocation Failure) 178M->93M(490M) 2.203ms
[2022-03-27T21:07:49.945+0800][2321.289s] GC(1001) User=0.01s Sys=0.00s Real=0.00s
[2022-03-27T21:07:50.260+0800][2321.603s] GC(1002) Pause Young (Allocation Failure)
[2022-03-27T21:07:50.260+0800][2321.603s] GC(1002) Using 4 workers of 4 for evacuation
[2022-03-27T21:07:50.262+0800][2321.606s] GC(1002) ParNew: 96610K->8545K(109248K)
[2022-03-27T21:07:50.262+0800][2321.606s] GC(1002) CMS: 86250K->86707K(393216K)
[2022-03-27T21:07:50.262+0800][2321.606s] GC(1002) Metaspace: 49849K->49849K(1095680K)
[2022-03-27T21:07:50.262+0800][2321.606s] GC(1002) Pause Young (Allocation Failure) 178M->93M(490M) 2.573ms
[2022-03-27T21:07:50.262+0800][2321.606s] GC(1002) User=0.01s Sys=0.00s Real=0.00s
[2022-03-27T21:07:50.573+0800][2321.917s] GC(1003) Pause Young (Allocation Failure)
[2022-03-27T21:07:50.573+0800][2321.917s] GC(1003) Using 4 workers of 4 for evacuation
[2022-03-27T21:07:50.575+0800][2321.919s] GC(1003) ParNew: 95969K->9333K(109248K)
[2022-03-27T21:07:50.575+0800][2321.919s] GC(1003) CMS: 86707K->87031K(393216K)
[2022-03-27T21:07:50.575+0800][2321.919s] GC(1003) Metaspace: 49849K->49849K(1095680K)
[2022-03-27T21:07:50.575+0800][2321.919s] GC(1003) Pause Young (Allocation Failure) 178M->94M(490M) 2.101ms
[2022-03-27T21:07:50.575+0800][2321.919s] GC(1003) User=0.01s Sys=0.00s Real=0.00s
[2022-03-27T21:07:50.912+0800][2322.255s] GC(1004) Pause Young (Allocation Failure)
[2022-03-27T21:07:50.912+0800][2322.255s] GC(1004) Using 4 workers of 4 for evacuation
[2022-03-27T21:07:50.914+0800][2322.258s] GC(1004) ParNew: 96757K->7918K(109248K)
[2022-03-27T21:07:50.914+0800][2322.258s] GC(1004) CMS: 87031K->87339K(393216K)
[2022-03-27T21:07:50.914+0800][2322.258s] GC(1004) Metaspace: 49849K->49849K(1095680K)
[2022-03-27T21:07:50.914+0800][2322.258s] GC(1004) Pause Young (Allocation Failure) 179M->93M(490M) 2.317ms
[2022-03-27T21:07:50.914+0800][2322.258s] GC(1004) User=0.00s Sys=0.00s Real=0.00s
[2022-03-27T21:07:51.194+0800][2322.538s] GC(1005) Pause Young (Allocation Failure)
[2022-03-27T21:07:51.194+0800][2322.538s] GC(1005) Using 4 workers of 4 for evacuation
[2022-03-27T21:07:51.196+0800][2322.540s] GC(1005) ParNew: 95342K->8857K(109248K)
[2022-03-27T21:07:51.196+0800][2322.540s] GC(1005) CMS: 87339K->88210K(393216K)
[2022-03-27T21:07:51.196+0800][2322.540s] GC(1005) Metaspace: 49849K->49849K(1095680K)
[2022-03-27T21:07:51.196+0800][2322.540s] GC(1005) Pause Young (Allocation Failure) 178M->94M(490M) 2.424ms
[2022-03-27T21:07:51.196+0800][2322.540s] GC(1005) User=0.01s Sys=0.00s Real=0.00s
[2022-03-27T21:07:51.564+0800][2322.907s] GC(1006) Pause Young (Allocation Failure)
[2022-03-27T21:07:51.564+0800][2322.907s] GC(1006) Using 4 workers of 4 for evacuation
[2022-03-27T21:07:51.566+0800][2322.909s] GC(1006) ParNew: 96281K->8533K(109248K)
[2022-03-27T21:07:51.566+0800][2322.909s] GC(1006) CMS: 88210K->88512K(393216K)
[2022-03-27T21:07:51.566+0800][2322.909s] GC(1006) Metaspace: 49849K->49849K(1095680K)
[2022-03-27T21:07:51.566+0800][2322.909s] GC(1006) Pause Young (Allocation Failure) 180M->94M(490M) 2.032ms
[2022-03-27T21:07:51.566+0800][2322.909s] GC(1006) User=0.01s Sys=0.00s Real=0.00s
[2022-03-27T21:07:51.861+0800][2323.205s] GC(1007) Pause Young (Allocation Failure)
[2022-03-27T21:07:51.861+0800][2323.205s] GC(1007) Using 4 workers of 4 for evacuation
[2022-03-27T21:07:51.863+0800][2323.207s] GC(1007) ParNew: 95957K->8034K(109248K)
[2022-03-27T21:07:51.863+0800][2323.207s] GC(1007) CMS: 88512K->89001K(393216K)
[2022-03-27T21:07:51.863+0800][2323.207s] GC(1007) Metaspace: 49849K->49849K(1095680K)
[2022-03-27T21:07:51.863+0800][2323.207s] GC(1007) Pause Young (Allocation Failure) 180M->94M(490M) 2.116ms
[2022-03-27T21:07:51.863+0800][2323.207s] GC(1007) User=0.01s Sys=0.00s Real=0.00s
[2022-03-27T21:07:52.155+0800][2323.499s] GC(1008) Pause Young (Allocation Failure)
[2022-03-27T21:07:52.155+0800][2323.499s] GC(1008) Using 4 workers of 4 for evacuation
[2022-03-27T21:07:52.157+0800][2323.501s] GC(1008) ParNew: 95458K->9152K(109248K)
[2022-03-27T21:07:52.157+0800][2323.501s] GC(1008) CMS: 89001K->89328K(393216K)
[2022-03-27T21:07:52.157+0800][2323.501s] GC(1008) Metaspace: 49849K->49849K(1095680K)
[2022-03-27T21:07:52.157+0800][2323.501s] GC(1008) Pause Young (Allocation Failure) 180M->96M(490M) 2.001ms
[2022-03-27T21:07:52.157+0800][2323.501s] GC(1008) User=0.01s Sys=0.00s Real=0.00s
[2022-03-27T21:07:52.471+0800][2323.815s] GC(1009) Pause Young (Allocation Failure)
[2022-03-27T21:07:52.471+0800][2323.815s] GC(1009) Using 4 workers of 4 for evacuation
[2022-03-27T21:07:52.473+0800][2323.817s] GC(1009) ParNew: 96576K->8656K(109248K)
[2022-03-27T21:07:52.473+0800][2323.817s] GC(1009) CMS: 89328K->89582K(393216K)
[2022-03-27T21:07:52.473+0800][2323.817s] GC(1009) Metaspace: 49849K->49849K(1095680K)
[2022-03-27T21:07:52.473+0800][2323.817s] GC(1009) Pause Young (Allocation Failure) 181M->95M(490M) 1.960ms
[2022-03-27T21:07:52.473+0800][2323.817s] GC(1009) User=0.01s Sys=0.00s Real=0.00s
[2022-03-27T21:07:52.724+0800][2324.068s] GC(1010) Pause Young (Allocation Failure)
[2022-03-27T21:07:52.724+0800][2324.068s] GC(1010) Using 4 workers of 4 for evacuation
[2022-03-27T21:07:52.726+0800][2324.070s] GC(1010) ParNew: 95958K->8790K(109248K)
[2022-03-27T21:07:52.726+0800][2324.070s] GC(1010) CMS: 89582K->89950K(393216K)
[2022-03-27T21:07:52.726+0800][2324.070s] GC(1010) Metaspace: 49849K->49849K(1095680K)
[2022-03-27T21:07:52.727+0800][2324.070s] GC(1010) Pause Young (Allocation Failure) 181M->96M(490M) 2.503ms
[2022-03-27T21:07:52.727+0800][2324.070s] GC(1010) User=0.00s Sys=0.00s Real=0.00s
[2022-03-27T21:07:52.808+0800][2324.152s] GC(1011) Pause Young (Allocation Failure)
[2022-03-27T21:07:52.808+0800][2324.152s] GC(1011) Using 4 workers of 4 for evacuation
[2022-03-27T21:07:52.810+0800][2324.154s] GC(1011) ParNew: 96214K->11077K(109248K)
[2022-03-27T21:07:52.810+0800][2324.154s] GC(1011) CMS: 89950K->90234K(393216K)
[2022-03-27T21:07:52.810+0800][2324.154s] GC(1011) Metaspace: 49852K->49852K(1095680K)
[2022-03-27T21:07:52.810+0800][2324.154s] GC(1011) Pause Young (Allocation Failure) 181M->98M(490M) 2.119ms
[2022-03-27T21:07:52.810+0800][2324.154s] GC(1011) User=0.00s Sys=0.00s Real=0.01s
[2022-03-27T21:07:52.927+0800][2324.271s] GC(1012) Pause Young (Allocation Failure)
[2022-03-27T21:07:52.927+0800][2324.271s] GC(1012) Using 4 workers of 4 for evacuation
[2022-03-27T21:07:52.930+0800][2324.274s] GC(1012) ParNew: 98501K->12689K(109248K)
[2022-03-27T21:07:52.931+0800][2324.274s] GC(1012) CMS: 90234K->90517K(393216K)
[2022-03-27T21:07:52.931+0800][2324.274s] GC(1012) Metaspace: 49852K->49852K(1095680K)
[2022-03-27T21:07:52.931+0800][2324.274s] GC(1012) Pause Young (Allocation Failure) 184M->100M(490M) 3.216ms
[2022-03-27T21:07:52.931+0800][2324.274s] GC(1012) User=0.01s Sys=0.00s Real=0.01s
[2022-03-27T21:07:56.218+0800][2327.562s] GC(1013) Pause Young (Allocation Failure)
[2022-03-27T21:07:56.235+0800][2327.579s] GC(1013) Using 4 workers of 4 for evacuation
[2022-03-27T21:07:56.239+0800][2327.583s] GC(1013) ParNew: 100113K->13041K(109248K)
[2022-03-27T21:07:56.239+0800][2327.583s] GC(1013) CMS: 90517K->90897K(393216K)
[2022-03-27T21:07:56.239+0800][2327.583s] GC(1013) Metaspace: 49854K->49854K(1095680K)
[2022-03-27T21:07:56.239+0800][2327.583s] GC(1013) Pause Young (Allocation Failure) 186M->101M(490M) 21.423ms
[2022-03-27T21:07:56.239+0800][2327.583s] GC(1013) User=0.01s Sys=0.00s Real=0.02s
[2022-03-27T21:07:58.685+0800][2330.029s] GC(1014) Pause Young (Allocation Failure)
[2022-03-27T21:07:58.685+0800][2330.029s] GC(1014) Using 4 workers of 4 for evacuation
[2022-03-27T21:07:58.688+0800][2330.032s] GC(1014) ParNew: 100465K->9157K(109248K)
[2022-03-27T21:07:58.688+0800][2330.032s] GC(1014) CMS: 90897K->94310K(393216K)
[2022-03-27T21:07:58.688+0800][2330.032s] GC(1014) Metaspace: 49854K->49854K(1095680K)
[2022-03-27T21:07:58.688+0800][2330.032s] GC(1014) Pause Young (Allocation Failure) 186M->101M(490M) 2.934ms
[2022-03-27T21:07:58.688+0800][2330.032s] GC(1014) User=0.00s Sys=0.00s Real=0.00s
[2022-03-27T21:07:59.046+0800][2330.390s] GC(1015) Pause Young (Allocation Failure)
[2022-03-27T21:07:59.046+0800][2330.390s] GC(1015) Using 4 workers of 4 for evacuation
[2022-03-27T21:07:59.048+0800][2330.392s] GC(1015) ParNew: 96444K->8053K(109248K)
[2022-03-27T21:07:59.048+0800][2330.392s] GC(1015) CMS: 94310K->95027K(393216K)
[2022-03-27T21:07:59.048+0800][2330.392s] GC(1015) Metaspace: 49860K->49860K(1095680K)
[2022-03-27T21:07:59.048+0800][2330.392s] GC(1015) Pause Young (Allocation Failure) 186M->100M(490M) 2.496ms
[2022-03-27T21:07:59.048+0800][2330.392s] GC(1015) User=0.01s Sys=0.00s Real=0.00s
[2022-03-27T21:07:59.351+0800][2330.695s] GC(1016) Pause Young (Allocation Failure)
[2022-03-27T21:07:59.351+0800][2330.695s] GC(1016) Using 4 workers of 4 for evacuation
[2022-03-27T21:07:59.353+0800][2330.697s] GC(1016) ParNew: 95477K->9204K(109248K)
[2022-03-27T21:07:59.353+0800][2330.697s] GC(1016) CMS: 95027K->95656K(393216K)
[2022-03-27T21:07:59.353+0800][2330.697s] GC(1016) Metaspace: 49860K->49860K(1095680K)
[2022-03-27T21:07:59.353+0800][2330.697s] GC(1016) Pause Young (Allocation Failure) 186M->102M(490M) 2.294ms
[2022-03-27T21:07:59.353+0800][2330.697s] GC(1016) User=0.01s Sys=0.00s Real=0.00s
[2022-03-27T21:07:59.550+0800][2330.894s] GC(1017) Pause Young (Allocation Failure)
[2022-03-27T21:07:59.551+0800][2330.894s] GC(1017) Using 4 workers of 4 for evacuation
[2022-03-27T21:07:59.553+0800][2330.897s] GC(1017) ParNew: 96628K->9389K(109248K)
[2022-03-27T21:07:59.553+0800][2330.897s] GC(1017) CMS: 95656K->96275K(393216K)
[2022-03-27T21:07:59.553+0800][2330.897s] GC(1017) Metaspace: 49860K->49860K(1095680K)
[2022-03-27T21:07:59.553+0800][2330.897s] GC(1017) Pause Young (Allocation Failure) 187M->103M(490M) 2.651ms
[2022-03-27T21:07:59.553+0800][2330.897s] GC(1017) User=0.01s Sys=0.00s Real=0.00s
[2022-03-27T21:07:59.702+0800][2331.045s] GC(1018) Pause Young (Allocation Failure)
[2022-03-27T21:07:59.702+0800][2331.045s] GC(1018) Using 4 workers of 4 for evacuation
[2022-03-27T21:07:59.704+0800][2331.048s] GC(1018) ParNew: 96813K->9146K(109248K)
[2022-03-27T21:07:59.704+0800][2331.048s] GC(1018) CMS: 96275K->96614K(393216K)
[2022-03-27T21:07:59.704+0800][2331.048s] GC(1018) Metaspace: 49861K->49861K(1095680K)
[2022-03-27T21:07:59.704+0800][2331.048s] GC(1018) Pause Young (Allocation Failure) 188M->103M(490M) 2.723ms
[2022-03-27T21:07:59.704+0800][2331.048s] GC(1018) User=0.01s Sys=0.00s Real=0.00s
[2022-03-27T21:07:59.900+0800][2331.243s] GC(1019) Pause Young (Allocation Failure)
[2022-03-27T21:07:59.900+0800][2331.244s] GC(1019) Using 4 workers of 4 for evacuation
[2022-03-27T21:07:59.903+0800][2331.246s] GC(1019) ParNew: 96570K->8807K(109248K)
[2022-03-27T21:07:59.903+0800][2331.246s] GC(1019) CMS: 96614K->96724K(393216K)
[2022-03-27T21:07:59.903+0800][2331.246s] GC(1019) Metaspace: 49861K->49861K(1095680K)
[2022-03-27T21:07:59.903+0800][2331.246s] GC(1019) Pause Young (Allocation Failure) 188M->103M(490M) 2.925ms
[2022-03-27T21:07:59.903+0800][2331.246s] GC(1019) User=0.00s Sys=0.00s Real=0.00s
[2022-03-27T21:08:00.017+0800][2331.360s] GC(1020) Pause Young (Allocation Failure)
[2022-03-27T21:08:00.017+0800][2331.360s] GC(1020) Using 4 workers of 4 for evacuation
[2022-03-27T21:08:00.019+0800][2331.362s] GC(1020) ParNew: 96231K->11152K(109248K)
[2022-03-27T21:08:00.019+0800][2331.362s] GC(1020) CMS: 96724K->96734K(393216K)
[2022-03-27T21:08:00.019+0800][2331.363s] GC(1020) Metaspace: 49861K->49861K(1095680K)
[2022-03-27T21:08:00.019+0800][2331.363s] GC(1020) Pause Young (Allocation Failure) 188M->105M(490M) 2.293ms
[2022-03-27T21:08:00.019+0800][2331.363s] GC(1020) User=0.01s Sys=0.00s Real=0.00s
[2022-03-27T21:08:00.173+0800][2331.517s] GC(1021) Pause Young (Allocation Failure)
[2022-03-27T21:08:00.173+0800][2331.517s] GC(1021) Using 4 workers of 4 for evacuation
[2022-03-27T21:08:00.175+0800][2331.519s] GC(1021) ParNew: 98576K->9822K(109248K)
[2022-03-27T21:08:00.175+0800][2331.519s] GC(1021) CMS: 96734K->96752K(393216K)
[2022-03-27T21:08:00.175+0800][2331.519s] GC(1021) Metaspace: 49861K->49861K(1095680K)
[2022-03-27T21:08:00.175+0800][2331.519s] GC(1021) Pause Young (Allocation Failure) 190M->104M(490M) 2.319ms
[2022-03-27T21:08:00.175+0800][2331.519s] GC(1021) User=0.01s Sys=0.00s Real=0.00s
[2022-03-27T21:08:00.472+0800][2331.815s] GC(1022) Pause Young (Allocation Failure)
[2022-03-27T21:08:00.472+0800][2331.816s] GC(1022) Using 4 workers of 4 for evacuation
[2022-03-27T21:08:00.474+0800][2331.818s] GC(1022) ParNew: 97246K->8629K(109248K)
[2022-03-27T21:08:00.474+0800][2331.818s] GC(1022) CMS: 96752K->99362K(393216K)
[2022-03-27T21:08:00.474+0800][2331.818s] GC(1022) Metaspace: 49861K->49861K(1095680K)
[2022-03-27T21:08:00.474+0800][2331.818s] GC(1022) Pause Young (Allocation Failure) 189M->105M(490M) 2.679ms
[2022-03-27T21:08:00.474+0800][2331.818s] GC(1022) User=0.00s Sys=0.00s Real=0.00s
[2022-03-27T21:08:00.673+0800][2332.017s] GC(1023) Pause Young (Allocation Failure)
[2022-03-27T21:08:00.673+0800][2332.017s] GC(1023) Using 4 workers of 4 for evacuation
[2022-03-27T21:08:00.677+0800][2332.020s] GC(1023) ParNew: 96053K->6539K(109248K)
[2022-03-27T21:08:00.677+0800][2332.021s] GC(1023) CMS: 99362K->101067K(393216K)
[2022-03-27T21:08:00.677+0800][2332.021s] GC(1023) Metaspace: 49862K->49862K(1095680K)
[2022-03-27T21:08:00.677+0800][2332.021s] GC(1023) Pause Young (Allocation Failure) 190M->105M(490M) 4.133ms
[2022-03-27T21:08:00.677+0800][2332.021s] GC(1023) User=0.01s Sys=0.00s Real=0.00s
[2022-03-27T21:08:00.904+0800][2332.247s] GC(1024) Pause Young (Allocation Failure)
[2022-03-27T21:08:00.904+0800][2332.247s] GC(1024) Using 4 workers of 4 for evacuation
[2022-03-27T21:08:00.906+0800][2332.249s] GC(1024) ParNew: 93963K->5457K(109248K)
[2022-03-27T21:08:00.906+0800][2332.249s] GC(1024) CMS: 101067K->101535K(393216K)
[2022-03-27T21:08:00.906+0800][2332.249s] GC(1024) Metaspace: 49862K->49862K(1095680K)
[2022-03-27T21:08:00.906+0800][2332.249s] GC(1024) Pause Young (Allocation Failure) 190M->104M(490M) 2.012ms
[2022-03-27T21:08:00.906+0800][2332.249s] GC(1024) User=0.01s Sys=0.00s Real=0.00s
[2022-03-27T21:08:01.148+0800][2332.492s] GC(1025) Pause Young (Allocation Failure)
[2022-03-27T21:08:01.148+0800][2332.492s] GC(1025) Using 4 workers of 4 for evacuation
[2022-03-27T21:08:01.150+0800][2332.494s] GC(1025) ParNew: 92881K->5028K(109248K)
[2022-03-27T21:08:01.150+0800][2332.494s] GC(1025) CMS: 101535K->101863K(393216K)
[2022-03-27T21:08:01.150+0800][2332.494s] GC(1025) Metaspace: 49863K->49863K(1095680K)
[2022-03-27T21:08:01.150+0800][2332.494s] GC(1025) Pause Young (Allocation Failure) 189M->104M(490M) 1.984ms
[2022-03-27T21:08:01.150+0800][2332.494s] GC(1025) User=0.01s Sys=0.00s Real=0.01s
[2022-03-27T21:08:01.451+0800][2332.795s] GC(1026) Pause Young (Allocation Failure)
[2022-03-27T21:08:01.451+0800][2332.795s] GC(1026) Using 4 workers of 4 for evacuation
[2022-03-27T21:08:01.453+0800][2332.797s] GC(1026) ParNew: 92452K->5885K(109248K)
[2022-03-27T21:08:01.453+0800][2332.797s] GC(1026) CMS: 101863K->102401K(393216K)
[2022-03-27T21:08:01.453+0800][2332.797s] GC(1026) Metaspace: 49863K->49863K(1095680K)
[2022-03-27T21:08:01.453+0800][2332.797s] GC(1026) Pause Young (Allocation Failure) 189M->105M(490M) 2.156ms
[2022-03-27T21:08:01.453+0800][2332.797s] GC(1026) User=0.00s Sys=0.00s Real=0.00s
[2022-03-27T21:08:01.811+0800][2333.155s] GC(1027) Pause Young (Allocation Failure)
[2022-03-27T21:08:01.811+0800][2333.155s] GC(1027) Using 4 workers of 4 for evacuation
[2022-03-27T21:08:01.813+0800][2333.157s] GC(1027) ParNew: 93309K->5371K(109248K)
[2022-03-27T21:08:01.814+0800][2333.157s] GC(1027) CMS: 102401K->102673K(393216K)
[2022-03-27T21:08:01.814+0800][2333.157s] GC(1027) Metaspace: 49863K->49863K(1095680K)
[2022-03-27T21:08:01.814+0800][2333.157s] GC(1027) Pause Young (Allocation Failure) 191M->105M(490M) 2.611ms
[2022-03-27T21:08:01.814+0800][2333.157s] GC(1027) User=0.01s Sys=0.00s Real=0.00s
[2022-03-27T21:08:02.077+0800][2333.420s] GC(1028) Pause Young (Allocation Failure)
[2022-03-27T21:08:02.077+0800][2333.420s] GC(1028) Using 4 workers of 4 for evacuation
[2022-03-27T21:08:02.079+0800][2333.423s] GC(1028) ParNew: 92795K->6178K(109248K)
[2022-03-27T21:08:02.079+0800][2333.423s] GC(1028) CMS: 102673K->102836K(393216K)
[2022-03-27T21:08:02.079+0800][2333.423s] GC(1028) Metaspace: 49863K->49863K(1095680K)
[2022-03-27T21:08:02.079+0800][2333.423s] GC(1028) Pause Young (Allocation Failure) 190M->106M(490M) 2.794ms
[2022-03-27T21:08:02.079+0800][2333.423s] GC(1028) User=0.00s Sys=0.00s Real=0.00s
[2022-03-27T21:08:02.352+0800][2333.695s] GC(1029) Pause Young (Allocation Failure)
[2022-03-27T21:08:02.352+0800][2333.695s] GC(1029) Using 4 workers of 4 for evacuation
[2022-03-27T21:08:02.354+0800][2333.697s] GC(1029) ParNew: 93602K->6350K(109248K)
[2022-03-27T21:08:02.354+0800][2333.697s] GC(1029) CMS: 102836K->103038K(393216K)
[2022-03-27T21:08:02.354+0800][2333.697s] GC(1029) Metaspace: 49863K->49863K(1095680K)
[2022-03-27T21:08:02.354+0800][2333.697s] GC(1029) Pause Young (Allocation Failure) 191M->106M(490M) 2.074ms
[2022-03-27T21:08:02.354+0800][2333.697s] GC(1029) User=0.00s Sys=0.00s Real=0.00s
[2022-03-27T21:08:02.686+0800][2334.029s] GC(1030) Pause Young (Allocation Failure)
[2022-03-27T21:08:02.686+0800][2334.029s] GC(1030) Using 4 workers of 4 for evacuation
[2022-03-27T21:08:02.689+0800][2334.032s] GC(1030) ParNew: 93774K->7532K(109248K)
[2022-03-27T21:08:02.689+0800][2334.032s] GC(1030) CMS: 103038K->103398K(393216K)
[2022-03-27T21:08:02.689+0800][2334.032s] GC(1030) Metaspace: 49863K->49863K(1095680K)
[2022-03-27T21:08:02.689+0800][2334.033s] GC(1030) Pause Young (Allocation Failure) 192M->108M(490M) 3.149ms
[2022-03-27T21:08:02.689+0800][2334.033s] GC(1030) User=0.01s Sys=0.00s Real=0.00s
[2022-03-27T21:08:03.044+0800][2334.388s] GC(1031) Pause Young (Allocation Failure)
[2022-03-27T21:08:03.044+0800][2334.388s] GC(1031) Using 4 workers of 4 for evacuation
[2022-03-27T21:08:03.046+0800][2334.390s] GC(1031) ParNew: 94956K->6540K(109248K)
[2022-03-27T21:08:03.046+0800][2334.390s] GC(1031) CMS: 103398K->103608K(393216K)
[2022-03-27T21:08:03.046+0800][2334.390s] GC(1031) Metaspace: 49863K->49863K(1095680K)
[2022-03-27T21:08:03.046+0800][2334.390s] GC(1031) Pause Young (Allocation Failure) 193M->107M(490M) 2.143ms
[2022-03-27T21:08:03.047+0800][2334.390s] GC(1031) User=0.01s Sys=0.00s Real=0.00s
[2022-03-27T21:08:03.404+0800][2334.747s] GC(1032) Pause Young (Allocation Failure)
[2022-03-27T21:08:03.404+0800][2334.748s] GC(1032) Using 4 workers of 4 for evacuation
[2022-03-27T21:08:03.406+0800][2334.750s] GC(1032) ParNew: 93964K->6901K(109248K)
[2022-03-27T21:08:03.406+0800][2334.750s] GC(1032) CMS: 103608K->103950K(393216K)
[2022-03-27T21:08:03.406+0800][2334.750s] GC(1032) Metaspace: 49863K->49863K(1095680K)
[2022-03-27T21:08:03.406+0800][2334.750s] GC(1032) Pause Young (Allocation Failure) 192M->108M(490M) 2.707ms
[2022-03-27T21:08:03.407+0800][2334.750s] GC(1032) User=0.00s Sys=0.00s Real=0.00s
[2022-03-27T21:08:03.677+0800][2335.020s] GC(1033) Pause Young (Allocation Failure)
[2022-03-27T21:08:03.677+0800][2335.021s] GC(1033) Using 4 workers of 4 for evacuation
[2022-03-27T21:08:03.679+0800][2335.023s] GC(1033) ParNew: 94325K->6428K(109248K)
[2022-03-27T21:08:03.679+0800][2335.023s] GC(1033) CMS: 103950K->104215K(393216K)
[2022-03-27T21:08:03.679+0800][2335.023s] GC(1033) Metaspace: 49863K->49863K(1095680K)
[2022-03-27T21:08:03.679+0800][2335.023s] GC(1033) Pause Young (Allocation Failure) 193M->108M(490M) 2.376ms
[2022-03-27T21:08:03.679+0800][2335.023s] GC(1033) User=0.01s Sys=0.00s Real=0.00s
[2022-03-27T21:08:03.873+0800][2335.217s] GC(1034) Pause Young (Allocation Failure)
[2022-03-27T21:08:03.873+0800][2335.217s] GC(1034) Using 4 workers of 4 for evacuation
[2022-03-27T21:08:03.875+0800][2335.219s] GC(1034) ParNew: 93852K->8062K(109248K)
[2022-03-27T21:08:03.875+0800][2335.219s] GC(1034) CMS: 104215K->104616K(393216K)
[2022-03-27T21:08:03.875+0800][2335.219s] GC(1034) Metaspace: 49863K->49863K(1095680K)
[2022-03-27T21:08:03.875+0800][2335.219s] GC(1034) Pause Young (Allocation Failure) 193M->110M(490M) 2.389ms
[2022-03-27T21:08:03.875+0800][2335.219s] GC(1034) User=0.01s Sys=0.00s Real=0.00s
[2022-03-27T21:08:04.016+0800][2335.359s] GC(1035) Pause Young (Allocation Failure)
[2022-03-27T21:08:04.016+0800][2335.359s] GC(1035) Using 4 workers of 4 for evacuation
[2022-03-27T21:08:04.018+0800][2335.362s] GC(1035) ParNew: 95486K->6260K(109248K)
[2022-03-27T21:08:04.018+0800][2335.362s] GC(1035) CMS: 104616K->105423K(393216K)
[2022-03-27T21:08:04.018+0800][2335.362s] GC(1035) Metaspace: 49863K->49863K(1095680K)
[2022-03-27T21:08:04.018+0800][2335.362s] GC(1035) Pause Young (Allocation Failure) 195M->109M(490M) 2.645ms
[2022-03-27T21:08:04.018+0800][2335.362s] GC(1035) User=0.01s Sys=0.01s Real=0.00s
[2022-03-27T21:08:04.134+0800][2335.478s] GC(1036) Pause Young (Allocation Failure)
[2022-03-27T21:08:04.134+0800][2335.478s] GC(1036) Using 4 workers of 4 for evacuation
[2022-03-27T21:08:04.136+0800][2335.479s] GC(1036) ParNew: 93684K->5846K(109248K)
[2022-03-27T21:08:04.136+0800][2335.479s] GC(1036) CMS: 105423K->105805K(393216K)
[2022-03-27T21:08:04.136+0800][2335.479s] GC(1036) Metaspace: 49863K->49863K(1095680K)
[2022-03-27T21:08:04.136+0800][2335.480s] GC(1036) Pause Young (Allocation Failure) 194M->109M(490M) 1.885ms
[2022-03-27T21:08:04.136+0800][2335.480s] GC(1036) User=0.01s Sys=0.00s Real=0.00s
[2022-03-27T21:08:04.469+0800][2335.813s] GC(1037) Pause Young (Allocation Failure)
[2022-03-27T21:08:04.469+0800][2335.813s] GC(1037) Using 4 workers of 4 for evacuation
[2022-03-27T21:08:04.471+0800][2335.815s] GC(1037) ParNew: 93270K->6226K(109248K)
[2022-03-27T21:08:04.472+0800][2335.815s] GC(1037) CMS: 105805K->106128K(393216K)
[2022-03-27T21:08:04.472+0800][2335.815s] GC(1037) Metaspace: 49863K->49863K(1095680K)
[2022-03-27T21:08:04.472+0800][2335.815s] GC(1037) Pause Young (Allocation Failure) 194M->109M(490M) 2.215ms
[2022-03-27T21:08:04.472+0800][2335.815s] GC(1037) User=0.01s Sys=0.00s Real=0.01s
[2022-03-27T21:08:04.690+0800][2336.034s] GC(1038) Pause Young (Allocation Failure)
[2022-03-27T21:08:04.690+0800][2336.034s] GC(1038) Using 4 workers of 4 for evacuation
[2022-03-27T21:08:04.692+0800][2336.036s] GC(1038) ParNew: 93615K->7093K(109248K)
[2022-03-27T21:08:04.692+0800][2336.036s] GC(1038) CMS: 106128K->106377K(393216K)
[2022-03-27T21:08:04.692+0800][2336.036s] GC(1038) Metaspace: 49863K->49863K(1095680K)
[2022-03-27T21:08:04.692+0800][2336.036s] GC(1038) Pause Young (Allocation Failure) 195M->110M(490M) 2.052ms
[2022-03-27T21:08:04.692+0800][2336.036s] GC(1038) User=0.00s Sys=0.00s Real=0.00s
[2022-03-27T21:08:04.894+0800][2336.238s] GC(1039) Pause Young (Allocation Failure)
[2022-03-27T21:08:04.894+0800][2336.238s] GC(1039) Using 4 workers of 4 for evacuation
[2022-03-27T21:08:04.896+0800][2336.239s] GC(1039) ParNew: 94517K->5623K(109248K)
[2022-03-27T21:08:04.896+0800][2336.240s] GC(1039) CMS: 106377K->106709K(393216K)
[2022-03-27T21:08:04.896+0800][2336.240s] GC(1039) Metaspace: 49872K->49872K(1095680K)
[2022-03-27T21:08:04.896+0800][2336.240s] GC(1039) Pause Young (Allocation Failure) 196M->109M(490M) 1.885ms
[2022-03-27T21:08:04.896+0800][2336.240s] GC(1039) User=0.00s Sys=0.00s Real=0.00s
[2022-03-27T21:08:05.242+0800][2336.586s] GC(1040) Pause Young (Allocation Failure)
[2022-03-27T21:08:05.242+0800][2336.586s] GC(1040) Using 4 workers of 4 for evacuation
[2022-03-27T21:08:05.244+0800][2336.588s] GC(1040) ParNew: 93047K->5793K(109248K)
[2022-03-27T21:08:05.244+0800][2336.588s] GC(1040) CMS: 106709K->107091K(393216K)
[2022-03-27T21:08:05.244+0800][2336.588s] GC(1040) Metaspace: 49872K->49872K(1095680K)
[2022-03-27T21:08:05.244+0800][2336.588s] GC(1040) Pause Young (Allocation Failure) 195M->110M(490M) 1.968ms
[2022-03-27T21:08:05.244+0800][2336.588s] GC(1040) User=0.01s Sys=0.00s Real=0.00s
[2022-03-27T21:08:05.522+0800][2336.866s] GC(1041) Pause Young (Allocation Failure)
[2022-03-27T21:08:05.523+0800][2336.866s] GC(1041) Using 4 workers of 4 for evacuation
[2022-03-27T21:08:05.524+0800][2336.868s] GC(1041) ParNew: 93217K->5724K(109248K)
[2022-03-27T21:08:05.524+0800][2336.868s] GC(1041) CMS: 107091K->107311K(393216K)
[2022-03-27T21:08:05.524+0800][2336.868s] GC(1041) Metaspace: 49872K->49872K(1095680K)
[2022-03-27T21:08:05.524+0800][2336.868s] GC(1041) Pause Young (Allocation Failure) 195M->110M(490M) 1.983ms
[2022-03-27T21:08:05.524+0800][2336.868s] GC(1041) User=0.01s Sys=0.00s Real=0.00s
[2022-03-27T21:08:05.845+0800][2337.188s] GC(1042) Pause Young (Allocation Failure)
[2022-03-27T21:08:05.845+0800][2337.188s] GC(1042) Using 4 workers of 4 for evacuation
[2022-03-27T21:08:05.848+0800][2337.192s] GC(1042) ParNew: 93148K->6245K(109248K)
[2022-03-27T21:08:05.848+0800][2337.192s] GC(1042) CMS: 107311K->107662K(393216K)
[2022-03-27T21:08:05.848+0800][2337.192s] GC(1042) Metaspace: 49872K->49872K(1095680K)
[2022-03-27T21:08:05.848+0800][2337.192s] GC(1042) Pause Young (Allocation Failure) 195M->111M(490M) 3.706ms
[2022-03-27T21:08:05.848+0800][2337.192s] GC(1042) User=0.01s Sys=0.01s Real=0.00s
[2022-03-27T21:08:06.162+0800][2337.506s] GC(1043) Pause Young (Allocation Failure)
[2022-03-27T21:08:06.162+0800][2337.506s] GC(1043) Using 4 workers of 4 for evacuation
[2022-03-27T21:08:06.164+0800][2337.508s] GC(1043) ParNew: 93669K->5679K(109248K)
[2022-03-27T21:08:06.164+0800][2337.508s] GC(1043) CMS: 107662K->107735K(393216K)
[2022-03-27T21:08:06.164+0800][2337.508s] GC(1043) Metaspace: 49872K->49872K(1095680K)
[2022-03-27T21:08:06.164+0800][2337.508s] GC(1043) Pause Young (Allocation Failure) 196M->110M(490M) 1.809ms
[2022-03-27T21:08:06.164+0800][2337.508s] GC(1043) User=0.00s Sys=0.00s Real=0.00s
[2022-03-27T21:08:06.480+0800][2337.824s] GC(1044) Pause Young (Allocation Failure)
[2022-03-27T21:08:06.480+0800][2337.824s] GC(1044) Using 4 workers of 4 for evacuation
[2022-03-27T21:08:06.482+0800][2337.826s] GC(1044) ParNew: 93103K->7381K(109248K)
[2022-03-27T21:08:06.482+0800][2337.826s] GC(1044) CMS: 107735K->107878K(393216K)
[2022-03-27T21:08:06.482+0800][2337.826s] GC(1044) Metaspace: 49872K->49872K(1095680K)
[2022-03-27T21:08:06.482+0800][2337.826s] GC(1044) Pause Young (Allocation Failure) 196M->112M(490M) 2.041ms
[2022-03-27T21:08:06.482+0800][2337.826s] GC(1044) User=0.01s Sys=0.00s Real=0.00s
[2022-03-27T21:08:06.789+0800][2338.133s] GC(1045) Pause Young (Allocation Failure)
[2022-03-27T21:08:06.789+0800][2338.133s] GC(1045) Using 4 workers of 4 for evacuation
[2022-03-27T21:08:06.792+0800][2338.135s] GC(1045) ParNew: 94805K->6771K(109248K)
[2022-03-27T21:08:06.792+0800][2338.135s] GC(1045) CMS: 107878K->108115K(393216K)
[2022-03-27T21:08:06.792+0800][2338.135s] GC(1045) Metaspace: 49872K->49872K(1095680K)
[2022-03-27T21:08:06.792+0800][2338.135s] GC(1045) Pause Young (Allocation Failure) 197M->112M(490M) 2.361ms
[2022-03-27T21:08:06.792+0800][2338.135s] GC(1045) User=0.01s Sys=0.00s Real=0.01s
[2022-03-27T21:08:07.088+0800][2338.432s] GC(1046) Pause Young (Allocation Failure)
[2022-03-27T21:08:07.089+0800][2338.432s] GC(1046) Using 4 workers of 4 for evacuation
[2022-03-27T21:08:07.091+0800][2338.434s] GC(1046) ParNew: 94195K->8601K(109248K)
[2022-03-27T21:08:07.091+0800][2338.434s] GC(1046) CMS: 108115K->108392K(393216K)
[2022-03-27T21:08:07.091+0800][2338.434s] GC(1046) Metaspace: 49872K->49872K(1095680K)
[2022-03-27T21:08:07.091+0800][2338.434s] GC(1046) Pause Young (Allocation Failure) 197M->114M(490M) 2.158ms
[2022-03-27T21:08:07.091+0800][2338.434s] GC(1046) User=0.01s Sys=0.00s Real=0.01s
[2022-03-27T21:08:07.388+0800][2338.731s] GC(1047) Pause Young (Allocation Failure)
[2022-03-27T21:08:07.388+0800][2338.731s] GC(1047) Using 4 workers of 4 for evacuation
[2022-03-27T21:08:07.390+0800][2338.734s] GC(1047) ParNew: 96025K->7945K(109248K)
[2022-03-27T21:08:07.390+0800][2338.734s] GC(1047) CMS: 108392K->108628K(393216K)
[2022-03-27T21:08:07.390+0800][2338.734s] GC(1047) Metaspace: 49872K->49872K(1095680K)
[2022-03-27T21:08:07.390+0800][2338.734s] GC(1047) Pause Young (Allocation Failure) 199M->113M(490M) 2.392ms
[2022-03-27T21:08:07.390+0800][2338.734s] GC(1047) User=0.00s Sys=0.00s Real=0.01s
[2022-03-27T21:08:07.689+0800][2339.033s] GC(1048) Pause Young (Allocation Failure)
[2022-03-27T21:08:07.689+0800][2339.033s] GC(1048) Using 4 workers of 4 for evacuation
[2022-03-27T21:08:07.691+0800][2339.035s] GC(1048) ParNew: 95369K->8847K(109248K)
[2022-03-27T21:08:07.691+0800][2339.035s] GC(1048) CMS: 108628K->108970K(393216K)
[2022-03-27T21:08:07.691+0800][2339.035s] GC(1048) Metaspace: 49872K->49872K(1095680K)
[2022-03-27T21:08:07.691+0800][2339.035s] GC(1048) Pause Young (Allocation Failure) 199M->115M(490M) 2.066ms
[2022-03-27T21:08:07.691+0800][2339.035s] GC(1048) User=0.01s Sys=0.00s Real=0.01s
[2022-03-27T21:08:07.794+0800][2339.137s] GC(1049) Pause Young (Allocation Failure)
[2022-03-27T21:08:07.794+0800][2339.138s] GC(1049) Using 4 workers of 4 for evacuation
[2022-03-27T21:08:07.796+0800][2339.140s] GC(1049) ParNew: 96271K->11201K(109248K)
[2022-03-27T21:08:07.796+0800][2339.140s] GC(1049) CMS: 108970K->109240K(393216K)
[2022-03-27T21:08:07.796+0800][2339.140s] GC(1049) Metaspace: 49872K->49872K(1095680K)
[2022-03-27T21:08:07.796+0800][2339.140s] GC(1049) Pause Young (Allocation Failure) 200M->117M(490M) 2.351ms
[2022-03-27T21:08:07.796+0800][2339.140s] GC(1049) User=0.01s Sys=0.00s Real=0.00s
[2022-03-27T21:08:07.912+0800][2339.255s] GC(1050) Pause Young (Allocation Failure)
[2022-03-27T21:08:07.912+0800][2339.255s] GC(1050) Using 4 workers of 4 for evacuation
[2022-03-27T21:08:07.914+0800][2339.258s] GC(1050) ParNew: 98625K->13829K(109248K)
[2022-03-27T21:08:07.914+0800][2339.258s] GC(1050) CMS: 109240K->109537K(393216K)
[2022-03-27T21:08:07.914+0800][2339.258s] GC(1050) Metaspace: 49872K->49872K(1095680K)
[2022-03-27T21:08:07.914+0800][2339.258s] GC(1050) Pause Young (Allocation Failure) 202M->120M(490M) 2.329ms
[2022-03-27T21:08:07.914+0800][2339.258s] GC(1050) User=0.01s Sys=0.00s Real=0.00s
[2022-03-27T21:08:11.172+0800][2342.515s] GC(1051) Pause Young (Allocation Failure)
[2022-03-27T21:08:11.181+0800][2342.524s] GC(1051) Using 4 workers of 4 for evacuation
[2022-03-27T21:08:11.185+0800][2342.528s] GC(1051) ParNew: 101253K->11810K(109248K)
[2022-03-27T21:08:11.185+0800][2342.528s] GC(1051) CMS: 109537K->109923K(393216K)
[2022-03-27T21:08:11.185+0800][2342.528s] GC(1051) Metaspace: 49879K->49879K(1095680K)
[2022-03-27T21:08:11.185+0800][2342.528s] GC(1051) Pause Young (Allocation Failure) 205M->118M(490M) 13.127ms
[2022-03-27T21:08:11.185+0800][2342.528s] GC(1051) User=0.01s Sys=0.00s Real=0.01s
[2022-03-27T21:08:11.641+0800][2342.985s] GC(1052) Pause Young (Allocation Failure)
[2022-03-27T21:08:11.641+0800][2342.985s] GC(1052) Using 4 workers of 4 for evacuation
[2022-03-27T21:08:11.644+0800][2342.988s] GC(1052) ParNew: 99234K->13884K(109248K)
[2022-03-27T21:08:11.644+0800][2342.988s] GC(1052) CMS: 109923K->110288K(393216K)
[2022-03-27T21:08:11.644+0800][2342.988s] GC(1052) Metaspace: 49880K->49880K(1095680K)
[2022-03-27T21:08:11.644+0800][2342.988s] GC(1052) Pause Young (Allocation Failure) 204M->121M(490M) 2.982ms
[2022-03-27T21:08:11.644+0800][2342.988s] GC(1052) User=0.01s Sys=0.00s Real=0.00s
[2022-03-27T21:08:11.927+0800][2343.271s] GC(1053) Pause Young (Allocation Failure)
[2022-03-27T21:08:11.927+0800][2343.271s] GC(1053) Using 4 workers of 4 for evacuation
[2022-03-27T21:08:11.930+0800][2343.274s] GC(1053) ParNew: 101308K->12889K(109248K)
[2022-03-27T21:08:11.930+0800][2343.274s] GC(1053) CMS: 110288K->110544K(393216K)
[2022-03-27T21:08:11.930+0800][2343.274s] GC(1053) Metaspace: 49880K->49880K(1095680K)
[2022-03-27T21:08:11.930+0800][2343.274s] GC(1053) Pause Young (Allocation Failure) 206M->120M(490M) 3.175ms
[2022-03-27T21:08:11.930+0800][2343.274s] GC(1053) User=0.01s Sys=0.00s Real=0.01s
[2022-03-27T21:08:12.250+0800][2343.593s] GC(1054) Pause Young (Allocation Failure)
[2022-03-27T21:08:12.250+0800][2343.593s] GC(1054) Using 4 workers of 4 for evacuation
[2022-03-27T21:08:12.253+0800][2343.596s] GC(1054) ParNew: 100313K->14404K(109248K)
[2022-03-27T21:08:12.253+0800][2343.596s] GC(1054) CMS: 110544K->111303K(393216K)
[2022-03-27T21:08:12.253+0800][2343.596s] GC(1054) Metaspace: 49880K->49880K(1095680K)
[2022-03-27T21:08:12.253+0800][2343.596s] GC(1054) Pause Young (Allocation Failure) 205M->122M(490M) 3.111ms
[2022-03-27T21:08:12.253+0800][2343.596s] GC(1054) User=0.01s Sys=0.00s Real=0.00s
[2022-03-27T21:08:12.541+0800][2343.885s] GC(1055) Pause Young (Allocation Failure)
[2022-03-27T21:08:12.541+0800][2343.885s] GC(1055) Using 4 workers of 4 for evacuation
[2022-03-27T21:08:12.544+0800][2343.888s] GC(1055) ParNew: 101828K->10988K(109248K)
[2022-03-27T21:08:12.544+0800][2343.888s] GC(1055) CMS: 111303K->113147K(393216K)
[2022-03-27T21:08:12.544+0800][2343.888s] GC(1055) Metaspace: 49880K->49880K(1095680K)
[2022-03-27T21:08:12.544+0800][2343.888s] GC(1055) Pause Young (Allocation Failure) 208M->121M(490M) 3.006ms
[2022-03-27T21:08:12.544+0800][2343.888s] GC(1055) User=0.01s Sys=0.00s Real=0.00s
[2022-03-27T21:08:12.834+0800][2344.178s] GC(1056) Pause Young (Allocation Failure)
[2022-03-27T21:08:12.834+0800][2344.178s] GC(1056) Using 4 workers of 4 for evacuation
[2022-03-27T21:08:12.838+0800][2344.182s] GC(1056) ParNew: 98412K->9285K(109248K)
[2022-03-27T21:08:12.838+0800][2344.182s] GC(1056) CMS: 113147K->115726K(393216K)
[2022-03-27T21:08:12.838+0800][2344.182s] GC(1056) Metaspace: 49880K->49880K(1095680K)
[2022-03-27T21:08:12.838+0800][2344.182s] GC(1056) Pause Young (Allocation Failure) 206M->122M(490M) 4.492ms
[2022-03-27T21:08:12.838+0800][2344.182s] GC(1056) User=0.02s Sys=0.00s Real=0.00s
[2022-03-27T21:08:13.151+0800][2344.495s] GC(1057) Pause Young (Allocation Failure)
[2022-03-27T21:08:13.151+0800][2344.495s] GC(1057) Using 4 workers of 4 for evacuation
[2022-03-27T21:08:13.154+0800][2344.497s] GC(1057) ParNew: 96709K->10957K(109248K)
[2022-03-27T21:08:13.154+0800][2344.497s] GC(1057) CMS: 115726K->116013K(393216K)
[2022-03-27T21:08:13.154+0800][2344.497s] GC(1057) Metaspace: 49880K->49880K(1095680K)
[2022-03-27T21:08:13.154+0800][2344.497s] GC(1057) Pause Young (Allocation Failure) 207M->123M(490M) 2.560ms
[2022-03-27T21:08:13.154+0800][2344.498s] GC(1057) User=0.00s Sys=0.00s Real=0.00s
[2022-03-27T21:08:13.451+0800][2344.794s] GC(1058) Pause Young (Allocation Failure)
[2022-03-27T21:08:13.451+0800][2344.794s] GC(1058) Using 4 workers of 4 for evacuation
[2022-03-27T21:08:13.453+0800][2344.797s] GC(1058) ParNew: 98381K->11111K(109248K)
[2022-03-27T21:08:13.453+0800][2344.797s] GC(1058) CMS: 116013K->116022K(393216K)
[2022-03-27T21:08:13.453+0800][2344.797s] GC(1058) Metaspace: 49880K->49880K(1095680K)
[2022-03-27T21:08:13.453+0800][2344.797s] GC(1058) Pause Young (Allocation Failure) 209M->124M(490M) 2.366ms
[2022-03-27T21:08:13.453+0800][2344.797s] GC(1058) User=0.01s Sys=0.00s Real=0.00s
[2022-03-27T21:08:13.750+0800][2345.093s] GC(1059) Pause Young (Allocation Failure)
[2022-03-27T21:08:13.750+0800][2345.094s] GC(1059) Using 4 workers of 4 for evacuation
[2022-03-27T21:08:13.753+0800][2345.096s] GC(1059) ParNew: 98535K->10890K(109248K)
[2022-03-27T21:08:13.753+0800][2345.096s] GC(1059) CMS: 116022K->116329K(393216K)
[2022-03-27T21:08:13.753+0800][2345.096s] GC(1059) Metaspace: 49880K->49880K(1095680K)
[2022-03-27T21:08:13.753+0800][2345.096s] GC(1059) Pause Young (Allocation Failure) 209M->124M(490M) 2.853ms
[2022-03-27T21:08:13.753+0800][2345.096s] GC(1059) User=0.01s Sys=0.01s Real=0.00s
[2022-03-27T21:08:14.065+0800][2345.409s] GC(1060) Pause Young (Allocation Failure)
[2022-03-27T21:08:14.065+0800][2345.409s] GC(1060) Using 4 workers of 4 for evacuation
[2022-03-27T21:08:14.069+0800][2345.413s] GC(1060) ParNew: 98266K->10840K(109248K)
[2022-03-27T21:08:14.069+0800][2345.413s] GC(1060) CMS: 116329K->119668K(393216K)
[2022-03-27T21:08:14.069+0800][2345.413s] GC(1060) Metaspace: 49880K->49880K(1095680K)
[2022-03-27T21:08:14.069+0800][2345.413s] GC(1060) Pause Young (Allocation Failure) 209M->127M(490M) 4.235ms
[2022-03-27T21:08:14.069+0800][2345.413s] GC(1060) User=0.01s Sys=0.00s Real=0.00s
[2022-03-27T21:08:14.486+0800][2345.830s] GC(1061) Pause Young (Allocation Failure)
[2022-03-27T21:08:14.486+0800][2345.830s] GC(1061) Using 4 workers of 4 for evacuation
[2022-03-27T21:08:14.489+0800][2345.832s] GC(1061) ParNew: 98264K->7804K(109248K)
[2022-03-27T21:08:14.489+0800][2345.833s] GC(1061) CMS: 119668K->120233K(393216K)
[2022-03-27T21:08:14.489+0800][2345.833s] GC(1061) Metaspace: 49880K->49880K(1095680K)
[2022-03-27T21:08:14.489+0800][2345.833s] GC(1061) Pause Young (Allocation Failure) 212M->125M(490M) 2.676ms
[2022-03-27T21:08:14.489+0800][2345.833s] GC(1061) User=0.00s Sys=0.00s Real=0.00s
[2022-03-27T21:08:14.831+0800][2346.175s] GC(1062) Pause Young (Allocation Failure)
[2022-03-27T21:08:14.832+0800][2346.175s] GC(1062) Using 4 workers of 4 for evacuation
[2022-03-27T21:08:14.834+0800][2346.178s] GC(1062) ParNew: 95228K->6433K(109248K)
[2022-03-27T21:08:14.834+0800][2346.178s] GC(1062) CMS: 120233K->120821K(393216K)
[2022-03-27T21:08:14.834+0800][2346.178s] GC(1062) Metaspace: 49880K->49880K(1095680K)
[2022-03-27T21:08:14.835+0800][2346.178s] GC(1062) Pause Young (Allocation Failure) 210M->124M(490M) 3.049ms
[2022-03-27T21:08:14.835+0800][2346.178s] GC(1062) User=0.01s Sys=0.01s Real=0.00s
[2022-03-27T21:08:15.163+0800][2346.507s] GC(1063) Pause Young (Allocation Failure)
[2022-03-27T21:08:15.164+0800][2346.507s] GC(1063) Using 4 workers of 4 for evacuation
[2022-03-27T21:08:15.166+0800][2346.510s] GC(1063) ParNew: 93857K->7598K(109248K)
[2022-03-27T21:08:15.166+0800][2346.510s] GC(1063) CMS: 120821K->121131K(393216K)
[2022-03-27T21:08:15.166+0800][2346.510s] GC(1063) Metaspace: 49880K->49880K(1095680K)
[2022-03-27T21:08:15.166+0800][2346.510s] GC(1063) Pause Young (Allocation Failure) 209M->125M(490M) 2.891ms
[2022-03-27T21:08:15.166+0800][2346.510s] GC(1063) User=0.01s Sys=0.00s Real=0.00s
[2022-03-27T21:08:15.473+0800][2346.817s] GC(1064) Pause Young (Allocation Failure)
[2022-03-27T21:08:15.473+0800][2346.817s] GC(1064) Using 4 workers of 4 for evacuation
[2022-03-27T21:08:15.475+0800][2346.819s] GC(1064) ParNew: 95022K->7252K(109248K)
[2022-03-27T21:08:15.475+0800][2346.819s] GC(1064) CMS: 121131K->121411K(393216K)
[2022-03-27T21:08:15.475+0800][2346.819s] GC(1064) Metaspace: 49880K->49880K(1095680K)
[2022-03-27T21:08:15.475+0800][2346.819s] GC(1064) Pause Young (Allocation Failure) 211M->125M(490M) 2.271ms
[2022-03-27T21:08:15.475+0800][2346.819s] GC(1064) User=0.00s Sys=0.00s Real=0.00s
[2022-03-27T21:08:15.770+0800][2347.114s] GC(1065) Pause Young (Allocation Failure)
[2022-03-27T21:08:15.770+0800][2347.114s] GC(1065) Using 4 workers of 4 for evacuation
[2022-03-27T21:08:15.772+0800][2347.116s] GC(1065) ParNew: 94676K->7453K(109248K)
[2022-03-27T21:08:15.772+0800][2347.116s] GC(1065) CMS: 121411K->122089K(393216K)
[2022-03-27T21:08:15.772+0800][2347.116s] GC(1065) Metaspace: 49880K->49880K(1095680K)
[2022-03-27T21:08:15.772+0800][2347.116s] GC(1065) Pause Young (Allocation Failure) 211M->126M(490M) 2.088ms
[2022-03-27T21:08:15.772+0800][2347.116s] GC(1065) User=0.01s Sys=0.00s Real=0.00s
[2022-03-27T21:08:16.081+0800][2347.425s] GC(1066) Pause Young (Allocation Failure)
[2022-03-27T21:08:16.082+0800][2347.425s] GC(1066) Using 4 workers of 4 for evacuation
[2022-03-27T21:08:16.085+0800][2347.428s] GC(1066) ParNew: 94877K->7013K(109248K)
[2022-03-27T21:08:16.085+0800][2347.428s] GC(1066) CMS: 122089K->122432K(393216K)
[2022-03-27T21:08:16.085+0800][2347.428s] GC(1066) Metaspace: 49880K->49880K(1095680K)
[2022-03-27T21:08:16.085+0800][2347.428s] GC(1066) Pause Young (Allocation Failure) 211M->126M(490M) 3.343ms
[2022-03-27T21:08:16.085+0800][2347.428s] GC(1066) User=0.01s Sys=0.00s Real=0.00s
[2022-03-27T21:08:16.396+0800][2347.740s] GC(1067) Pause Young (Allocation Failure)
[2022-03-27T21:08:16.397+0800][2347.740s] GC(1067) Using 4 workers of 4 for evacuation
[2022-03-27T21:08:16.399+0800][2347.743s] GC(1067) ParNew: 94437K->7707K(109248K)
[2022-03-27T21:08:16.399+0800][2347.743s] GC(1067) CMS: 122432K->122746K(393216K)
[2022-03-27T21:08:16.399+0800][2347.743s] GC(1067) Metaspace: 49880K->49880K(1095680K)
[2022-03-27T21:08:16.399+0800][2347.743s] GC(1067) Pause Young (Allocation Failure) 211M->127M(490M) 2.542ms
[2022-03-27T21:08:16.399+0800][2347.743s] GC(1067) User=0.01s Sys=0.00s Real=0.00s
[2022-03-27T21:08:16.712+0800][2348.055s] GC(1068) Pause Young (Allocation Failure)
[2022-03-27T21:08:16.712+0800][2348.055s] GC(1068) Using 4 workers of 4 for evacuation
[2022-03-27T21:08:16.714+0800][2348.058s] GC(1068) ParNew: 95131K->8143K(109248K)
[2022-03-27T21:08:16.714+0800][2348.058s] GC(1068) CMS: 122746K->123060K(393216K)
[2022-03-27T21:08:16.714+0800][2348.058s] GC(1068) Metaspace: 49880K->49880K(1095680K)
[2022-03-27T21:08:16.714+0800][2348.058s] GC(1068) Pause Young (Allocation Failure) 212M->128M(490M) 2.220ms
[2022-03-27T21:08:16.714+0800][2348.058s] GC(1068) User=0.01s Sys=0.00s Real=0.00s
[2022-03-27T21:08:17.027+0800][2348.371s] GC(1069) Pause Young (Allocation Failure)
[2022-03-27T21:08:17.027+0800][2348.371s] GC(1069) Using 4 workers of 4 for evacuation
[2022-03-27T21:08:17.029+0800][2348.373s] GC(1069) ParNew: 95567K->7204K(109248K)
[2022-03-27T21:08:17.029+0800][2348.373s] GC(1069) CMS: 123060K->123867K(393216K)
[2022-03-27T21:08:17.029+0800][2348.373s] GC(1069) Metaspace: 49880K->49880K(1095680K)
[2022-03-27T21:08:17.029+0800][2348.373s] GC(1069) Pause Young (Allocation Failure) 213M->127M(490M) 2.029ms
[2022-03-27T21:08:17.029+0800][2348.373s] GC(1069) User=0.00s Sys=0.00s Real=0.00s
[2022-03-27T21:08:17.442+0800][2348.786s] GC(1070) Pause Young (Allocation Failure)
[2022-03-27T21:08:17.442+0800][2348.786s] GC(1070) Using 4 workers of 4 for evacuation
[2022-03-27T21:08:17.445+0800][2348.789s] GC(1070) ParNew: 94628K->6981K(109248K)
[2022-03-27T21:08:17.446+0800][2348.789s] GC(1070) CMS: 123867K->124198K(393216K)
[2022-03-27T21:08:17.446+0800][2348.789s] GC(1070) Metaspace: 49880K->49880K(1095680K)
[2022-03-27T21:08:17.446+0800][2348.789s] GC(1070) Pause Young (Allocation Failure) 213M->128M(490M) 3.150ms
[2022-03-27T21:08:17.446+0800][2348.789s] GC(1070) User=0.01s Sys=0.00s Real=0.00s
[2022-03-27T21:08:17.789+0800][2349.133s] GC(1071) Pause Young (Allocation Failure)
[2022-03-27T21:08:17.789+0800][2349.133s] GC(1071) Using 4 workers of 4 for evacuation
[2022-03-27T21:08:17.792+0800][2349.136s] GC(1071) ParNew: 94405K->7810K(109248K)
[2022-03-27T21:08:17.792+0800][2349.136s] GC(1071) CMS: 124198K->124631K(393216K)
[2022-03-27T21:08:17.792+0800][2349.136s] GC(1071) Metaspace: 49880K->49880K(1095680K)
[2022-03-27T21:08:17.792+0800][2349.136s] GC(1071) Pause Young (Allocation Failure) 213M->129M(490M) 2.667ms
[2022-03-27T21:08:17.792+0800][2349.136s] GC(1071) User=0.01s Sys=0.00s Real=0.01s
[2022-03-27T21:08:18.091+0800][2349.435s] GC(1072) Pause Young (Allocation Failure)
[2022-03-27T21:08:18.091+0800][2349.435s] GC(1072) Using 4 workers of 4 for evacuation
[2022-03-27T21:08:18.093+0800][2349.437s] GC(1072) ParNew: 95234K->7302K(109248K)
[2022-03-27T21:08:18.094+0800][2349.437s] GC(1072) CMS: 124631K->125067K(393216K)
[2022-03-27T21:08:18.094+0800][2349.437s] GC(1072) Metaspace: 49880K->49880K(1095680K)
[2022-03-27T21:08:18.094+0800][2349.437s] GC(1072) Pause Young (Allocation Failure) 214M->129M(490M) 2.555ms
[2022-03-27T21:08:18.094+0800][2349.437s] GC(1072) User=0.00s Sys=0.00s Real=0.00s
[2022-03-27T21:08:18.397+0800][2349.740s] GC(1073) Pause Young (Allocation Failure)
[2022-03-27T21:08:18.397+0800][2349.740s] GC(1073) Using 4 workers of 4 for evacuation
[2022-03-27T21:08:18.399+0800][2349.742s] GC(1073) ParNew: 94726K->6833K(109248K)
[2022-03-27T21:08:18.399+0800][2349.743s] GC(1073) CMS: 125067K->125432K(393216K)
[2022-03-27T21:08:18.399+0800][2349.743s] GC(1073) Metaspace: 49880K->49880K(1095680K)
[2022-03-27T21:08:18.399+0800][2349.743s] GC(1073) Pause Young (Allocation Failure) 214M->129M(490M) 2.353ms
[2022-03-27T21:08:18.399+0800][2349.743s] GC(1073) User=0.01s Sys=0.00s Real=0.00s
[2022-03-27T21:08:18.691+0800][2350.035s] GC(1074) Pause Young (Allocation Failure)
[2022-03-27T21:08:18.691+0800][2350.035s] GC(1074) Using 4 workers of 4 for evacuation
[2022-03-27T21:08:18.693+0800][2350.037s] GC(1074) ParNew: 94257K->8095K(109248K)
[2022-03-27T21:08:18.694+0800][2350.037s] GC(1074) CMS: 125432K->125772K(393216K)
[2022-03-27T21:08:18.694+0800][2350.037s] GC(1074) Metaspace: 49880K->49880K(1095680K)
[2022-03-27T21:08:18.694+0800][2350.037s] GC(1074) Pause Young (Allocation Failure) 214M->130M(490M) 2.220ms
[2022-03-27T21:08:18.694+0800][2350.037s] GC(1074) User=0.01s Sys=0.00s Real=0.00s
[2022-03-27T21:08:19.015+0800][2350.359s] GC(1075) Pause Young (Allocation Failure)
[2022-03-27T21:08:19.015+0800][2350.359s] GC(1075) Using 4 workers of 4 for evacuation
[2022-03-27T21:08:19.017+0800][2350.361s] GC(1075) ParNew: 95519K->7023K(109248K)
[2022-03-27T21:08:19.017+0800][2350.361s] GC(1075) CMS: 125772K->126206K(393216K)
[2022-03-27T21:08:19.017+0800][2350.361s] GC(1075) Metaspace: 49880K->49880K(1095680K)
[2022-03-27T21:08:19.017+0800][2350.361s] GC(1075) Pause Young (Allocation Failure) 216M->130M(490M) 2.106ms
[2022-03-27T21:08:19.017+0800][2350.361s] GC(1075) User=0.01s Sys=0.00s Real=0.00s
[2022-03-27T21:08:19.323+0800][2350.666s] GC(1076) Pause Young (Allocation Failure)
[2022-03-27T21:08:19.323+0800][2350.666s] GC(1076) Using 4 workers of 4 for evacuation
[2022-03-27T21:08:19.325+0800][2350.668s] GC(1076) ParNew: 94447K->8183K(109248K)
[2022-03-27T21:08:19.325+0800][2350.668s] GC(1076) CMS: 126206K->126492K(393216K)
[2022-03-27T21:08:19.325+0800][2350.668s] GC(1076) Metaspace: 49880K->49880K(1095680K)
[2022-03-27T21:08:19.325+0800][2350.668s] GC(1076) Pause Young (Allocation Failure) 215M->131M(490M) 1.981ms
[2022-03-27T21:08:19.325+0800][2350.668s] GC(1076) User=0.01s Sys=0.00s Real=0.00s
[2022-03-27T21:08:19.634+0800][2350.978s] GC(1077) Pause Young (Allocation Failure)
[2022-03-27T21:08:19.635+0800][2350.978s] GC(1077) Using 4 workers of 4 for evacuation
[2022-03-27T21:08:19.637+0800][2350.980s] GC(1077) ParNew: 95607K->8315K(109248K)
[2022-03-27T21:08:19.637+0800][2350.980s] GC(1077) CMS: 126492K->126875K(393216K)
[2022-03-27T21:08:19.637+0800][2350.980s] GC(1077) Metaspace: 49880K->49880K(1095680K)
[2022-03-27T21:08:19.637+0800][2350.980s] GC(1077) Pause Young (Allocation Failure) 216M->132M(490M) 2.167ms
[2022-03-27T21:08:19.637+0800][2350.980s] GC(1077) User=0.01s Sys=0.00s Real=0.00s
[2022-03-27T21:08:19.995+0800][2351.339s] GC(1078) Pause Young (Allocation Failure)
[2022-03-27T21:08:19.995+0800][2351.339s] GC(1078) Using 4 workers of 4 for evacuation
[2022-03-27T21:08:19.997+0800][2351.341s] GC(1078) ParNew: 95739K->8624K(109248K)
[2022-03-27T21:08:19.997+0800][2351.341s] GC(1078) CMS: 126875K->127345K(393216K)
[2022-03-27T21:08:19.997+0800][2351.341s] GC(1078) Metaspace: 49880K->49880K(1095680K)
[2022-03-27T21:08:19.997+0800][2351.341s] GC(1078) Pause Young (Allocation Failure) 217M->132M(490M) 2.261ms
[2022-03-27T21:08:19.997+0800][2351.341s] GC(1078) User=0.01s Sys=0.00s Real=0.00s
[2022-03-27T21:08:20.294+0800][2351.637s] GC(1079) Pause Young (Allocation Failure)
[2022-03-27T21:08:20.294+0800][2351.637s] GC(1079) Using 4 workers of 4 for evacuation
[2022-03-27T21:08:20.297+0800][2351.641s] GC(1079) ParNew: 96048K->7958K(109248K)
[2022-03-27T21:08:20.297+0800][2351.641s] GC(1079) CMS: 127345K->127670K(393216K)
[2022-03-27T21:08:20.297+0800][2351.641s] GC(1079) Metaspace: 49880K->49880K(1095680K)
[2022-03-27T21:08:20.297+0800][2351.641s] GC(1079) Pause Young (Allocation Failure) 218M->132M(490M) 3.436ms
[2022-03-27T21:08:20.297+0800][2351.641s] GC(1079) User=0.01s Sys=0.00s Real=0.00s
[2022-03-27T21:08:20.594+0800][2351.938s] GC(1080) Pause Young (Allocation Failure)
[2022-03-27T21:08:20.594+0800][2351.938s] GC(1080) Using 4 workers of 4 for evacuation
[2022-03-27T21:08:20.596+0800][2351.940s] GC(1080) ParNew: 95382K->9262K(109248K)
[2022-03-27T21:08:20.596+0800][2351.940s] GC(1080) CMS: 127670K->127985K(393216K)
[2022-03-27T21:08:20.596+0800][2351.940s] GC(1080) Metaspace: 49880K->49880K(1095680K)
[2022-03-27T21:08:20.596+0800][2351.940s] GC(1080) Pause Young (Allocation Failure) 217M->134M(490M) 2.279ms
[2022-03-27T21:08:20.596+0800][2351.940s] GC(1080) User=0.01s Sys=0.00s Real=0.00s
[2022-03-27T21:08:20.886+0800][2352.230s] GC(1081) Pause Young (Allocation Failure)
[2022-03-27T21:08:20.886+0800][2352.230s] GC(1081) Using 4 workers of 4 for evacuation
[2022-03-27T21:08:20.889+0800][2352.233s] GC(1081) ParNew: 96686K->8497K(109248K)
[2022-03-27T21:08:20.889+0800][2352.233s] GC(1081) CMS: 127985K->128279K(393216K)
[2022-03-27T21:08:20.889+0800][2352.233s] GC(1081) Metaspace: 49880K->49880K(1095680K)
[2022-03-27T21:08:20.889+0800][2352.233s] GC(1081) Pause Young (Allocation Failure) 219M->133M(490M) 2.560ms
[2022-03-27T21:08:20.889+0800][2352.233s] GC(1081) User=0.01s Sys=0.00s Real=0.00s
[2022-03-27T21:08:21.232+0800][2352.576s] GC(1082) Pause Young (Allocation Failure)
[2022-03-27T21:08:21.232+0800][2352.576s] GC(1082) Using 4 workers of 4 for evacuation
[2022-03-27T21:08:21.235+0800][2352.578s] GC(1082) ParNew: 95921K->9203K(109248K)
[2022-03-27T21:08:21.235+0800][2352.578s] GC(1082) CMS: 128279K->128586K(393216K)
[2022-03-27T21:08:21.235+0800][2352.578s] GC(1082) Metaspace: 49880K->49880K(1095680K)
[2022-03-27T21:08:21.235+0800][2352.578s] GC(1082) Pause Young (Allocation Failure) 218M->134M(490M) 2.677ms
[2022-03-27T21:08:21.235+0800][2352.578s] GC(1082) User=0.00s Sys=0.00s Real=0.00s
[2022-03-27T21:08:21.569+0800][2352.913s] GC(1083) Pause Young (Allocation Failure)
[2022-03-27T21:08:21.569+0800][2352.913s] GC(1083) Using 4 workers of 4 for evacuation
[2022-03-27T21:08:21.571+0800][2352.915s] GC(1083) ParNew: 96627K->8555K(109248K)
[2022-03-27T21:08:21.572+0800][2352.915s] GC(1083) CMS: 128586K->128935K(393216K)
[2022-03-27T21:08:21.572+0800][2352.915s] GC(1083) Metaspace: 49880K->49880K(1095680K)
[2022-03-27T21:08:21.572+0800][2352.915s] GC(1083) Pause Young (Allocation Failure) 219M->134M(490M) 2.274ms
[2022-03-27T21:08:21.572+0800][2352.915s] GC(1083) User=0.00s Sys=0.00s Real=0.01s
[2022-03-27T21:08:21.914+0800][2353.257s] GC(1084) Pause Young (Allocation Failure)
[2022-03-27T21:08:21.914+0800][2353.258s] GC(1084) Using 4 workers of 4 for evacuation
[2022-03-27T21:08:21.917+0800][2353.261s] GC(1084) ParNew: 95979K->8701K(109248K)
[2022-03-27T21:08:21.917+0800][2353.261s] GC(1084) CMS: 128935K->129250K(393216K)
[2022-03-27T21:08:21.917+0800][2353.261s] GC(1084) Metaspace: 49880K->49880K(1095680K)
[2022-03-27T21:08:21.917+0800][2353.261s] GC(1084) Pause Young (Allocation Failure) 219M->134M(490M) 3.285ms
[2022-03-27T21:08:21.917+0800][2353.261s] GC(1084) User=0.01s Sys=0.00s Real=0.00s
[2022-03-27T21:08:22.329+0800][2353.673s] GC(1085) Pause Young (Allocation Failure)
[2022-03-27T21:08:22.329+0800][2353.673s] GC(1085) Using 4 workers of 4 for evacuation
[2022-03-27T21:08:22.336+0800][2353.679s] GC(1085) ParNew: 96125K->9733K(109248K)
[2022-03-27T21:08:22.336+0800][2353.679s] GC(1085) CMS: 129250K->129665K(393216K)
[2022-03-27T21:08:22.336+0800][2353.679s] GC(1085) Metaspace: 49880K->49880K(1095680K)
[2022-03-27T21:08:22.336+0800][2353.679s] GC(1085) Pause Young (Allocation Failure) 220M->136M(490M) 6.802ms
[2022-03-27T21:08:22.336+0800][2353.679s] GC(1085) User=0.02s Sys=0.01s Real=0.01s
[2022-03-27T21:08:22.756+0800][2354.100s] GC(1086) Pause Young (Allocation Failure)
[2022-03-27T21:08:22.756+0800][2354.100s] GC(1086) Using 4 workers of 4 for evacuation
[2022-03-27T21:08:22.762+0800][2354.106s] GC(1086) ParNew: 97157K->8137K(109248K)
[2022-03-27T21:08:22.762+0800][2354.106s] GC(1086) CMS: 129665K->130999K(393216K)
[2022-03-27T21:08:22.762+0800][2354.106s] GC(1086) Metaspace: 49880K->49880K(1095680K)
[2022-03-27T21:08:22.762+0800][2354.106s] GC(1086) Pause Young (Allocation Failure) 221M->135M(490M) 6.506ms
[2022-03-27T21:08:22.762+0800][2354.106s] GC(1086) User=0.02s Sys=0.00s Real=0.01s
[2022-03-27T21:08:22.862+0800][2354.206s] GC(1087) Pause Young (Allocation Failure)
[2022-03-27T21:08:22.862+0800][2354.206s] GC(1087) Using 4 workers of 4 for evacuation
[2022-03-27T21:08:22.864+0800][2354.208s] GC(1087) ParNew: 95561K->9607K(109248K)
[2022-03-27T21:08:22.864+0800][2354.208s] GC(1087) CMS: 130999K->131401K(393216K)
[2022-03-27T21:08:22.864+0800][2354.208s] GC(1087) Metaspace: 49882K->49882K(1095680K)
[2022-03-27T21:08:22.865+0800][2354.208s] GC(1087) Pause Young (Allocation Failure) 221M->137M(490M) 2.609ms
[2022-03-27T21:08:22.865+0800][2354.208s] GC(1087) User=0.01s Sys=0.00s Real=0.00s
[2022-03-27T21:08:23.028+0800][2354.372s] GC(1088) Pause Young (Allocation Failure)
[2022-03-27T21:08:23.028+0800][2354.372s] GC(1088) Using 4 workers of 4 for evacuation
[2022-03-27T21:08:23.031+0800][2354.374s] GC(1088) ParNew: 97031K->12022K(109248K)
[2022-03-27T21:08:23.031+0800][2354.374s] GC(1088) CMS: 131401K->131757K(393216K)
[2022-03-27T21:08:23.031+0800][2354.374s] GC(1088) Metaspace: 49882K->49882K(1095680K)
[2022-03-27T21:08:23.031+0800][2354.374s] GC(1088) Pause Young (Allocation Failure) 223M->140M(490M) 2.666ms
[2022-03-27T21:08:23.031+0800][2354.374s] GC(1088) User=0.00s Sys=0.00s Real=0.01s
[2022-03-27T21:08:25.700+0800][2357.043s] GC(1089) Pause Young (Allocation Failure)
[2022-03-27T21:08:25.716+0800][2357.060s] GC(1089) Using 4 workers of 4 for evacuation
[2022-03-27T21:08:25.721+0800][2357.065s] GC(1089) ParNew: 99446K->10552K(109248K)
[2022-03-27T21:08:25.722+0800][2357.065s] GC(1089) CMS: 131757K->131972K(393216K)
[2022-03-27T21:08:25.722+0800][2357.065s] GC(1089) Metaspace: 49882K->49882K(1095680K)
[2022-03-27T21:08:25.722+0800][2357.065s] GC(1089) Pause Young (Allocation Failure) 225M->139M(490M) 21.819ms
[2022-03-27T21:08:25.722+0800][2357.065s] GC(1089) User=0.01s Sys=0.00s Real=0.02s
[2022-03-27T21:08:27.372+0800][2358.715s] GC(1090) Pause Young (Allocation Failure)
[2022-03-27T21:08:27.372+0800][2358.715s] GC(1090) Using 4 workers of 4 for evacuation
[2022-03-27T21:08:27.374+0800][2358.718s] GC(1090) ParNew: 97976K->12535K(109248K)
[2022-03-27T21:08:27.374+0800][2358.718s] GC(1090) CMS: 131972K->132540K(393216K)
[2022-03-27T21:08:27.374+0800][2358.718s] GC(1090) Metaspace: 49885K->49885K(1095680K)
[2022-03-27T21:08:27.374+0800][2358.718s] GC(1090) Pause Young (Allocation Failure) 224M->141M(490M) 2.745ms
[2022-03-27T21:08:27.374+0800][2358.718s] GC(1090) User=0.01s Sys=0.00s Real=0.00s
[2022-03-27T21:08:27.663+0800][2359.007s] GC(1091) Pause Young (Allocation Failure)
[2022-03-27T21:08:27.663+0800][2359.007s] GC(1091) Using 4 workers of 4 for evacuation
[2022-03-27T21:08:27.666+0800][2359.010s] GC(1091) ParNew: 99959K->9219K(109248K)
[2022-03-27T21:08:27.666+0800][2359.010s] GC(1091) CMS: 132540K->135322K(393216K)
[2022-03-27T21:08:27.666+0800][2359.010s] GC(1091) Metaspace: 49887K->49887K(1095680K)
[2022-03-27T21:08:27.666+0800][2359.010s] GC(1091) Pause Young (Allocation Failure) 227M->141M(490M) 2.724ms
[2022-03-27T21:08:27.666+0800][2359.010s] GC(1091) User=0.01s Sys=0.00s Real=0.00s
[2022-03-27T21:08:27.980+0800][2359.324s] GC(1092) Pause Young (Allocation Failure)
[2022-03-27T21:08:27.980+0800][2359.324s] GC(1092) Using 4 workers of 4 for evacuation
[2022-03-27T21:08:27.982+0800][2359.326s] GC(1092) ParNew: 96643K->8460K(109248K)
[2022-03-27T21:08:27.983+0800][2359.326s] GC(1092) CMS: 135322K->136072K(393216K)
[2022-03-27T21:08:27.983+0800][2359.326s] GC(1092) Metaspace: 49887K->49887K(1095680K)
[2022-03-27T21:08:27.983+0800][2359.326s] GC(1092) Pause Young (Allocation Failure) 226M->141M(490M) 2.352ms
[2022-03-27T21:08:27.983+0800][2359.326s] GC(1092) User=0.01s Sys=0.00s Real=0.00s
[2022-03-27T21:08:28.295+0800][2359.638s] GC(1093) Pause Young (Allocation Failure)
[2022-03-27T21:08:28.295+0800][2359.638s] GC(1093) Using 4 workers of 4 for evacuation
[2022-03-27T21:08:28.297+0800][2359.641s] GC(1093) ParNew: 95884K->8379K(109248K)
[2022-03-27T21:08:28.297+0800][2359.641s] GC(1093) CMS: 136072K->136506K(393216K)
[2022-03-27T21:08:28.297+0800][2359.641s] GC(1093) Metaspace: 49887K->49887K(1095680K)
[2022-03-27T21:08:28.297+0800][2359.641s] GC(1093) Pause Young (Allocation Failure) 226M->141M(490M) 2.798ms
[2022-03-27T21:08:28.297+0800][2359.641s] GC(1093) User=0.00s Sys=0.00s Real=0.00s
[2022-03-27T21:08:28.646+0800][2359.989s] GC(1094) Pause Young (Allocation Failure)
[2022-03-27T21:08:28.646+0800][2359.990s] GC(1094) Using 4 workers of 4 for evacuation
[2022-03-27T21:08:28.649+0800][2359.992s] GC(1094) ParNew: 95803K->8621K(109248K)
[2022-03-27T21:08:28.649+0800][2359.992s] GC(1094) CMS: 136506K->137114K(393216K)
[2022-03-27T21:08:28.649+0800][2359.992s] GC(1094) Metaspace: 49887K->49887K(1095680K)
[2022-03-27T21:08:28.649+0800][2359.992s] GC(1094) Pause Young (Allocation Failure) 226M->142M(490M) 3.054ms
[2022-03-27T21:08:28.649+0800][2359.992s] GC(1094) User=0.01s Sys=0.00s Real=0.00s
[2022-03-27T21:08:28.936+0800][2360.280s] GC(1095) Pause Young (Allocation Failure)
[2022-03-27T21:08:28.936+0800][2360.280s] GC(1095) Using 4 workers of 4 for evacuation
[2022-03-27T21:08:28.939+0800][2360.282s] GC(1095) ParNew: 96045K->8912K(109248K)
[2022-03-27T21:08:28.939+0800][2360.283s] GC(1095) CMS: 137114K->137267K(393216K)
[2022-03-27T21:08:28.939+0800][2360.283s] GC(1095) Metaspace: 49887K->49887K(1095680K)
[2022-03-27T21:08:28.939+0800][2360.283s] GC(1095) Pause Young (Allocation Failure) 227M->142M(490M) 2.897ms
[2022-03-27T21:08:28.939+0800][2360.283s] GC(1095) User=0.01s Sys=0.00s Real=0.00s
[2022-03-27T21:08:29.267+0800][2360.610s] GC(1096) Pause Young (Allocation Failure)
[2022-03-27T21:08:29.267+0800][2360.611s] GC(1096) Using 4 workers of 4 for evacuation
[2022-03-27T21:08:29.270+0800][2360.613s] GC(1096) ParNew: 96336K->10016K(109248K)
[2022-03-27T21:08:29.270+0800][2360.613s] GC(1096) CMS: 137267K->137277K(393216K)
[2022-03-27T21:08:29.270+0800][2360.613s] GC(1096) Metaspace: 49887K->49887K(1095680K)
[2022-03-27T21:08:29.270+0800][2360.613s] GC(1096) Pause Young (Allocation Failure) 228M->143M(490M) 3.113ms
[2022-03-27T21:08:29.270+0800][2360.614s] GC(1096) User=0.00s Sys=0.00s Real=0.01s
[2022-03-27T21:08:29.548+0800][2360.891s] GC(1097) Pause Young (Allocation Failure)
[2022-03-27T21:08:29.548+0800][2360.891s] GC(1097) Using 4 workers of 4 for evacuation
[2022-03-27T21:08:29.551+0800][2360.895s] GC(1097) ParNew: 97440K->9977K(109248K)
[2022-03-27T21:08:29.551+0800][2360.895s] GC(1097) CMS: 137277K->137293K(393216K)
[2022-03-27T21:08:29.551+0800][2360.895s] GC(1097) Metaspace: 49887K->49887K(1095680K)
[2022-03-27T21:08:29.551+0800][2360.895s] GC(1097) Pause Young (Allocation Failure) 229M->143M(490M) 3.611ms
[2022-03-27T21:08:29.551+0800][2360.895s] GC(1097) User=0.01s Sys=0.00s Real=0.01s
[2022-03-27T21:08:29.868+0800][2361.212s] GC(1098) Pause Young (Allocation Failure)
[2022-03-27T21:08:29.868+0800][2361.212s] GC(1098) Using 4 workers of 4 for evacuation
[2022-03-27T21:08:29.871+0800][2361.214s] GC(1098) ParNew: 97401K->10337K(109248K)
[2022-03-27T21:08:29.871+0800][2361.214s] GC(1098) CMS: 137293K->140301K(393216K)
[2022-03-27T21:08:29.871+0800][2361.214s] GC(1098) Metaspace: 49887K->49887K(1095680K)
[2022-03-27T21:08:29.871+0800][2361.214s] GC(1098) Pause Young (Allocation Failure) 229M->147M(490M) 2.625ms
[2022-03-27T21:08:29.871+0800][2361.214s] GC(1098) User=0.01s Sys=0.01s Real=0.01s
[2022-03-27T21:08:30.171+0800][2361.515s] GC(1099) Pause Young (Allocation Failure)
[2022-03-27T21:08:30.171+0800][2361.515s] GC(1099) Using 4 workers of 4 for evacuation
[2022-03-27T21:08:30.173+0800][2361.517s] GC(1099) ParNew: 97761K->6612K(109248K)
[2022-03-27T21:08:30.174+0800][2361.517s] GC(1099) CMS: 140301K->141022K(393216K)
[2022-03-27T21:08:30.174+0800][2361.517s] GC(1099) Metaspace: 49887K->49887K(1095680K)
[2022-03-27T21:08:30.174+0800][2361.517s] GC(1099) Pause Young (Allocation Failure) 232M->144M(490M) 2.293ms
[2022-03-27T21:08:30.174+0800][2361.517s] GC(1099) User=0.01s Sys=0.00s Real=0.00s
[2022-03-27T21:08:30.487+0800][2361.831s] GC(1100) Pause Young (Allocation Failure)
[2022-03-27T21:08:30.487+0800][2361.831s] GC(1100) Using 4 workers of 4 for evacuation
[2022-03-27T21:08:30.489+0800][2361.833s] GC(1100) ParNew: 94036K->5958K(109248K)
[2022-03-27T21:08:30.489+0800][2361.833s] GC(1100) CMS: 141022K->141512K(393216K)
[2022-03-27T21:08:30.489+0800][2361.833s] GC(1100) Metaspace: 49887K->49887K(1095680K)
[2022-03-27T21:08:30.489+0800][2361.833s] GC(1100) Pause Young (Allocation Failure) 229M->144M(490M) 2.132ms
[2022-03-27T21:08:30.489+0800][2361.833s] GC(1100) User=0.00s Sys=0.00s Real=0.00s
[2022-03-27T21:08:30.808+0800][2362.152s] GC(1101) Pause Young (Allocation Failure)
[2022-03-27T21:08:30.808+0800][2362.152s] GC(1101) Using 4 workers of 4 for evacuation
[2022-03-27T21:08:30.810+0800][2362.154s] GC(1101) ParNew: 93382K->6565K(109248K)
[2022-03-27T21:08:30.810+0800][2362.154s] GC(1101) CMS: 141512K->141853K(393216K)
[2022-03-27T21:08:30.810+0800][2362.154s] GC(1101) Metaspace: 49887K->49887K(1095680K)
[2022-03-27T21:08:30.810+0800][2362.154s] GC(1101) Pause Young (Allocation Failure) 229M->144M(490M) 2.063ms
[2022-03-27T21:08:30.810+0800][2362.154s] GC(1101) User=0.01s Sys=0.01s Real=0.01s
[2022-03-27T21:08:31.102+0800][2362.446s] GC(1102) Pause Young (Allocation Failure)
[2022-03-27T21:08:31.103+0800][2362.446s] GC(1102) Using 4 workers of 4 for evacuation
[2022-03-27T21:08:31.104+0800][2362.448s] GC(1102) ParNew: 93989K->8079K(109248K)
[2022-03-27T21:08:31.105+0800][2362.448s] GC(1102) CMS: 141853K->142213K(393216K)
[2022-03-27T21:08:31.105+0800][2362.448s] GC(1102) Metaspace: 49887K->49887K(1095680K)
[2022-03-27T21:08:31.105+0800][2362.448s] GC(1102) Pause Young (Allocation Failure) 230M->146M(490M) 2.170ms
[2022-03-27T21:08:31.105+0800][2362.448s] GC(1102) User=0.00s Sys=0.00s Real=0.00s
[2022-03-27T21:08:31.448+0800][2362.792s] GC(1103) Pause Young (Allocation Failure)
[2022-03-27T21:08:31.448+0800][2362.792s] GC(1103) Using 4 workers of 4 for evacuation
[2022-03-27T21:08:31.452+0800][2362.796s] GC(1103) ParNew: 95503K->5820K(109248K)
[2022-03-27T21:08:31.452+0800][2362.796s] GC(1103) CMS: 142213K->142547K(393216K)
[2022-03-27T21:08:31.452+0800][2362.796s] GC(1103) Metaspace: 49887K->49887K(1095680K)
[2022-03-27T21:08:31.452+0800][2362.796s] GC(1103) Pause Young (Allocation Failure) 232M->144M(490M) 4.154ms
[2022-03-27T21:08:31.452+0800][2362.796s] GC(1103) User=0.01s Sys=0.00s Real=0.01s
[2022-03-27T21:08:31.776+0800][2363.120s] GC(1104) Pause Young (Allocation Failure)
[2022-03-27T21:08:31.776+0800][2363.120s] GC(1104) Using 4 workers of 4 for evacuation
[2022-03-27T21:08:31.778+0800][2363.121s] GC(1104) ParNew: 93244K->6407K(109248K)
[2022-03-27T21:08:31.778+0800][2363.121s] GC(1104) CMS: 142547K->142913K(393216K)
[2022-03-27T21:08:31.778+0800][2363.121s] GC(1104) Metaspace: 49887K->49887K(1095680K)
[2022-03-27T21:08:31.778+0800][2363.122s] GC(1104) Pause Young (Allocation Failure) 230M->145M(490M) 1.932ms
[2022-03-27T21:08:31.778+0800][2363.122s] GC(1104) User=0.01s Sys=0.00s Real=0.00s
[2022-03-27T21:08:32.092+0800][2363.436s] GC(1105) Pause Young (Allocation Failure)
[2022-03-27T21:08:32.092+0800][2363.436s] GC(1105) Using 4 workers of 4 for evacuation
[2022-03-27T21:08:32.095+0800][2363.438s] GC(1105) ParNew: 93831K->6789K(109248K)
[2022-03-27T21:08:32.095+0800][2363.438s] GC(1105) CMS: 142913K->143186K(393216K)
[2022-03-27T21:08:32.095+0800][2363.438s] GC(1105) Metaspace: 49887K->49887K(1095680K)
[2022-03-27T21:08:32.095+0800][2363.438s] GC(1105) Pause Young (Allocation Failure) 231M->146M(490M) 2.515ms
[2022-03-27T21:08:32.095+0800][2363.438s] GC(1105) User=0.01s Sys=0.00s Real=0.00s
[2022-03-27T21:08:32.398+0800][2363.742s] GC(1106) Pause Young (Allocation Failure)
[2022-03-27T21:08:32.398+0800][2363.742s] GC(1106) Using 4 workers of 4 for evacuation
[2022-03-27T21:08:32.400+0800][2363.744s] GC(1106) ParNew: 94213K->7656K(109248K)
[2022-03-27T21:08:32.401+0800][2363.744s] GC(1106) CMS: 143186K->143535K(393216K)
[2022-03-27T21:08:32.401+0800][2363.744s] GC(1106) Metaspace: 49887K->49887K(1095680K)
[2022-03-27T21:08:32.401+0800][2363.744s] GC(1106) Pause Young (Allocation Failure) 231M->147M(490M) 2.245ms
[2022-03-27T21:08:32.401+0800][2363.744s] GC(1106) User=0.01s Sys=0.00s Real=0.01s
[2022-03-27T21:08:32.707+0800][2364.050s] GC(1107) Pause Young (Allocation Failure)
[2022-03-27T21:08:32.707+0800][2364.051s] GC(1107) Using 4 workers of 4 for evacuation
[2022-03-27T21:08:32.710+0800][2364.054s] GC(1107) ParNew: 95080K->7241K(109248K)
[2022-03-27T21:08:32.710+0800][2364.054s] GC(1107) CMS: 143535K->143880K(393216K)
[2022-03-27T21:08:32.710+0800][2364.054s] GC(1107) Metaspace: 49887K->49887K(1095680K)
[2022-03-27T21:08:32.710+0800][2364.054s] GC(1107) Pause Young (Allocation Failure) 233M->147M(490M) 3.594ms
[2022-03-27T21:08:32.710+0800][2364.054s] GC(1107) User=0.01s Sys=0.00s Real=0.01s
[2022-03-27T21:08:33.015+0800][2364.358s] GC(1108) Pause Young (Allocation Failure)
[2022-03-27T21:08:33.015+0800][2364.358s] GC(1108) Using 4 workers of 4 for evacuation
[2022-03-27T21:08:33.017+0800][2364.361s] GC(1108) ParNew: 94665K->7399K(109248K)
[2022-03-27T21:08:33.017+0800][2364.361s] GC(1108) CMS: 143880K->144745K(393216K)
[2022-03-27T21:08:33.017+0800][2364.361s] GC(1108) Metaspace: 49887K->49887K(1095680K)
[2022-03-27T21:08:33.017+0800][2364.361s] GC(1108) Pause Young (Allocation Failure) 232M->148M(490M) 2.642ms
[2022-03-27T21:08:33.017+0800][2364.361s] GC(1108) User=0.01s Sys=0.00s Real=0.00s
[2022-03-27T21:08:33.320+0800][2364.663s] GC(1109) Pause Young (Allocation Failure)
[2022-03-27T21:08:33.320+0800][2364.663s] GC(1109) Using 4 workers of 4 for evacuation
[2022-03-27T21:08:33.322+0800][2364.665s] GC(1109) ParNew: 94823K->7161K(109248K)
[2022-03-27T21:08:33.322+0800][2364.665s] GC(1109) CMS: 144745K->145076K(393216K)
[2022-03-27T21:08:33.322+0800][2364.665s] GC(1109) Metaspace: 49887K->49887K(1095680K)
[2022-03-27T21:08:33.322+0800][2364.665s] GC(1109) Pause Young (Allocation Failure) 233M->148M(490M) 2.118ms
[2022-03-27T21:08:33.322+0800][2364.665s] GC(1109) User=0.01s Sys=0.00s Real=0.00s
[2022-03-27T21:08:33.590+0800][2364.933s] GC(1110) Pause Young (Allocation Failure)
[2022-03-27T21:08:33.590+0800][2364.933s] GC(1110) Using 4 workers of 4 for evacuation
[2022-03-27T21:08:33.592+0800][2364.935s] GC(1110) ParNew: 94585K->7344K(109248K)
[2022-03-27T21:08:33.592+0800][2364.936s] GC(1110) CMS: 145076K->145425K(393216K)
[2022-03-27T21:08:33.592+0800][2364.936s] GC(1110) Metaspace: 49887K->49887K(1095680K)
[2022-03-27T21:08:33.592+0800][2364.936s] GC(1110) Pause Young (Allocation Failure) 234M->149M(490M) 2.154ms
[2022-03-27T21:08:33.592+0800][2364.936s] GC(1110) User=0.00s Sys=0.00s Real=0.00s
[2022-03-27T21:08:33.886+0800][2365.229s] GC(1111) Pause Young (Allocation Failure)
[2022-03-27T21:08:33.886+0800][2365.229s] GC(1111) Using 4 workers of 4 for evacuation
[2022-03-27T21:08:33.888+0800][2365.231s] GC(1111) ParNew: 94768K->7018K(109248K)
[2022-03-27T21:08:33.888+0800][2365.231s] GC(1111) CMS: 145425K->145735K(393216K)
[2022-03-27T21:08:33.888+0800][2365.231s] GC(1111) Metaspace: 49887K->49887K(1095680K)
[2022-03-27T21:08:33.888+0800][2365.231s] GC(1111) Pause Young (Allocation Failure) 234M->149M(490M) 2.279ms
[2022-03-27T21:08:33.888+0800][2365.231s] GC(1111) User=0.01s Sys=0.01s Real=0.00s
[2022-03-27T21:08:34.263+0800][2365.607s] GC(1112) Pause Young (Allocation Failure)
[2022-03-27T21:08:34.264+0800][2365.607s] GC(1112) Using 4 workers of 4 for evacuation
[2022-03-27T21:08:34.266+0800][2365.610s] GC(1112) ParNew: 94442K->7899K(109248K)
[2022-03-27T21:08:34.266+0800][2365.610s] GC(1112) CMS: 145735K->146230K(393216K)
[2022-03-27T21:08:34.266+0800][2365.610s] GC(1112) Metaspace: 49887K->49887K(1095680K)
[2022-03-27T21:08:34.266+0800][2365.610s] GC(1112) Pause Young (Allocation Failure) 234M->150M(490M) 2.733ms
[2022-03-27T21:08:34.266+0800][2365.610s] GC(1112) User=0.00s Sys=0.00s Real=0.00s
[2022-03-27T21:08:34.574+0800][2365.918s] GC(1113) Pause Young (Allocation Failure)
[2022-03-27T21:08:34.574+0800][2365.918s] GC(1113) Using 4 workers of 4 for evacuation
[2022-03-27T21:08:34.576+0800][2365.920s] GC(1113) ParNew: 95323K->7224K(109248K)
[2022-03-27T21:08:34.577+0800][2365.920s] GC(1113) CMS: 146230K->146582K(393216K)
[2022-03-27T21:08:34.577+0800][2365.920s] GC(1113) Metaspace: 49887K->49887K(1095680K)
[2022-03-27T21:08:34.577+0800][2365.920s] GC(1113) Pause Young (Allocation Failure) 235M->150M(490M) 2.305ms
[2022-03-27T21:08:34.577+0800][2365.920s] GC(1113) User=0.01s Sys=0.00s Real=0.00s
[2022-03-27T21:08:34.891+0800][2366.235s] GC(1114) Pause Young (Allocation Failure)
[2022-03-27T21:08:34.891+0800][2366.235s] GC(1114) Using 4 workers of 4 for evacuation
[2022-03-27T21:08:34.894+0800][2366.237s] GC(1114) ParNew: 94648K->7402K(109248K)
[2022-03-27T21:08:34.894+0800][2366.237s] GC(1114) CMS: 146582K->146930K(393216K)
[2022-03-27T21:08:34.894+0800][2366.237s] GC(1114) Metaspace: 49887K->49887K(1095680K)
[2022-03-27T21:08:34.894+0800][2366.237s] GC(1114) Pause Young (Allocation Failure) 235M->150M(490M) 2.355ms
[2022-03-27T21:08:34.894+0800][2366.237s] GC(1114) User=0.01s Sys=0.00s Real=0.00s
[2022-03-27T21:08:35.169+0800][2366.513s] GC(1115) Pause Young (Allocation Failure)
[2022-03-27T21:08:35.170+0800][2366.513s] GC(1115) Using 4 workers of 4 for evacuation
[2022-03-27T21:08:35.172+0800][2366.516s] GC(1115) ParNew: 94826K->7074K(109248K)
[2022-03-27T21:08:35.172+0800][2366.516s] GC(1115) CMS: 146930K->147497K(393216K)
[2022-03-27T21:08:35.172+0800][2366.516s] GC(1115) Metaspace: 49887K->49887K(1095680K)
[2022-03-27T21:08:35.172+0800][2366.516s] GC(1115) Pause Young (Allocation Failure) 236M->150M(490M) 2.632ms
[2022-03-27T21:08:35.172+0800][2366.516s] GC(1115) User=0.01s Sys=0.00s Real=0.01s
[2022-03-27T21:08:35.487+0800][2366.831s] GC(1116) Pause Young (Allocation Failure)
[2022-03-27T21:08:35.487+0800][2366.831s] GC(1116) Using 4 workers of 4 for evacuation
[2022-03-27T21:08:35.494+0800][2366.838s] GC(1116) ParNew: 94498K->6940K(109248K)
[2022-03-27T21:08:35.494+0800][2366.838s] GC(1116) CMS: 147497K->147837K(393216K)
[2022-03-27T21:08:35.494+0800][2366.838s] GC(1116) Metaspace: 49887K->49887K(1095680K)
[2022-03-27T21:08:35.494+0800][2366.838s] GC(1116) Pause Young (Allocation Failure) 236M->151M(490M) 7.421ms
[2022-03-27T21:08:35.494+0800][2366.838s] GC(1116) User=0.02s Sys=0.00s Real=0.01s
[2022-03-27T21:08:35.844+0800][2367.187s] GC(1117) Pause Young (Allocation Failure)
[2022-03-27T21:08:35.844+0800][2367.187s] GC(1117) Using 4 workers of 4 for evacuation
[2022-03-27T21:08:35.847+0800][2367.191s] GC(1117) ParNew: 94364K->6958K(109248K)
[2022-03-27T21:08:35.848+0800][2367.191s] GC(1117) CMS: 147837K->148191K(393216K)
[2022-03-27T21:08:35.848+0800][2367.191s] GC(1117) Metaspace: 49887K->49887K(1095680K)
[2022-03-27T21:08:35.848+0800][2367.191s] GC(1117) Pause Young (Allocation Failure) 236M->151M(490M) 4.034ms
[2022-03-27T21:08:35.848+0800][2367.191s] GC(1117) User=0.01s Sys=0.00s Real=0.00s
[2022-03-27T21:08:36.211+0800][2367.554s] GC(1118) Pause Young (Allocation Failure)
[2022-03-27T21:08:36.211+0800][2367.554s] GC(1118) Using 4 workers of 4 for evacuation
[2022-03-27T21:08:36.213+0800][2367.557s] GC(1118) ParNew: 94382K->8564K(109248K)
[2022-03-27T21:08:36.213+0800][2367.557s] GC(1118) CMS: 148191K->148466K(393216K)
[2022-03-27T21:08:36.213+0800][2367.557s] GC(1118) Metaspace: 49888K->49888K(1095680K)
[2022-03-27T21:08:36.214+0800][2367.557s] GC(1118) Pause Young (Allocation Failure) 236M->153M(490M) 2.967ms
[2022-03-27T21:08:36.214+0800][2367.557s] GC(1118) User=0.01s Sys=0.00s Real=0.00s
[2022-03-27T21:08:36.551+0800][2367.895s] GC(1119) Pause Young (Allocation Failure)
[2022-03-27T21:08:36.551+0800][2367.895s] GC(1119) Using 4 workers of 4 for evacuation
[2022-03-27T21:08:36.554+0800][2367.898s] GC(1119) ParNew: 95988K->9405K(109248K)
[2022-03-27T21:08:36.554+0800][2367.898s] GC(1119) CMS: 148466K->148724K(393216K)
[2022-03-27T21:08:36.554+0800][2367.898s] GC(1119) Metaspace: 49888K->49888K(1095680K)
[2022-03-27T21:08:36.554+0800][2367.898s] GC(1119) Pause Young (Allocation Failure) 238M->154M(490M) 3.173ms
[2022-03-27T21:08:36.554+0800][2367.898s] GC(1119) User=0.01s Sys=0.00s Real=0.00s
[2022-03-27T21:08:36.924+0800][2368.267s] GC(1120) Pause Young (Allocation Failure)
[2022-03-27T21:08:36.924+0800][2368.267s] GC(1120) Using 4 workers of 4 for evacuation
[2022-03-27T21:08:36.927+0800][2368.270s] GC(1120) ParNew: 96829K->9232K(109248K)
[2022-03-27T21:08:36.927+0800][2368.270s] GC(1120) CMS: 148724K->149127K(393216K)
[2022-03-27T21:08:36.927+0800][2368.270s] GC(1120) Metaspace: 49888K->49888K(1095680K)
[2022-03-27T21:08:36.927+0800][2368.270s] GC(1120) Pause Young (Allocation Failure) 239M->154M(490M) 3.137ms
[2022-03-27T21:08:36.927+0800][2368.270s] GC(1120) User=0.01s Sys=0.00s Real=0.00s
[2022-03-27T21:08:37.302+0800][2368.646s] GC(1121) Pause Young (Allocation Failure)
[2022-03-27T21:08:37.302+0800][2368.646s] GC(1121) Using 4 workers of 4 for evacuation
[2022-03-27T21:08:37.305+0800][2368.649s] GC(1121) ParNew: 96656K->8838K(109248K)
[2022-03-27T21:08:37.305+0800][2368.649s] GC(1121) CMS: 149127K->149451K(393216K)
[2022-03-27T21:08:37.305+0800][2368.649s] GC(1121) Metaspace: 49888K->49888K(1095680K)
[2022-03-27T21:08:37.305+0800][2368.649s] GC(1121) Pause Young (Allocation Failure) 240M->154M(490M) 3.176ms
[2022-03-27T21:08:37.305+0800][2368.649s] GC(1121) User=0.01s Sys=0.00s Real=0.00s
[2022-03-27T21:08:37.633+0800][2368.977s] GC(1122) Pause Young (Allocation Failure)
[2022-03-27T21:08:37.634+0800][2368.977s] GC(1122) Using 4 workers of 4 for evacuation
[2022-03-27T21:08:37.636+0800][2368.980s] GC(1122) ParNew: 96262K->8955K(109248K)
[2022-03-27T21:08:37.636+0800][2368.980s] GC(1122) CMS: 149451K->149674K(393216K)
[2022-03-27T21:08:37.636+0800][2368.980s] GC(1122) Metaspace: 49888K->49888K(1095680K)
[2022-03-27T21:08:37.636+0800][2368.980s] GC(1122) Pause Young (Allocation Failure) 239M->154M(490M) 2.698ms
[2022-03-27T21:08:37.636+0800][2368.980s] GC(1122) User=0.01s Sys=0.00s Real=0.00s
[2022-03-27T21:08:37.781+0800][2369.124s] GC(1123) Pause Young (Allocation Failure)
[2022-03-27T21:08:37.781+0800][2369.125s] GC(1123) Using 4 workers of 4 for evacuation
[2022-03-27T21:08:37.784+0800][2369.127s] GC(1123) ParNew: 95985K->9862K(109248K)
[2022-03-27T21:08:37.784+0800][2369.127s] GC(1123) CMS: 149674K->149914K(393216K)
[2022-03-27T21:08:37.784+0800][2369.127s] GC(1123) Metaspace: 49888K->49888K(1095680K)
[2022-03-27T21:08:37.784+0800][2369.127s] GC(1123) Pause Young (Allocation Failure) 239M->156M(490M) 2.966ms
[2022-03-27T21:08:37.784+0800][2369.127s] GC(1123) User=0.01s Sys=0.00s Real=0.00s
[2022-03-27T21:08:37.918+0800][2369.261s] GC(1124) Pause Young (Allocation Failure)
[2022-03-27T21:08:37.918+0800][2369.261s] GC(1124) Using 4 workers of 4 for evacuation
[2022-03-27T21:08:37.920+0800][2369.264s] GC(1124) ParNew: 97286K->12505K(109248K)
[2022-03-27T21:08:37.920+0800][2369.264s] GC(1124) CMS: 149914K->150226K(393216K)
[2022-03-27T21:08:37.920+0800][2369.264s] GC(1124) Metaspace: 49888K->49888K(1095680K)
[2022-03-27T21:08:37.920+0800][2369.264s] GC(1124) Pause Young (Allocation Failure) 241M->158M(490M) 2.514ms
[2022-03-27T21:08:37.920+0800][2369.264s] GC(1124) User=0.01s Sys=0.00s Real=0.01s
[2022-03-27T21:08:39.547+0800][2370.891s] GC(1125) Pause Young (Allocation Failure)
[2022-03-27T21:08:39.565+0800][2370.909s] GC(1125) Using 4 workers of 4 for evacuation
[2022-03-27T21:08:39.570+0800][2370.914s] GC(1125) ParNew: 99929K->13249K(109248K)
[2022-03-27T21:08:39.570+0800][2370.914s] GC(1125) CMS: 150226K->150656K(393216K)
[2022-03-27T21:08:39.570+0800][2370.914s] GC(1125) Metaspace: 49888K->49888K(1095680K)
[2022-03-27T21:08:39.570+0800][2370.914s] GC(1125) Pause Young (Allocation Failure) 244M->160M(490M) 23.196ms
[2022-03-27T21:08:39.571+0800][2370.914s] GC(1125) User=0.01s Sys=0.00s Real=0.03s
[2022-03-27T21:08:43.002+0800][2374.346s] GC(1126) Pause Young (Allocation Failure)
[2022-03-27T21:08:43.002+0800][2374.346s] GC(1126) Using 4 workers of 4 for evacuation
[2022-03-27T21:08:43.006+0800][2374.349s] GC(1126) ParNew: 100673K->9722K(109248K)
[2022-03-27T21:08:43.006+0800][2374.349s] GC(1126) CMS: 150656K->152142K(393216K)
[2022-03-27T21:08:43.006+0800][2374.349s] GC(1126) Metaspace: 49888K->49888K(1095680K)
[2022-03-27T21:08:43.006+0800][2374.350s] GC(1126) Pause Young (Allocation Failure) 245M->158M(490M) 3.827ms
[2022-03-27T21:08:43.006+0800][2374.350s] GC(1126) User=0.01s Sys=0.00s Real=0.00s
[2022-03-27T21:08:43.169+0800][2374.513s] GC(1127) Pause Young (Allocation Failure)
[2022-03-27T21:08:43.169+0800][2374.513s] GC(1127) Using 4 workers of 4 for evacuation
[2022-03-27T21:08:43.172+0800][2374.516s] GC(1127) ParNew: 97146K->10494K(109248K)
[2022-03-27T21:08:43.172+0800][2374.516s] GC(1127) CMS: 152142K->152976K(393216K)
[2022-03-27T21:08:43.172+0800][2374.516s] GC(1127) Metaspace: 49888K->49888K(1095680K)
[2022-03-27T21:08:43.172+0800][2374.516s] GC(1127) Pause Young (Allocation Failure) 243M->159M(490M) 2.821ms
[2022-03-27T21:08:43.172+0800][2374.516s] GC(1127) User=0.00s Sys=0.00s Real=0.01s
[2022-03-27T21:08:43.549+0800][2374.893s] GC(1128) Pause Young (Allocation Failure)
[2022-03-27T21:08:43.549+0800][2374.893s] GC(1128) Using 4 workers of 4 for evacuation
[2022-03-27T21:08:43.552+0800][2374.895s] GC(1128) ParNew: 97918K->11359K(109248K)
[2022-03-27T21:08:43.552+0800][2374.895s] GC(1128) CMS: 152976K->153419K(393216K)
[2022-03-27T21:08:43.552+0800][2374.895s] GC(1128) Metaspace: 49888K->49888K(1095680K)
[2022-03-27T21:08:43.552+0800][2374.895s] GC(1128) Pause Young (Allocation Failure) 245M->160M(490M) 2.854ms
[2022-03-27T21:08:43.552+0800][2374.896s] GC(1128) User=0.01s Sys=0.00s Real=0.01s
[2022-03-27T21:08:43.906+0800][2375.249s] GC(1129) Pause Young (Allocation Failure)
[2022-03-27T21:08:43.906+0800][2375.249s] GC(1129) Using 4 workers of 4 for evacuation
[2022-03-27T21:08:43.909+0800][2375.253s] GC(1129) ParNew: 98783K->12608K(109248K)
[2022-03-27T21:08:43.909+0800][2375.253s] GC(1129) CMS: 153419K->154106K(393216K)
[2022-03-27T21:08:43.909+0800][2375.253s] GC(1129) Metaspace: 49888K->49888K(1095680K)
[2022-03-27T21:08:43.909+0800][2375.253s] GC(1129) Pause Young (Allocation Failure) 246M->162M(490M) 3.568ms
[2022-03-27T21:08:43.909+0800][2375.253s] GC(1129) User=0.01s Sys=0.00s Real=0.00s
[2022-03-27T21:08:44.273+0800][2375.617s] GC(1130) Pause Young (Allocation Failure)
[2022-03-27T21:08:44.273+0800][2375.617s] GC(1130) Using 4 workers of 4 for evacuation
[2022-03-27T21:08:44.277+0800][2375.620s] GC(1130) ParNew: 100032K->10000K(109248K)
[2022-03-27T21:08:44.277+0800][2375.620s] GC(1130) CMS: 154106K->156926K(393216K)
[2022-03-27T21:08:44.277+0800][2375.620s] GC(1130) Metaspace: 49888K->49888K(1095680K)
[2022-03-27T21:08:44.277+0800][2375.620s] GC(1130) Pause Young (Allocation Failure) 248M->163M(490M) 3.592ms
[2022-03-27T21:08:44.277+0800][2375.620s] GC(1130) User=0.01s Sys=0.00s Real=0.00s
[2022-03-27T21:08:44.654+0800][2375.997s] GC(1131) Pause Young (Allocation Failure)
[2022-03-27T21:08:44.654+0800][2375.998s] GC(1131) Using 4 workers of 4 for evacuation
[2022-03-27T21:08:44.657+0800][2376.001s] GC(1131) ParNew: 97424K->9912K(109248K)
[2022-03-27T21:08:44.657+0800][2376.001s] GC(1131) CMS: 156926K->157073K(393216K)
[2022-03-27T21:08:44.657+0800][2376.001s] GC(1131) Metaspace: 49888K->49888K(1095680K)
[2022-03-27T21:08:44.657+0800][2376.001s] GC(1131) Pause Young (Allocation Failure) 248M->163M(490M) 3.494ms
[2022-03-27T21:08:44.657+0800][2376.001s] GC(1131) User=0.01s Sys=0.01s Real=0.00s
[2022-03-27T21:08:45.006+0800][2376.350s] GC(1132) Pause Young (Allocation Failure)
[2022-03-27T21:08:45.006+0800][2376.350s] GC(1132) Using 4 workers of 4 for evacuation
[2022-03-27T21:08:45.010+0800][2376.354s] GC(1132) ParNew: 97336K->9095K(109248K)
[2022-03-27T21:08:45.010+0800][2376.354s] GC(1132) CMS: 157073K->157170K(393216K)
[2022-03-27T21:08:45.010+0800][2376.354s] GC(1132) Metaspace: 49888K->49888K(1095680K)
[2022-03-27T21:08:45.010+0800][2376.354s] GC(1132) Pause Young (Allocation Failure) 248M->162M(490M) 4.151ms
[2022-03-27T21:08:45.010+0800][2376.354s] GC(1132) User=0.01s Sys=0.00s Real=0.01s
[2022-03-27T21:08:45.338+0800][2376.681s] GC(1133) Pause Young (Allocation Failure)
[2022-03-27T21:08:45.338+0800][2376.681s] GC(1133) Using 4 workers of 4 for evacuation
[2022-03-27T21:08:45.340+0800][2376.684s] GC(1133) ParNew: 96519K->11281K(109248K)
[2022-03-27T21:08:45.340+0800][2376.684s] GC(1133) CMS: 157170K->157179K(393216K)
[2022-03-27T21:08:45.340+0800][2376.684s] GC(1133) Metaspace: 49888K->49888K(1095680K)
[2022-03-27T21:08:45.340+0800][2376.684s] GC(1133) Pause Young (Allocation Failure) 247M->164M(490M) 2.708ms
[2022-03-27T21:08:45.340+0800][2376.684s] GC(1133) User=0.00s Sys=0.00s Real=0.01s
[2022-03-27T21:08:45.631+0800][2376.975s] GC(1134) Pause Young (Allocation Failure)
[2022-03-27T21:08:45.631+0800][2376.975s] GC(1134) Using 4 workers of 4 for evacuation
[2022-03-27T21:08:45.633+0800][2376.977s] GC(1134) ParNew: 98705K->10723K(109248K)
[2022-03-27T21:08:45.633+0800][2376.977s] GC(1134) CMS: 157179K->157243K(393216K)
[2022-03-27T21:08:45.633+0800][2376.977s] GC(1134) Metaspace: 49888K->49888K(1095680K)
[2022-03-27T21:08:45.633+0800][2376.977s] GC(1134) Pause Young (Allocation Failure) 249M->164M(490M) 2.270ms
[2022-03-27T21:08:45.633+0800][2376.977s] GC(1134) User=0.01s Sys=0.00s Real=0.00s
[2022-03-27T21:08:45.942+0800][2377.286s] GC(1135) Pause Young (Allocation Failure)
[2022-03-27T21:08:45.942+0800][2377.286s] GC(1135) Using 4 workers of 4 for evacuation
[2022-03-27T21:08:45.945+0800][2377.289s] GC(1135) ParNew: 98147K->9202K(109248K)
[2022-03-27T21:08:45.945+0800][2377.289s] GC(1135) CMS: 157243K->160866K(393216K)
[2022-03-27T21:08:45.945+0800][2377.289s] GC(1135) Metaspace: 49888K->49888K(1095680K)
[2022-03-27T21:08:45.945+0800][2377.289s] GC(1135) Pause Young (Allocation Failure) 249M->166M(490M) 2.818ms
[2022-03-27T21:08:45.945+0800][2377.289s] GC(1135) User=0.01s Sys=0.00s Real=0.00s
[2022-03-27T21:08:46.254+0800][2377.598s] GC(1136) Pause Young (Allocation Failure)
[2022-03-27T21:08:46.254+0800][2377.598s] GC(1136) Using 4 workers of 4 for evacuation
[2022-03-27T21:08:46.256+0800][2377.600s] GC(1136) ParNew: 96626K->6985K(109248K)
[2022-03-27T21:08:46.256+0800][2377.600s] GC(1136) CMS: 160866K->161558K(393216K)
[2022-03-27T21:08:46.256+0800][2377.600s] GC(1136) Metaspace: 49888K->49888K(1095680K)
[2022-03-27T21:08:46.256+0800][2377.600s] GC(1136) Pause Young (Allocation Failure) 251M->164M(490M) 2.417ms
[2022-03-27T21:08:46.256+0800][2377.600s] GC(1136) User=0.01s Sys=0.00s Real=0.00s
[2022-03-27T21:08:46.570+0800][2377.914s] GC(1137) Pause Young (Allocation Failure)
[2022-03-27T21:08:46.570+0800][2377.914s] GC(1137) Using 4 workers of 4 for evacuation
[2022-03-27T21:08:46.572+0800][2377.916s] GC(1137) ParNew: 94409K->6522K(109248K)
[2022-03-27T21:08:46.572+0800][2377.916s] GC(1137) CMS: 161558K->161929K(393216K)
[2022-03-27T21:08:46.572+0800][2377.916s] GC(1137) Metaspace: 49888K->49888K(1095680K)
[2022-03-27T21:08:46.572+0800][2377.916s] GC(1137) Pause Young (Allocation Failure) 249M->164M(490M) 1.951ms
[2022-03-27T21:08:46.572+0800][2377.916s] GC(1137) User=0.01s Sys=0.00s Real=0.00s
[2022-03-27T21:08:46.853+0800][2378.196s] GC(1138) Pause Young (Allocation Failure)
[2022-03-27T21:08:46.853+0800][2378.196s] GC(1138) Using 4 workers of 4 for evacuation
[2022-03-27T21:08:46.854+0800][2378.198s] GC(1138) ParNew: 93946K->7260K(109248K)
[2022-03-27T21:08:46.854+0800][2378.198s] GC(1138) CMS: 161929K->162275K(393216K)
[2022-03-27T21:08:46.854+0800][2378.198s] GC(1138) Metaspace: 49888K->49888K(1095680K)
[2022-03-27T21:08:46.854+0800][2378.198s] GC(1138) Pause Young (Allocation Failure) 249M->165M(490M) 1.890ms
[2022-03-27T21:08:46.854+0800][2378.198s] GC(1138) User=0.01s Sys=0.00s Real=0.00s
[2022-03-27T21:08:47.144+0800][2378.488s] GC(1139) Pause Young (Allocation Failure)
[2022-03-27T21:08:47.144+0800][2378.488s] GC(1139) Using 4 workers of 4 for evacuation
[2022-03-27T21:08:47.146+0800][2378.490s] GC(1139) ParNew: 94684K->6539K(109248K)
[2022-03-27T21:08:47.146+0800][2378.490s] GC(1139) CMS: 162275K->162643K(393216K)
[2022-03-27T21:08:47.146+0800][2378.490s] GC(1139) Metaspace: 49888K->49888K(1095680K)
[2022-03-27T21:08:47.146+0800][2378.490s] GC(1139) Pause Young (Allocation Failure) 250M->165M(490M) 2.061ms
[2022-03-27T21:08:47.146+0800][2378.490s] GC(1139) User=0.00s Sys=0.00s Real=0.00s
[2022-03-27T21:08:47.399+0800][2378.742s] GC(1140) Pause Young (Allocation Failure)
[2022-03-27T21:08:47.399+0800][2378.743s] GC(1140) Using 4 workers of 4 for evacuation
[2022-03-27T21:08:47.401+0800][2378.744s] GC(1140) ParNew: 93963K->7353K(109248K)
[2022-03-27T21:08:47.401+0800][2378.744s] GC(1140) CMS: 162643K->163008K(393216K)
[2022-03-27T21:08:47.401+0800][2378.745s] GC(1140) Metaspace: 49888K->49888K(1095680K)
[2022-03-27T21:08:47.401+0800][2378.745s] GC(1140) Pause Young (Allocation Failure) 250M->166M(490M) 2.080ms
[2022-03-27T21:08:47.401+0800][2378.745s] GC(1140) User=0.01s Sys=0.00s Real=0.01s
[2022-03-27T21:08:47.722+0800][2379.066s] GC(1141) Pause Young (Allocation Failure)
[2022-03-27T21:08:47.722+0800][2379.066s] GC(1141) Using 4 workers of 4 for evacuation
[2022-03-27T21:08:47.724+0800][2379.068s] GC(1141) ParNew: 94777K->7652K(109248K)
[2022-03-27T21:08:47.724+0800][2379.068s] GC(1141) CMS: 163008K->163360K(393216K)
[2022-03-27T21:08:47.724+0800][2379.068s] GC(1141) Metaspace: 49888K->49888K(1095680K)
[2022-03-27T21:08:47.724+0800][2379.068s] GC(1141) Pause Young (Allocation Failure) 251M->167M(490M) 2.090ms
[2022-03-27T21:08:47.724+0800][2379.068s] GC(1141) User=0.00s Sys=0.00s Real=0.00s
[2022-03-27T21:08:48.041+0800][2379.385s] GC(1142) Pause Young (Allocation Failure)
[2022-03-27T21:08:48.041+0800][2379.385s] GC(1142) Using 4 workers of 4 for evacuation
[2022-03-27T21:08:48.044+0800][2379.387s] GC(1142) ParNew: 95076K->7166K(109248K)
[2022-03-27T21:08:48.044+0800][2379.387s] GC(1142) CMS: 163360K->163675K(393216K)
[2022-03-27T21:08:48.044+0800][2379.387s] GC(1142) Metaspace: 49888K->49888K(1095680K)
[2022-03-27T21:08:48.044+0800][2379.387s] GC(1142) Pause Young (Allocation Failure) 252M->166M(490M) 2.623ms
[2022-03-27T21:08:48.044+0800][2379.387s] GC(1142) User=0.01s Sys=0.01s Real=0.00s
[2022-03-27T21:08:48.367+0800][2379.711s] GC(1143) Pause Young (Allocation Failure)
[2022-03-27T21:08:48.367+0800][2379.711s] GC(1143) Using 4 workers of 4 for evacuation
[2022-03-27T21:08:48.369+0800][2379.713s] GC(1143) ParNew: 94590K->8412K(109248K)
[2022-03-27T21:08:48.370+0800][2379.713s] GC(1143) CMS: 163675K->164003K(393216K)
[2022-03-27T21:08:48.370+0800][2379.713s] GC(1143) Metaspace: 49888K->49888K(1095680K)
[2022-03-27T21:08:48.370+0800][2379.713s] GC(1143) Pause Young (Allocation Failure) 252M->168M(490M) 2.313ms
[2022-03-27T21:08:48.370+0800][2379.713s] GC(1143) User=0.00s Sys=0.00s Real=0.01s
[2022-03-27T21:08:48.729+0800][2380.072s] GC(1144) Pause Young (Allocation Failure)
[2022-03-27T21:08:48.729+0800][2380.073s] GC(1144) Using 4 workers of 4 for evacuation
[2022-03-27T21:08:48.736+0800][2380.080s] GC(1144) ParNew: 95836K->7781K(109248K)
[2022-03-27T21:08:48.736+0800][2380.080s] GC(1144) CMS: 164003K->164872K(393216K)
[2022-03-27T21:08:48.736+0800][2380.080s] GC(1144) Metaspace: 49888K->49888K(1095680K)
[2022-03-27T21:08:48.736+0800][2380.080s] GC(1144) Pause Young (Allocation Failure) 253M->168M(490M) 7.798ms
[2022-03-27T21:08:48.736+0800][2380.080s] GC(1144) User=0.02s Sys=0.00s Real=0.01s
[2022-03-27T21:08:49.034+0800][2380.378s] GC(1145) Pause Young (Allocation Failure)
[2022-03-27T21:08:49.034+0800][2380.378s] GC(1145) Using 4 workers of 4 for evacuation
[2022-03-27T21:08:49.036+0800][2380.380s] GC(1145) ParNew: 95205K->6790K(109248K)
[2022-03-27T21:08:49.036+0800][2380.380s] GC(1145) CMS: 164872K->165459K(393216K)
[2022-03-27T21:08:49.036+0800][2380.380s] GC(1145) Metaspace: 49888K->49888K(1095680K)
[2022-03-27T21:08:49.036+0800][2380.380s] GC(1145) Pause Young (Allocation Failure) 253M->168M(490M) 2.335ms
[2022-03-27T21:08:49.036+0800][2380.380s] GC(1145) User=0.00s Sys=0.00s Real=0.00s
[2022-03-27T21:08:49.350+0800][2380.694s] GC(1146) Pause Young (Allocation Failure)
[2022-03-27T21:08:49.350+0800][2380.694s] GC(1146) Using 4 workers of 4 for evacuation
[2022-03-27T21:08:49.352+0800][2380.696s] GC(1146) ParNew: 94214K->7006K(109248K)
[2022-03-27T21:08:49.352+0800][2380.696s] GC(1146) CMS: 165459K->165798K(393216K)
[2022-03-27T21:08:49.352+0800][2380.696s] GC(1146) Metaspace: 49888K->49888K(1095680K)
[2022-03-27T21:08:49.352+0800][2380.696s] GC(1146) Pause Young (Allocation Failure) 253M->168M(490M) 2.010ms
[2022-03-27T21:08:49.352+0800][2380.696s] GC(1146) User=0.01s Sys=0.00s Real=0.00s
[2022-03-27T21:08:49.638+0800][2380.982s] GC(1147) Pause Young (Allocation Failure)
[2022-03-27T21:08:49.638+0800][2380.982s] GC(1147) Using 4 workers of 4 for evacuation
[2022-03-27T21:08:49.641+0800][2380.984s] GC(1147) ParNew: 94430K->6539K(109248K)
[2022-03-27T21:08:49.641+0800][2380.985s] GC(1147) CMS: 165798K->166116K(393216K)
[2022-03-27T21:08:49.641+0800][2380.985s] GC(1147) Metaspace: 49888K->49888K(1095680K)
[2022-03-27T21:08:49.641+0800][2380.985s] GC(1147) Pause Young (Allocation Failure) 254M->168M(490M) 3.033ms
[2022-03-27T21:08:49.641+0800][2380.985s] GC(1147) User=0.01s Sys=0.00s Real=0.01s
[2022-03-27T21:08:49.936+0800][2381.279s] GC(1148) Pause Young (Allocation Failure)
[2022-03-27T21:08:49.936+0800][2381.280s] GC(1148) Using 4 workers of 4 for evacuation
[2022-03-27T21:08:49.938+0800][2381.281s] GC(1148) ParNew: 93963K->7159K(109248K)
[2022-03-27T21:08:49.938+0800][2381.281s] GC(1148) CMS: 166116K->166395K(393216K)
[2022-03-27T21:08:49.938+0800][2381.281s] GC(1148) Metaspace: 49888K->49888K(1095680K)
[2022-03-27T21:08:49.938+0800][2381.281s] GC(1148) Pause Young (Allocation Failure) 253M->169M(490M) 2.024ms
[2022-03-27T21:08:49.938+0800][2381.281s] GC(1148) User=0.00s Sys=0.00s Real=0.00s
[2022-03-27T21:08:50.240+0800][2381.583s] GC(1149) Pause Young (Allocation Failure)
[2022-03-27T21:08:50.240+0800][2381.584s] GC(1149) Using 4 workers of 4 for evacuation
[2022-03-27T21:08:50.242+0800][2381.585s] GC(1149) ParNew: 94583K->7107K(109248K)
[2022-03-27T21:08:50.242+0800][2381.585s] GC(1149) CMS: 166395K->166845K(393216K)
[2022-03-27T21:08:50.242+0800][2381.585s] GC(1149) Metaspace: 49888K->49888K(1095680K)
[2022-03-27T21:08:50.242+0800][2381.585s] GC(1149) Pause Young (Allocation Failure) 254M->169M(490M) 2.000ms
[2022-03-27T21:08:50.242+0800][2381.585s] GC(1149) User=0.00s Sys=0.00s Real=0.00s
[2022-03-27T21:08:50.536+0800][2381.879s] GC(1150) Pause Young (Allocation Failure)
[2022-03-27T21:08:50.536+0800][2381.879s] GC(1150) Using 4 workers of 4 for evacuation
[2022-03-27T21:08:50.539+0800][2381.883s] GC(1150) ParNew: 94531K->7181K(109248K)
[2022-03-27T21:08:50.539+0800][2381.883s] GC(1150) CMS: 166845K->167200K(393216K)
[2022-03-27T21:08:50.539+0800][2381.883s] GC(1150) Metaspace: 49888K->49888K(1095680K)
[2022-03-27T21:08:50.539+0800][2381.883s] GC(1150) Pause Young (Allocation Failure) 255M->170M(490M) 3.836ms
[2022-03-27T21:08:50.540+0800][2381.883s] GC(1150) User=0.01s Sys=0.00s Real=0.01s
[2022-03-27T21:08:50.856+0800][2382.200s] GC(1151) Pause Young (Allocation Failure)
[2022-03-27T21:08:50.856+0800][2382.200s] GC(1151) Using 4 workers of 4 for evacuation
[2022-03-27T21:08:50.858+0800][2382.201s] GC(1151) ParNew: 94605K->7115K(109248K)
[2022-03-27T21:08:50.858+0800][2382.202s] GC(1151) CMS: 167200K->167515K(393216K)
[2022-03-27T21:08:50.858+0800][2382.202s] GC(1151) Metaspace: 49888K->49888K(1095680K)
[2022-03-27T21:08:50.858+0800][2382.202s] GC(1151) Pause Young (Allocation Failure) 255M->170M(490M) 1.971ms
[2022-03-27T21:08:50.858+0800][2382.202s] GC(1151) User=0.01s Sys=0.00s Real=0.00s
[2022-03-27T21:08:51.150+0800][2382.493s] GC(1152) Pause Young (Allocation Failure)
[2022-03-27T21:08:51.150+0800][2382.493s] GC(1152) Using 4 workers of 4 for evacuation
[2022-03-27T21:08:51.152+0800][2382.495s] GC(1152) ParNew: 94539K->7136K(109248K)
[2022-03-27T21:08:51.152+0800][2382.495s] GC(1152) CMS: 167515K->167893K(393216K)
[2022-03-27T21:08:51.152+0800][2382.495s] GC(1152) Metaspace: 49888K->49888K(1095680K)
[2022-03-27T21:08:51.152+0800][2382.495s] GC(1152) Pause Young (Allocation Failure) 255M->170M(490M) 2.148ms
[2022-03-27T21:08:51.152+0800][2382.495s] GC(1152) User=0.00s Sys=0.00s Real=0.00s
[2022-03-27T21:08:51.463+0800][2382.806s] GC(1153) Pause Young (Allocation Failure)
[2022-03-27T21:08:51.463+0800][2382.806s] GC(1153) Using 4 workers of 4 for evacuation
[2022-03-27T21:08:51.465+0800][2382.809s] GC(1153) ParNew: 94560K->7852K(109248K)
[2022-03-27T21:08:51.465+0800][2382.809s] GC(1153) CMS: 167893K->168267K(393216K)
[2022-03-27T21:08:51.465+0800][2382.809s] GC(1153) Metaspace: 49888K->49888K(1095680K)
[2022-03-27T21:08:51.465+0800][2382.809s] GC(1153) Pause Young (Allocation Failure) 256M->171M(490M) 2.604ms
[2022-03-27T21:08:51.465+0800][2382.809s] GC(1153) User=0.01s Sys=0.00s Real=0.00s
[2022-03-27T21:08:51.848+0800][2383.192s] GC(1154) Pause Young (Allocation Failure)
[2022-03-27T21:08:51.849+0800][2383.192s] GC(1154) Using 4 workers of 4 for evacuation
[2022-03-27T21:08:51.852+0800][2383.195s] GC(1154) ParNew: 95276K->8782K(109248K)
[2022-03-27T21:08:51.852+0800][2383.195s] GC(1154) CMS: 168267K->168561K(393216K)
[2022-03-27T21:08:51.852+0800][2383.195s] GC(1154) Metaspace: 49888K->49888K(1095680K)
[2022-03-27T21:08:51.852+0800][2383.195s] GC(1154) Pause Young (Allocation Failure) 257M->173M(490M) 3.242ms
[2022-03-27T21:08:51.852+0800][2383.195s] GC(1154) User=0.01s Sys=0.00s Real=0.01s
[2022-03-27T21:08:52.183+0800][2383.526s] GC(1155) Pause Young (Allocation Failure)
[2022-03-27T21:08:52.183+0800][2383.526s] GC(1155) Using 4 workers of 4 for evacuation
[2022-03-27T21:08:52.188+0800][2383.532s] GC(1155) ParNew: 96206K->7833K(109248K)
[2022-03-27T21:08:52.188+0800][2383.532s] GC(1155) CMS: 168561K->168921K(393216K)
[2022-03-27T21:08:52.188+0800][2383.532s] GC(1155) Metaspace: 49888K->49888K(1095680K)
[2022-03-27T21:08:52.188+0800][2383.532s] GC(1155) Pause Young (Allocation Failure) 258M->172M(490M) 5.583ms
[2022-03-27T21:08:52.188+0800][2383.532s] GC(1155) User=0.02s Sys=0.00s Real=0.00s
[2022-03-27T21:08:52.514+0800][2383.857s] GC(1156) Pause Young (Allocation Failure)
[2022-03-27T21:08:52.514+0800][2383.857s] GC(1156) Using 4 workers of 4 for evacuation
[2022-03-27T21:08:52.517+0800][2383.860s] GC(1156) ParNew: 95257K->9219K(109248K)
[2022-03-27T21:08:52.517+0800][2383.860s] GC(1156) CMS: 168921K->169143K(393216K)
[2022-03-27T21:08:52.517+0800][2383.860s] GC(1156) Metaspace: 49888K->49888K(1095680K)
[2022-03-27T21:08:52.517+0800][2383.860s] GC(1156) Pause Young (Allocation Failure) 257M->174M(490M) 3.137ms
[2022-03-27T21:08:52.517+0800][2383.860s] GC(1156) User=0.01s Sys=0.00s Real=0.00s
[2022-03-27T21:08:52.808+0800][2384.151s] GC(1157) Pause Young (Allocation Failure)
[2022-03-27T21:08:52.808+0800][2384.152s] GC(1157) Using 4 workers of 4 for evacuation
[2022-03-27T21:08:52.811+0800][2384.155s] GC(1157) ParNew: 96188K->7964K(109248K)
[2022-03-27T21:08:52.811+0800][2384.155s] GC(1157) CMS: 169143K->169496K(393216K)
[2022-03-27T21:08:52.811+0800][2384.155s] GC(1157) Metaspace: 49888K->49888K(1095680K)
[2022-03-27T21:08:52.811+0800][2384.155s] GC(1157) Pause Young (Allocation Failure) 259M->173M(490M) 3.487ms
[2022-03-27T21:08:52.811+0800][2384.155s] GC(1157) User=0.01s Sys=0.00s Real=0.01s
[2022-03-27T21:08:52.940+0800][2384.283s] GC(1158) Pause Young (Allocation Failure)
[2022-03-27T21:08:52.940+0800][2384.283s] GC(1158) Using 4 workers of 4 for evacuation
[2022-03-27T21:08:52.944+0800][2384.287s] GC(1158) ParNew: 95388K->12488K(109248K)
[2022-03-27T21:08:52.944+0800][2384.287s] GC(1158) CMS: 169496K->169742K(393216K)
[2022-03-27T21:08:52.944+0800][2384.287s] GC(1158) Metaspace: 49890K->49890K(1095680K)
[2022-03-27T21:08:52.944+0800][2384.287s] GC(1158) Pause Young (Allocation Failure) 258M->177M(490M) 4.061ms
[2022-03-27T21:08:52.944+0800][2384.287s] GC(1158) User=0.01s Sys=0.00s Real=0.00s
[2022-03-27T21:08:53.070+0800][2384.414s] GC(1159) Pause Young (Allocation Failure)
[2022-03-27T21:08:53.070+0800][2384.414s] GC(1159) Using 4 workers of 4 for evacuation
[2022-03-27T21:08:53.072+0800][2384.416s] GC(1159) ParNew: 99912K->14651K(109248K)
[2022-03-27T21:08:53.072+0800][2384.416s] GC(1159) CMS: 169742K->170061K(393216K)
[2022-03-27T21:08:53.072+0800][2384.416s] GC(1159) Metaspace: 49890K->49890K(1095680K)
[2022-03-27T21:08:53.073+0800][2384.416s] GC(1159) Pause Young (Allocation Failure) 263M->180M(490M) 2.321ms
[2022-03-27T21:08:53.073+0800][2384.416s] GC(1159) User=0.01s Sys=0.00s Real=0.00s
[2022-03-27T21:08:58.921+0800][2390.264s] GC(1160) Pause Young (Allocation Failure)
[2022-03-27T21:08:58.921+0800][2390.265s] GC(1160) Using 4 workers of 4 for evacuation
[2022-03-27T21:08:58.925+0800][2390.269s] GC(1160) ParNew: 101820K->11155K(109248K)
[2022-03-27T21:08:58.925+0800][2390.269s] GC(1160) CMS: 170061K->170363K(393216K)
[2022-03-27T21:08:58.925+0800][2390.269s] GC(1160) Metaspace: 49890K->49890K(1095680K)
[2022-03-27T21:08:58.925+0800][2390.269s] GC(1160) Pause Young (Allocation Failure) 265M->177M(490M) 4.221ms
[2022-03-27T21:08:58.925+0800][2390.269s] GC(1160) User=0.01s Sys=0.00s Real=0.00s
[2022-03-27T21:08:59.083+0800][2390.427s] GC(1161) Pause Young (Allocation Failure)
[2022-03-27T21:08:59.083+0800][2390.427s] GC(1161) Using 4 workers of 4 for evacuation
[2022-03-27T21:08:59.087+0800][2390.430s] GC(1161) ParNew: 98579K->10521K(109248K)
[2022-03-27T21:08:59.087+0800][2390.430s] GC(1161) CMS: 170363K->174104K(393216K)
[2022-03-27T21:08:59.087+0800][2390.430s] GC(1161) Metaspace: 49890K->49890K(1095680K)
[2022-03-27T21:08:59.087+0800][2390.430s] GC(1161) Pause Young (Allocation Failure) 262M->180M(490M) 3.504ms
[2022-03-27T21:08:59.087+0800][2390.431s] GC(1161) User=0.01s Sys=0.00s Real=0.00s
[2022-03-27T21:08:59.397+0800][2390.740s] GC(1162) Pause Young (Allocation Failure)
[2022-03-27T21:08:59.397+0800][2390.740s] GC(1162) Using 4 workers of 4 for evacuation
[2022-03-27T21:08:59.400+0800][2390.743s] GC(1162) ParNew: 97945K->8190K(109248K)
[2022-03-27T21:08:59.400+0800][2390.743s] GC(1162) CMS: 174104K->174605K(393216K)
[2022-03-27T21:08:59.400+0800][2390.744s] GC(1162) Metaspace: 49890K->49890K(1095680K)
[2022-03-27T21:08:59.400+0800][2390.744s] GC(1162) Pause Young (Allocation Failure) 265M->178M(490M) 3.252ms
[2022-03-27T21:08:59.400+0800][2390.744s] GC(1162) User=0.01s Sys=0.00s Real=0.01s
[2022-03-27T21:08:59.733+0800][2391.077s] GC(1163) Pause Young (Allocation Failure)
[2022-03-27T21:08:59.733+0800][2391.077s] GC(1163) Using 4 workers of 4 for evacuation
[2022-03-27T21:08:59.738+0800][2391.082s] GC(1163) ParNew: 95614K->8797K(109248K)
[2022-03-27T21:08:59.738+0800][2391.082s] GC(1163) CMS: 174605K->175404K(393216K)
[2022-03-27T21:08:59.738+0800][2391.082s] GC(1163) Metaspace: 49890K->49890K(1095680K)
[2022-03-27T21:08:59.738+0800][2391.082s] GC(1163) Pause Young (Allocation Failure) 263M->179M(490M) 4.818ms
[2022-03-27T21:08:59.738+0800][2391.082s] GC(1163) User=0.01s Sys=0.00s Real=0.00s
[2022-03-27T21:09:00.058+0800][2391.402s] GC(1164) Pause Young (Allocation Failure)
[2022-03-27T21:09:00.058+0800][2391.402s] GC(1164) Using 4 workers of 4 for evacuation
[2022-03-27T21:09:00.061+0800][2391.404s] GC(1164) ParNew: 96221K->7861K(109248K)
[2022-03-27T21:09:00.061+0800][2391.404s] GC(1164) CMS: 175404K->175896K(393216K)
[2022-03-27T21:09:00.061+0800][2391.404s] GC(1164) Metaspace: 49890K->49890K(1095680K)
[2022-03-27T21:09:00.061+0800][2391.404s] GC(1164) Pause Young (Allocation Failure) 265M->179M(490M) 2.515ms
[2022-03-27T21:09:00.061+0800][2391.404s] GC(1164) User=0.00s Sys=0.00s Real=0.01s
[2022-03-27T21:09:00.368+0800][2391.712s] GC(1165) Pause Young (Allocation Failure)
[2022-03-27T21:09:00.369+0800][2391.712s] GC(1165) Using 4 workers of 4 for evacuation
[2022-03-27T21:09:00.371+0800][2391.715s] GC(1165) ParNew: 95285K->10361K(109248K)
[2022-03-27T21:09:00.371+0800][2391.715s] GC(1165) CMS: 175896K->176251K(393216K)
[2022-03-27T21:09:00.371+0800][2391.715s] GC(1165) Metaspace: 49890K->49890K(1095680K)
[2022-03-27T21:09:00.371+0800][2391.715s] GC(1165) Pause Young (Allocation Failure) 264M->182M(490M) 2.927ms
[2022-03-27T21:09:00.371+0800][2391.715s] GC(1165) User=0.01s Sys=0.00s Real=0.01s
[2022-03-27T21:09:00.709+0800][2392.053s] GC(1166) Pause Young (Allocation Failure)
[2022-03-27T21:09:00.710+0800][2392.053s] GC(1166) Using 4 workers of 4 for evacuation
[2022-03-27T21:09:00.712+0800][2392.056s] GC(1166) ParNew: 97785K->9481K(109248K)
[2022-03-27T21:09:00.712+0800][2392.056s] GC(1166) CMS: 176251K->176293K(393216K)
[2022-03-27T21:09:00.712+0800][2392.056s] GC(1166) Metaspace: 49890K->49890K(1095680K)
[2022-03-27T21:09:00.712+0800][2392.056s] GC(1166) Pause Young (Allocation Failure) 267M->181M(490M) 3.015ms
[2022-03-27T21:09:00.713+0800][2392.056s] GC(1166) User=0.01s Sys=0.01s Real=0.01s
[2022-03-27T21:09:01.022+0800][2392.365s] GC(1167) Pause Young (Allocation Failure)
[2022-03-27T21:09:01.022+0800][2392.365s] GC(1167) Using 4 workers of 4 for evacuation
[2022-03-27T21:09:01.024+0800][2392.367s] GC(1167) ParNew: 96905K->11263K(109248K)
[2022-03-27T21:09:01.024+0800][2392.367s] GC(1167) CMS: 176293K->176303K(393216K)
[2022-03-27T21:09:01.024+0800][2392.367s] GC(1167) Metaspace: 49890K->49890K(1095680K)
[2022-03-27T21:09:01.024+0800][2392.367s] GC(1167) Pause Young (Allocation Failure) 266M->183M(490M) 2.294ms
[2022-03-27T21:09:01.024+0800][2392.368s] GC(1167) User=0.00s Sys=0.00s Real=0.00s
[2022-03-27T21:09:01.305+0800][2392.648s] GC(1168) Pause Young (Allocation Failure)
[2022-03-27T21:09:01.305+0800][2392.649s] GC(1168) Using 4 workers of 4 for evacuation
[2022-03-27T21:09:01.307+0800][2392.651s] GC(1168) ParNew: 98687K->11180K(109248K)
[2022-03-27T21:09:01.307+0800][2392.651s] GC(1168) CMS: 176303K->176347K(393216K)
[2022-03-27T21:09:01.307+0800][2392.651s] GC(1168) Metaspace: 49890K->49890K(1095680K)
[2022-03-27T21:09:01.307+0800][2392.651s] GC(1168) Pause Young (Allocation Failure) 268M->183M(490M) 2.310ms
[2022-03-27T21:09:01.307+0800][2392.651s] GC(1168) User=0.01s Sys=0.00s Real=0.00s
[2022-03-27T21:09:01.604+0800][2392.948s] GC(1169) Pause Young (Allocation Failure)
[2022-03-27T21:09:01.604+0800][2392.948s] GC(1169) Using 4 workers of 4 for evacuation
[2022-03-27T21:09:01.607+0800][2392.951s] GC(1169) ParNew: 98604K->7910K(109248K)
[2022-03-27T21:09:01.607+0800][2392.951s] GC(1169) CMS: 176347K->179707K(393216K)
[2022-03-27T21:09:01.607+0800][2392.951s] GC(1169) Metaspace: 49890K->49890K(1095680K)
[2022-03-27T21:09:01.607+0800][2392.951s] GC(1169) Pause Young (Allocation Failure) 268M->183M(490M) 3.138ms
[2022-03-27T21:09:01.607+0800][2392.951s] GC(1169) User=0.01s Sys=0.00s Real=0.00s
[2022-03-27T21:09:01.924+0800][2393.267s] GC(1170) Pause Young (Allocation Failure)
[2022-03-27T21:09:01.924+0800][2393.267s] GC(1170) Using 4 workers of 4 for evacuation
[2022-03-27T21:09:01.927+0800][2393.270s] GC(1170) ParNew: 95334K->6559K(109248K)
[2022-03-27T21:09:01.927+0800][2393.270s] GC(1170) CMS: 179707K->180466K(393216K)
[2022-03-27T21:09:01.927+0800][2393.270s] GC(1170) Metaspace: 49890K->49890K(1095680K)
[2022-03-27T21:09:01.927+0800][2393.270s] GC(1170) Pause Young (Allocation Failure) 268M->182M(490M) 3.084ms
[2022-03-27T21:09:01.927+0800][2393.270s] GC(1170) User=0.01s Sys=0.00s Real=0.00s
[2022-03-27T21:09:02.229+0800][2393.572s] GC(1171) Pause Young (Allocation Failure)
[2022-03-27T21:09:02.229+0800][2393.572s] GC(1171) Using 4 workers of 4 for evacuation
[2022-03-27T21:09:02.231+0800][2393.574s] GC(1171) ParNew: 93983K->8159K(109248K)
[2022-03-27T21:09:02.231+0800][2393.574s] GC(1171) CMS: 180466K->180856K(393216K)
[2022-03-27T21:09:02.231+0800][2393.574s] GC(1171) Metaspace: 49890K->49890K(1095680K)
[2022-03-27T21:09:02.231+0800][2393.574s] GC(1171) Pause Young (Allocation Failure) 268M->184M(490M) 2.387ms
[2022-03-27T21:09:02.231+0800][2393.575s] GC(1171) User=0.01s Sys=0.00s Real=0.01s
[2022-03-27T21:09:02.485+0800][2393.828s] GC(1172) Pause Young (Allocation Failure)
[2022-03-27T21:09:02.485+0800][2393.828s] GC(1172) Using 4 workers of 4 for evacuation
[2022-03-27T21:09:02.487+0800][2393.831s] GC(1172) ParNew: 95438K->7491K(109248K)
[2022-03-27T21:09:02.487+0800][2393.831s] GC(1172) CMS: 180856K->181269K(393216K)
[2022-03-27T21:09:02.487+0800][2393.831s] GC(1172) Metaspace: 49890K->49890K(1095680K)
[2022-03-27T21:09:02.487+0800][2393.831s] GC(1172) Pause Young (Allocation Failure) 269M->184M(490M) 2.244ms
[2022-03-27T21:09:02.487+0800][2393.831s] GC(1172) User=0.00s Sys=0.00s Real=0.00s
[2022-03-27T21:09:02.803+0800][2394.146s] GC(1173) Pause Young (Allocation Failure)
[2022-03-27T21:09:02.803+0800][2394.146s] GC(1173) Using 4 workers of 4 for evacuation
[2022-03-27T21:09:02.804+0800][2394.148s] GC(1173) ParNew: 94915K->7312K(109248K)
[2022-03-27T21:09:02.805+0800][2394.148s] GC(1173) CMS: 181269K->181649K(393216K)
[2022-03-27T21:09:02.805+0800][2394.148s] GC(1173) Metaspace: 49890K->49890K(1095680K)
[2022-03-27T21:09:02.805+0800][2394.148s] GC(1173) Pause Young (Allocation Failure) 269M->184M(490M) 2.007ms
[2022-03-27T21:09:02.805+0800][2394.148s] GC(1173) User=0.01s Sys=0.00s Real=0.00s
[2022-03-27T21:09:03.109+0800][2394.452s] GC(1174) Pause Young (Allocation Failure)
[2022-03-27T21:09:03.109+0800][2394.453s] GC(1174) Using 4 workers of 4 for evacuation
[2022-03-27T21:09:03.112+0800][2394.456s] GC(1174) ParNew: 94736K->8263K(109248K)
[2022-03-27T21:09:03.112+0800][2394.456s] GC(1174) CMS: 181649K->182031K(393216K)
[2022-03-27T21:09:03.112+0800][2394.456s] GC(1174) Metaspace: 49890K->49890K(1095680K)
[2022-03-27T21:09:03.112+0800][2394.456s] GC(1174) Pause Young (Allocation Failure) 269M->185M(490M) 3.411ms
[2022-03-27T21:09:03.112+0800][2394.456s] GC(1174) User=0.01s Sys=0.00s Real=0.01s
[2022-03-27T21:09:03.378+0800][2394.721s] GC(1175) Pause Young (Allocation Failure)
[2022-03-27T21:09:03.378+0800][2394.721s] GC(1175) Using 4 workers of 4 for evacuation
[2022-03-27T21:09:03.381+0800][2394.724s] GC(1175) ParNew: 95687K->8122K(109248K)
[2022-03-27T21:09:03.381+0800][2394.724s] GC(1175) CMS: 182031K->182415K(393216K)
[2022-03-27T21:09:03.381+0800][2394.724s] GC(1175) Metaspace: 49890K->49890K(1095680K)
[2022-03-27T21:09:03.381+0800][2394.724s] GC(1175) Pause Young (Allocation Failure) 271M->186M(490M) 3.010ms
[2022-03-27T21:09:03.381+0800][2394.724s] GC(1175) User=0.01s Sys=0.00s Real=0.01s
[2022-03-27T21:09:03.678+0800][2395.022s] GC(1176) Pause Young (Allocation Failure)
[2022-03-27T21:09:03.678+0800][2395.022s] GC(1176) Using 4 workers of 4 for evacuation
[2022-03-27T21:09:03.680+0800][2395.024s] GC(1176) ParNew: 95546K->7226K(109248K)
[2022-03-27T21:09:03.680+0800][2395.024s] GC(1176) CMS: 182415K->182763K(393216K)
[2022-03-27T21:09:03.680+0800][2395.024s] GC(1176) Metaspace: 49890K->49890K(1095680K)
[2022-03-27T21:09:03.680+0800][2395.024s] GC(1176) Pause Young (Allocation Failure) 271M->185M(490M) 2.089ms
[2022-03-27T21:09:03.681+0800][2395.024s] GC(1176) User=0.00s Sys=0.00s Real=0.01s
[2022-03-27T21:09:03.971+0800][2395.315s] GC(1177) Pause Young (Allocation Failure)
[2022-03-27T21:09:03.971+0800][2395.315s] GC(1177) Using 4 workers of 4 for evacuation
[2022-03-27T21:09:03.974+0800][2395.318s] GC(1177) ParNew: 94650K->6473K(109248K)
[2022-03-27T21:09:03.974+0800][2395.318s] GC(1177) CMS: 182763K->183589K(393216K)
[2022-03-27T21:09:03.974+0800][2395.318s] GC(1177) Metaspace: 49890K->49890K(1095680K)
[2022-03-27T21:09:03.974+0800][2395.318s] GC(1177) Pause Young (Allocation Failure) 270M->185M(490M) 3.223ms
[2022-03-27T21:09:03.974+0800][2395.318s] GC(1177) User=0.01s Sys=0.00s Real=0.00s
[2022-03-27T21:09:04.296+0800][2395.640s] GC(1178) Pause Young (Allocation Failure)
[2022-03-27T21:09:04.296+0800][2395.640s] GC(1178) Using 4 workers of 4 for evacuation
[2022-03-27T21:09:04.298+0800][2395.642s] GC(1178) ParNew: 93897K->7286K(109248K)
[2022-03-27T21:09:04.298+0800][2395.642s] GC(1178) CMS: 183589K->184076K(393216K)
[2022-03-27T21:09:04.299+0800][2395.642s] GC(1178) Metaspace: 49890K->49890K(1095680K)
[2022-03-27T21:09:04.299+0800][2395.642s] GC(1178) Pause Young (Allocation Failure) 270M->186M(490M) 2.591ms
[2022-03-27T21:09:04.299+0800][2395.642s] GC(1178) User=0.01s Sys=0.00s Real=0.00s
[2022-03-27T21:09:04.630+0800][2395.974s] GC(1179) Pause Young (Allocation Failure)
[2022-03-27T21:09:04.630+0800][2395.974s] GC(1179) Using 4 workers of 4 for evacuation
[2022-03-27T21:09:04.632+0800][2395.976s] GC(1179) ParNew: 94575K->6599K(109248K)
[2022-03-27T21:09:04.632+0800][2395.976s] GC(1179) CMS: 184076K->184470K(393216K)
[2022-03-27T21:09:04.632+0800][2395.976s] GC(1179) Metaspace: 49890K->49890K(1095680K)
[2022-03-27T21:09:04.633+0800][2395.976s] GC(1179) Pause Young (Allocation Failure) 272M->186M(490M) 2.495ms
[2022-03-27T21:09:04.633+0800][2395.976s] GC(1179) User=0.01s Sys=0.00s Real=0.00s
[2022-03-27T21:09:04.939+0800][2396.283s] GC(1180) Pause Young (Allocation Failure)
[2022-03-27T21:09:04.939+0800][2396.283s] GC(1180) Using 4 workers of 4 for evacuation
[2022-03-27T21:09:04.942+0800][2396.285s] GC(1180) ParNew: 94023K->7901K(109248K)
[2022-03-27T21:09:04.942+0800][2396.285s] GC(1180) CMS: 184470K->184728K(393216K)
[2022-03-27T21:09:04.942+0800][2396.285s] GC(1180) Metaspace: 49890K->49890K(1095680K)
[2022-03-27T21:09:04.942+0800][2396.285s] GC(1180) Pause Young (Allocation Failure) 271M->188M(490M) 2.279ms
[2022-03-27T21:09:04.942+0800][2396.285s] GC(1180) User=0.00s Sys=0.01s Real=0.01s
[2022-03-27T21:09:05.230+0800][2396.574s] GC(1181) Pause Young (Allocation Failure)
[2022-03-27T21:09:05.230+0800][2396.574s] GC(1181) Using 4 workers of 4 for evacuation
[2022-03-27T21:09:05.232+0800][2396.576s] GC(1181) ParNew: 95325K->7009K(109248K)
[2022-03-27T21:09:05.232+0800][2396.576s] GC(1181) CMS: 184728K->185075K(393216K)
[2022-03-27T21:09:05.232+0800][2396.576s] GC(1181) Metaspace: 49890K->49890K(1095680K)
[2022-03-27T21:09:05.232+0800][2396.576s] GC(1181) Pause Young (Allocation Failure) 273M->187M(490M) 2.054ms
[2022-03-27T21:09:05.232+0800][2396.576s] GC(1181) User=0.01s Sys=0.00s Real=0.00s
[2022-03-27T21:09:05.532+0800][2396.875s] GC(1182) Pause Young (Allocation Failure)
[2022-03-27T21:09:05.532+0800][2396.876s] GC(1182) Using 4 workers of 4 for evacuation
[2022-03-27T21:09:05.534+0800][2396.878s] GC(1182) ParNew: 94433K->6593K(109248K)
[2022-03-27T21:09:05.534+0800][2396.878s] GC(1182) CMS: 185075K->185517K(393216K)
[2022-03-27T21:09:05.534+0800][2396.878s] GC(1182) Metaspace: 49890K->49890K(1095680K)
[2022-03-27T21:09:05.534+0800][2396.878s] GC(1182) Pause Young (Allocation Failure) 272M->187M(490M) 2.320ms
[2022-03-27T21:09:05.534+0800][2396.878s] GC(1182) User=0.00s Sys=0.00s Real=0.00s
[2022-03-27T21:09:05.842+0800][2397.186s] GC(1183) Pause Young (Allocation Failure)
[2022-03-27T21:09:05.842+0800][2397.186s] GC(1183) Using 4 workers of 4 for evacuation
[2022-03-27T21:09:05.845+0800][2397.189s] GC(1183) ParNew: 94017K->8061K(109248K)
[2022-03-27T21:09:05.846+0800][2397.189s] GC(1183) CMS: 185517K->185875K(393216K)
[2022-03-27T21:09:05.846+0800][2397.189s] GC(1183) Metaspace: 49890K->49890K(1095680K)
[2022-03-27T21:09:05.846+0800][2397.189s] GC(1183) Pause Young (Allocation Failure) 272M->189M(490M) 3.681ms
[2022-03-27T21:09:05.846+0800][2397.189s] GC(1183) User=0.01s Sys=0.00s Real=0.00s
[2022-03-27T21:09:06.149+0800][2397.492s] GC(1184) Pause Young (Allocation Failure)
[2022-03-27T21:09:06.149+0800][2397.492s] GC(1184) Using 4 workers of 4 for evacuation
[2022-03-27T21:09:06.151+0800][2397.494s] GC(1184) ParNew: 95485K->7532K(109248K)
[2022-03-27T21:09:06.151+0800][2397.494s] GC(1184) CMS: 185875K->186206K(393216K)
[2022-03-27T21:09:06.151+0800][2397.494s] GC(1184) Metaspace: 49890K->49890K(1095680K)
[2022-03-27T21:09:06.151+0800][2397.494s] GC(1184) Pause Young (Allocation Failure) 274M->189M(490M) 2.282ms
[2022-03-27T21:09:06.151+0800][2397.495s] GC(1184) User=0.00s Sys=0.00s Real=0.01s
[2022-03-27T21:09:06.447+0800][2397.791s] GC(1185) Pause Young (Allocation Failure)
[2022-03-27T21:09:06.447+0800][2397.791s] GC(1185) Using 4 workers of 4 for evacuation
[2022-03-27T21:09:06.449+0800][2397.793s] GC(1185) ParNew: 94956K->7016K(109248K)
[2022-03-27T21:09:06.449+0800][2397.793s] GC(1185) CMS: 186206K->186491K(393216K)
[2022-03-27T21:09:06.449+0800][2397.793s] GC(1185) Metaspace: 49890K->49890K(1095680K)
[2022-03-27T21:09:06.449+0800][2397.793s] GC(1185) Pause Young (Allocation Failure) 274M->188M(490M) 2.408ms
[2022-03-27T21:09:06.449+0800][2397.793s] GC(1185) User=0.00s Sys=0.00s Real=0.00s
[2022-03-27T21:09:06.750+0800][2398.093s] GC(1186) Pause Young (Allocation Failure)
[2022-03-27T21:09:06.750+0800][2398.093s] GC(1186) Using 4 workers of 4 for evacuation
[2022-03-27T21:09:06.754+0800][2398.098s] GC(1186) ParNew: 94440K->7910K(109248K)
[2022-03-27T21:09:06.754+0800][2398.098s] GC(1186) CMS: 186491K->186967K(393216K)
[2022-03-27T21:09:06.754+0800][2398.098s] GC(1186) Metaspace: 49890K->49890K(1095680K)
[2022-03-27T21:09:06.754+0800][2398.098s] GC(1186) Pause Young (Allocation Failure) 274M->190M(490M) 4.573ms
[2022-03-27T21:09:06.754+0800][2398.098s] GC(1186) User=0.01s Sys=0.00s Real=0.00s
[2022-03-27T21:09:07.061+0800][2398.405s] GC(1187) Pause Young (Allocation Failure)
[2022-03-27T21:09:07.062+0800][2398.405s] GC(1187) Using 4 workers of 4 for evacuation
[2022-03-27T21:09:07.064+0800][2398.407s] GC(1187) ParNew: 95334K->8010K(109248K)
[2022-03-27T21:09:07.064+0800][2398.407s] GC(1187) CMS: 186967K->187348K(393216K)
[2022-03-27T21:09:07.064+0800][2398.407s] GC(1187) Metaspace: 49890K->49890K(1095680K)
[2022-03-27T21:09:07.064+0800][2398.407s] GC(1187) Pause Young (Allocation Failure) 275M->190M(490M) 2.369ms
[2022-03-27T21:09:07.064+0800][2398.407s] GC(1187) User=0.00s Sys=0.00s Real=0.00s
[2022-03-27T21:09:07.356+0800][2398.700s] GC(1188) Pause Young (Allocation Failure)
[2022-03-27T21:09:07.356+0800][2398.700s] GC(1188) Using 4 workers of 4 for evacuation
[2022-03-27T21:09:07.358+0800][2398.702s] GC(1188) ParNew: 95434K->9404K(109248K)
[2022-03-27T21:09:07.358+0800][2398.702s] GC(1188) CMS: 187348K->187656K(393216K)
[2022-03-27T21:09:07.358+0800][2398.702s] GC(1188) Metaspace: 49890K->49890K(1095680K)
[2022-03-27T21:09:07.358+0800][2398.702s] GC(1188) Pause Young (Allocation Failure) 276M->192M(490M) 2.375ms
[2022-03-27T21:09:07.358+0800][2398.702s] GC(1188) User=0.00s Sys=0.00s Real=0.00s
[2022-03-27T21:09:07.709+0800][2399.053s] GC(1189) Pause Young (Allocation Failure)
[2022-03-27T21:09:07.709+0800][2399.053s] GC(1189) Using 4 workers of 4 for evacuation
[2022-03-27T21:09:07.712+0800][2399.056s] GC(1189) ParNew: 96828K->9237K(109248K)
[2022-03-27T21:09:07.712+0800][2399.056s] GC(1189) CMS: 187656K->187900K(393216K)
[2022-03-27T21:09:07.712+0800][2399.056s] GC(1189) Metaspace: 49890K->49890K(1095680K)
[2022-03-27T21:09:07.712+0800][2399.056s] GC(1189) Pause Young (Allocation Failure) 277M->192M(490M) 2.778ms
[2022-03-27T21:09:07.712+0800][2399.056s] GC(1189) User=0.00s Sys=0.00s Real=0.01s
[2022-03-27T21:09:07.838+0800][2399.181s] GC(1190) Pause Young (Allocation Failure)
[2022-03-27T21:09:07.838+0800][2399.181s] GC(1190) Using 4 workers of 4 for evacuation
[2022-03-27T21:09:07.840+0800][2399.184s] GC(1190) ParNew: 96661K->11014K(109248K)
[2022-03-27T21:09:07.840+0800][2399.184s] GC(1190) CMS: 187900K->188226K(393216K)
[2022-03-27T21:09:07.840+0800][2399.184s] GC(1190) Metaspace: 49890K->49890K(1095680K)
[2022-03-27T21:09:07.840+0800][2399.184s] GC(1190) Pause Young (Allocation Failure) 277M->194M(490M) 2.901ms
[2022-03-27T21:09:07.840+0800][2399.184s] GC(1190) User=0.01s Sys=0.00s Real=0.01s
[2022-03-27T21:09:07.970+0800][2399.313s] GC(1191) Pause Young (Allocation Failure)
[2022-03-27T21:09:07.970+0800][2399.313s] GC(1191) Using 4 workers of 4 for evacuation
[2022-03-27T21:09:07.972+0800][2399.316s] GC(1191) ParNew: 98438K->13833K(109248K)
[2022-03-27T21:09:07.972+0800][2399.316s] GC(1191) CMS: 188226K->188514K(393216K)
[2022-03-27T21:09:07.972+0800][2399.316s] GC(1191) Metaspace: 49890K->49890K(1095680K)
[2022-03-27T21:09:07.972+0800][2399.316s] GC(1191) Pause Young (Allocation Failure) 279M->197M(490M) 2.604ms
[2022-03-27T21:09:07.972+0800][2399.316s] GC(1191) User=0.00s Sys=0.00s Real=0.00s
[2022-03-27T21:09:10.495+0800][2401.839s] GC(1192) Pause Young (Allocation Failure)
[2022-03-27T21:09:10.504+0800][2401.848s] GC(1192) Using 4 workers of 4 for evacuation
[2022-03-27T21:09:10.509+0800][2401.853s] GC(1192) ParNew: 101257K->11902K(109248K)
[2022-03-27T21:09:10.509+0800][2401.853s] GC(1192) CMS: 188514K->188943K(393216K)
[2022-03-27T21:09:10.509+0800][2401.853s] GC(1192) Metaspace: 49890K->49890K(1095680K)
[2022-03-27T21:09:10.509+0800][2401.853s] GC(1192) Pause Young (Allocation Failure) 282M->196M(490M) 13.999ms
[2022-03-27T21:09:10.509+0800][2401.853s] GC(1192) User=0.01s Sys=0.01s Real=0.01s
[2022-03-27T21:09:14.046+0800][2405.390s] GC(1193) Pause Young (Allocation Failure)
[2022-03-27T21:09:14.046+0800][2405.390s] GC(1193) Using 4 workers of 4 for evacuation
[2022-03-27T21:09:14.051+0800][2405.395s] GC(1193) ParNew: 98832K->10440K(109248K)
[2022-03-27T21:09:14.051+0800][2405.395s] GC(1193) CMS: 188943K->189224K(393216K)
[2022-03-27T21:09:14.051+0800][2405.395s] GC(1193) Metaspace: 49890K->49890K(1095680K)
[2022-03-27T21:09:14.051+0800][2405.395s] GC(1193) Pause Young (Allocation Failure) 281M->194M(490M) 5.152ms
[2022-03-27T21:09:14.051+0800][2405.395s] GC(1193) User=0.01s Sys=0.00s Real=0.01s
[2022-03-27T21:09:14.201+0800][2405.545s] GC(1194) Pause Young (Allocation Failure)
[2022-03-27T21:09:14.201+0800][2405.545s] GC(1194) Using 4 workers of 4 for evacuation
[2022-03-27T21:09:14.209+0800][2405.552s] GC(1194) ParNew: 97864K->12236K(109248K)
[2022-03-27T21:09:14.209+0800][2405.552s] GC(1194) CMS: 189224K->189907K(393216K)
[2022-03-27T21:09:14.209+0800][2405.552s] GC(1194) Metaspace: 49892K->49892K(1095680K)
[2022-03-27T21:09:14.209+0800][2405.552s] GC(1194) Pause Young (Allocation Failure) 280M->197M(490M) 7.832ms
[2022-03-27T21:09:14.209+0800][2405.553s] GC(1194) User=0.02s Sys=0.01s Real=0.00s
[2022-03-27T21:09:14.362+0800][2405.706s] GC(1195) Pause Young (Allocation Failure)
[2022-03-27T21:09:14.363+0800][2405.706s] GC(1195) Using 4 workers of 4 for evacuation
[2022-03-27T21:09:14.366+0800][2405.709s] GC(1195) ParNew: 99660K->8678K(109248K)
[2022-03-27T21:09:14.366+0800][2405.709s] GC(1195) CMS: 189907K->193416K(393216K)
[2022-03-27T21:09:14.366+0800][2405.710s] GC(1195) Metaspace: 49897K->49897K(1095680K)
[2022-03-27T21:09:14.366+0800][2405.710s] GC(1195) Pause Young (Allocation Failure) 282M->197M(490M) 3.624ms
[2022-03-27T21:09:14.366+0800][2405.710s] GC(1195) User=0.02s Sys=0.00s Real=0.00s
[2022-03-27T21:09:14.624+0800][2405.968s] GC(1196) Pause Young (Allocation Failure)
[2022-03-27T21:09:14.624+0800][2405.968s] GC(1196) Using 4 workers of 4 for evacuation
[2022-03-27T21:09:14.626+0800][2405.970s] GC(1196) ParNew: 96102K->8697K(109248K)
[2022-03-27T21:09:14.626+0800][2405.970s] GC(1196) CMS: 193416K->193871K(393216K)
[2022-03-27T21:09:14.626+0800][2405.970s] GC(1196) Metaspace: 49899K->49899K(1095680K)
[2022-03-27T21:09:14.626+0800][2405.970s] GC(1196) Pause Young (Allocation Failure) 282M->197M(490M) 2.281ms
[2022-03-27T21:09:14.626+0800][2405.970s] GC(1196) User=0.01s Sys=0.00s Real=0.00s
[2022-03-27T21:09:14.908+0800][2406.251s] GC(1197) Pause Young (Allocation Failure)
[2022-03-27T21:09:14.908+0800][2406.251s] GC(1197) Using 4 workers of 4 for evacuation
[2022-03-27T21:09:14.910+0800][2406.253s] GC(1197) ParNew: 96121K->7918K(109248K)
[2022-03-27T21:09:14.910+0800][2406.253s] GC(1197) CMS: 193871K->194652K(393216K)
[2022-03-27T21:09:14.910+0800][2406.253s] GC(1197) Metaspace: 49899K->49899K(1095680K)
[2022-03-27T21:09:14.910+0800][2406.253s] GC(1197) Pause Young (Allocation Failure) 283M->197M(490M) 2.315ms
[2022-03-27T21:09:14.910+0800][2406.254s] GC(1197) User=0.00s Sys=0.00s Real=0.01s
[2022-03-27T21:09:15.197+0800][2406.540s] GC(1198) Pause Young (Allocation Failure)
[2022-03-27T21:09:15.197+0800][2406.540s] GC(1198) Using 4 workers of 4 for evacuation
[2022-03-27T21:09:15.199+0800][2406.543s] GC(1198) ParNew: 95342K->9444K(109248K)
[2022-03-27T21:09:15.199+0800][2406.543s] GC(1198) CMS: 194652K->194932K(393216K)
[2022-03-27T21:09:15.199+0800][2406.543s] GC(1198) Metaspace: 49899K->49899K(1095680K)
[2022-03-27T21:09:15.199+0800][2406.543s] GC(1198) Pause Young (Allocation Failure) 283M->199M(490M) 2.482ms
[2022-03-27T21:09:15.199+0800][2406.543s] GC(1198) User=0.01s Sys=0.00s Real=0.00s
[2022-03-27T21:09:15.485+0800][2406.829s] GC(1199) Pause Young (Allocation Failure)
[2022-03-27T21:09:15.486+0800][2406.829s] GC(1199) Using 4 workers of 4 for evacuation
[2022-03-27T21:09:15.488+0800][2406.831s] GC(1199) ParNew: 96868K->8651K(109248K)
[2022-03-27T21:09:15.488+0800][2406.831s] GC(1199) CMS: 194932K->194945K(393216K)
[2022-03-27T21:09:15.488+0800][2406.831s] GC(1199) Metaspace: 49899K->49899K(1095680K)
[2022-03-27T21:09:15.488+0800][2406.831s] GC(1199) Pause Young (Allocation Failure) 284M->198M(490M) 2.110ms
[2022-03-27T21:09:15.488+0800][2406.831s] GC(1199) User=0.00s Sys=0.00s Real=0.00s
[2022-03-27T21:09:15.776+0800][2407.120s] GC(1200) Pause Young (Allocation Failure)
[2022-03-27T21:09:15.776+0800][2407.120s] GC(1200) Using 4 workers of 4 for evacuation
[2022-03-27T21:09:15.778+0800][2407.122s] GC(1200) ParNew: 96075K->10634K(109248K)
[2022-03-27T21:09:15.778+0800][2407.122s] GC(1200) CMS: 194945K->194964K(393216K)
[2022-03-27T21:09:15.778+0800][2407.122s] GC(1200) Metaspace: 49899K->49899K(1095680K)
[2022-03-27T21:09:15.778+0800][2407.122s] GC(1200) Pause Young (Allocation Failure) 284M->200M(490M) 2.202ms
[2022-03-27T21:09:15.779+0800][2407.122s] GC(1200) User=0.01s Sys=0.00s Real=0.00s
[2022-03-27T21:09:16.072+0800][2407.415s] GC(1201) Pause Young (Allocation Failure)
[2022-03-27T21:09:16.072+0800][2407.415s] GC(1201) Using 4 workers of 4 for evacuation
[2022-03-27T21:09:16.074+0800][2407.417s] GC(1201) ParNew: 98058K->9617K(109248K)
[2022-03-27T21:09:16.074+0800][2407.417s] GC(1201) CMS: 194964K->195044K(393216K)
[2022-03-27T21:09:16.074+0800][2407.417s] GC(1201) Metaspace: 49899K->49899K(1095680K)
[2022-03-27T21:09:16.074+0800][2407.417s] GC(1201) Pause Young (Allocation Failure) 286M->199M(490M) 2.195ms
[2022-03-27T21:09:16.074+0800][2407.417s] GC(1201) User=0.00s Sys=0.00s Real=0.00s
[2022-03-27T21:09:16.375+0800][2407.718s] GC(1202) Pause Young (Allocation Failure)
[2022-03-27T21:09:16.375+0800][2407.719s] GC(1202) Using 4 workers of 4 for evacuation
[2022-03-27T21:09:16.378+0800][2407.722s] GC(1202) ParNew: 97041K->8578K(109248K)
[2022-03-27T21:09:16.378+0800][2407.722s] GC(1202) CMS: 195044K->198813K(393216K)
[2022-03-27T21:09:16.378+0800][2407.722s] GC(1202) Metaspace: 49899K->49899K(1095680K)
[2022-03-27T21:09:16.378+0800][2407.722s] GC(1202) Pause Young (Allocation Failure) 285M->202M(490M) 3.340ms
[2022-03-27T21:09:16.378+0800][2407.722s] GC(1202) User=0.01s Sys=0.00s Real=0.00s
[2022-03-27T21:09:16.378+0800][2407.722s] GC(1203) Pause Initial Mark
[2022-03-27T21:09:16.379+0800][2407.722s] GC(1203) Pause Initial Mark 203M->203M(490M) 0.379ms
[2022-03-27T21:09:16.379+0800][2407.722s] GC(1203) User=0.00s Sys=0.00s Real=0.00s
[2022-03-27T21:09:16.379+0800][2407.722s] GC(1203) Concurrent Mark
[2022-03-27T21:09:16.379+0800][2407.723s] GC(1203) Using 4 workers of 4 for marking
[2022-03-27T21:09:16.389+0800][2407.733s] GC(1203) Concurrent Mark 10.559ms
[2022-03-27T21:09:16.390+0800][2407.733s] GC(1203) User=0.05s Sys=0.01s Real=0.02s
[2022-03-27T21:09:16.390+0800][2407.733s] GC(1203) Concurrent Preclean
[2022-03-27T21:09:16.391+0800][2407.734s] GC(1203) Concurrent Preclean 0.987ms
[2022-03-27T21:09:16.391+0800][2407.734s] GC(1203) User=0.00s Sys=0.00s Real=0.00s
[2022-03-27T21:09:16.391+0800][2407.734s] GC(1203) Concurrent Abortable Preclean
[2022-03-27T21:09:16.605+0800][2407.949s] GC(1203) Concurrent Abortable Preclean 214.783ms
[2022-03-27T21:09:16.605+0800][2407.949s] GC(1203) User=0.15s Sys=0.04s Real=0.21s
[2022-03-27T21:09:16.606+0800][2407.949s] GC(1203) Pause Remark
[2022-03-27T21:09:16.606+0800][2407.949s] GC(1204) Pause Young (CMS Final Remark)
[2022-03-27T21:09:16.606+0800][2407.949s] GC(1204) Using 4 workers of 4 for evacuation
[2022-03-27T21:09:16.607+0800][2407.951s] GC(1204) ParNew: 70121K->5892K(109248K)
[2022-03-27T21:09:16.607+0800][2407.951s] GC(1204) CMS: 198813K->198902K(393216K)
[2022-03-27T21:09:16.607+0800][2407.951s] GC(1204) Metaspace: 49899K->49899K(1095680K)
[2022-03-27T21:09:16.608+0800][2407.951s] GC(1204) Pause Young (CMS Final Remark) 262M->199M(490M) 1.957ms
[2022-03-27T21:09:16.608+0800][2407.951s] GC(1204) User=0.01s Sys=0.00s Real=0.00s
[2022-03-27T21:09:16.621+0800][2407.965s] GC(1203) Pause Remark 262M->199M(490M) 15.477ms
[2022-03-27T21:09:16.621+0800][2407.965s] GC(1203) User=0.02s Sys=0.00s Real=0.02s
[2022-03-27T21:09:16.621+0800][2407.965s] GC(1203) Concurrent Sweep
[2022-03-27T21:09:16.639+0800][2407.982s] GC(1203) Concurrent Sweep 17.429ms
[2022-03-27T21:09:16.639+0800][2407.982s] GC(1203) User=0.03s Sys=0.00s Real=0.01s
[2022-03-27T21:09:16.639+0800][2407.982s] GC(1203) Concurrent Reset
[2022-03-27T21:09:16.639+0800][2407.982s] GC(1203) Concurrent Reset 0.226ms
[2022-03-27T21:09:16.639+0800][2407.982s] GC(1203) User=0.00s Sys=0.00s Real=0.00s
[2022-03-27T21:09:16.639+0800][2407.982s] GC(1203) Old: 198813K->42964K(393216K)
[2022-03-27T21:09:16.928+0800][2408.272s] GC(1205) Pause Young (Allocation Failure)
[2022-03-27T21:09:16.928+0800][2408.272s] GC(1205) Using 4 workers of 4 for evacuation
[2022-03-27T21:09:16.930+0800][2408.274s] GC(1205) ParNew: 93316K->7282K(109248K)
[2022-03-27T21:09:16.930+0800][2408.274s] GC(1205) CMS: 42964K->43272K(393216K)
[2022-03-27T21:09:16.930+0800][2408.274s] GC(1205) Metaspace: 49899K->49899K(1095680K)
[2022-03-27T21:09:16.930+0800][2408.274s] GC(1205) Pause Young (Allocation Failure) 133M->49M(490M) 2.209ms
[2022-03-27T21:09:16.931+0800][2408.274s] GC(1205) User=0.00s Sys=0.00s Real=0.01s
[2022-03-27T21:09:17.214+0800][2408.558s] GC(1206) Pause Young (Allocation Failure)
[2022-03-27T21:09:17.215+0800][2408.558s] GC(1206) Using 4 workers of 4 for evacuation
[2022-03-27T21:09:17.217+0800][2408.561s] GC(1206) ParNew: 94706K->5922K(109248K)
[2022-03-27T21:09:17.217+0800][2408.561s] GC(1206) CMS: 43272K->43683K(393216K)
[2022-03-27T21:09:17.217+0800][2408.561s] GC(1206) Metaspace: 49899K->49899K(1095680K)
[2022-03-27T21:09:17.217+0800][2408.561s] GC(1206) Pause Young (Allocation Failure) 134M->48M(490M) 2.977ms
[2022-03-27T21:09:17.217+0800][2408.561s] GC(1206) User=0.00s Sys=0.00s Real=0.00s
[2022-03-27T21:09:17.526+0800][2408.869s] GC(1207) Pause Young (Allocation Failure)
[2022-03-27T21:09:17.526+0800][2408.869s] GC(1207) Using 4 workers of 4 for evacuation
[2022-03-27T21:09:17.528+0800][2408.871s] GC(1207) ParNew: 93346K->6875K(109248K)
[2022-03-27T21:09:17.528+0800][2408.871s] GC(1207) CMS: 43683K->44052K(393216K)
[2022-03-27T21:09:17.528+0800][2408.871s] GC(1207) Metaspace: 49899K->49899K(1095680K)
[2022-03-27T21:09:17.528+0800][2408.871s] GC(1207) Pause Young (Allocation Failure) 133M->49M(490M) 2.129ms
[2022-03-27T21:09:17.528+0800][2408.871s] GC(1207) User=0.01s Sys=0.00s Real=0.00s
[2022-03-27T21:09:17.843+0800][2409.187s] GC(1208) Pause Young (Allocation Failure)
[2022-03-27T21:09:17.843+0800][2409.187s] GC(1208) Using 4 workers of 4 for evacuation
[2022-03-27T21:09:17.845+0800][2409.189s] GC(1208) ParNew: 94299K->7453K(109248K)
[2022-03-27T21:09:17.846+0800][2409.189s] GC(1208) CMS: 44052K->44399K(393216K)
[2022-03-27T21:09:17.846+0800][2409.189s] GC(1208) Metaspace: 49899K->49899K(1095680K)
[2022-03-27T21:09:17.846+0800][2409.189s] GC(1208) Pause Young (Allocation Failure) 135M->50M(490M) 2.444ms
[2022-03-27T21:09:17.846+0800][2409.189s] GC(1208) User=0.01s Sys=0.00s Real=0.00s
[2022-03-27T21:09:18.150+0800][2409.493s] GC(1209) Pause Young (Allocation Failure)
[2022-03-27T21:09:18.150+0800][2409.493s] GC(1209) Using 4 workers of 4 for evacuation
[2022-03-27T21:09:18.152+0800][2409.495s] GC(1209) ParNew: 94877K->6340K(109248K)
[2022-03-27T21:09:18.152+0800][2409.495s] GC(1209) CMS: 44399K->44778K(393216K)
[2022-03-27T21:09:18.152+0800][2409.495s] GC(1209) Metaspace: 49899K->49899K(1095680K)
[2022-03-27T21:09:18.152+0800][2409.495s] GC(1209) Pause Young (Allocation Failure) 136M->49M(490M) 2.065ms
[2022-03-27T21:09:18.152+0800][2409.495s] GC(1209) User=0.00s Sys=0.00s Real=0.00s
[2022-03-27T21:09:18.456+0800][2409.800s] GC(1210) Pause Young (Allocation Failure)
[2022-03-27T21:09:18.456+0800][2409.800s] GC(1210) Using 4 workers of 4 for evacuation
[2022-03-27T21:09:18.458+0800][2409.802s] GC(1210) ParNew: 93721K->7049K(109248K)
[2022-03-27T21:09:18.458+0800][2409.802s] GC(1210) CMS: 44778K->45196K(393216K)
[2022-03-27T21:09:18.458+0800][2409.802s] GC(1210) Metaspace: 49899K->49899K(1095680K)
[2022-03-27T21:09:18.458+0800][2409.802s] GC(1210) Pause Young (Allocation Failure) 135M->51M(490M) 2.034ms
[2022-03-27T21:09:18.458+0800][2409.802s] GC(1210) User=0.01s Sys=0.00s Real=0.00s
[2022-03-27T21:09:18.750+0800][2410.094s] GC(1211) Pause Young (Allocation Failure)
[2022-03-27T21:09:18.750+0800][2410.094s] GC(1211) Using 4 workers of 4 for evacuation
[2022-03-27T21:09:18.752+0800][2410.096s] GC(1211) ParNew: 94473K->7618K(109248K)
[2022-03-27T21:09:18.752+0800][2410.096s] GC(1211) CMS: 45196K->45547K(393216K)
[2022-03-27T21:09:18.752+0800][2410.096s] GC(1211) Metaspace: 49899K->49899K(1095680K)
[2022-03-27T21:09:18.753+0800][2410.096s] GC(1211) Pause Young (Allocation Failure) 136M->51M(490M) 2.165ms
[2022-03-27T21:09:18.753+0800][2410.096s] GC(1211) User=0.00s Sys=0.00s Real=0.00s
[2022-03-27T21:09:19.053+0800][2410.397s] GC(1212) Pause Young (Allocation Failure)
[2022-03-27T21:09:19.053+0800][2410.397s] GC(1212) Using 4 workers of 4 for evacuation
[2022-03-27T21:09:19.055+0800][2410.399s] GC(1212) ParNew: 95042K->7277K(109248K)
[2022-03-27T21:09:19.055+0800][2410.399s] GC(1212) CMS: 45547K->45735K(393216K)
[2022-03-27T21:09:19.055+0800][2410.399s] GC(1212) Metaspace: 49899K->49899K(1095680K)
[2022-03-27T21:09:19.055+0800][2410.399s] GC(1212) Pause Young (Allocation Failure) 137M->51M(490M) 1.940ms
[2022-03-27T21:09:19.055+0800][2410.399s] GC(1212) User=0.00s Sys=0.00s Real=0.00s
[2022-03-27T21:09:19.438+0800][2410.782s] GC(1213) Pause Young (Allocation Failure)
[2022-03-27T21:09:19.438+0800][2410.782s] GC(1213) Using 4 workers of 4 for evacuation
[2022-03-27T21:09:19.444+0800][2410.788s] GC(1213) ParNew: 94701K->7580K(109248K)
[2022-03-27T21:09:19.444+0800][2410.788s] GC(1213) CMS: 45735K->46136K(393216K)
[2022-03-27T21:09:19.444+0800][2410.788s] GC(1213) Metaspace: 49899K->49899K(1095680K)
[2022-03-27T21:09:19.444+0800][2410.788s] GC(1213) Pause Young (Allocation Failure) 137M->52M(490M) 6.235ms
[2022-03-27T21:09:19.444+0800][2410.788s] GC(1213) User=0.00s Sys=0.00s Real=0.01s
[2022-03-27T21:09:19.772+0800][2411.116s] GC(1214) Pause Young (Allocation Failure)
[2022-03-27T21:09:19.772+0800][2411.116s] GC(1214) Using 4 workers of 4 for evacuation
[2022-03-27T21:09:19.774+0800][2411.118s] GC(1214) ParNew: 95004K->6748K(109248K)
[2022-03-27T21:09:19.774+0800][2411.118s] GC(1214) CMS: 46136K->47045K(393216K)
[2022-03-27T21:09:19.774+0800][2411.118s] GC(1214) Metaspace: 49899K->49899K(1095680K)
[2022-03-27T21:09:19.774+0800][2411.118s] GC(1214) Pause Young (Allocation Failure) 137M->52M(490M) 2.060ms
[2022-03-27T21:09:19.774+0800][2411.118s] GC(1214) User=0.01s Sys=0.00s Real=0.00s
[2022-03-27T21:09:20.093+0800][2411.437s] GC(1215) Pause Young (Allocation Failure)
[2022-03-27T21:09:20.093+0800][2411.437s] GC(1215) Using 4 workers of 4 for evacuation
[2022-03-27T21:09:20.096+0800][2411.439s] GC(1215) ParNew: 94172K->7696K(109248K)
[2022-03-27T21:09:20.096+0800][2411.439s] GC(1215) CMS: 47045K->47407K(393216K)
[2022-03-27T21:09:20.096+0800][2411.439s] GC(1215) Metaspace: 49899K->49899K(1095680K)
[2022-03-27T21:09:20.096+0800][2411.439s] GC(1215) Pause Young (Allocation Failure) 137M->53M(490M) 2.377ms
[2022-03-27T21:09:20.096+0800][2411.439s] GC(1215) User=0.01s Sys=0.00s Real=0.00s
[2022-03-27T21:09:20.412+0800][2411.756s] GC(1216) Pause Young (Allocation Failure)
[2022-03-27T21:09:20.412+0800][2411.756s] GC(1216) Using 4 workers of 4 for evacuation
[2022-03-27T21:09:20.414+0800][2411.758s] GC(1216) ParNew: 95120K->7390K(109248K)
[2022-03-27T21:09:20.414+0800][2411.758s] GC(1216) CMS: 47407K->47847K(393216K)
[2022-03-27T21:09:20.414+0800][2411.758s] GC(1216) Metaspace: 49899K->49899K(1095680K)
[2022-03-27T21:09:20.414+0800][2411.758s] GC(1216) Pause Young (Allocation Failure) 139M->53M(490M) 2.300ms
[2022-03-27T21:09:20.414+0800][2411.758s] GC(1216) User=0.00s Sys=0.00s Real=0.00s
[2022-03-27T21:09:20.749+0800][2412.093s] GC(1217) Pause Young (Allocation Failure)
[2022-03-27T21:09:20.749+0800][2412.093s] GC(1217) Using 4 workers of 4 for evacuation
[2022-03-27T21:09:20.752+0800][2412.095s] GC(1217) ParNew: 94814K->6067K(109248K)
[2022-03-27T21:09:20.752+0800][2412.095s] GC(1217) CMS: 47847K->48202K(393216K)
[2022-03-27T21:09:20.752+0800][2412.095s] GC(1217) Metaspace: 49899K->49899K(1095680K)
[2022-03-27T21:09:20.752+0800][2412.095s] GC(1217) Pause Young (Allocation Failure) 139M->52M(490M) 2.408ms
[2022-03-27T21:09:20.752+0800][2412.095s] GC(1217) User=0.01s Sys=0.00s Real=0.01s
[2022-03-27T21:09:21.050+0800][2412.394s] GC(1218) Pause Young (Allocation Failure)
[2022-03-27T21:09:21.050+0800][2412.394s] GC(1218) Using 4 workers of 4 for evacuation
[2022-03-27T21:09:21.052+0800][2412.396s] GC(1218) ParNew: 93491K->7716K(109248K)
[2022-03-27T21:09:21.052+0800][2412.396s] GC(1218) CMS: 48202K->48604K(393216K)
[2022-03-27T21:09:21.052+0800][2412.396s] GC(1218) Metaspace: 49899K->49899K(1095680K)
[2022-03-27T21:09:21.052+0800][2412.396s] GC(1218) Pause Young (Allocation Failure) 138M->55M(490M) 2.032ms
[2022-03-27T21:09:21.052+0800][2412.396s] GC(1218) User=0.01s Sys=0.00s Real=0.00s
[2022-03-27T21:09:21.359+0800][2412.703s] GC(1219) Pause Young (Allocation Failure)
[2022-03-27T21:09:21.359+0800][2412.703s] GC(1219) Using 4 workers of 4 for evacuation
[2022-03-27T21:09:21.361+0800][2412.705s] GC(1219) ParNew: 95140K->7250K(109248K)
[2022-03-27T21:09:21.361+0800][2412.705s] GC(1219) CMS: 48604K->48917K(393216K)
[2022-03-27T21:09:21.361+0800][2412.705s] GC(1219) Metaspace: 49899K->49899K(1095680K)
[2022-03-27T21:09:21.361+0800][2412.705s] GC(1219) Pause Young (Allocation Failure) 140M->54M(490M) 1.995ms
[2022-03-27T21:09:21.361+0800][2412.705s] GC(1219) User=0.01s Sys=0.00s Real=0.01s
[2022-03-27T21:09:21.669+0800][2413.013s] GC(1220) Pause Young (Allocation Failure)
[2022-03-27T21:09:21.669+0800][2413.013s] GC(1220) Using 4 workers of 4 for evacuation
[2022-03-27T21:09:21.671+0800][2413.015s] GC(1220) ParNew: 94674K->7297K(109248K)
[2022-03-27T21:09:21.671+0800][2413.015s] GC(1220) CMS: 48917K->49255K(393216K)
[2022-03-27T21:09:21.671+0800][2413.015s] GC(1220) Metaspace: 49899K->49899K(1095680K)
[2022-03-27T21:09:21.671+0800][2413.015s] GC(1220) Pause Young (Allocation Failure) 140M->55M(490M) 2.123ms
[2022-03-27T21:09:21.671+0800][2413.015s] GC(1220) User=0.01s Sys=0.00s Real=0.01s
[2022-03-27T21:09:21.951+0800][2413.294s] GC(1221) Pause Young (Allocation Failure)
[2022-03-27T21:09:21.951+0800][2413.294s] GC(1221) Using 4 workers of 4 for evacuation
[2022-03-27T21:09:21.953+0800][2413.296s] GC(1221) ParNew: 94721K->7920K(109248K)
[2022-03-27T21:09:21.953+0800][2413.296s] GC(1221) CMS: 49255K->49539K(393216K)
[2022-03-27T21:09:21.953+0800][2413.296s] GC(1221) Metaspace: 49899K->49899K(1095680K)
[2022-03-27T21:09:21.953+0800][2413.296s] GC(1221) Pause Young (Allocation Failure) 140M->56M(490M) 2.170ms
[2022-03-27T21:09:21.953+0800][2413.296s] GC(1221) User=0.01s Sys=0.00s Real=0.00s
[2022-03-27T21:09:22.291+0800][2413.634s] GC(1222) Pause Young (Allocation Failure)
[2022-03-27T21:09:22.291+0800][2413.634s] GC(1222) Using 4 workers of 4 for evacuation
[2022-03-27T21:09:22.293+0800][2413.636s] GC(1222) ParNew: 95344K->7321K(109248K)
[2022-03-27T21:09:22.293+0800][2413.636s] GC(1222) CMS: 49539K->49887K(393216K)
[2022-03-27T21:09:22.293+0800][2413.636s] GC(1222) Metaspace: 49899K->49899K(1095680K)
[2022-03-27T21:09:22.293+0800][2413.636s] GC(1222) Pause Young (Allocation Failure) 141M->55M(490M) 2.014ms
[2022-03-27T21:09:22.293+0800][2413.636s] GC(1222) User=0.01s Sys=0.00s Real=0.00s
[2022-03-27T21:09:22.614+0800][2413.957s] GC(1223) Pause Young (Allocation Failure)
[2022-03-27T21:09:22.614+0800][2413.957s] GC(1223) Using 4 workers of 4 for evacuation
[2022-03-27T21:09:22.616+0800][2413.959s] GC(1223) ParNew: 94745K->8346K(109248K)
[2022-03-27T21:09:22.616+0800][2413.959s] GC(1223) CMS: 49887K->50265K(393216K)
[2022-03-27T21:09:22.616+0800][2413.959s] GC(1223) Metaspace: 49899K->49899K(1095680K)
[2022-03-27T21:09:22.616+0800][2413.959s] GC(1223) Pause Young (Allocation Failure) 141M->57M(490M) 2.147ms
[2022-03-27T21:09:22.616+0800][2413.959s] GC(1223) User=0.01s Sys=0.00s Real=0.00s
[2022-03-27T21:09:22.833+0800][2414.177s] GC(1224) Pause Young (Allocation Failure)
[2022-03-27T21:09:22.833+0800][2414.177s] GC(1224) Using 4 workers of 4 for evacuation
[2022-03-27T21:09:22.836+0800][2414.179s] GC(1224) ParNew: 95681K->9147K(109248K)
[2022-03-27T21:09:22.836+0800][2414.179s] GC(1224) CMS: 50265K->50588K(393216K)
[2022-03-27T21:09:22.836+0800][2414.179s] GC(1224) Metaspace: 49899K->49899K(1095680K)
[2022-03-27T21:09:22.836+0800][2414.179s] GC(1224) Pause Young (Allocation Failure) 142M->58M(490M) 2.615ms
[2022-03-27T21:09:22.836+0800][2414.179s] GC(1224) User=0.01s Sys=0.00s Real=0.00s
[2022-03-27T21:09:22.937+0800][2414.281s] GC(1225) Pause Young (Allocation Failure)
[2022-03-27T21:09:22.938+0800][2414.281s] GC(1225) Using 4 workers of 4 for evacuation
[2022-03-27T21:09:22.940+0800][2414.284s] GC(1225) ParNew: 96571K->12723K(109248K)
[2022-03-27T21:09:22.940+0800][2414.284s] GC(1225) CMS: 50588K->50877K(393216K)
[2022-03-27T21:09:22.940+0800][2414.284s] GC(1225) Metaspace: 49899K->49899K(1095680K)
[2022-03-27T21:09:22.940+0800][2414.284s] GC(1225) Pause Young (Allocation Failure) 143M->62M(490M) 2.620ms
[2022-03-27T21:09:22.940+0800][2414.284s] GC(1225) User=0.01s Sys=0.00s Real=0.01s
[2022-03-27T21:09:23.074+0800][2414.418s] GC(1226) Pause Young (Allocation Failure)
[2022-03-27T21:09:23.091+0800][2414.435s] GC(1226) Using 4 workers of 4 for evacuation
[2022-03-27T21:09:23.094+0800][2414.437s] GC(1226) ParNew: 100147K->14677K(109248K)
[2022-03-27T21:09:23.094+0800][2414.438s] GC(1226) CMS: 50877K->51204K(393216K)
[2022-03-27T21:09:23.094+0800][2414.438s] GC(1226) Metaspace: 49902K->49902K(1095680K)
[2022-03-27T21:09:23.094+0800][2414.438s] GC(1226) Pause Young (Allocation Failure) 147M->64M(490M) 20.078ms
[2022-03-27T21:09:23.094+0800][2414.438s] GC(1226) User=0.01s Sys=0.00s Real=0.02s
[2022-03-27T21:09:26.430+0800][2417.774s] GC(1227) Pause Young (Allocation Failure)
[2022-03-27T21:09:26.430+0800][2417.774s] GC(1227) Using 4 workers of 4 for evacuation
[2022-03-27T21:09:26.434+0800][2417.778s] GC(1227) ParNew: 101598K->11149K(109248K)
[2022-03-27T21:09:26.434+0800][2417.778s] GC(1227) CMS: 51204K->51586K(393216K)
[2022-03-27T21:09:26.434+0800][2417.778s] GC(1227) Metaspace: 49902K->49902K(1095680K)
[2022-03-27T21:09:26.434+0800][2417.778s] GC(1227) Pause Young (Allocation Failure) 149M->61M(490M) 4.184ms
[2022-03-27T21:09:26.434+0800][2417.778s] GC(1227) User=0.01s Sys=0.00s Real=0.00s
[2022-03-27T21:09:26.692+0800][2418.036s] GC(1228) Pause Young (Allocation Failure)
[2022-03-27T21:09:26.692+0800][2418.036s] GC(1228) Using 4 workers of 4 for evacuation
[2022-03-27T21:09:26.697+0800][2418.040s] GC(1228) ParNew: 98573K->11475K(109248K)
[2022-03-27T21:09:26.697+0800][2418.040s] GC(1228) CMS: 51586K->52040K(393216K)
[2022-03-27T21:09:26.697+0800][2418.040s] GC(1228) Metaspace: 49906K->49906K(1095680K)
[2022-03-27T21:09:26.697+0800][2418.040s] GC(1228) Pause Young (Allocation Failure) 146M->62M(490M) 4.286ms
[2022-03-27T21:09:26.697+0800][2418.040s] GC(1228) User=0.01s Sys=0.00s Real=0.00s
[2022-03-27T21:09:26.993+0800][2418.337s] GC(1229) Pause Young (Allocation Failure)
[2022-03-27T21:09:26.994+0800][2418.337s] GC(1229) Using 4 workers of 4 for evacuation
[2022-03-27T21:09:26.996+0800][2418.340s] GC(1229) ParNew: 98899K->13223K(109248K)
[2022-03-27T21:09:26.996+0800][2418.340s] GC(1229) CMS: 52040K->52714K(393216K)
[2022-03-27T21:09:26.996+0800][2418.340s] GC(1229) Metaspace: 49906K->49906K(1095680K)
[2022-03-27T21:09:26.996+0800][2418.340s] GC(1229) Pause Young (Allocation Failure) 147M->64M(490M) 2.799ms
[2022-03-27T21:09:26.996+0800][2418.340s] GC(1229) User=0.01s Sys=0.00s Real=0.00s
[2022-03-27T21:09:27.265+0800][2418.609s] GC(1230) Pause Young (Allocation Failure)
[2022-03-27T21:09:27.266+0800][2418.609s] GC(1230) Using 4 workers of 4 for evacuation
[2022-03-27T21:09:27.268+0800][2418.612s] GC(1230) ParNew: 100647K->11903K(109248K)
[2022-03-27T21:09:27.268+0800][2418.612s] GC(1230) CMS: 52714K->53313K(393216K)
[2022-03-27T21:09:27.268+0800][2418.612s] GC(1230) Metaspace: 49906K->49906K(1095680K)
[2022-03-27T21:09:27.268+0800][2418.612s] GC(1230) Pause Young (Allocation Failure) 149M->63M(490M) 2.716ms
[2022-03-27T21:09:27.268+0800][2418.612s] GC(1230) User=0.01s Sys=0.00s Real=0.00s
[2022-03-27T21:09:27.475+0800][2418.819s] GC(1231) Pause Young (Allocation Failure)
[2022-03-27T21:09:27.475+0800][2418.819s] GC(1231) Using 4 workers of 4 for evacuation
[2022-03-27T21:09:27.478+0800][2418.822s] GC(1231) ParNew: 99299K->10865K(109248K)
[2022-03-27T21:09:27.478+0800][2418.822s] GC(1231) CMS: 53313K->55051K(393216K)
[2022-03-27T21:09:27.478+0800][2418.822s] GC(1231) Metaspace: 49906K->49906K(1095680K)
[2022-03-27T21:09:27.478+0800][2418.822s] GC(1231) Pause Young (Allocation Failure) 149M->64M(490M) 2.661ms
[2022-03-27T21:09:27.478+0800][2418.822s] GC(1231) User=0.01s Sys=0.00s Real=0.00s
[2022-03-27T21:09:27.746+0800][2419.089s] GC(1232) Pause Young (Allocation Failure)
[2022-03-27T21:09:27.746+0800][2419.089s] GC(1232) Using 4 workers of 4 for evacuation
[2022-03-27T21:09:27.748+0800][2419.091s] GC(1232) ParNew: 98289K->9967K(109248K)
[2022-03-27T21:09:27.748+0800][2419.092s] GC(1232) CMS: 55051K->57345K(393216K)
[2022-03-27T21:09:27.748+0800][2419.092s] GC(1232) Metaspace: 49906K->49906K(1095680K)
[2022-03-27T21:09:27.748+0800][2419.092s] GC(1232) Pause Young (Allocation Failure) 149M->65M(490M) 2.485ms
[2022-03-27T21:09:27.748+0800][2419.092s] GC(1232) User=0.01s Sys=0.00s Real=0.00s
[2022-03-27T21:09:28.048+0800][2419.391s] GC(1233) Pause Young (Allocation Failure)
[2022-03-27T21:09:28.048+0800][2419.391s] GC(1233) Using 4 workers of 4 for evacuation
[2022-03-27T21:09:28.050+0800][2419.394s] GC(1233) ParNew: 97391K->7816K(109248K)
[2022-03-27T21:09:28.050+0800][2419.394s] GC(1233) CMS: 57345K->57445K(393216K)
[2022-03-27T21:09:28.050+0800][2419.394s] GC(1233) Metaspace: 49906K->49906K(1095680K)
[2022-03-27T21:09:28.050+0800][2419.394s] GC(1233) Pause Young (Allocation Failure) 151M->63M(490M) 2.487ms
[2022-03-27T21:09:28.050+0800][2419.394s] GC(1233) User=0.00s Sys=0.00s Real=0.01s
[2022-03-27T21:09:28.317+0800][2419.660s] GC(1234) Pause Young (Allocation Failure)
[2022-03-27T21:09:28.317+0800][2419.660s] GC(1234) Using 4 workers of 4 for evacuation
[2022-03-27T21:09:28.319+0800][2419.662s] GC(1234) ParNew: 95186K->11071K(109248K)
[2022-03-27T21:09:28.319+0800][2419.662s] GC(1234) CMS: 57445K->57601K(393216K)
[2022-03-27T21:09:28.319+0800][2419.662s] GC(1234) Metaspace: 49906K->49906K(1095680K)
[2022-03-27T21:09:28.319+0800][2419.662s] GC(1234) Pause Young (Allocation Failure) 149M->67M(490M) 2.367ms
[2022-03-27T21:09:28.319+0800][2419.662s] GC(1234) User=0.01s Sys=0.00s Real=0.00s
[2022-03-27T21:09:28.617+0800][2419.961s] GC(1235) Pause Young (Allocation Failure)
[2022-03-27T21:09:28.617+0800][2419.961s] GC(1235) Using 4 workers of 4 for evacuation
[2022-03-27T21:09:28.620+0800][2419.963s] GC(1235) ParNew: 98495K->11801K(109248K)
[2022-03-27T21:09:28.620+0800][2419.963s] GC(1235) CMS: 57601K->57653K(393216K)
[2022-03-27T21:09:28.620+0800][2419.963s] GC(1235) Metaspace: 49906K->49906K(1095680K)
[2022-03-27T21:09:28.620+0800][2419.963s] GC(1235) Pause Young (Allocation Failure) 152M->67M(490M) 2.353ms
[2022-03-27T21:09:28.620+0800][2419.963s] GC(1235) User=0.00s Sys=0.00s Real=0.01s
[2022-03-27T21:09:28.901+0800][2420.244s] GC(1236) Pause Young (Allocation Failure)
[2022-03-27T21:09:28.901+0800][2420.244s] GC(1236) Using 4 workers of 4 for evacuation
[2022-03-27T21:09:28.904+0800][2420.247s] GC(1236) ParNew: 99225K->7867K(109248K)
[2022-03-27T21:09:28.904+0800][2420.247s] GC(1236) CMS: 57653K->61236K(393216K)
[2022-03-27T21:09:28.904+0800][2420.247s] GC(1236) Metaspace: 49906K->49906K(1095680K)
[2022-03-27T21:09:28.904+0800][2420.247s] GC(1236) Pause Young (Allocation Failure) 153M->67M(490M) 2.966ms
[2022-03-27T21:09:28.904+0800][2420.247s] GC(1236) User=0.01s Sys=0.00s Real=0.00s
[2022-03-27T21:09:29.199+0800][2420.543s] GC(1237) Pause Young (Allocation Failure)
[2022-03-27T21:09:29.199+0800][2420.543s] GC(1237) Using 4 workers of 4 for evacuation
[2022-03-27T21:09:29.201+0800][2420.544s] GC(1237) ParNew: 95291K->6240K(109248K)
[2022-03-27T21:09:29.201+0800][2420.545s] GC(1237) CMS: 61236K->61718K(393216K)
[2022-03-27T21:09:29.201+0800][2420.545s] GC(1237) Metaspace: 49906K->49906K(1095680K)
[2022-03-27T21:09:29.201+0800][2420.545s] GC(1237) Pause Young (Allocation Failure) 152M->66M(490M) 2.016ms
[2022-03-27T21:09:29.201+0800][2420.545s] GC(1237) User=0.01s Sys=0.00s Real=0.01s
[2022-03-27T21:09:29.495+0800][2420.839s] GC(1238) Pause Young (Allocation Failure)
[2022-03-27T21:09:29.496+0800][2420.839s] GC(1238) Using 4 workers of 4 for evacuation
[2022-03-27T21:09:29.497+0800][2420.841s] GC(1238) ParNew: 93664K->7125K(109248K)
[2022-03-27T21:09:29.498+0800][2420.841s] GC(1238) CMS: 61718K->62232K(393216K)
[2022-03-27T21:09:29.498+0800][2420.841s] GC(1238) Metaspace: 49906K->49906K(1095680K)
[2022-03-27T21:09:29.498+0800][2420.841s] GC(1238) Pause Young (Allocation Failure) 151M->67M(490M) 2.101ms
[2022-03-27T21:09:29.498+0800][2420.841s] GC(1238) User=0.01s Sys=0.00s Real=0.00s
[2022-03-27T21:09:29.806+0800][2421.149s] GC(1239) Pause Young (Allocation Failure)
[2022-03-27T21:09:29.806+0800][2421.149s] GC(1239) Using 4 workers of 4 for evacuation
[2022-03-27T21:09:29.808+0800][2421.152s] GC(1239) ParNew: 94549K->7702K(109248K)
[2022-03-27T21:09:29.808+0800][2421.152s] GC(1239) CMS: 62232K->62428K(393216K)
[2022-03-27T21:09:29.808+0800][2421.152s] GC(1239) Metaspace: 49906K->49906K(1095680K)
[2022-03-27T21:09:29.808+0800][2421.152s] GC(1239) Pause Young (Allocation Failure) 153M->68M(490M) 2.541ms
[2022-03-27T21:09:29.808+0800][2421.152s] GC(1239) User=0.00s Sys=0.00s Real=0.00s
[2022-03-27T21:09:30.086+0800][2421.430s] GC(1240) Pause Young (Allocation Failure)
[2022-03-27T21:09:30.086+0800][2421.430s] GC(1240) Using 4 workers of 4 for evacuation
[2022-03-27T21:09:30.088+0800][2421.432s] GC(1240) ParNew: 95126K->6459K(109248K)
[2022-03-27T21:09:30.088+0800][2421.432s] GC(1240) CMS: 62428K->62944K(393216K)
[2022-03-27T21:09:30.088+0800][2421.432s] GC(1240) Metaspace: 49906K->49906K(1095680K)
[2022-03-27T21:09:30.088+0800][2421.432s] GC(1240) Pause Young (Allocation Failure) 153M->67M(490M) 2.008ms
[2022-03-27T21:09:30.088+0800][2421.432s] GC(1240) User=0.01s Sys=0.00s Real=0.00s
[2022-03-27T21:09:30.405+0800][2421.748s] GC(1241) Pause Young (Allocation Failure)
[2022-03-27T21:09:30.405+0800][2421.748s] GC(1241) Using 4 workers of 4 for evacuation
[2022-03-27T21:09:30.407+0800][2421.750s] GC(1241) ParNew: 93883K->6759K(109248K)
[2022-03-27T21:09:30.407+0800][2421.750s] GC(1241) CMS: 62944K->63448K(393216K)
[2022-03-27T21:09:30.407+0800][2421.750s] GC(1241) Metaspace: 49906K->49906K(1095680K)
[2022-03-27T21:09:30.407+0800][2421.750s] GC(1241) Pause Young (Allocation Failure) 153M->68M(490M) 2.136ms
[2022-03-27T21:09:30.407+0800][2421.750s] GC(1241) User=0.00s Sys=0.00s Real=0.00s
[2022-03-27T21:09:30.691+0800][2422.035s] GC(1242) Pause Young (Allocation Failure)
[2022-03-27T21:09:30.691+0800][2422.035s] GC(1242) Using 4 workers of 4 for evacuation
[2022-03-27T21:09:30.693+0800][2422.037s] GC(1242) ParNew: 94183K->7895K(109248K)
[2022-03-27T21:09:30.693+0800][2422.037s] GC(1242) CMS: 63448K->63779K(393216K)
[2022-03-27T21:09:30.694+0800][2422.037s] GC(1242) Metaspace: 49906K->49906K(1095680K)
[2022-03-27T21:09:30.694+0800][2422.037s] GC(1242) Pause Young (Allocation Failure) 153M->69M(490M) 2.251ms
[2022-03-27T21:09:30.694+0800][2422.037s] GC(1242) User=0.00s Sys=0.00s Real=0.00s
[2022-03-27T21:09:30.977+0800][2422.321s] GC(1243) Pause Young (Allocation Failure)
[2022-03-27T21:09:30.977+0800][2422.321s] GC(1243) Using 4 workers of 4 for evacuation
[2022-03-27T21:09:30.979+0800][2422.323s] GC(1243) ParNew: 95319K->7461K(109248K)
[2022-03-27T21:09:30.979+0800][2422.323s] GC(1243) CMS: 63779K->64156K(393216K)
[2022-03-27T21:09:30.979+0800][2422.323s] GC(1243) Metaspace: 49906K->49906K(1095680K)
[2022-03-27T21:09:30.979+0800][2422.323s] GC(1243) Pause Young (Allocation Failure) 155M->69M(490M) 2.316ms
[2022-03-27T21:09:30.979+0800][2422.323s] GC(1243) User=0.00s Sys=0.00s Real=0.00s
[2022-03-27T21:09:31.288+0800][2422.632s] GC(1244) Pause Young (Allocation Failure)
[2022-03-27T21:09:31.288+0800][2422.632s] GC(1244) Using 4 workers of 4 for evacuation
[2022-03-27T21:09:31.290+0800][2422.634s] GC(1244) ParNew: 94885K->6423K(109248K)
[2022-03-27T21:09:31.290+0800][2422.634s] GC(1244) CMS: 64156K->64505K(393216K)
[2022-03-27T21:09:31.290+0800][2422.634s] GC(1244) Metaspace: 49906K->49906K(1095680K)
[2022-03-27T21:09:31.290+0800][2422.634s] GC(1244) Pause Young (Allocation Failure) 155M->69M(490M) 1.972ms
[2022-03-27T21:09:31.290+0800][2422.634s] GC(1244) User=0.01s Sys=0.00s Real=0.01s
[2022-03-27T21:09:31.549+0800][2422.893s] GC(1245) Pause Young (Allocation Failure)
[2022-03-27T21:09:31.549+0800][2422.893s] GC(1245) Using 4 workers of 4 for evacuation
[2022-03-27T21:09:31.551+0800][2422.895s] GC(1245) ParNew: 93847K->7263K(109248K)
[2022-03-27T21:09:31.551+0800][2422.895s] GC(1245) CMS: 64505K->65309K(393216K)
[2022-03-27T21:09:31.551+0800][2422.895s] GC(1245) Metaspace: 49906K->49906K(1095680K)
[2022-03-27T21:09:31.551+0800][2422.895s] GC(1245) Pause Young (Allocation Failure) 154M->70M(490M) 2.276ms
[2022-03-27T21:09:31.551+0800][2422.895s] GC(1245) User=0.00s Sys=0.00s Real=0.01s
[2022-03-27T21:09:31.826+0800][2423.170s] GC(1246) Pause Young (Allocation Failure)
[2022-03-27T21:09:31.826+0800][2423.170s] GC(1246) Using 4 workers of 4 for evacuation
[2022-03-27T21:09:31.828+0800][2423.172s] GC(1246) ParNew: 94687K->7257K(109248K)
[2022-03-27T21:09:31.828+0800][2423.172s] GC(1246) CMS: 65309K->65670K(393216K)
[2022-03-27T21:09:31.828+0800][2423.172s] GC(1246) Metaspace: 49906K->49906K(1095680K)
[2022-03-27T21:09:31.828+0800][2423.172s] GC(1246) Pause Young (Allocation Failure) 156M->71M(490M) 1.983ms
[2022-03-27T21:09:31.828+0800][2423.172s] GC(1246) User=0.00s Sys=0.00s Real=0.00s
[2022-03-27T21:09:32.128+0800][2423.472s] GC(1247) Pause Young (Allocation Failure)
[2022-03-27T21:09:32.128+0800][2423.472s] GC(1247) Using 4 workers of 4 for evacuation
[2022-03-27T21:09:32.130+0800][2423.474s] GC(1247) ParNew: 94653K->6595K(109248K)
[2022-03-27T21:09:32.130+0800][2423.474s] GC(1247) CMS: 65670K->66035K(393216K)
[2022-03-27T21:09:32.130+0800][2423.474s] GC(1247) Metaspace: 49906K->49906K(1095680K)
[2022-03-27T21:09:32.130+0800][2423.474s] GC(1247) Pause Young (Allocation Failure) 156M->70M(490M) 2.095ms
[2022-03-27T21:09:32.130+0800][2423.474s] GC(1247) User=0.01s Sys=0.00s Real=0.01s
[2022-03-27T21:09:32.412+0800][2423.756s] GC(1248) Pause Young (Allocation Failure)
[2022-03-27T21:09:32.412+0800][2423.756s] GC(1248) Using 4 workers of 4 for evacuation
[2022-03-27T21:09:32.414+0800][2423.758s] GC(1248) ParNew: 94019K->6471K(109248K)
[2022-03-27T21:09:32.414+0800][2423.758s] GC(1248) CMS: 66035K->66463K(393216K)
[2022-03-27T21:09:32.414+0800][2423.758s] GC(1248) Metaspace: 49906K->49906K(1095680K)
[2022-03-27T21:09:32.414+0800][2423.758s] GC(1248) Pause Young (Allocation Failure) 156M->71M(490M) 2.140ms
[2022-03-27T21:09:32.414+0800][2423.758s] GC(1248) User=0.01s Sys=0.00s Real=0.00s
[2022-03-27T21:09:32.695+0800][2424.038s] GC(1249) Pause Young (Allocation Failure)
[2022-03-27T21:09:32.695+0800][2424.038s] GC(1249) Using 4 workers of 4 for evacuation
[2022-03-27T21:09:32.696+0800][2424.040s] GC(1249) ParNew: 93895K->8391K(109248K)
[2022-03-27T21:09:32.696+0800][2424.040s] GC(1249) CMS: 66463K->66834K(393216K)
[2022-03-27T21:09:32.696+0800][2424.040s] GC(1249) Metaspace: 49906K->49906K(1095680K)
[2022-03-27T21:09:32.696+0800][2424.040s] GC(1249) Pause Young (Allocation Failure) 156M->73M(490M) 1.939ms
[2022-03-27T21:09:32.697+0800][2424.040s] GC(1249) User=0.00s Sys=0.00s Real=0.00s
[2022-03-27T21:09:32.976+0800][2424.319s] GC(1250) Pause Young (Allocation Failure)
[2022-03-27T21:09:32.976+0800][2424.319s] GC(1250) Using 4 workers of 4 for evacuation
[2022-03-27T21:09:32.978+0800][2424.321s] GC(1250) ParNew: 95815K->7469K(109248K)
[2022-03-27T21:09:32.978+0800][2424.321s] GC(1250) CMS: 66834K->67131K(393216K)
[2022-03-27T21:09:32.978+0800][2424.321s] GC(1250) Metaspace: 49906K->49906K(1095680K)
[2022-03-27T21:09:32.978+0800][2424.321s] GC(1250) Pause Young (Allocation Failure) 158M->72M(490M) 2.008ms
[2022-03-27T21:09:32.978+0800][2424.321s] GC(1250) User=0.01s Sys=0.00s Real=0.00s
[2022-03-27T21:09:33.267+0800][2424.610s] GC(1251) Pause Young (Allocation Failure)
[2022-03-27T21:09:33.267+0800][2424.610s] GC(1251) Using 4 workers of 4 for evacuation
[2022-03-27T21:09:33.268+0800][2424.612s] GC(1251) ParNew: 94893K->6927K(109248K)
[2022-03-27T21:09:33.269+0800][2424.612s] GC(1251) CMS: 67131K->67463K(393216K)
[2022-03-27T21:09:33.269+0800][2424.612s] GC(1251) Metaspace: 49906K->49906K(1095680K)
[2022-03-27T21:09:33.269+0800][2424.612s] GC(1251) Pause Young (Allocation Failure) 158M->72M(490M) 2.024ms
[2022-03-27T21:09:33.269+0800][2424.612s] GC(1251) User=0.01s Sys=0.00s Real=0.00s
[2022-03-27T21:09:33.553+0800][2424.897s] GC(1252) Pause Young (Allocation Failure)
[2022-03-27T21:09:33.553+0800][2424.897s] GC(1252) Using 4 workers of 4 for evacuation
[2022-03-27T21:09:33.555+0800][2424.899s] GC(1252) ParNew: 94351K->6661K(109248K)
[2022-03-27T21:09:33.555+0800][2424.899s] GC(1252) CMS: 67463K->67863K(393216K)
[2022-03-27T21:09:33.555+0800][2424.899s] GC(1252) Metaspace: 49906K->49906K(1095680K)
[2022-03-27T21:09:33.555+0800][2424.899s] GC(1252) Pause Young (Allocation Failure) 158M->72M(490M) 2.107ms
[2022-03-27T21:09:33.555+0800][2424.899s] GC(1252) User=0.00s Sys=0.00s Real=0.00s
[2022-03-27T21:09:33.859+0800][2425.202s] GC(1253) Pause Young (Allocation Failure)
[2022-03-27T21:09:33.859+0800][2425.202s] GC(1253) Using 4 workers of 4 for evacuation
[2022-03-27T21:09:33.861+0800][2425.204s] GC(1253) ParNew: 94085K->8160K(109248K)
[2022-03-27T21:09:33.861+0800][2425.204s] GC(1253) CMS: 67863K->68041K(393216K)
[2022-03-27T21:09:33.861+0800][2425.205s] GC(1253) Metaspace: 49906K->49906K(1095680K)
[2022-03-27T21:09:33.861+0800][2425.205s] GC(1253) Pause Young (Allocation Failure) 158M->74M(490M) 2.205ms
[2022-03-27T21:09:33.861+0800][2425.205s] GC(1253) User=0.00s Sys=0.00s Real=0.01s
[2022-03-27T21:09:34.158+0800][2425.502s] GC(1254) Pause Young (Allocation Failure)
[2022-03-27T21:09:34.158+0800][2425.502s] GC(1254) Using 4 workers of 4 for evacuation
[2022-03-27T21:09:34.160+0800][2425.504s] GC(1254) ParNew: 95584K->7805K(109248K)
[2022-03-27T21:09:34.160+0800][2425.504s] GC(1254) CMS: 68041K->68420K(393216K)
[2022-03-27T21:09:34.160+0800][2425.504s] GC(1254) Metaspace: 49906K->49906K(1095680K)
[2022-03-27T21:09:34.160+0800][2425.504s] GC(1254) Pause Young (Allocation Failure) 159M->74M(490M) 1.903ms
[2022-03-27T21:09:34.160+0800][2425.504s] GC(1254) User=0.01s Sys=0.00s Real=0.01s
[2022-03-27T21:09:34.430+0800][2425.773s] GC(1255) Pause Young (Allocation Failure)
[2022-03-27T21:09:34.430+0800][2425.773s] GC(1255) Using 4 workers of 4 for evacuation
[2022-03-27T21:09:34.432+0800][2425.776s] GC(1255) ParNew: 95229K->9571K(109248K)
[2022-03-27T21:09:34.432+0800][2425.776s] GC(1255) CMS: 68420K->68811K(393216K)
[2022-03-27T21:09:34.432+0800][2425.776s] GC(1255) Metaspace: 49906K->49906K(1095680K)
[2022-03-27T21:09:34.432+0800][2425.776s] GC(1255) Pause Young (Allocation Failure) 159M->76M(490M) 2.285ms
[2022-03-27T21:09:34.432+0800][2425.776s] GC(1255) User=0.00s Sys=0.00s Real=0.00s
[2022-03-27T21:09:34.737+0800][2426.080s] GC(1256) Pause Young (Allocation Failure)
[2022-03-27T21:09:34.743+0800][2426.087s] GC(1256) Using 4 workers of 4 for evacuation
[2022-03-27T21:09:34.746+0800][2426.089s] GC(1256) ParNew: 96995K->8117K(109248K)
[2022-03-27T21:09:34.746+0800][2426.089s] GC(1256) CMS: 68811K->69180K(393216K)
[2022-03-27T21:09:34.746+0800][2426.089s] GC(1256) Metaspace: 49906K->49906K(1095680K)
[2022-03-27T21:09:34.746+0800][2426.089s] GC(1256) Pause Young (Allocation Failure) 161M->75M(490M) 9.270ms
[2022-03-27T21:09:34.746+0800][2426.089s] GC(1256) User=0.01s Sys=0.00s Real=0.01s
[2022-03-27T21:09:35.054+0800][2426.398s] GC(1257) Pause Young (Allocation Failure)
[2022-03-27T21:09:35.054+0800][2426.398s] GC(1257) Using 4 workers of 4 for evacuation
[2022-03-27T21:09:35.056+0800][2426.400s] GC(1257) ParNew: 95541K->9092K(109248K)
[2022-03-27T21:09:35.061+0800][2426.405s] GC(1257) CMS: 69180K->69522K(393216K)
[2022-03-27T21:09:35.061+0800][2426.405s] GC(1257) Metaspace: 49906K->49906K(1095680K)
[2022-03-27T21:09:35.061+0800][2426.405s] GC(1257) Pause Young (Allocation Failure) 160M->76M(490M) 7.184ms
[2022-03-27T21:09:35.061+0800][2426.405s] GC(1257) User=0.00s Sys=0.00s Real=0.01s
[2022-03-27T21:09:35.337+0800][2426.681s] GC(1258) Pause Young (Allocation Failure)
[2022-03-27T21:09:35.337+0800][2426.681s] GC(1258) Using 4 workers of 4 for evacuation
[2022-03-27T21:09:35.339+0800][2426.683s] GC(1258) ParNew: 96516K->8216K(109248K)
[2022-03-27T21:09:35.339+0800][2426.683s] GC(1258) CMS: 69522K->69813K(393216K)
[2022-03-27T21:09:35.339+0800][2426.683s] GC(1258) Metaspace: 49906K->49906K(1095680K)
[2022-03-27T21:09:35.339+0800][2426.683s] GC(1258) Pause Young (Allocation Failure) 162M->76M(490M) 2.065ms
[2022-03-27T21:09:35.339+0800][2426.683s] GC(1258) User=0.00s Sys=0.00s Real=0.00s
[2022-03-27T21:09:35.627+0800][2426.971s] GC(1259) Pause Young (Allocation Failure)
[2022-03-27T21:09:35.627+0800][2426.971s] GC(1259) Using 4 workers of 4 for evacuation
[2022-03-27T21:09:35.630+0800][2426.973s] GC(1259) ParNew: 95640K->8655K(109248K)
[2022-03-27T21:09:35.630+0800][2426.973s] GC(1259) CMS: 69813K->70149K(393216K)
[2022-03-27T21:09:35.630+0800][2426.973s] GC(1259) Metaspace: 49906K->49906K(1095680K)
[2022-03-27T21:09:35.630+0800][2426.973s] GC(1259) Pause Young (Allocation Failure) 161M->76M(490M) 2.658ms
[2022-03-27T21:09:35.630+0800][2426.973s] GC(1259) User=0.01s Sys=0.00s Real=0.01s
[2022-03-27T21:09:35.908+0800][2427.251s] GC(1260) Pause Young (Allocation Failure)
[2022-03-27T21:09:35.908+0800][2427.251s] GC(1260) Using 4 workers of 4 for evacuation
[2022-03-27T21:09:35.910+0800][2427.253s] GC(1260) ParNew: 96079K->9413K(109248K)
[2022-03-27T21:09:35.910+0800][2427.253s] GC(1260) CMS: 70149K->70471K(393216K)
[2022-03-27T21:09:35.910+0800][2427.253s] GC(1260) Metaspace: 49906K->49906K(1095680K)
[2022-03-27T21:09:35.910+0800][2427.253s] GC(1260) Pause Young (Allocation Failure) 162M->78M(490M) 2.172ms
[2022-03-27T21:09:35.910+0800][2427.253s] GC(1260) User=0.01s Sys=0.00s Real=0.01s
[2022-03-27T21:09:36.208+0800][2427.551s] GC(1261) Pause Young (Allocation Failure)
[2022-03-27T21:09:36.208+0800][2427.551s] GC(1261) Using 4 workers of 4 for evacuation
[2022-03-27T21:09:36.210+0800][2427.553s] GC(1261) ParNew: 96837K->9768K(109248K)
[2022-03-27T21:09:36.210+0800][2427.553s] GC(1261) CMS: 70471K->70752K(393216K)
[2022-03-27T21:09:36.210+0800][2427.553s] GC(1261) Metaspace: 49906K->49906K(1095680K)
[2022-03-27T21:09:36.210+0800][2427.553s] GC(1261) Pause Young (Allocation Failure) 163M->78M(490M) 2.097ms
[2022-03-27T21:09:36.210+0800][2427.553s] GC(1261) User=0.01s Sys=0.00s Real=0.01s
[2022-03-27T21:09:36.550+0800][2427.893s] GC(1262) Pause Young (Allocation Failure)
[2022-03-27T21:09:36.550+0800][2427.893s] GC(1262) Using 4 workers of 4 for evacuation
[2022-03-27T21:09:36.552+0800][2427.896s] GC(1262) ParNew: 97192K->7703K(109248K)
[2022-03-27T21:09:36.552+0800][2427.896s] GC(1262) CMS: 70752K->72175K(393216K)
[2022-03-27T21:09:36.552+0800][2427.896s] GC(1262) Metaspace: 49906K->49906K(1095680K)
[2022-03-27T21:09:36.552+0800][2427.896s] GC(1262) Pause Young (Allocation Failure) 164M->78M(490M) 2.242ms
[2022-03-27T21:09:36.552+0800][2427.896s] GC(1262) User=0.00s Sys=0.00s Real=0.00s
[2022-03-27T21:09:36.838+0800][2428.181s] GC(1263) Pause Young (Allocation Failure)
[2022-03-27T21:09:36.838+0800][2428.181s] GC(1263) Using 4 workers of 4 for evacuation
[2022-03-27T21:09:36.840+0800][2428.183s] GC(1263) ParNew: 95127K->8844K(109248K)
[2022-03-27T21:09:36.840+0800][2428.183s] GC(1263) CMS: 72175K->72518K(393216K)
[2022-03-27T21:09:36.840+0800][2428.183s] GC(1263) Metaspace: 49906K->49906K(1095680K)
[2022-03-27T21:09:36.840+0800][2428.183s] GC(1263) Pause Young (Allocation Failure) 163M->79M(490M) 2.093ms
[2022-03-27T21:09:36.840+0800][2428.183s] GC(1263) User=0.00s Sys=0.00s Real=0.01s
[2022-03-27T21:09:37.150+0800][2428.494s] GC(1264) Pause Young (Allocation Failure)
[2022-03-27T21:09:37.151+0800][2428.494s] GC(1264) Using 4 workers of 4 for evacuation
[2022-03-27T21:09:37.153+0800][2428.496s] GC(1264) ParNew: 96268K->7839K(109248K)
[2022-03-27T21:09:37.153+0800][2428.496s] GC(1264) CMS: 72518K->72945K(393216K)
[2022-03-27T21:09:37.153+0800][2428.496s] GC(1264) Metaspace: 49906K->49906K(1095680K)
[2022-03-27T21:09:37.153+0800][2428.496s] GC(1264) Pause Young (Allocation Failure) 164M->78M(490M) 2.253ms
[2022-03-27T21:09:37.153+0800][2428.496s] GC(1264) User=0.01s Sys=0.00s Real=0.00s
[2022-03-27T21:09:37.442+0800][2428.786s] GC(1265) Pause Young (Allocation Failure)
[2022-03-27T21:09:37.442+0800][2428.786s] GC(1265) Using 4 workers of 4 for evacuation
[2022-03-27T21:09:37.444+0800][2428.787s] GC(1265) ParNew: 95263K->9348K(109248K)
[2022-03-27T21:09:37.444+0800][2428.788s] GC(1265) CMS: 72945K->73399K(393216K)
[2022-03-27T21:09:37.444+0800][2428.788s] GC(1265) Metaspace: 49906K->49906K(1095680K)
[2022-03-27T21:09:37.444+0800][2428.788s] GC(1265) Pause Young (Allocation Failure) 164M->80M(490M) 1.977ms
[2022-03-27T21:09:37.444+0800][2428.788s] GC(1265) User=0.00s Sys=0.00s Real=0.00s
[2022-03-27T21:09:37.744+0800][2429.088s] GC(1266) Pause Young (Allocation Failure)
[2022-03-27T21:09:37.744+0800][2429.088s] GC(1266) Using 4 workers of 4 for evacuation
[2022-03-27T21:09:37.746+0800][2429.090s] GC(1266) ParNew: 96772K->8527K(109248K)
[2022-03-27T21:09:37.746+0800][2429.090s] GC(1266) CMS: 73399K->73615K(393216K)
[2022-03-27T21:09:37.746+0800][2429.090s] GC(1266) Metaspace: 49906K->49906K(1095680K)
[2022-03-27T21:09:37.746+0800][2429.090s] GC(1266) Pause Young (Allocation Failure) 166M->80M(490M) 2.313ms
[2022-03-27T21:09:37.746+0800][2429.090s] GC(1266) User=0.01s Sys=0.00s Real=0.00s
[2022-03-27T21:09:37.877+0800][2429.220s] GC(1267) Pause Young (Allocation Failure)
[2022-03-27T21:09:37.877+0800][2429.220s] GC(1267) Using 4 workers of 4 for evacuation
[2022-03-27T21:09:37.879+0800][2429.222s] GC(1267) ParNew: 95951K->11366K(109248K)
[2022-03-27T21:09:37.879+0800][2429.223s] GC(1267) CMS: 73615K->73995K(393216K)
[2022-03-27T21:09:37.879+0800][2429.223s] GC(1267) Metaspace: 49906K->49906K(1095680K)
[2022-03-27T21:09:37.879+0800][2429.223s] GC(1267) Pause Young (Allocation Failure) 165M->83M(490M) 2.140ms
[2022-03-27T21:09:37.879+0800][2429.223s] GC(1267) User=0.01s Sys=0.00s Real=0.00s
[2022-03-27T21:09:38.007+0800][2429.351s] GC(1268) Pause Young (Allocation Failure)
[2022-03-27T21:09:38.007+0800][2429.351s] GC(1268) Using 4 workers of 4 for evacuation
[2022-03-27T21:09:38.010+0800][2429.353s] GC(1268) ParNew: 98790K->11819K(109248K)
[2022-03-27T21:09:38.010+0800][2429.353s] GC(1268) CMS: 73995K->74252K(393216K)
[2022-03-27T21:09:38.010+0800][2429.353s] GC(1268) Metaspace: 49906K->49906K(1095680K)
[2022-03-27T21:09:38.010+0800][2429.353s] GC(1268) Pause Young (Allocation Failure) 168M->84M(490M) 2.488ms
[2022-03-27T21:09:38.010+0800][2429.353s] GC(1268) User=0.01s Sys=0.00s Real=0.01s
[2022-03-27T21:09:38.119+0800][2429.463s] GC(1269) Pause Young (Allocation Failure)
[2022-03-27T21:09:38.120+0800][2429.463s] GC(1269) Using 4 workers of 4 for evacuation
[2022-03-27T21:09:38.123+0800][2429.466s] GC(1269) ParNew: 99243K->13031K(109248K)
[2022-03-27T21:09:38.123+0800][2429.466s] GC(1269) CMS: 74252K->74646K(393216K)
[2022-03-27T21:09:38.123+0800][2429.466s] GC(1269) Metaspace: 49906K->49906K(1095680K)
[2022-03-27T21:09:38.123+0800][2429.466s] GC(1269) Pause Young (Allocation Failure) 169M->85M(490M) 3.445ms
[2022-03-27T21:09:38.123+0800][2429.466s] GC(1269) User=0.01s Sys=0.00s Real=0.01s
[2022-03-27T21:09:42.469+0800][2433.812s] GC(1270) Pause Young (Allocation Failure)
[2022-03-27T21:09:42.469+0800][2433.813s] GC(1270) Using 4 workers of 4 for evacuation
[2022-03-27T21:09:42.472+0800][2433.816s] GC(1270) ParNew: 100209K->10082K(109248K)
[2022-03-27T21:09:42.472+0800][2433.816s] GC(1270) CMS: 74646K->75255K(393216K)
[2022-03-27T21:09:42.472+0800][2433.816s] GC(1270) Metaspace: 49906K->49906K(1095680K)
[2022-03-27T21:09:42.473+0800][2433.816s] GC(1270) Pause Young (Allocation Failure) 170M->83M(490M) 3.685ms
[2022-03-27T21:09:42.473+0800][2433.816s] GC(1270) User=0.01s Sys=0.00s Real=0.01s
[2022-03-27T21:09:42.677+0800][2434.021s] GC(1271) Pause Young (Allocation Failure)
[2022-03-27T21:09:42.677+0800][2434.021s] GC(1271) Using 4 workers of 4 for evacuation
[2022-03-27T21:09:42.681+0800][2434.024s] GC(1271) ParNew: 97506K->11240K(109248K)
[2022-03-27T21:09:42.681+0800][2434.024s] GC(1271) CMS: 75255K->75722K(393216K)
[2022-03-27T21:09:42.681+0800][2434.024s] GC(1271) Metaspace: 49906K->49906K(1095680K)
[2022-03-27T21:09:42.681+0800][2434.024s] GC(1271) Pause Young (Allocation Failure) 168M->84M(490M) 3.585ms
[2022-03-27T21:09:42.681+0800][2434.024s] GC(1271) User=0.01s Sys=0.00s Real=0.01s
[2022-03-27T21:09:43.010+0800][2434.353s] GC(1272) Pause Young (Allocation Failure)
[2022-03-27T21:09:43.010+0800][2434.353s] GC(1272) Using 4 workers of 4 for evacuation
[2022-03-27T21:09:43.013+0800][2434.357s] GC(1272) ParNew: 98664K->14199K(109248K)
[2022-03-27T21:09:43.013+0800][2434.357s] GC(1272) CMS: 75722K->76423K(393216K)
[2022-03-27T21:09:43.013+0800][2434.357s] GC(1272) Metaspace: 49906K->49906K(1095680K)
[2022-03-27T21:09:43.013+0800][2434.357s] GC(1272) Pause Young (Allocation Failure) 170M->88M(490M) 3.665ms
[2022-03-27T21:09:43.013+0800][2434.357s] GC(1272) User=0.01s Sys=0.00s Real=0.00s
[2022-03-27T21:09:43.356+0800][2434.699s] GC(1273) Pause Young (Allocation Failure)
[2022-03-27T21:09:43.356+0800][2434.700s] GC(1273) Using 4 workers of 4 for evacuation
[2022-03-27T21:09:43.361+0800][2434.704s] GC(1273) ParNew: 101623K->9060K(109248K)
[2022-03-27T21:09:43.361+0800][2434.704s] GC(1273) CMS: 76423K->79519K(393216K)
[2022-03-27T21:09:43.361+0800][2434.704s] GC(1273) Metaspace: 49906K->49906K(1095680K)
[2022-03-27T21:09:43.361+0800][2434.704s] GC(1273) Pause Young (Allocation Failure) 173M->86M(490M) 4.736ms
[2022-03-27T21:09:43.361+0800][2434.704s] GC(1273) User=0.01s Sys=0.00s Real=0.01s
[2022-03-27T21:09:43.682+0800][2435.026s] GC(1274) Pause Young (Allocation Failure)
[2022-03-27T21:09:43.682+0800][2435.026s] GC(1274) Using 4 workers of 4 for evacuation
[2022-03-27T21:09:43.685+0800][2435.028s] GC(1274) ParNew: 96484K->10810K(109248K)
[2022-03-27T21:09:43.685+0800][2435.028s] GC(1274) CMS: 79519K->80311K(393216K)
[2022-03-27T21:09:43.685+0800][2435.028s] GC(1274) Metaspace: 49906K->49906K(1095680K)
[2022-03-27T21:09:43.685+0800][2435.028s] GC(1274) Pause Young (Allocation Failure) 171M->88M(490M) 2.368ms
[2022-03-27T21:09:43.685+0800][2435.028s] GC(1274) User=0.01s Sys=0.00s Real=0.00s
[2022-03-27T21:09:43.968+0800][2435.312s] GC(1275) Pause Young (Allocation Failure)
[2022-03-27T21:09:43.969+0800][2435.312s] GC(1275) Using 4 workers of 4 for evacuation
[2022-03-27T21:09:43.971+0800][2435.314s] GC(1275) ParNew: 98234K->9173K(109248K)
[2022-03-27T21:09:43.971+0800][2435.314s] GC(1275) CMS: 80311K->80639K(393216K)
[2022-03-27T21:09:43.971+0800][2435.314s] GC(1275) Metaspace: 49906K->49906K(1095680K)
[2022-03-27T21:09:43.971+0800][2435.314s] GC(1275) Pause Young (Allocation Failure) 174M->87M(490M) 2.348ms
[2022-03-27T21:09:43.971+0800][2435.314s] GC(1275) User=0.01s Sys=0.00s Real=0.01s
[2022-03-27T21:09:44.255+0800][2435.598s] GC(1276) Pause Young (Allocation Failure)
[2022-03-27T21:09:44.255+0800][2435.598s] GC(1276) Using 4 workers of 4 for evacuation
[2022-03-27T21:09:44.257+0800][2435.600s] GC(1276) ParNew: 96597K->10737K(109248K)
[2022-03-27T21:09:44.257+0800][2435.600s] GC(1276) CMS: 80639K->80657K(393216K)
[2022-03-27T21:09:44.257+0800][2435.600s] GC(1276) Metaspace: 49906K->49906K(1095680K)
[2022-03-27T21:09:44.257+0800][2435.600s] GC(1276) Pause Young (Allocation Failure) 173M->89M(490M) 2.090ms
[2022-03-27T21:09:44.257+0800][2435.600s] GC(1276) User=0.01s Sys=0.00s Real=0.00s
[2022-03-27T21:09:44.549+0800][2435.893s] GC(1277) Pause Young (Allocation Failure)
[2022-03-27T21:09:44.549+0800][2435.893s] GC(1277) Using 4 workers of 4 for evacuation
[2022-03-27T21:09:44.551+0800][2435.895s] GC(1277) ParNew: 98161K->10389K(109248K)
[2022-03-27T21:09:44.552+0800][2435.895s] GC(1277) CMS: 80657K->80666K(393216K)
[2022-03-27T21:09:44.552+0800][2435.895s] GC(1277) Metaspace: 49906K->49906K(1095680K)
[2022-03-27T21:09:44.552+0800][2435.895s] GC(1277) Pause Young (Allocation Failure) 174M->88M(490M) 2.319ms
[2022-03-27T21:09:44.552+0800][2435.895s] GC(1277) User=0.01s Sys=0.00s Real=0.01s
[2022-03-27T21:09:44.828+0800][2436.172s] GC(1278) Pause Young (Allocation Failure)
[2022-03-27T21:09:44.828+0800][2436.172s] GC(1278) Using 4 workers of 4 for evacuation
[2022-03-27T21:09:44.830+0800][2436.174s] GC(1278) ParNew: 97813K->12435K(109248K)
[2022-03-27T21:09:44.830+0800][2436.174s] GC(1278) CMS: 80666K->80727K(393216K)
[2022-03-27T21:09:44.830+0800][2436.174s] GC(1278) Metaspace: 49906K->49906K(1095680K)
[2022-03-27T21:09:44.830+0800][2436.174s] GC(1278) Pause Young (Allocation Failure) 174M->90M(490M) 2.040ms
[2022-03-27T21:09:44.830+0800][2436.174s] GC(1278) User=0.01s Sys=0.01s Real=0.01s
[2022-03-27T21:09:45.172+0800][2436.515s] GC(1279) Pause Young (Allocation Failure)
[2022-03-27T21:09:45.172+0800][2436.515s] GC(1279) Using 4 workers of 4 for evacuation
[2022-03-27T21:09:45.175+0800][2436.519s] GC(1279) ParNew: 99859K->7955K(109248K)
[2022-03-27T21:09:45.175+0800][2436.519s] GC(1279) CMS: 80727K->84428K(393216K)
[2022-03-27T21:09:45.175+0800][2436.519s] GC(1279) Metaspace: 49906K->49906K(1095680K)
[2022-03-27T21:09:45.175+0800][2436.519s] GC(1279) Pause Young (Allocation Failure) 176M->90M(490M) 3.482ms
[2022-03-27T21:09:45.175+0800][2436.519s] GC(1279) User=0.01s Sys=0.00s Real=0.00s
[2022-03-27T21:09:45.487+0800][2436.830s] GC(1280) Pause Young (Allocation Failure)
[2022-03-27T21:09:45.487+0800][2436.830s] GC(1280) Using 4 workers of 4 for evacuation
[2022-03-27T21:09:45.489+0800][2436.832s] GC(1280) ParNew: 95379K->7432K(109248K)
[2022-03-27T21:09:45.489+0800][2436.832s] GC(1280) CMS: 84428K->84872K(393216K)
[2022-03-27T21:09:45.489+0800][2436.832s] GC(1280) Metaspace: 49906K->49906K(1095680K)
[2022-03-27T21:09:45.489+0800][2436.832s] GC(1280) Pause Young (Allocation Failure) 175M->90M(490M) 2.161ms
[2022-03-27T21:09:45.489+0800][2436.832s] GC(1280) User=0.01s Sys=0.01s Real=0.00s
[2022-03-27T21:09:45.789+0800][2437.132s] GC(1281) Pause Young (Allocation Failure)
[2022-03-27T21:09:45.789+0800][2437.132s] GC(1281) Using 4 workers of 4 for evacuation
[2022-03-27T21:09:45.791+0800][2437.134s] GC(1281) ParNew: 94856K->6703K(109248K)
[2022-03-27T21:09:45.791+0800][2437.135s] GC(1281) CMS: 84872K->85210K(393216K)
[2022-03-27T21:09:45.791+0800][2437.135s] GC(1281) Metaspace: 49906K->49906K(1095680K)
[2022-03-27T21:09:45.791+0800][2437.135s] GC(1281) Pause Young (Allocation Failure) 175M->89M(490M) 2.188ms
[2022-03-27T21:09:45.791+0800][2437.135s] GC(1281) User=0.01s Sys=0.00s Real=0.01s
[2022-03-27T21:09:46.113+0800][2437.457s] GC(1282) Pause Young (Allocation Failure)
[2022-03-27T21:09:46.113+0800][2437.457s] GC(1282) Using 4 workers of 4 for evacuation
[2022-03-27T21:09:46.115+0800][2437.459s] GC(1282) ParNew: 94127K->7969K(109248K)
[2022-03-27T21:09:46.115+0800][2437.459s] GC(1282) CMS: 85210K->85523K(393216K)
[2022-03-27T21:09:46.115+0800][2437.459s] GC(1282) Metaspace: 49906K->49906K(1095680K)
[2022-03-27T21:09:46.115+0800][2437.459s] GC(1282) Pause Young (Allocation Failure) 175M->91M(490M) 2.043ms
[2022-03-27T21:09:46.115+0800][2437.459s] GC(1282) User=0.00s Sys=0.00s Real=0.00s
[2022-03-27T21:09:46.379+0800][2437.722s] GC(1283) Pause Young (Allocation Failure)
[2022-03-27T21:09:46.379+0800][2437.722s] GC(1283) Using 4 workers of 4 for evacuation
[2022-03-27T21:09:46.381+0800][2437.725s] GC(1283) ParNew: 95393K->7127K(109248K)
[2022-03-27T21:09:46.381+0800][2437.725s] GC(1283) CMS: 85523K->86180K(393216K)
[2022-03-27T21:09:46.381+0800][2437.725s] GC(1283) Metaspace: 49906K->49906K(1095680K)
[2022-03-27T21:09:46.381+0800][2437.725s] GC(1283) Pause Young (Allocation Failure) 176M->91M(490M) 2.402ms
[2022-03-27T21:09:46.381+0800][2437.725s] GC(1283) User=0.00s Sys=0.00s Real=0.01s
[2022-03-27T21:09:46.670+0800][2438.014s] GC(1284) Pause Young (Allocation Failure)
[2022-03-27T21:09:46.670+0800][2438.014s] GC(1284) Using 4 workers of 4 for evacuation
[2022-03-27T21:09:46.672+0800][2438.016s] GC(1284) ParNew: 94551K->6027K(109248K)
[2022-03-27T21:09:46.672+0800][2438.016s] GC(1284) CMS: 86180K->86578K(393216K)
[2022-03-27T21:09:46.672+0800][2438.016s] GC(1284) Metaspace: 49906K->49906K(1095680K)
[2022-03-27T21:09:46.672+0800][2438.016s] GC(1284) Pause Young (Allocation Failure) 176M->90M(490M) 2.049ms
[2022-03-27T21:09:46.672+0800][2438.016s] GC(1284) User=0.01s Sys=0.01s Real=0.00s
[2022-03-27T21:09:46.955+0800][2438.298s] GC(1285) Pause Young (Allocation Failure)
[2022-03-27T21:09:46.955+0800][2438.298s] GC(1285) Using 4 workers of 4 for evacuation
[2022-03-27T21:09:46.956+0800][2438.300s] GC(1285) ParNew: 93451K->6879K(109248K)
[2022-03-27T21:09:46.956+0800][2438.300s] GC(1285) CMS: 86578K->86952K(393216K)
[2022-03-27T21:09:46.956+0800][2438.300s] GC(1285) Metaspace: 49906K->49906K(1095680K)
[2022-03-27T21:09:46.956+0800][2438.300s] GC(1285) Pause Young (Allocation Failure) 175M->91M(490M) 1.973ms
[2022-03-27T21:09:46.956+0800][2438.300s] GC(1285) User=0.01s Sys=0.00s Real=0.00s
[2022-03-27T21:09:47.271+0800][2438.614s] GC(1286) Pause Young (Allocation Failure)
[2022-03-27T21:09:47.271+0800][2438.614s] GC(1286) Using 4 workers of 4 for evacuation
[2022-03-27T21:09:47.273+0800][2438.617s] GC(1286) ParNew: 94303K->7437K(109248K)
[2022-03-27T21:09:47.273+0800][2438.617s] GC(1286) CMS: 86952K->87234K(393216K)
[2022-03-27T21:09:47.273+0800][2438.617s] GC(1286) Metaspace: 49906K->49906K(1095680K)
[2022-03-27T21:09:47.273+0800][2438.617s] GC(1286) Pause Young (Allocation Failure) 177M->92M(490M) 2.609ms
[2022-03-27T21:09:47.273+0800][2438.617s] GC(1286) User=0.00s Sys=0.00s Real=0.00s
[2022-03-27T21:09:47.570+0800][2438.914s] GC(1287) Pause Young (Allocation Failure)
[2022-03-27T21:09:47.570+0800][2438.914s] GC(1287) Using 4 workers of 4 for evacuation
[2022-03-27T21:09:47.573+0800][2438.917s] GC(1287) ParNew: 94861K->6469K(109248K)
[2022-03-27T21:09:47.573+0800][2438.917s] GC(1287) CMS: 87234K->88072K(393216K)
[2022-03-27T21:09:47.573+0800][2438.917s] GC(1287) Metaspace: 49906K->49906K(1095680K)
[2022-03-27T21:09:47.573+0800][2438.917s] GC(1287) Pause Young (Allocation Failure) 177M->92M(490M) 3.195ms
[2022-03-27T21:09:47.573+0800][2438.917s] GC(1287) User=0.01s Sys=0.00s Real=0.00s
[2022-03-27T21:09:47.875+0800][2439.218s] GC(1288) Pause Young (Allocation Failure)
[2022-03-27T21:09:47.875+0800][2439.218s] GC(1288) Using 4 workers of 4 for evacuation
[2022-03-27T21:09:47.877+0800][2439.220s] GC(1288) ParNew: 93893K->7037K(109248K)
[2022-03-27T21:09:47.877+0800][2439.220s] GC(1288) CMS: 88072K->88430K(393216K)
[2022-03-27T21:09:47.877+0800][2439.220s] GC(1288) Metaspace: 49906K->49906K(1095680K)
[2022-03-27T21:09:47.877+0800][2439.220s] GC(1288) Pause Young (Allocation Failure) 177M->93M(490M) 2.128ms
[2022-03-27T21:09:47.877+0800][2439.220s] GC(1288) User=0.01s Sys=0.00s Real=0.00s
[2022-03-27T21:09:48.224+0800][2439.567s] GC(1289) Pause Young (Allocation Failure)
[2022-03-27T21:09:48.224+0800][2439.567s] GC(1289) Using 4 workers of 4 for evacuation
[2022-03-27T21:09:48.226+0800][2439.569s] GC(1289) ParNew: 94461K->6401K(109248K)
[2022-03-27T21:09:48.226+0800][2439.569s] GC(1289) CMS: 88430K->88729K(393216K)
[2022-03-27T21:09:48.226+0800][2439.569s] GC(1289) Metaspace: 49906K->49906K(1095680K)
[2022-03-27T21:09:48.226+0800][2439.569s] GC(1289) Pause Young (Allocation Failure) 178M->92M(490M) 1.893ms
[2022-03-27T21:09:48.226+0800][2439.569s] GC(1289) User=0.01s Sys=0.00s Real=0.00s
[2022-03-27T21:09:48.541+0800][2439.884s] GC(1290) Pause Young (Allocation Failure)
[2022-03-27T21:09:48.541+0800][2439.884s] GC(1290) Using 4 workers of 4 for evacuation
[2022-03-27T21:09:48.544+0800][2439.887s] GC(1290) ParNew: 93825K->6568K(109248K)
[2022-03-27T21:09:48.544+0800][2439.887s] GC(1290) CMS: 88729K->89166K(393216K)
[2022-03-27T21:09:48.544+0800][2439.887s] GC(1290) Metaspace: 49906K->49906K(1095680K)
[2022-03-27T21:09:48.544+0800][2439.887s] GC(1290) Pause Young (Allocation Failure) 178M->93M(490M) 2.910ms
[2022-03-27T21:09:48.544+0800][2439.887s] GC(1290) User=0.01s Sys=0.00s Real=0.00s
[2022-03-27T21:09:48.829+0800][2440.173s] GC(1291) Pause Young (Allocation Failure)
[2022-03-27T21:09:48.829+0800][2440.173s] GC(1291) Using 4 workers of 4 for evacuation
[2022-03-27T21:09:48.831+0800][2440.175s] GC(1291) ParNew: 93992K->7327K(109248K)
[2022-03-27T21:09:48.831+0800][2440.175s] GC(1291) CMS: 89166K->89417K(393216K)
[2022-03-27T21:09:48.831+0800][2440.175s] GC(1291) Metaspace: 49906K->49906K(1095680K)
[2022-03-27T21:09:48.831+0800][2440.175s] GC(1291) Pause Young (Allocation Failure) 178M->94M(490M) 2.336ms
[2022-03-27T21:09:48.831+0800][2440.175s] GC(1291) User=0.01s Sys=0.00s Real=0.01s
[2022-03-27T21:09:49.142+0800][2440.486s] GC(1292) Pause Young (Allocation Failure)
[2022-03-27T21:09:49.142+0800][2440.486s] GC(1292) Using 4 workers of 4 for evacuation
[2022-03-27T21:09:49.144+0800][2440.488s] GC(1292) ParNew: 94751K->7076K(109248K)
[2022-03-27T21:09:49.144+0800][2440.488s] GC(1292) CMS: 89417K->89732K(393216K)
[2022-03-27T21:09:49.144+0800][2440.488s] GC(1292) Metaspace: 49906K->49906K(1095680K)
[2022-03-27T21:09:49.144+0800][2440.488s] GC(1292) Pause Young (Allocation Failure) 179M->94M(490M) 2.358ms
[2022-03-27T21:09:49.145+0800][2440.488s] GC(1292) User=0.01s Sys=0.00s Real=0.00s
[2022-03-27T21:09:49.434+0800][2440.778s] GC(1293) Pause Young (Allocation Failure)
[2022-03-27T21:09:49.435+0800][2440.778s] GC(1293) Using 4 workers of 4 for evacuation
[2022-03-27T21:09:49.437+0800][2440.781s] GC(1293) ParNew: 94500K->6856K(109248K)
[2022-03-27T21:09:49.438+0800][2440.781s] GC(1293) CMS: 89732K->90207K(393216K)
[2022-03-27T21:09:49.438+0800][2440.781s] GC(1293) Metaspace: 49906K->49906K(1095680K)
[2022-03-27T21:09:49.438+0800][2440.781s] GC(1293) Pause Young (Allocation Failure) 179M->94M(490M) 3.120ms
[2022-03-27T21:09:49.438+0800][2440.781s] GC(1293) User=0.01s Sys=0.00s Real=0.00s
[2022-03-27T21:09:49.740+0800][2441.084s] GC(1294) Pause Young (Allocation Failure)
[2022-03-27T21:09:49.740+0800][2441.084s] GC(1294) Using 4 workers of 4 for evacuation
[2022-03-27T21:09:49.742+0800][2441.085s] GC(1294) ParNew: 94224K->7645K(109248K)
[2022-03-27T21:09:49.742+0800][2441.085s] GC(1294) CMS: 90207K->90572K(393216K)
[2022-03-27T21:09:49.742+0800][2441.085s] GC(1294) Metaspace: 49906K->49906K(1095680K)
[2022-03-27T21:09:49.742+0800][2441.085s] GC(1294) Pause Young (Allocation Failure) 180M->95M(490M) 1.991ms
[2022-03-27T21:09:49.742+0800][2441.086s] GC(1294) User=0.01s Sys=0.00s Real=0.00s
[2022-03-27T21:09:50.072+0800][2441.415s] GC(1295) Pause Young (Allocation Failure)
[2022-03-27T21:09:50.072+0800][2441.415s] GC(1295) Using 4 workers of 4 for evacuation
[2022-03-27T21:09:50.074+0800][2441.417s] GC(1295) ParNew: 95069K->7323K(109248K)
[2022-03-27T21:09:50.074+0800][2441.417s] GC(1295) CMS: 90572K->90886K(393216K)
[2022-03-27T21:09:50.074+0800][2441.417s] GC(1295) Metaspace: 49906K->49906K(1095680K)
[2022-03-27T21:09:50.074+0800][2441.417s] GC(1295) Pause Young (Allocation Failure) 181M->95M(490M) 2.141ms
[2022-03-27T21:09:50.074+0800][2441.417s] GC(1295) User=0.00s Sys=0.00s Real=0.00s
[2022-03-27T21:09:50.313+0800][2441.657s] GC(1296) Pause Young (Allocation Failure)
[2022-03-27T21:09:50.313+0800][2441.657s] GC(1296) Using 4 workers of 4 for evacuation
[2022-03-27T21:09:50.316+0800][2441.660s] GC(1296) ParNew: 94747K->6746K(109248K)
[2022-03-27T21:09:50.316+0800][2441.660s] GC(1296) CMS: 90886K->91197K(393216K)
[2022-03-27T21:09:50.316+0800][2441.660s] GC(1296) Metaspace: 49906K->49906K(1095680K)
[2022-03-27T21:09:50.316+0800][2441.660s] GC(1296) Pause Young (Allocation Failure) 181M->95M(490M) 2.893ms
[2022-03-27T21:09:50.316+0800][2441.660s] GC(1296) User=0.01s Sys=0.00s Real=0.00s
[2022-03-27T21:09:50.602+0800][2441.946s] GC(1297) Pause Young (Allocation Failure)
[2022-03-27T21:09:50.602+0800][2441.946s] GC(1297) Using 4 workers of 4 for evacuation
[2022-03-27T21:09:50.604+0800][2441.948s] GC(1297) ParNew: 94170K->8914K(109248K)
[2022-03-27T21:09:50.604+0800][2441.948s] GC(1297) CMS: 91197K->91510K(393216K)
[2022-03-27T21:09:50.604+0800][2441.948s] GC(1297) Metaspace: 49906K->49906K(1095680K)
[2022-03-27T21:09:50.604+0800][2441.948s] GC(1297) Pause Young (Allocation Failure) 181M->98M(490M) 2.070ms
[2022-03-27T21:09:50.604+0800][2441.948s] GC(1297) User=0.01s Sys=0.00s Real=0.00s
[2022-03-27T21:09:50.935+0800][2442.279s] GC(1298) Pause Young (Allocation Failure)
[2022-03-27T21:09:50.935+0800][2442.279s] GC(1298) Using 4 workers of 4 for evacuation
[2022-03-27T21:09:50.937+0800][2442.281s] GC(1298) ParNew: 96338K->8760K(109248K)
[2022-03-27T21:09:50.937+0800][2442.281s] GC(1298) CMS: 91510K->91850K(393216K)
[2022-03-27T21:09:50.937+0800][2442.281s] GC(1298) Metaspace: 49906K->49906K(1095680K)
[2022-03-27T21:09:50.937+0800][2442.281s] GC(1298) Pause Young (Allocation Failure) 183M->98M(490M) 2.252ms
[2022-03-27T21:09:50.937+0800][2442.281s] GC(1298) User=0.00s Sys=0.00s Real=0.00s
[2022-03-27T21:09:51.277+0800][2442.621s] GC(1299) Pause Young (Allocation Failure)
[2022-03-27T21:09:51.278+0800][2442.621s] GC(1299) Using 4 workers of 4 for evacuation
[2022-03-27T21:09:51.281+0800][2442.625s] GC(1299) ParNew: 96184K->8012K(109248K)
[2022-03-27T21:09:51.281+0800][2442.625s] GC(1299) CMS: 91850K->92220K(393216K)
[2022-03-27T21:09:51.281+0800][2442.625s] GC(1299) Metaspace: 49906K->49906K(1095680K)
[2022-03-27T21:09:51.281+0800][2442.625s] GC(1299) Pause Young (Allocation Failure) 183M->97M(490M) 3.976ms
[2022-03-27T21:09:51.281+0800][2442.625s] GC(1299) User=0.01s Sys=0.00s Real=0.01s
[2022-03-27T21:09:51.606+0800][2442.950s] GC(1300) Pause Young (Allocation Failure)
[2022-03-27T21:09:51.606+0800][2442.950s] GC(1300) Using 4 workers of 4 for evacuation
[2022-03-27T21:09:51.608+0800][2442.952s] GC(1300) ParNew: 95436K->9050K(109248K)
[2022-03-27T21:09:51.608+0800][2442.952s] GC(1300) CMS: 92220K->92538K(393216K)
[2022-03-27T21:09:51.609+0800][2442.952s] GC(1300) Metaspace: 49906K->49906K(1095680K)
[2022-03-27T21:09:51.609+0800][2442.952s] GC(1300) Pause Young (Allocation Failure) 183M->99M(490M) 2.202ms
[2022-03-27T21:09:51.609+0800][2442.952s] GC(1300) User=0.01s Sys=0.00s Real=0.00s
[2022-03-27T21:09:51.915+0800][2443.259s] GC(1301) Pause Young (Allocation Failure)
[2022-03-27T21:09:51.915+0800][2443.259s] GC(1301) Using 4 workers of 4 for evacuation
[2022-03-27T21:09:51.918+0800][2443.261s] GC(1301) ParNew: 96474K->8406K(109248K)
[2022-03-27T21:09:51.918+0800][2443.261s] GC(1301) CMS: 92538K->92791K(393216K)
[2022-03-27T21:09:51.918+0800][2443.261s] GC(1301) Metaspace: 49906K->49906K(1095680K)
[2022-03-27T21:09:51.918+0800][2443.261s] GC(1301) Pause Young (Allocation Failure) 184M->98M(490M) 2.370ms
[2022-03-27T21:09:51.918+0800][2443.261s] GC(1301) User=0.01s Sys=0.00s Real=0.00s
[2022-03-27T21:09:52.235+0800][2443.578s] GC(1302) Pause Young (Allocation Failure)
[2022-03-27T21:09:52.235+0800][2443.578s] GC(1302) Using 4 workers of 4 for evacuation
[2022-03-27T21:09:52.237+0800][2443.581s] GC(1302) ParNew: 95830K->8124K(109248K)
[2022-03-27T21:09:52.237+0800][2443.581s] GC(1302) CMS: 92791K->93116K(393216K)
[2022-03-27T21:09:52.237+0800][2443.581s] GC(1302) Metaspace: 49906K->49906K(1095680K)
[2022-03-27T21:09:52.237+0800][2443.581s] GC(1302) Pause Young (Allocation Failure) 184M->98M(490M) 2.595ms
[2022-03-27T21:09:52.237+0800][2443.581s] GC(1302) User=0.01s Sys=0.00s Real=0.00s
[2022-03-27T21:09:52.522+0800][2443.866s] GC(1303) Pause Young (Allocation Failure)
[2022-03-27T21:09:52.523+0800][2443.866s] GC(1303) Using 4 workers of 4 for evacuation
[2022-03-27T21:09:52.525+0800][2443.868s] GC(1303) ParNew: 95548K->8279K(109248K)
[2022-03-27T21:09:52.525+0800][2443.868s] GC(1303) CMS: 93116K->93457K(393216K)
[2022-03-27T21:09:52.525+0800][2443.868s] GC(1303) Metaspace: 49906K->49906K(1095680K)
[2022-03-27T21:09:52.525+0800][2443.868s] GC(1303) Pause Young (Allocation Failure) 184M->99M(490M) 2.383ms
[2022-03-27T21:09:52.525+0800][2443.868s] GC(1303) User=0.01s Sys=0.00s Real=0.00s
[2022-03-27T21:09:52.836+0800][2444.179s] GC(1304) Pause Young (Allocation Failure)
[2022-03-27T21:09:52.836+0800][2444.180s] GC(1304) Using 4 workers of 4 for evacuation
[2022-03-27T21:09:52.838+0800][2444.182s] GC(1304) ParNew: 95693K->8639K(109248K)
[2022-03-27T21:09:52.838+0800][2444.182s] GC(1304) CMS: 93457K->93718K(393216K)
[2022-03-27T21:09:52.838+0800][2444.182s] GC(1304) Metaspace: 49906K->49906K(1095680K)
[2022-03-27T21:09:52.838+0800][2444.182s] GC(1304) Pause Young (Allocation Failure) 184M->99M(490M) 2.207ms
[2022-03-27T21:09:52.838+0800][2444.182s] GC(1304) User=0.00s Sys=0.00s Real=0.00s
[2022-03-27T21:09:52.918+0800][2444.262s] GC(1305) Pause Young (Allocation Failure)
[2022-03-27T21:09:52.918+0800][2444.262s] GC(1305) Using 4 workers of 4 for evacuation
[2022-03-27T21:09:52.920+0800][2444.264s] GC(1305) ParNew: 96063K->12260K(109248K)
[2022-03-27T21:09:52.921+0800][2444.264s] GC(1305) CMS: 93718K->95046K(393216K)
[2022-03-27T21:09:52.921+0800][2444.264s] GC(1305) Metaspace: 49907K->49907K(1095680K)
[2022-03-27T21:09:52.921+0800][2444.264s] GC(1305) Pause Young (Allocation Failure) 185M->104M(490M) 2.529ms
[2022-03-27T21:09:52.921+0800][2444.264s] GC(1305) User=0.01s Sys=0.00s Real=0.01s
[2022-03-27T21:09:53.048+0800][2444.391s] GC(1306) Pause Young (Allocation Failure)
[2022-03-27T21:09:53.048+0800][2444.391s] GC(1306) Using 4 workers of 4 for evacuation
[2022-03-27T21:09:53.052+0800][2444.395s] GC(1306) ParNew: 99684K->10828K(109248K)
[2022-03-27T21:09:53.052+0800][2444.395s] GC(1306) CMS: 95046K->95362K(393216K)
[2022-03-27T21:09:53.052+0800][2444.395s] GC(1306) Metaspace: 49907K->49907K(1095680K)
[2022-03-27T21:09:53.052+0800][2444.395s] GC(1306) Pause Young (Allocation Failure) 190M->103M(490M) 4.023ms
[2022-03-27T21:09:53.052+0800][2444.395s] GC(1306) User=0.01s Sys=0.00s Real=0.01s
[2022-03-27T21:09:56.386+0800][2447.730s] GC(1307) Pause Young (Allocation Failure)
[2022-03-27T21:09:56.403+0800][2447.747s] GC(1307) Using 4 workers of 4 for evacuation
[2022-03-27T21:09:56.407+0800][2447.750s] GC(1307) ParNew: 98252K->12922K(109248K)
[2022-03-27T21:09:56.407+0800][2447.750s] GC(1307) CMS: 95362K->95847K(393216K)
[2022-03-27T21:09:56.407+0800][2447.750s] GC(1307) Metaspace: 49907K->49907K(1095680K)
[2022-03-27T21:09:56.407+0800][2447.750s] GC(1307) Pause Young (Allocation Failure) 189M->106M(490M) 20.604ms
[2022-03-27T21:09:56.407+0800][2447.750s] GC(1307) User=0.01s Sys=0.00s Real=0.02s
[2022-03-27T21:09:57.769+0800][2449.113s] GC(1308) Pause Young (Allocation Failure)
[2022-03-27T21:09:57.769+0800][2449.113s] GC(1308) Using 4 workers of 4 for evacuation
[2022-03-27T21:09:57.771+0800][2449.115s] GC(1308) ParNew: 100346K->11131K(109248K)
[2022-03-27T21:09:57.772+0800][2449.115s] GC(1308) CMS: 95847K->96268K(393216K)
[2022-03-27T21:09:57.772+0800][2449.115s] GC(1308) Metaspace: 49912K->49912K(1095680K)
[2022-03-27T21:09:57.772+0800][2449.115s] GC(1308) Pause Young (Allocation Failure) 191M->104M(490M) 2.489ms
[2022-03-27T21:09:57.772+0800][2449.115s] GC(1308) User=0.01s Sys=0.00s Real=0.01s
[2022-03-27T21:09:58.059+0800][2449.402s] GC(1309) Pause Young (Allocation Failure)
[2022-03-27T21:09:58.059+0800][2449.402s] GC(1309) Using 4 workers of 4 for evacuation
[2022-03-27T21:09:58.061+0800][2449.405s] GC(1309) ParNew: 98555K->11191K(109248K)
[2022-03-27T21:09:58.061+0800][2449.405s] GC(1309) CMS: 96268K->96929K(393216K)
[2022-03-27T21:09:58.061+0800][2449.405s] GC(1309) Metaspace: 49912K->49912K(1095680K)
[2022-03-27T21:09:58.061+0800][2449.405s] GC(1309) Pause Young (Allocation Failure) 190M->105M(490M) 2.790ms
[2022-03-27T21:09:58.061+0800][2449.405s] GC(1309) User=0.01s Sys=0.00s Real=0.01s
[2022-03-27T21:09:58.354+0800][2449.697s] GC(1310) Pause Young (Allocation Failure)
[2022-03-27T21:09:58.354+0800][2449.697s] GC(1310) Using 4 workers of 4 for evacuation
[2022-03-27T21:09:58.356+0800][2449.700s] GC(1310) ParNew: 98615K->11154K(109248K)
[2022-03-27T21:09:58.356+0800][2449.700s] GC(1310) CMS: 96929K->97314K(393216K)
[2022-03-27T21:09:58.356+0800][2449.700s] GC(1310) Metaspace: 49912K->49912K(1095680K)
[2022-03-27T21:09:58.356+0800][2449.700s] GC(1310) Pause Young (Allocation Failure) 190M->105M(490M) 2.700ms
[2022-03-27T21:09:58.356+0800][2449.700s] GC(1310) User=0.01s Sys=0.00s Real=0.00s
[2022-03-27T21:09:58.744+0800][2450.088s] GC(1311) Pause Young (Allocation Failure)
[2022-03-27T21:09:58.745+0800][2450.088s] GC(1311) Using 4 workers of 4 for evacuation
[2022-03-27T21:09:58.747+0800][2450.091s] GC(1311) ParNew: 98578K->9932K(109248K)
[2022-03-27T21:09:58.747+0800][2450.091s] GC(1311) CMS: 97314K->100227K(393216K)
[2022-03-27T21:09:58.747+0800][2450.091s] GC(1311) Metaspace: 49912K->49912K(1095680K)
[2022-03-27T21:09:58.747+0800][2450.091s] GC(1311) Pause Young (Allocation Failure) 191M->107M(490M) 2.750ms
[2022-03-27T21:09:58.747+0800][2450.091s] GC(1311) User=0.01s Sys=0.00s Real=0.00s
[2022-03-27T21:09:59.045+0800][2450.389s] GC(1312) Pause Young (Allocation Failure)
[2022-03-27T21:09:59.045+0800][2450.389s] GC(1312) Using 4 workers of 4 for evacuation
[2022-03-27T21:09:59.048+0800][2450.391s] GC(1312) ParNew: 97356K->9621K(109248K)
[2022-03-27T21:09:59.048+0800][2450.391s] GC(1312) CMS: 100227K->100818K(393216K)
[2022-03-27T21:09:59.048+0800][2450.391s] GC(1312) Metaspace: 49912K->49912K(1095680K)
[2022-03-27T21:09:59.048+0800][2450.391s] GC(1312) Pause Young (Allocation Failure) 192M->107M(490M) 2.427ms
[2022-03-27T21:09:59.048+0800][2450.391s] GC(1312) User=0.00s Sys=0.00s Real=0.00s
[2022-03-27T21:09:59.359+0800][2450.702s] GC(1313) Pause Young (Allocation Failure)
[2022-03-27T21:09:59.359+0800][2450.702s] GC(1313) Using 4 workers of 4 for evacuation
[2022-03-27T21:09:59.361+0800][2450.705s] GC(1313) ParNew: 97045K->10381K(109248K)
[2022-03-27T21:09:59.361+0800][2450.705s] GC(1313) CMS: 100818K->100944K(393216K)
[2022-03-27T21:09:59.361+0800][2450.705s] GC(1313) Metaspace: 49912K->49912K(1095680K)
[2022-03-27T21:09:59.361+0800][2450.705s] GC(1313) Pause Young (Allocation Failure) 193M->108M(490M) 2.261ms
[2022-03-27T21:09:59.361+0800][2450.705s] GC(1313) User=0.00s Sys=0.00s Real=0.01s
[2022-03-27T21:09:59.693+0800][2451.036s] GC(1314) Pause Young (Allocation Failure)
[2022-03-27T21:09:59.693+0800][2451.036s] GC(1314) Using 4 workers of 4 for evacuation
[2022-03-27T21:09:59.696+0800][2451.040s] GC(1314) ParNew: 97805K->9901K(109248K)
[2022-03-27T21:09:59.696+0800][2451.040s] GC(1314) CMS: 100944K->100952K(393216K)
[2022-03-27T21:09:59.696+0800][2451.040s] GC(1314) Metaspace: 49912K->49912K(1095680K)
[2022-03-27T21:09:59.696+0800][2451.040s] GC(1314) Pause Young (Allocation Failure) 194M->108M(490M) 3.848ms
[2022-03-27T21:09:59.696+0800][2451.040s] GC(1314) User=0.01s Sys=0.00s Real=0.00s
[2022-03-27T21:09:59.990+0800][2451.333s] GC(1315) Pause Young (Allocation Failure)
[2022-03-27T21:09:59.990+0800][2451.333s] GC(1315) Using 4 workers of 4 for evacuation
[2022-03-27T21:09:59.992+0800][2451.336s] GC(1315) ParNew: 97325K->9675K(109248K)
[2022-03-27T21:09:59.992+0800][2451.336s] GC(1315) CMS: 100952K->100969K(393216K)
[2022-03-27T21:09:59.992+0800][2451.336s] GC(1315) Metaspace: 49912K->49912K(1095680K)
[2022-03-27T21:09:59.992+0800][2451.336s] GC(1315) Pause Young (Allocation Failure) 193M->108M(490M) 2.510ms
[2022-03-27T21:09:59.992+0800][2451.336s] GC(1315) User=0.00s Sys=0.00s Real=0.00s
[2022-03-27T21:10:00.289+0800][2451.633s] GC(1316) Pause Young (Allocation Failure)
[2022-03-27T21:10:00.289+0800][2451.633s] GC(1316) Using 4 workers of 4 for evacuation
[2022-03-27T21:10:00.292+0800][2451.635s] GC(1316) ParNew: 97099K->8191K(109248K)
[2022-03-27T21:10:00.292+0800][2451.636s] GC(1316) CMS: 100969K->104247K(393216K)
[2022-03-27T21:10:00.292+0800][2451.636s] GC(1316) Metaspace: 49912K->49912K(1095680K)
[2022-03-27T21:10:00.292+0800][2451.636s] GC(1316) Pause Young (Allocation Failure) 193M->109M(490M) 2.871ms
[2022-03-27T21:10:00.292+0800][2451.636s] GC(1316) User=0.01s Sys=0.00s Real=0.01s
[2022-03-27T21:10:00.598+0800][2451.942s] GC(1317) Pause Young (Allocation Failure)
[2022-03-27T21:10:00.598+0800][2451.942s] GC(1317) Using 4 workers of 4 for evacuation
[2022-03-27T21:10:00.600+0800][2451.944s] GC(1317) ParNew: 95615K->7350K(109248K)
[2022-03-27T21:10:00.600+0800][2451.944s] GC(1317) CMS: 104247K->104941K(393216K)
[2022-03-27T21:10:00.600+0800][2451.944s] GC(1317) Metaspace: 49912K->49912K(1095680K)
[2022-03-27T21:10:00.600+0800][2451.944s] GC(1317) Pause Young (Allocation Failure) 195M->109M(490M) 2.161ms
[2022-03-27T21:10:00.600+0800][2451.944s] GC(1317) User=0.01s Sys=0.00s Real=0.01s
[2022-03-27T21:10:00.904+0800][2452.247s] GC(1318) Pause Young (Allocation Failure)
[2022-03-27T21:10:00.904+0800][2452.247s] GC(1318) Using 4 workers of 4 for evacuation
[2022-03-27T21:10:00.906+0800][2452.249s] GC(1318) ParNew: 94774K->7270K(109248K)
[2022-03-27T21:10:00.906+0800][2452.249s] GC(1318) CMS: 104941K->105331K(393216K)
[2022-03-27T21:10:00.906+0800][2452.249s] GC(1318) Metaspace: 49912K->49912K(1095680K)
[2022-03-27T21:10:00.906+0800][2452.249s] GC(1318) Pause Young (Allocation Failure) 195M->109M(490M) 2.274ms
[2022-03-27T21:10:00.906+0800][2452.249s] GC(1318) User=0.00s Sys=0.00s Real=0.00s
[2022-03-27T21:10:01.207+0800][2452.551s] GC(1319) Pause Young (Allocation Failure)
[2022-03-27T21:10:01.208+0800][2452.551s] GC(1319) Using 4 workers of 4 for evacuation
[2022-03-27T21:10:01.209+0800][2452.553s] GC(1319) ParNew: 94694K->6612K(109248K)
[2022-03-27T21:10:01.210+0800][2452.553s] GC(1319) CMS: 105331K->105711K(393216K)
[2022-03-27T21:10:01.210+0800][2452.553s] GC(1319) Metaspace: 49912K->49912K(1095680K)
[2022-03-27T21:10:01.210+0800][2452.553s] GC(1319) Pause Young (Allocation Failure) 195M->109M(490M) 2.089ms
[2022-03-27T21:10:01.210+0800][2452.553s] GC(1319) User=0.00s Sys=0.00s Real=0.01s
[2022-03-27T21:10:01.528+0800][2452.872s] GC(1320) Pause Young (Allocation Failure)
[2022-03-27T21:10:01.528+0800][2452.872s] GC(1320) Using 4 workers of 4 for evacuation
[2022-03-27T21:10:01.530+0800][2452.874s] GC(1320) ParNew: 94036K->6842K(109248K)
[2022-03-27T21:10:01.530+0800][2452.874s] GC(1320) CMS: 105711K->106091K(393216K)
[2022-03-27T21:10:01.530+0800][2452.874s] GC(1320) Metaspace: 49912K->49912K(1095680K)
[2022-03-27T21:10:01.530+0800][2452.874s] GC(1320) Pause Young (Allocation Failure) 195M->110M(490M) 2.264ms
[2022-03-27T21:10:01.530+0800][2452.874s] GC(1320) User=0.01s Sys=0.00s Real=0.01s
[2022-03-27T21:10:01.816+0800][2453.159s] GC(1321) Pause Young (Allocation Failure)
[2022-03-27T21:10:01.816+0800][2453.159s] GC(1321) Using 4 workers of 4 for evacuation
[2022-03-27T21:10:01.817+0800][2453.161s] GC(1321) ParNew: 94266K->7059K(109248K)
[2022-03-27T21:10:01.817+0800][2453.161s] GC(1321) CMS: 106091K->106489K(393216K)
[2022-03-27T21:10:01.817+0800][2453.161s] GC(1321) Metaspace: 49912K->49912K(1095680K)
[2022-03-27T21:10:01.817+0800][2453.161s] GC(1321) Pause Young (Allocation Failure) 195M->110M(490M) 1.912ms
[2022-03-27T21:10:01.817+0800][2453.161s] GC(1321) User=0.01s Sys=0.00s Real=0.00s
[2022-03-27T21:10:02.091+0800][2453.435s] GC(1322) Pause Young (Allocation Failure)
[2022-03-27T21:10:02.091+0800][2453.435s] GC(1322) Using 4 workers of 4 for evacuation
[2022-03-27T21:10:02.093+0800][2453.437s] GC(1322) ParNew: 94483K->7376K(109248K)
[2022-03-27T21:10:02.093+0800][2453.437s] GC(1322) CMS: 106489K->106803K(393216K)
[2022-03-27T21:10:02.094+0800][2453.437s] GC(1322) Metaspace: 49912K->49912K(1095680K)
[2022-03-27T21:10:02.094+0800][2453.437s] GC(1322) Pause Young (Allocation Failure) 196M->111M(490M) 2.409ms
[2022-03-27T21:10:02.094+0800][2453.437s] GC(1322) User=0.00s Sys=0.00s Real=0.00s
[2022-03-27T21:10:02.377+0800][2453.721s] GC(1323) Pause Young (Allocation Failure)
[2022-03-27T21:10:02.377+0800][2453.721s] GC(1323) Using 4 workers of 4 for evacuation
[2022-03-27T21:10:02.379+0800][2453.723s] GC(1323) ParNew: 94800K->6834K(109248K)
[2022-03-27T21:10:02.379+0800][2453.723s] GC(1323) CMS: 106803K->107112K(393216K)
[2022-03-27T21:10:02.379+0800][2453.723s] GC(1323) Metaspace: 49912K->49912K(1095680K)
[2022-03-27T21:10:02.379+0800][2453.723s] GC(1323) Pause Young (Allocation Failure) 196M->111M(490M) 2.013ms
[2022-03-27T21:10:02.379+0800][2453.723s] GC(1323) User=0.00s Sys=0.00s Real=0.00s
[2022-03-27T21:10:02.652+0800][2453.995s] GC(1324) Pause Young (Allocation Failure)
[2022-03-27T21:10:02.652+0800][2453.995s] GC(1324) Using 4 workers of 4 for evacuation
[2022-03-27T21:10:02.654+0800][2453.997s] GC(1324) ParNew: 94258K->7801K(109248K)
[2022-03-27T21:10:02.654+0800][2453.997s] GC(1324) CMS: 107112K->107394K(393216K)
[2022-03-27T21:10:02.654+0800][2453.997s] GC(1324) Metaspace: 49912K->49912K(1095680K)
[2022-03-27T21:10:02.654+0800][2453.997s] GC(1324) Pause Young (Allocation Failure) 196M->112M(490M) 2.267ms
[2022-03-27T21:10:02.654+0800][2453.998s] GC(1324) User=0.00s Sys=0.00s Real=0.00s
[2022-03-27T21:10:02.976+0800][2454.319s] GC(1325) Pause Young (Allocation Failure)
[2022-03-27T21:10:02.976+0800][2454.319s] GC(1325) Using 4 workers of 4 for evacuation
[2022-03-27T21:10:02.977+0800][2454.321s] GC(1325) ParNew: 95225K->6579K(109248K)
[2022-03-27T21:10:02.978+0800][2454.321s] GC(1325) CMS: 107394K->108275K(393216K)
[2022-03-27T21:10:02.978+0800][2454.321s] GC(1325) Metaspace: 49912K->49912K(1095680K)
[2022-03-27T21:10:02.978+0800][2454.321s] GC(1325) Pause Young (Allocation Failure) 197M->112M(490M) 2.037ms
[2022-03-27T21:10:02.978+0800][2454.321s] GC(1325) User=0.01s Sys=0.00s Real=0.00s
[2022-03-27T21:10:03.278+0800][2454.621s] GC(1326) Pause Young (Allocation Failure)
[2022-03-27T21:10:03.278+0800][2454.621s] GC(1326) Using 4 workers of 4 for evacuation
[2022-03-27T21:10:03.280+0800][2454.623s] GC(1326) ParNew: 94003K->7043K(109248K)
[2022-03-27T21:10:03.280+0800][2454.623s] GC(1326) CMS: 108275K->108597K(393216K)
[2022-03-27T21:10:03.280+0800][2454.623s] GC(1326) Metaspace: 49912K->49912K(1095680K)
[2022-03-27T21:10:03.280+0800][2454.623s] GC(1326) Pause Young (Allocation Failure) 197M->112M(490M) 2.117ms
[2022-03-27T21:10:03.280+0800][2454.623s] GC(1326) User=0.01s Sys=0.00s Real=0.01s
[2022-03-27T21:10:03.598+0800][2454.941s] GC(1327) Pause Young (Allocation Failure)
[2022-03-27T21:10:03.598+0800][2454.942s] GC(1327) Using 4 workers of 4 for evacuation
[2022-03-27T21:10:03.600+0800][2454.944s] GC(1327) ParNew: 94467K->7118K(109248K)
[2022-03-27T21:10:03.600+0800][2454.944s] GC(1327) CMS: 108597K->108965K(393216K)
[2022-03-27T21:10:03.600+0800][2454.944s] GC(1327) Metaspace: 49912K->49912K(1095680K)
[2022-03-27T21:10:03.600+0800][2454.944s] GC(1327) Pause Young (Allocation Failure) 198M->113M(490M) 2.513ms
[2022-03-27T21:10:03.600+0800][2454.944s] GC(1327) User=0.01s Sys=0.00s Real=0.01s
[2022-03-27T21:10:03.891+0800][2455.235s] GC(1328) Pause Young (Allocation Failure)
[2022-03-27T21:10:03.892+0800][2455.235s] GC(1328) Using 4 workers of 4 for evacuation
[2022-03-27T21:10:03.893+0800][2455.237s] GC(1328) ParNew: 94542K->6958K(109248K)
[2022-03-27T21:10:03.893+0800][2455.237s] GC(1328) CMS: 108965K->109356K(393216K)
[2022-03-27T21:10:03.893+0800][2455.237s] GC(1328) Metaspace: 49912K->49912K(1095680K)
[2022-03-27T21:10:03.893+0800][2455.237s] GC(1328) Pause Young (Allocation Failure) 198M->113M(490M) 1.918ms
[2022-03-27T21:10:03.893+0800][2455.237s] GC(1328) User=0.00s Sys=0.00s Real=0.00s
[2022-03-27T21:10:04.198+0800][2455.541s] GC(1329) Pause Young (Allocation Failure)
[2022-03-27T21:10:04.198+0800][2455.541s] GC(1329) Using 4 workers of 4 for evacuation
[2022-03-27T21:10:04.200+0800][2455.543s] GC(1329) ParNew: 94382K->7101K(109248K)
[2022-03-27T21:10:04.200+0800][2455.543s] GC(1329) CMS: 109356K->109778K(393216K)
[2022-03-27T21:10:04.200+0800][2455.543s] GC(1329) Metaspace: 49912K->49912K(1095680K)
[2022-03-27T21:10:04.200+0800][2455.543s] GC(1329) Pause Young (Allocation Failure) 198M->114M(490M) 2.295ms
[2022-03-27T21:10:04.200+0800][2455.543s] GC(1329) User=0.01s Sys=0.00s Real=0.01s
[2022-03-27T21:10:04.504+0800][2455.847s] GC(1330) Pause Young (Allocation Failure)
[2022-03-27T21:10:04.504+0800][2455.847s] GC(1330) Using 4 workers of 4 for evacuation
[2022-03-27T21:10:04.506+0800][2455.849s] GC(1330) ParNew: 94525K->7899K(109248K)
[2022-03-27T21:10:04.506+0800][2455.849s] GC(1330) CMS: 109778K->110212K(393216K)
[2022-03-27T21:10:04.506+0800][2455.849s] GC(1330) Metaspace: 49912K->49912K(1095680K)
[2022-03-27T21:10:04.506+0800][2455.849s] GC(1330) Pause Young (Allocation Failure) 199M->115M(490M) 2.318ms
[2022-03-27T21:10:04.506+0800][2455.849s] GC(1330) User=0.01s Sys=0.00s Real=0.00s
[2022-03-27T21:10:04.810+0800][2456.154s] GC(1331) Pause Young (Allocation Failure)
[2022-03-27T21:10:04.810+0800][2456.154s] GC(1331) Using 4 workers of 4 for evacuation
[2022-03-27T21:10:04.812+0800][2456.156s] GC(1331) ParNew: 95323K->6989K(109248K)
[2022-03-27T21:10:04.812+0800][2456.156s] GC(1331) CMS: 110212K->110543K(393216K)
[2022-03-27T21:10:04.812+0800][2456.156s] GC(1331) Metaspace: 49912K->49912K(1095680K)
[2022-03-27T21:10:04.812+0800][2456.156s] GC(1331) Pause Young (Allocation Failure) 200M->114M(490M) 1.988ms
[2022-03-27T21:10:04.812+0800][2456.156s] GC(1331) User=0.00s Sys=0.00s Real=0.00s
[2022-03-27T21:10:05.109+0800][2456.452s] GC(1332) Pause Young (Allocation Failure)
[2022-03-27T21:10:05.109+0800][2456.453s] GC(1332) Using 4 workers of 4 for evacuation
[2022-03-27T21:10:05.111+0800][2456.454s] GC(1332) ParNew: 94413K->9460K(109248K)
[2022-03-27T21:10:05.111+0800][2456.454s] GC(1332) CMS: 110543K->110785K(393216K)
[2022-03-27T21:10:05.111+0800][2456.454s] GC(1332) Metaspace: 49912K->49912K(1095680K)
[2022-03-27T21:10:05.111+0800][2456.454s] GC(1332) Pause Young (Allocation Failure) 200M->117M(490M) 1.936ms
[2022-03-27T21:10:05.111+0800][2456.454s] GC(1332) User=0.00s Sys=0.00s Real=0.01s
[2022-03-27T21:10:05.399+0800][2456.742s] GC(1333) Pause Young (Allocation Failure)
[2022-03-27T21:10:05.399+0800][2456.742s] GC(1333) Using 4 workers of 4 for evacuation
[2022-03-27T21:10:05.401+0800][2456.744s] GC(1333) ParNew: 96884K->6424K(109248K)
[2022-03-27T21:10:05.401+0800][2456.744s] GC(1333) CMS: 110785K->111302K(393216K)
[2022-03-27T21:10:05.401+0800][2456.744s] GC(1333) Metaspace: 49912K->49912K(1095680K)
[2022-03-27T21:10:05.401+0800][2456.744s] GC(1333) Pause Young (Allocation Failure) 202M->114M(490M) 2.052ms
[2022-03-27T21:10:05.401+0800][2456.744s] GC(1333) User=0.01s Sys=0.00s Real=0.01s
[2022-03-27T21:10:05.706+0800][2457.049s] GC(1334) Pause Young (Allocation Failure)
[2022-03-27T21:10:05.706+0800][2457.049s] GC(1334) Using 4 workers of 4 for evacuation
[2022-03-27T21:10:05.708+0800][2457.051s] GC(1334) ParNew: 93848K->9047K(109248K)
[2022-03-27T21:10:05.708+0800][2457.052s] GC(1334) CMS: 111302K->111873K(393216K)
[2022-03-27T21:10:05.708+0800][2457.052s] GC(1334) Metaspace: 49912K->49912K(1095680K)
[2022-03-27T21:10:05.708+0800][2457.052s] GC(1334) Pause Young (Allocation Failure) 200M->118M(490M) 2.576ms
[2022-03-27T21:10:05.708+0800][2457.052s] GC(1334) User=0.00s Sys=0.00s Real=0.00s
[2022-03-27T21:10:05.953+0800][2457.296s] GC(1335) Pause Young (Allocation Failure)
[2022-03-27T21:10:05.953+0800][2457.296s] GC(1335) Using 4 workers of 4 for evacuation
[2022-03-27T21:10:05.955+0800][2457.298s] GC(1335) ParNew: 96471K->8088K(109248K)
[2022-03-27T21:10:05.955+0800][2457.298s] GC(1335) CMS: 111873K->112198K(393216K)
[2022-03-27T21:10:05.955+0800][2457.298s] GC(1335) Metaspace: 49912K->49912K(1095680K)
[2022-03-27T21:10:05.955+0800][2457.298s] GC(1335) Pause Young (Allocation Failure) 203M->117M(490M) 2.006ms
[2022-03-27T21:10:05.955+0800][2457.298s] GC(1335) User=0.00s Sys=0.00s Real=0.00s
[2022-03-27T21:10:06.260+0800][2457.603s] GC(1336) Pause Young (Allocation Failure)
[2022-03-27T21:10:06.260+0800][2457.604s] GC(1336) Using 4 workers of 4 for evacuation
[2022-03-27T21:10:06.262+0800][2457.606s] GC(1336) ParNew: 95512K->10417K(109248K)
[2022-03-27T21:10:06.262+0800][2457.606s] GC(1336) CMS: 112198K->112472K(393216K)
[2022-03-27T21:10:06.262+0800][2457.606s] GC(1336) Metaspace: 49912K->49912K(1095680K)
[2022-03-27T21:10:06.262+0800][2457.606s] GC(1336) Pause Young (Allocation Failure) 202M->120M(490M) 2.135ms
[2022-03-27T21:10:06.262+0800][2457.606s] GC(1336) User=0.01s Sys=0.01s Real=0.00s
[2022-03-27T21:10:06.559+0800][2457.902s] GC(1337) Pause Young (Allocation Failure)
[2022-03-27T21:10:06.559+0800][2457.902s] GC(1337) Using 4 workers of 4 for evacuation
[2022-03-27T21:10:06.561+0800][2457.904s] GC(1337) ParNew: 97841K->7983K(109248K)
[2022-03-27T21:10:06.561+0800][2457.904s] GC(1337) CMS: 112472K->112796K(393216K)
[2022-03-27T21:10:06.561+0800][2457.904s] GC(1337) Metaspace: 49912K->49912K(1095680K)
[2022-03-27T21:10:06.561+0800][2457.904s] GC(1337) Pause Young (Allocation Failure) 205M->117M(490M) 2.167ms
[2022-03-27T21:10:06.561+0800][2457.904s] GC(1337) User=0.00s Sys=0.00s Real=0.01s
[2022-03-27T21:10:06.857+0800][2458.201s] GC(1338) Pause Young (Allocation Failure)
[2022-03-27T21:10:06.857+0800][2458.201s] GC(1338) Using 4 workers of 4 for evacuation
[2022-03-27T21:10:06.860+0800][2458.203s] GC(1338) ParNew: 95395K->9263K(109248K)
[2022-03-27T21:10:06.860+0800][2458.203s] GC(1338) CMS: 112796K->113151K(393216K)
[2022-03-27T21:10:06.860+0800][2458.203s] GC(1338) Metaspace: 49912K->49912K(1095680K)
[2022-03-27T21:10:06.860+0800][2458.203s] GC(1338) Pause Young (Allocation Failure) 203M->119M(490M) 2.489ms
[2022-03-27T21:10:06.860+0800][2458.203s] GC(1338) User=0.01s Sys=0.00s Real=0.01s
[2022-03-27T21:10:07.144+0800][2458.488s] GC(1339) Pause Young (Allocation Failure)
[2022-03-27T21:10:07.144+0800][2458.488s] GC(1339) Using 4 workers of 4 for evacuation
[2022-03-27T21:10:07.146+0800][2458.490s] GC(1339) ParNew: 96687K->8522K(109248K)
[2022-03-27T21:10:07.146+0800][2458.490s] GC(1339) CMS: 113151K->113473K(393216K)
[2022-03-27T21:10:07.146+0800][2458.490s] GC(1339) Metaspace: 49912K->49912K(1095680K)
[2022-03-27T21:10:07.146+0800][2458.490s] GC(1339) Pause Young (Allocation Failure) 204M->119M(490M) 2.219ms
[2022-03-27T21:10:07.146+0800][2458.490s] GC(1339) User=0.01s Sys=0.00s Real=0.00s
[2022-03-27T21:10:07.409+0800][2458.752s] GC(1340) Pause Young (Allocation Failure)
[2022-03-27T21:10:07.409+0800][2458.752s] GC(1340) Using 4 workers of 4 for evacuation
[2022-03-27T21:10:07.411+0800][2458.755s] GC(1340) ParNew: 95946K->9657K(109248K)
[2022-03-27T21:10:07.411+0800][2458.755s] GC(1340) CMS: 113473K->113772K(393216K)
[2022-03-27T21:10:07.411+0800][2458.755s] GC(1340) Metaspace: 49912K->49912K(1095680K)
[2022-03-27T21:10:07.411+0800][2458.755s] GC(1340) Pause Young (Allocation Failure) 204M->120M(490M) 2.610ms
[2022-03-27T21:10:07.411+0800][2458.755s] GC(1340) User=0.00s Sys=0.00s Real=0.01s
[2022-03-27T21:10:07.712+0800][2459.056s] GC(1341) Pause Young (Allocation Failure)
[2022-03-27T21:10:07.712+0800][2459.056s] GC(1341) Using 4 workers of 4 for evacuation
[2022-03-27T21:10:07.714+0800][2459.058s] GC(1341) ParNew: 97081K->8755K(109248K)
[2022-03-27T21:10:07.714+0800][2459.058s] GC(1341) CMS: 113772K->114055K(393216K)
[2022-03-27T21:10:07.714+0800][2459.058s] GC(1341) Metaspace: 49912K->49912K(1095680K)
[2022-03-27T21:10:07.714+0800][2459.058s] GC(1341) Pause Young (Allocation Failure) 205M->119M(490M) 2.179ms
[2022-03-27T21:10:07.714+0800][2459.058s] GC(1341) User=0.00s Sys=0.00s Real=0.00s
[2022-03-27T21:10:07.863+0800][2459.206s] GC(1342) Pause Young (Allocation Failure)
[2022-03-27T21:10:07.863+0800][2459.206s] GC(1342) Using 4 workers of 4 for evacuation
[2022-03-27T21:10:07.865+0800][2459.209s] GC(1342) ParNew: 95824K->10395K(109248K)
[2022-03-27T21:10:07.865+0800][2459.209s] GC(1342) CMS: 114055K->115567K(393216K)
[2022-03-27T21:10:07.865+0800][2459.209s] GC(1342) Metaspace: 49912K->49912K(1095680K)
[2022-03-27T21:10:07.865+0800][2459.209s] GC(1342) Pause Young (Allocation Failure) 204M->123M(490M) 2.354ms
[2022-03-27T21:10:07.865+0800][2459.209s] GC(1342) User=0.00s Sys=0.00s Real=0.00s
[2022-03-27T21:10:07.983+0800][2459.327s] GC(1343) Pause Young (Allocation Failure)
[2022-03-27T21:10:07.984+0800][2459.327s] GC(1343) Using 4 workers of 4 for evacuation
[2022-03-27T21:10:07.986+0800][2459.329s] GC(1343) ParNew: 97819K->12379K(109248K)
[2022-03-27T21:10:07.986+0800][2459.329s] GC(1343) CMS: 115567K->115850K(393216K)
[2022-03-27T21:10:07.986+0800][2459.329s] GC(1343) Metaspace: 49912K->49912K(1095680K)
[2022-03-27T21:10:07.986+0800][2459.329s] GC(1343) Pause Young (Allocation Failure) 208M->125M(490M) 2.474ms
[2022-03-27T21:10:07.986+0800][2459.329s] GC(1343) User=0.00s Sys=0.00s Real=0.00s
[2022-03-27T21:10:08.083+0800][2459.426s] GC(1344) Pause Young (Allocation Failure)
[2022-03-27T21:10:08.083+0800][2459.426s] GC(1344) Using 4 workers of 4 for evacuation
[2022-03-27T21:10:08.085+0800][2459.429s] GC(1344) ParNew: 99803K->11574K(109248K)
[2022-03-27T21:10:08.085+0800][2459.429s] GC(1344) CMS: 115850K->116269K(393216K)
[2022-03-27T21:10:08.085+0800][2459.429s] GC(1344) Metaspace: 49912K->49912K(1095680K)
[2022-03-27T21:10:08.085+0800][2459.429s] GC(1344) Pause Young (Allocation Failure) 210M->124M(490M) 2.416ms
[2022-03-27T21:10:08.085+0800][2459.429s] GC(1344) User=0.01s Sys=0.00s Real=0.00s
[2022-03-27T21:10:13.626+0800][2464.970s] GC(1345) Pause Young (Allocation Failure)
[2022-03-27T21:10:13.626+0800][2464.970s] GC(1345) Using 4 workers of 4 for evacuation
[2022-03-27T21:10:13.630+0800][2464.974s] GC(1345) ParNew: 98831K->9528K(109248K)
[2022-03-27T21:10:13.630+0800][2464.974s] GC(1345) CMS: 116269K->116804K(393216K)
[2022-03-27T21:10:13.630+0800][2464.974s] GC(1345) Metaspace: 49912K->49912K(1095680K)
[2022-03-27T21:10:13.630+0800][2464.974s] GC(1345) Pause Young (Allocation Failure) 210M->123M(490M) 4.025ms
[2022-03-27T21:10:13.630+0800][2464.974s] GC(1345) User=0.01s Sys=0.00s Real=0.01s
[2022-03-27T21:10:13.778+0800][2465.121s] GC(1346) Pause Young (Allocation Failure)
[2022-03-27T21:10:13.778+0800][2465.121s] GC(1346) Using 4 workers of 4 for evacuation
[2022-03-27T21:10:13.780+0800][2465.124s] GC(1346) ParNew: 96952K->10831K(109248K)
[2022-03-27T21:10:13.780+0800][2465.124s] GC(1346) CMS: 116804K->117209K(393216K)
[2022-03-27T21:10:13.780+0800][2465.124s] GC(1346) Metaspace: 49913K->49913K(1095680K)
[2022-03-27T21:10:13.780+0800][2465.124s] GC(1346) Pause Young (Allocation Failure) 208M->125M(490M) 2.688ms
[2022-03-27T21:10:13.780+0800][2465.124s] GC(1346) User=0.01s Sys=0.00s Real=0.01s
[2022-03-27T21:10:14.059+0800][2465.402s] GC(1347) Pause Young (Allocation Failure)
[2022-03-27T21:10:14.059+0800][2465.402s] GC(1347) Using 4 workers of 4 for evacuation
[2022-03-27T21:10:14.061+0800][2465.405s] GC(1347) ParNew: 98255K->11911K(109248K)
[2022-03-27T21:10:14.061+0800][2465.405s] GC(1347) CMS: 117209K->117615K(393216K)
[2022-03-27T21:10:14.061+0800][2465.405s] GC(1347) Metaspace: 49913K->49913K(1095680K)
[2022-03-27T21:10:14.061+0800][2465.405s] GC(1347) Pause Young (Allocation Failure) 210M->126M(490M) 2.580ms
[2022-03-27T21:10:14.061+0800][2465.405s] GC(1347) User=0.00s Sys=0.00s Real=0.01s
[2022-03-27T21:10:14.373+0800][2465.716s] GC(1348) Pause Young (Allocation Failure)
[2022-03-27T21:10:14.373+0800][2465.716s] GC(1348) Using 4 workers of 4 for evacuation
[2022-03-27T21:10:14.376+0800][2465.719s] GC(1348) ParNew: 99335K->8904K(109248K)
[2022-03-27T21:10:14.376+0800][2465.719s] GC(1348) CMS: 117615K->120539K(393216K)
[2022-03-27T21:10:14.376+0800][2465.719s] GC(1348) Metaspace: 49913K->49913K(1095680K)
[2022-03-27T21:10:14.376+0800][2465.719s] GC(1348) Pause Young (Allocation Failure) 211M->126M(490M) 3.473ms
[2022-03-27T21:10:14.376+0800][2465.720s] GC(1348) User=0.01s Sys=0.00s Real=0.00s
[2022-03-27T21:10:14.689+0800][2466.033s] GC(1349) Pause Young (Allocation Failure)
[2022-03-27T21:10:14.690+0800][2466.033s] GC(1349) Using 4 workers of 4 for evacuation
[2022-03-27T21:10:14.692+0800][2466.036s] GC(1349) ParNew: 96328K->9037K(109248K)
[2022-03-27T21:10:14.692+0800][2466.036s] GC(1349) CMS: 120539K->121082K(393216K)
[2022-03-27T21:10:14.692+0800][2466.036s] GC(1349) Metaspace: 49913K->49913K(1095680K)
[2022-03-27T21:10:14.692+0800][2466.036s] GC(1349) Pause Young (Allocation Failure) 211M->127M(490M) 2.686ms
[2022-03-27T21:10:14.692+0800][2466.036s] GC(1349) User=0.01s Sys=0.00s Real=0.01s
[2022-03-27T21:10:14.978+0800][2466.322s] GC(1350) Pause Young (Allocation Failure)
[2022-03-27T21:10:14.978+0800][2466.322s] GC(1350) Using 4 workers of 4 for evacuation
[2022-03-27T21:10:14.981+0800][2466.324s] GC(1350) ParNew: 96461K->10385K(109248K)
[2022-03-27T21:10:14.981+0800][2466.324s] GC(1350) CMS: 121082K->121539K(393216K)
[2022-03-27T21:10:14.981+0800][2466.324s] GC(1350) Metaspace: 49913K->49913K(1095680K)
[2022-03-27T21:10:14.981+0800][2466.324s] GC(1350) Pause Young (Allocation Failure) 212M->128M(490M) 2.378ms
[2022-03-27T21:10:14.981+0800][2466.324s] GC(1350) User=0.01s Sys=0.00s Real=0.01s
[2022-03-27T21:10:15.295+0800][2466.639s] GC(1351) Pause Young (Allocation Failure)
[2022-03-27T21:10:15.295+0800][2466.639s] GC(1351) Using 4 workers of 4 for evacuation
[2022-03-27T21:10:15.297+0800][2466.641s] GC(1351) ParNew: 97809K->8951K(109248K)
[2022-03-27T21:10:15.297+0800][2466.641s] GC(1351) CMS: 121539K->121568K(393216K)
[2022-03-27T21:10:15.297+0800][2466.641s] GC(1351) Metaspace: 49913K->49913K(1095680K)
[2022-03-27T21:10:15.297+0800][2466.641s] GC(1351) Pause Young (Allocation Failure) 214M->127M(490M) 2.244ms
[2022-03-27T21:10:15.297+0800][2466.641s] GC(1351) User=0.01s Sys=0.00s Real=0.00s
[2022-03-27T21:10:15.586+0800][2466.930s] GC(1352) Pause Young (Allocation Failure)
[2022-03-27T21:10:15.586+0800][2466.930s] GC(1352) Using 4 workers of 4 for evacuation
[2022-03-27T21:10:15.588+0800][2466.932s] GC(1352) ParNew: 96375K->12073K(109248K)
[2022-03-27T21:10:15.588+0800][2466.932s] GC(1352) CMS: 121568K->121582K(393216K)
[2022-03-27T21:10:15.588+0800][2466.932s] GC(1352) Metaspace: 49913K->49913K(1095680K)
[2022-03-27T21:10:15.589+0800][2466.932s] GC(1352) Pause Young (Allocation Failure) 212M->130M(490M) 2.260ms
[2022-03-27T21:10:15.589+0800][2466.932s] GC(1352) User=0.00s Sys=0.00s Real=0.00s
[2022-03-27T21:10:15.856+0800][2467.199s] GC(1353) Pause Young (Allocation Failure)
[2022-03-27T21:10:15.856+0800][2467.199s] GC(1353) Using 4 workers of 4 for evacuation
[2022-03-27T21:10:15.858+0800][2467.201s] GC(1353) ParNew: 99497K->10875K(109248K)
[2022-03-27T21:10:15.858+0800][2467.201s] GC(1353) CMS: 121582K->121629K(393216K)
[2022-03-27T21:10:15.858+0800][2467.201s] GC(1353) Metaspace: 49913K->49913K(1095680K)
[2022-03-27T21:10:15.858+0800][2467.201s] GC(1353) Pause Young (Allocation Failure) 215M->129M(490M) 2.178ms
[2022-03-27T21:10:15.858+0800][2467.201s] GC(1353) User=0.00s Sys=0.00s Real=0.00s
[2022-03-27T21:10:16.139+0800][2467.482s] GC(1354) Pause Young (Allocation Failure)
[2022-03-27T21:10:16.139+0800][2467.482s] GC(1354) Using 4 workers of 4 for evacuation
[2022-03-27T21:10:16.141+0800][2467.484s] GC(1354) ParNew: 98299K->9380K(109248K)
[2022-03-27T21:10:16.141+0800][2467.484s] GC(1354) CMS: 121629K->125240K(393216K)
[2022-03-27T21:10:16.141+0800][2467.484s] GC(1354) Metaspace: 49913K->49913K(1095680K)
[2022-03-27T21:10:16.141+0800][2467.484s] GC(1354) Pause Young (Allocation Failure) 214M->131M(490M) 2.411ms
[2022-03-27T21:10:16.141+0800][2467.484s] GC(1354) User=0.00s Sys=0.00s Real=0.01s
[2022-03-27T21:10:16.441+0800][2467.784s] GC(1355) Pause Young (Allocation Failure)
[2022-03-27T21:10:16.441+0800][2467.784s] GC(1355) Using 4 workers of 4 for evacuation
[2022-03-27T21:10:16.443+0800][2467.786s] GC(1355) ParNew: 96804K->7378K(109248K)
[2022-03-27T21:10:16.443+0800][2467.786s] GC(1355) CMS: 125240K->125801K(393216K)
[2022-03-27T21:10:16.443+0800][2467.786s] GC(1355) Metaspace: 49913K->49913K(1095680K)
[2022-03-27T21:10:16.443+0800][2467.786s] GC(1355) Pause Young (Allocation Failure) 216M->130M(490M) 1.953ms
[2022-03-27T21:10:16.443+0800][2467.786s] GC(1355) User=0.00s Sys=0.00s Real=0.00s
[2022-03-27T21:10:16.726+0800][2468.070s] GC(1356) Pause Young (Allocation Failure)
[2022-03-27T21:10:16.726+0800][2468.070s] GC(1356) Using 4 workers of 4 for evacuation
[2022-03-27T21:10:16.728+0800][2468.071s] GC(1356) ParNew: 94802K->6952K(109248K)
[2022-03-27T21:10:16.728+0800][2468.071s] GC(1356) CMS: 125801K->126073K(393216K)
[2022-03-27T21:10:16.728+0800][2468.071s] GC(1356) Metaspace: 49913K->49913K(1095680K)
[2022-03-27T21:10:16.728+0800][2468.071s] GC(1356) Pause Young (Allocation Failure) 215M->129M(490M) 1.875ms
[2022-03-27T21:10:16.728+0800][2468.071s] GC(1356) User=0.01s Sys=0.00s Real=0.00s
[2022-03-27T21:10:17.007+0800][2468.350s] GC(1357) Pause Young (Allocation Failure)
[2022-03-27T21:10:17.007+0800][2468.351s] GC(1357) Using 4 workers of 4 for evacuation
[2022-03-27T21:10:17.009+0800][2468.352s] GC(1357) ParNew: 94376K->7486K(109248K)
[2022-03-27T21:10:17.009+0800][2468.352s] GC(1357) CMS: 126073K->126730K(393216K)
[2022-03-27T21:10:17.009+0800][2468.352s] GC(1357) Metaspace: 49913K->49913K(1095680K)
[2022-03-27T21:10:17.009+0800][2468.353s] GC(1357) Pause Young (Allocation Failure) 215M->131M(490M) 2.077ms
[2022-03-27T21:10:17.009+0800][2468.353s] GC(1357) User=0.00s Sys=0.00s Real=0.00s
[2022-03-27T21:10:17.303+0800][2468.646s] GC(1358) Pause Young (Allocation Failure)
[2022-03-27T21:10:17.303+0800][2468.646s] GC(1358) Using 4 workers of 4 for evacuation
[2022-03-27T21:10:17.305+0800][2468.648s] GC(1358) ParNew: 94910K->6640K(109248K)
[2022-03-27T21:10:17.305+0800][2468.648s] GC(1358) CMS: 126730K->127135K(393216K)
[2022-03-27T21:10:17.305+0800][2468.648s] GC(1358) Metaspace: 49913K->49913K(1095680K)
[2022-03-27T21:10:17.305+0800][2468.648s] GC(1358) Pause Young (Allocation Failure) 216M->130M(490M) 1.953ms
[2022-03-27T21:10:17.305+0800][2468.648s] GC(1358) User=0.00s Sys=0.00s Real=0.00s
[2022-03-27T21:10:17.601+0800][2468.945s] GC(1359) Pause Young (Allocation Failure)
[2022-03-27T21:10:17.601+0800][2468.945s] GC(1359) Using 4 workers of 4 for evacuation
[2022-03-27T21:10:17.603+0800][2468.947s] GC(1359) ParNew: 94064K->7559K(109248K)
[2022-03-27T21:10:17.603+0800][2468.947s] GC(1359) CMS: 127135K->127448K(393216K)
[2022-03-27T21:10:17.603+0800][2468.947s] GC(1359) Metaspace: 49913K->49913K(1095680K)
[2022-03-27T21:10:17.603+0800][2468.947s] GC(1359) Pause Young (Allocation Failure) 216M->131M(490M) 2.076ms
[2022-03-27T21:10:17.603+0800][2468.947s] GC(1359) User=0.00s Sys=0.00s Real=0.00s
[2022-03-27T21:10:17.885+0800][2469.229s] GC(1360) Pause Young (Allocation Failure)
[2022-03-27T21:10:17.885+0800][2469.229s] GC(1360) Using 4 workers of 4 for evacuation
[2022-03-27T21:10:17.888+0800][2469.231s] GC(1360) ParNew: 94983K->7015K(109248K)
[2022-03-27T21:10:17.888+0800][2469.231s] GC(1360) CMS: 127448K->127830K(393216K)
[2022-03-27T21:10:17.888+0800][2469.231s] GC(1360) Metaspace: 49913K->49913K(1095680K)
[2022-03-27T21:10:17.888+0800][2469.231s] GC(1360) Pause Young (Allocation Failure) 217M->131M(490M) 2.411ms
[2022-03-27T21:10:17.888+0800][2469.231s] GC(1360) User=0.01s Sys=0.00s Real=0.00s
[2022-03-27T21:10:18.177+0800][2469.521s] GC(1361) Pause Young (Allocation Failure)
[2022-03-27T21:10:18.178+0800][2469.521s] GC(1361) Using 4 workers of 4 for evacuation
[2022-03-27T21:10:18.180+0800][2469.523s] GC(1361) ParNew: 94439K->7627K(109248K)
[2022-03-27T21:10:18.180+0800][2469.523s] GC(1361) CMS: 127830K->128138K(393216K)
[2022-03-27T21:10:18.180+0800][2469.523s] GC(1361) Metaspace: 49913K->49913K(1095680K)
[2022-03-27T21:10:18.180+0800][2469.523s] GC(1361) Pause Young (Allocation Failure) 217M->132M(490M) 2.186ms
[2022-03-27T21:10:18.180+0800][2469.523s] GC(1361) User=0.01s Sys=0.00s Real=0.01s
[2022-03-27T21:10:18.491+0800][2469.834s] GC(1362) Pause Young (Allocation Failure)
[2022-03-27T21:10:18.491+0800][2469.834s] GC(1362) Using 4 workers of 4 for evacuation
[2022-03-27T21:10:18.493+0800][2469.836s] GC(1362) ParNew: 95051K->6461K(109248K)
[2022-03-27T21:10:18.493+0800][2469.836s] GC(1362) CMS: 128138K->128933K(393216K)
[2022-03-27T21:10:18.493+0800][2469.836s] GC(1362) Metaspace: 49913K->49913K(1095680K)
[2022-03-27T21:10:18.493+0800][2469.836s] GC(1362) Pause Young (Allocation Failure) 217M->132M(490M) 2.133ms
[2022-03-27T21:10:18.493+0800][2469.836s] GC(1362) User=0.00s Sys=0.00s Real=0.00s
[2022-03-27T21:10:18.793+0800][2470.137s] GC(1363) Pause Young (Allocation Failure)
[2022-03-27T21:10:18.793+0800][2470.137s] GC(1363) Using 4 workers of 4 for evacuation
[2022-03-27T21:10:18.796+0800][2470.140s] GC(1363) ParNew: 93885K->7588K(109248K)
[2022-03-27T21:10:18.796+0800][2470.140s] GC(1363) CMS: 128933K->129236K(393216K)
[2022-03-27T21:10:18.796+0800][2470.140s] GC(1363) Metaspace: 49913K->49913K(1095680K)
[2022-03-27T21:10:18.796+0800][2470.140s] GC(1363) Pause Young (Allocation Failure) 217M->133M(490M) 2.894ms
[2022-03-27T21:10:18.796+0800][2470.140s] GC(1363) User=0.01s Sys=0.00s Real=0.00s
[2022-03-27T21:10:19.078+0800][2470.421s] GC(1364) Pause Young (Allocation Failure)
[2022-03-27T21:10:19.078+0800][2470.421s] GC(1364) Using 4 workers of 4 for evacuation
[2022-03-27T21:10:19.080+0800][2470.423s] GC(1364) ParNew: 95012K->6588K(109248K)
[2022-03-27T21:10:19.080+0800][2470.423s] GC(1364) CMS: 129236K->129629K(393216K)
[2022-03-27T21:10:19.080+0800][2470.423s] GC(1364) Metaspace: 49913K->49913K(1095680K)
[2022-03-27T21:10:19.080+0800][2470.423s] GC(1364) Pause Young (Allocation Failure) 218M->133M(490M) 1.890ms
[2022-03-27T21:10:19.080+0800][2470.423s] GC(1364) User=0.01s Sys=0.00s Real=0.01s
[2022-03-27T21:10:19.359+0800][2470.702s] GC(1365) Pause Young (Allocation Failure)
[2022-03-27T21:10:19.359+0800][2470.702s] GC(1365) Using 4 workers of 4 for evacuation
[2022-03-27T21:10:19.360+0800][2470.704s] GC(1365) ParNew: 94012K->7813K(109248K)
[2022-03-27T21:10:19.360+0800][2470.704s] GC(1365) CMS: 129629K->129981K(393216K)
[2022-03-27T21:10:19.360+0800][2470.704s] GC(1365) Metaspace: 49913K->49913K(1095680K)
[2022-03-27T21:10:19.361+0800][2470.704s] GC(1365) Pause Young (Allocation Failure) 218M->134M(490M) 1.930ms
[2022-03-27T21:10:19.361+0800][2470.704s] GC(1365) User=0.00s Sys=0.00s Real=0.01s
[2022-03-27T21:10:19.642+0800][2470.985s] GC(1366) Pause Young (Allocation Failure)
[2022-03-27T21:10:19.642+0800][2470.985s] GC(1366) Using 4 workers of 4 for evacuation
[2022-03-27T21:10:19.644+0800][2470.987s] GC(1366) ParNew: 95237K->7110K(109248K)
[2022-03-27T21:10:19.644+0800][2470.987s] GC(1366) CMS: 129981K->130350K(393216K)
[2022-03-27T21:10:19.644+0800][2470.987s] GC(1366) Metaspace: 49913K->49913K(1095680K)
[2022-03-27T21:10:19.644+0800][2470.987s] GC(1366) Pause Young (Allocation Failure) 219M->134M(490M) 2.294ms
[2022-03-27T21:10:19.644+0800][2470.987s] GC(1366) User=0.01s Sys=0.00s Real=0.00s
[2022-03-27T21:10:19.944+0800][2471.288s] GC(1367) Pause Young (Allocation Failure)
[2022-03-27T21:10:19.944+0800][2471.288s] GC(1367) Using 4 workers of 4 for evacuation
[2022-03-27T21:10:19.947+0800][2471.290s] GC(1367) ParNew: 94534K->7121K(109248K)
[2022-03-27T21:10:19.947+0800][2471.290s] GC(1367) CMS: 130350K->130735K(393216K)
[2022-03-27T21:10:19.947+0800][2471.290s] GC(1367) Metaspace: 49913K->49913K(1095680K)
[2022-03-27T21:10:19.947+0800][2471.290s] GC(1367) Pause Young (Allocation Failure) 219M->134M(490M) 2.385ms
[2022-03-27T21:10:19.947+0800][2471.290s] GC(1367) User=0.00s Sys=0.00s Real=0.00s
[2022-03-27T21:10:20.254+0800][2471.597s] GC(1368) Pause Young (Allocation Failure)
[2022-03-27T21:10:20.254+0800][2471.597s] GC(1368) Using 4 workers of 4 for evacuation
[2022-03-27T21:10:20.256+0800][2471.599s] GC(1368) ParNew: 94545K->9066K(109248K)
[2022-03-27T21:10:20.256+0800][2471.599s] GC(1368) CMS: 130735K->131177K(393216K)
[2022-03-27T21:10:20.256+0800][2471.599s] GC(1368) Metaspace: 49913K->49913K(1095680K)
[2022-03-27T21:10:20.256+0800][2471.599s] GC(1368) Pause Young (Allocation Failure) 220M->136M(490M) 2.156ms
[2022-03-27T21:10:20.256+0800][2471.599s] GC(1368) User=0.01s Sys=0.00s Real=0.00s
[2022-03-27T21:10:20.530+0800][2471.874s] GC(1369) Pause Young (Allocation Failure)
[2022-03-27T21:10:20.530+0800][2471.874s] GC(1369) Using 4 workers of 4 for evacuation
[2022-03-27T21:10:20.532+0800][2471.876s] GC(1369) ParNew: 95935K->6916K(109248K)
[2022-03-27T21:10:20.532+0800][2471.876s] GC(1369) CMS: 131177K->131612K(393216K)
[2022-03-27T21:10:20.532+0800][2471.876s] GC(1369) Metaspace: 49913K->49913K(1095680K)
[2022-03-27T21:10:20.532+0800][2471.876s] GC(1369) Pause Young (Allocation Failure) 221M->135M(490M) 2.018ms
[2022-03-27T21:10:20.532+0800][2471.876s] GC(1369) User=0.00s Sys=0.00s Real=0.00s
[2022-03-27T21:10:20.808+0800][2472.151s] GC(1370) Pause Young (Allocation Failure)
[2022-03-27T21:10:20.808+0800][2472.151s] GC(1370) Using 4 workers of 4 for evacuation
[2022-03-27T21:10:20.810+0800][2472.153s] GC(1370) ParNew: 94340K->8835K(109248K)
[2022-03-27T21:10:20.810+0800][2472.154s] GC(1370) CMS: 131612K->131861K(393216K)
[2022-03-27T21:10:20.810+0800][2472.154s] GC(1370) Metaspace: 49913K->49913K(1095680K)
[2022-03-27T21:10:20.810+0800][2472.154s] GC(1370) Pause Young (Allocation Failure) 220M->137M(490M) 2.167ms
[2022-03-27T21:10:20.810+0800][2472.154s] GC(1370) User=0.01s Sys=0.00s Real=0.01s
[2022-03-27T21:10:21.109+0800][2472.453s] GC(1371) Pause Young (Allocation Failure)
[2022-03-27T21:10:21.110+0800][2472.453s] GC(1371) Using 4 workers of 4 for evacuation
[2022-03-27T21:10:21.111+0800][2472.455s] GC(1371) ParNew: 96259K->9189K(109248K)
[2022-03-27T21:10:21.111+0800][2472.455s] GC(1371) CMS: 131861K->132207K(393216K)
[2022-03-27T21:10:21.111+0800][2472.455s] GC(1371) Metaspace: 49913K->49913K(1095680K)
[2022-03-27T21:10:21.111+0800][2472.455s] GC(1371) Pause Young (Allocation Failure) 222M->138M(490M) 2.062ms
[2022-03-27T21:10:21.111+0800][2472.455s] GC(1371) User=0.01s Sys=0.00s Real=0.01s
[2022-03-27T21:10:21.398+0800][2472.741s] GC(1372) Pause Young (Allocation Failure)
[2022-03-27T21:10:21.398+0800][2472.741s] GC(1372) Using 4 workers of 4 for evacuation
[2022-03-27T21:10:21.400+0800][2472.743s] GC(1372) ParNew: 96613K->8023K(109248K)
[2022-03-27T21:10:21.400+0800][2472.744s] GC(1372) CMS: 132207K->132527K(393216K)
[2022-03-27T21:10:21.400+0800][2472.744s] GC(1372) Metaspace: 49913K->49913K(1095680K)
[2022-03-27T21:10:21.400+0800][2472.744s] GC(1372) Pause Young (Allocation Failure) 223M->137M(490M) 2.268ms
[2022-03-27T21:10:21.400+0800][2472.744s] GC(1372) User=0.01s Sys=0.00s Real=0.01s
[2022-03-27T21:10:21.744+0800][2473.087s] GC(1373) Pause Young (Allocation Failure)
[2022-03-27T21:10:21.744+0800][2473.087s] GC(1373) Using 4 workers of 4 for evacuation
[2022-03-27T21:10:21.746+0800][2473.089s] GC(1373) ParNew: 95447K->9151K(109248K)
[2022-03-27T21:10:21.746+0800][2473.089s] GC(1373) CMS: 132527K->132863K(393216K)
[2022-03-27T21:10:21.746+0800][2473.089s] GC(1373) Metaspace: 49913K->49913K(1095680K)
[2022-03-27T21:10:21.746+0800][2473.089s] GC(1373) Pause Young (Allocation Failure) 222M->138M(490M) 2.143ms
[2022-03-27T21:10:21.746+0800][2473.089s] GC(1373) User=0.01s Sys=0.00s Real=0.00s
[2022-03-27T21:10:22.033+0800][2473.376s] GC(1374) Pause Young (Allocation Failure)
[2022-03-27T21:10:22.033+0800][2473.377s] GC(1374) Using 4 workers of 4 for evacuation
[2022-03-27T21:10:22.035+0800][2473.378s] GC(1374) ParNew: 96575K->9639K(109248K)
[2022-03-27T21:10:22.035+0800][2473.379s] GC(1374) CMS: 132863K->133248K(393216K)
[2022-03-27T21:10:22.035+0800][2473.379s] GC(1374) Metaspace: 49913K->49913K(1095680K)
[2022-03-27T21:10:22.035+0800][2473.379s] GC(1374) Pause Young (Allocation Failure) 224M->139M(490M) 2.072ms
[2022-03-27T21:10:22.035+0800][2473.379s] GC(1374) User=0.00s Sys=0.00s Real=0.00s
[2022-03-27T21:10:22.317+0800][2473.661s] GC(1375) Pause Young (Allocation Failure)
[2022-03-27T21:10:22.317+0800][2473.661s] GC(1375) Using 4 workers of 4 for evacuation
[2022-03-27T21:10:22.321+0800][2473.664s] GC(1375) ParNew: 97063K->8403K(109248K)
[2022-03-27T21:10:22.321+0800][2473.664s] GC(1375) CMS: 133248K->133520K(393216K)
[2022-03-27T21:10:22.321+0800][2473.664s] GC(1375) Metaspace: 49913K->49913K(1095680K)
[2022-03-27T21:10:22.321+0800][2473.664s] GC(1375) Pause Young (Allocation Failure) 224M->138M(490M) 3.440ms
[2022-03-27T21:10:22.321+0800][2473.664s] GC(1375) User=0.01s Sys=0.00s Real=0.01s
[2022-03-27T21:10:22.640+0800][2473.984s] GC(1376) Pause Young (Allocation Failure)
[2022-03-27T21:10:22.640+0800][2473.984s] GC(1376) Using 4 workers of 4 for evacuation
[2022-03-27T21:10:22.642+0800][2473.986s] GC(1376) ParNew: 95827K->9281K(109248K)
[2022-03-27T21:10:22.642+0800][2473.986s] GC(1376) CMS: 133520K->133865K(393216K)
[2022-03-27T21:10:22.642+0800][2473.986s] GC(1376) Metaspace: 49913K->49913K(1095680K)
[2022-03-27T21:10:22.642+0800][2473.986s] GC(1376) Pause Young (Allocation Failure) 223M->139M(490M) 2.207ms
[2022-03-27T21:10:22.642+0800][2473.986s] GC(1376) User=0.00s Sys=0.00s Real=0.00s
[2022-03-27T21:10:22.872+0800][2474.215s] GC(1377) Pause Young (Allocation Failure)
[2022-03-27T21:10:22.872+0800][2474.215s] GC(1377) Using 4 workers of 4 for evacuation
[2022-03-27T21:10:22.874+0800][2474.217s] GC(1377) ParNew: 96426K->8213K(109248K)
[2022-03-27T21:10:22.874+0800][2474.217s] GC(1377) CMS: 133865K->134221K(393216K)
[2022-03-27T21:10:22.874+0800][2474.217s] GC(1377) Metaspace: 49913K->49913K(1095680K)
[2022-03-27T21:10:22.874+0800][2474.217s] GC(1377) Pause Young (Allocation Failure) 224M->139M(490M) 2.341ms
[2022-03-27T21:10:22.874+0800][2474.217s] GC(1377) User=0.01s Sys=0.00s Real=0.00s
[2022-03-27T21:10:22.985+0800][2474.328s] GC(1378) Pause Young (Allocation Failure)
[2022-03-27T21:10:22.985+0800][2474.329s] GC(1378) Using 4 workers of 4 for evacuation
[2022-03-27T21:10:22.987+0800][2474.331s] GC(1378) ParNew: 95637K->11488K(109248K)
[2022-03-27T21:10:22.987+0800][2474.331s] GC(1378) CMS: 134221K->135494K(393216K)
[2022-03-27T21:10:22.987+0800][2474.331s] GC(1378) Metaspace: 49914K->49914K(1095680K)
[2022-03-27T21:10:22.987+0800][2474.331s] GC(1378) Pause Young (Allocation Failure) 224M->143M(490M) 2.221ms
[2022-03-27T21:10:22.987+0800][2474.331s] GC(1378) User=0.00s Sys=0.00s Real=0.00s
[2022-03-27T21:10:23.090+0800][2474.433s] GC(1379) Pause Young (Allocation Failure)
[2022-03-27T21:10:23.090+0800][2474.433s] GC(1379) Using 4 workers of 4 for evacuation
[2022-03-27T21:10:23.092+0800][2474.435s] GC(1379) ParNew: 98912K->13200K(109248K)
[2022-03-27T21:10:23.092+0800][2474.435s] GC(1379) CMS: 135494K->135959K(393216K)
[2022-03-27T21:10:23.092+0800][2474.435s] GC(1379) Metaspace: 49914K->49914K(1095680K)
[2022-03-27T21:10:23.092+0800][2474.435s] GC(1379) Pause Young (Allocation Failure) 228M->145M(490M) 2.423ms
[2022-03-27T21:10:23.092+0800][2474.435s] GC(1379) User=0.01s Sys=0.00s Real=0.00s
[2022-03-27T21:10:28.106+0800][2479.450s] GC(1380) Pause Young (Allocation Failure)
[2022-03-27T21:10:28.115+0800][2479.459s] GC(1380) Using 4 workers of 4 for evacuation
[2022-03-27T21:10:28.121+0800][2479.464s] GC(1380) ParNew: 100624K->11543K(109248K)
[2022-03-27T21:10:28.121+0800][2479.464s] GC(1380) CMS: 135959K->136227K(393216K)
[2022-03-27T21:10:28.121+0800][2479.464s] GC(1380) Metaspace: 49914K->49914K(1095680K)
[2022-03-27T21:10:28.121+0800][2479.464s] GC(1380) Pause Young (Allocation Failure) 231M->144M(490M) 14.382ms
[2022-03-27T21:10:28.121+0800][2479.464s] GC(1380) User=0.01s Sys=0.00s Real=0.02s
[2022-03-27T21:10:28.991+0800][2480.334s] GC(1381) Pause Young (Allocation Failure)
[2022-03-27T21:10:28.991+0800][2480.334s] GC(1381) Using 4 workers of 4 for evacuation
[2022-03-27T21:10:28.994+0800][2480.338s] GC(1381) ParNew: 98967K->12671K(109248K)
[2022-03-27T21:10:28.994+0800][2480.338s] GC(1381) CMS: 136227K->136872K(393216K)
[2022-03-27T21:10:28.994+0800][2480.338s] GC(1381) Metaspace: 49915K->49915K(1095680K)
[2022-03-27T21:10:28.994+0800][2480.338s] GC(1381) Pause Young (Allocation Failure) 229M->146M(490M) 3.196ms
[2022-03-27T21:10:28.994+0800][2480.338s] GC(1381) User=0.01s Sys=0.00s Real=0.00s
[2022-03-27T21:10:29.300+0800][2480.643s] GC(1382) Pause Young (Allocation Failure)
[2022-03-27T21:10:29.300+0800][2480.643s] GC(1382) Using 4 workers of 4 for evacuation
[2022-03-27T21:10:29.302+0800][2480.646s] GC(1382) ParNew: 100095K->10755K(109248K)
[2022-03-27T21:10:29.302+0800][2480.646s] GC(1382) CMS: 136872K->137599K(393216K)
[2022-03-27T21:10:29.302+0800][2480.646s] GC(1382) Metaspace: 49915K->49915K(1095680K)
[2022-03-27T21:10:29.302+0800][2480.646s] GC(1382) Pause Young (Allocation Failure) 231M->144M(490M) 2.754ms
[2022-03-27T21:10:29.302+0800][2480.646s] GC(1382) User=0.01s Sys=0.00s Real=0.00s
[2022-03-27T21:10:29.582+0800][2480.925s] GC(1383) Pause Young (Allocation Failure)
[2022-03-27T21:10:29.582+0800][2480.925s] GC(1383) Using 4 workers of 4 for evacuation
[2022-03-27T21:10:29.584+0800][2480.928s] GC(1383) ParNew: 98167K->11115K(109248K)
[2022-03-27T21:10:29.584+0800][2480.928s] GC(1383) CMS: 137599K->140460K(393216K)
[2022-03-27T21:10:29.584+0800][2480.928s] GC(1383) Metaspace: 49915K->49915K(1095680K)
[2022-03-27T21:10:29.584+0800][2480.928s] GC(1383) Pause Young (Allocation Failure) 230M->148M(490M) 2.369ms
[2022-03-27T21:10:29.584+0800][2480.928s] GC(1383) User=0.01s Sys=0.00s Real=0.00s
[2022-03-27T21:10:29.771+0800][2481.114s] GC(1384) Pause Young (Allocation Failure)
[2022-03-27T21:10:29.771+0800][2481.114s] GC(1384) Using 4 workers of 4 for evacuation
[2022-03-27T21:10:29.773+0800][2481.117s] GC(1384) ParNew: 98539K->9017K(109248K)
[2022-03-27T21:10:29.773+0800][2481.117s] GC(1384) CMS: 140460K->140870K(393216K)
[2022-03-27T21:10:29.773+0800][2481.117s] GC(1384) Metaspace: 49915K->49915K(1095680K)
[2022-03-27T21:10:29.773+0800][2481.117s] GC(1384) Pause Young (Allocation Failure) 233M->146M(490M) 2.306ms
[2022-03-27T21:10:29.773+0800][2481.117s] GC(1384) User=0.01s Sys=0.01s Real=0.00s
[2022-03-27T21:10:29.959+0800][2481.302s] GC(1385) Pause Young (Allocation Failure)
[2022-03-27T21:10:29.959+0800][2481.302s] GC(1385) Using 4 workers of 4 for evacuation
[2022-03-27T21:10:29.961+0800][2481.304s] GC(1385) ParNew: 96441K->9102K(109248K)
[2022-03-27T21:10:29.961+0800][2481.304s] GC(1385) CMS: 140870K->141128K(393216K)
[2022-03-27T21:10:29.961+0800][2481.305s] GC(1385) Metaspace: 49915K->49915K(1095680K)
[2022-03-27T21:10:29.961+0800][2481.305s] GC(1385) Pause Young (Allocation Failure) 231M->146M(490M) 2.263ms
[2022-03-27T21:10:29.961+0800][2481.305s] GC(1385) User=0.01s Sys=0.00s Real=0.01s
[2022-03-27T21:10:30.085+0800][2481.429s] GC(1386) Pause Young (Allocation Failure)
[2022-03-27T21:10:30.085+0800][2481.429s] GC(1386) Using 4 workers of 4 for evacuation
[2022-03-27T21:10:30.087+0800][2481.431s] GC(1386) ParNew: 96526K->10349K(109248K)
[2022-03-27T21:10:30.087+0800][2481.431s] GC(1386) CMS: 141128K->141230K(393216K)
[2022-03-27T21:10:30.087+0800][2481.431s] GC(1386) Metaspace: 49915K->49915K(1095680K)
[2022-03-27T21:10:30.087+0800][2481.431s] GC(1386) Pause Young (Allocation Failure) 232M->148M(490M) 2.264ms
[2022-03-27T21:10:30.087+0800][2481.431s] GC(1386) User=0.01s Sys=0.00s Real=0.00s
[2022-03-27T21:10:30.281+0800][2481.625s] GC(1387) Pause Young (Allocation Failure)
[2022-03-27T21:10:30.281+0800][2481.625s] GC(1387) Using 4 workers of 4 for evacuation
[2022-03-27T21:10:30.283+0800][2481.627s] GC(1387) ParNew: 97773K->10105K(109248K)
[2022-03-27T21:10:30.283+0800][2481.627s] GC(1387) CMS: 141230K->141238K(393216K)
[2022-03-27T21:10:30.283+0800][2481.627s] GC(1387) Metaspace: 49915K->49915K(1095680K)
[2022-03-27T21:10:30.283+0800][2481.627s] GC(1387) Pause Young (Allocation Failure) 233M->147M(490M) 2.163ms
[2022-03-27T21:10:30.283+0800][2481.627s] GC(1387) User=0.01s Sys=0.00s Real=0.00s
[2022-03-27T21:10:30.503+0800][2481.846s] GC(1388) Pause Young (Allocation Failure)
[2022-03-27T21:10:30.503+0800][2481.846s] GC(1388) Using 4 workers of 4 for evacuation
[2022-03-27T21:10:30.505+0800][2481.849s] GC(1388) ParNew: 97529K->10173K(109248K)
[2022-03-27T21:10:30.505+0800][2481.849s] GC(1388) CMS: 141238K->141259K(393216K)
[2022-03-27T21:10:30.505+0800][2481.849s] GC(1388) Metaspace: 49915K->49915K(1095680K)
[2022-03-27T21:10:30.505+0800][2481.849s] GC(1388) Pause Young (Allocation Failure) 233M->147M(490M) 2.239ms
[2022-03-27T21:10:30.505+0800][2481.849s] GC(1388) User=0.00s Sys=0.00s Real=0.00s
[2022-03-27T21:10:30.751+0800][2482.094s] GC(1389) Pause Young (Allocation Failure)
[2022-03-27T21:10:30.751+0800][2482.094s] GC(1389) Using 4 workers of 4 for evacuation
[2022-03-27T21:10:30.753+0800][2482.097s] GC(1389) ParNew: 97597K->8485K(109248K)
[2022-03-27T21:10:30.753+0800][2482.097s] GC(1389) CMS: 141259K->144778K(393216K)
[2022-03-27T21:10:30.753+0800][2482.097s] GC(1389) Metaspace: 49915K->49915K(1095680K)
[2022-03-27T21:10:30.753+0800][2482.097s] GC(1389) Pause Young (Allocation Failure) 233M->149M(490M) 2.686ms
[2022-03-27T21:10:30.753+0800][2482.097s] GC(1389) User=0.01s Sys=0.00s Real=0.00s
[2022-03-27T21:10:30.970+0800][2482.313s] GC(1390) Pause Young (Allocation Failure)
[2022-03-27T21:10:30.970+0800][2482.313s] GC(1390) Using 4 workers of 4 for evacuation
[2022-03-27T21:10:30.972+0800][2482.315s] GC(1390) ParNew: 95909K->5253K(109248K)
[2022-03-27T21:10:30.972+0800][2482.315s] GC(1390) CMS: 144778K->145655K(393216K)
[2022-03-27T21:10:30.972+0800][2482.315s] GC(1390) Metaspace: 49915K->49915K(1095680K)
[2022-03-27T21:10:30.972+0800][2482.315s] GC(1390) Pause Young (Allocation Failure) 235M->147M(490M) 2.373ms
[2022-03-27T21:10:30.972+0800][2482.316s] GC(1390) User=0.00s Sys=0.00s Real=0.00s
[2022-03-27T21:10:31.203+0800][2482.547s] GC(1391) Pause Young (Allocation Failure)
[2022-03-27T21:10:31.203+0800][2482.547s] GC(1391) Using 4 workers of 4 for evacuation
[2022-03-27T21:10:31.205+0800][2482.548s] GC(1391) ParNew: 92677K->6970K(109248K)
[2022-03-27T21:10:31.205+0800][2482.549s] GC(1391) CMS: 145655K->146211K(393216K)
[2022-03-27T21:10:31.205+0800][2482.549s] GC(1391) Metaspace: 49915K->49915K(1095680K)
[2022-03-27T21:10:31.205+0800][2482.549s] GC(1391) Pause Young (Allocation Failure) 232M->149M(490M) 1.964ms
[2022-03-27T21:10:31.205+0800][2482.549s] GC(1391) User=0.01s Sys=0.00s Real=0.00s
[2022-03-27T21:10:31.463+0800][2482.807s] GC(1392) Pause Young (Allocation Failure)
[2022-03-27T21:10:31.463+0800][2482.807s] GC(1392) Using 4 workers of 4 for evacuation
[2022-03-27T21:10:31.465+0800][2482.809s] GC(1392) ParNew: 94356K->4832K(109248K)
[2022-03-27T21:10:31.465+0800][2482.809s] GC(1392) CMS: 146211K->146496K(393216K)
[2022-03-27T21:10:31.465+0800][2482.809s] GC(1392) Metaspace: 49915K->49915K(1095680K)
[2022-03-27T21:10:31.465+0800][2482.809s] GC(1392) Pause Young (Allocation Failure) 234M->147M(490M) 1.961ms
[2022-03-27T21:10:31.465+0800][2482.809s] GC(1392) User=0.00s Sys=0.00s Real=0.00s
[2022-03-27T21:10:31.730+0800][2483.074s] GC(1393) Pause Young (Allocation Failure)
[2022-03-27T21:10:31.731+0800][2483.074s] GC(1393) Using 4 workers of 4 for evacuation
[2022-03-27T21:10:31.732+0800][2483.076s] GC(1393) ParNew: 92240K->5637K(109248K)
[2022-03-27T21:10:31.732+0800][2483.076s] GC(1393) CMS: 146496K->146770K(393216K)
[2022-03-27T21:10:31.732+0800][2483.076s] GC(1393) Metaspace: 49915K->49915K(1095680K)
[2022-03-27T21:10:31.732+0800][2483.076s] GC(1393) Pause Young (Allocation Failure) 233M->148M(490M) 1.957ms
[2022-03-27T21:10:31.732+0800][2483.076s] GC(1393) User=0.00s Sys=0.00s Real=0.00s
[2022-03-27T21:10:31.980+0800][2483.323s] GC(1394) Pause Young (Allocation Failure)
[2022-03-27T21:10:31.980+0800][2483.324s] GC(1394) Using 4 workers of 4 for evacuation
[2022-03-27T21:10:31.982+0800][2483.325s] GC(1394) ParNew: 93061K->6227K(109248K)
[2022-03-27T21:10:31.982+0800][2483.325s] GC(1394) CMS: 146770K->146961K(393216K)
[2022-03-27T21:10:31.982+0800][2483.325s] GC(1394) Metaspace: 49915K->49915K(1095680K)
[2022-03-27T21:10:31.982+0800][2483.325s] GC(1394) Pause Young (Allocation Failure) 234M->149M(490M) 1.978ms
[2022-03-27T21:10:31.982+0800][2483.325s] GC(1394) User=0.00s Sys=0.00s Real=0.00s
[2022-03-27T21:10:32.257+0800][2483.600s] GC(1395) Pause Young (Allocation Failure)
[2022-03-27T21:10:32.257+0800][2483.600s] GC(1395) Using 4 workers of 4 for evacuation
[2022-03-27T21:10:32.258+0800][2483.602s] GC(1395) ParNew: 93651K->5935K(109248K)
[2022-03-27T21:10:32.258+0800][2483.602s] GC(1395) CMS: 146961K->147244K(393216K)
[2022-03-27T21:10:32.258+0800][2483.602s] GC(1395) Metaspace: 49915K->49915K(1095680K)
[2022-03-27T21:10:32.258+0800][2483.602s] GC(1395) Pause Young (Allocation Failure) 234M->149M(490M) 1.844ms
[2022-03-27T21:10:32.258+0800][2483.602s] GC(1395) User=0.00s Sys=0.00s Real=0.00s
[2022-03-27T21:10:32.522+0800][2483.866s] GC(1396) Pause Young (Allocation Failure)
[2022-03-27T21:10:32.522+0800][2483.866s] GC(1396) Using 4 workers of 4 for evacuation
[2022-03-27T21:10:32.524+0800][2483.868s] GC(1396) ParNew: 93359K->6541K(109248K)
[2022-03-27T21:10:32.524+0800][2483.868s] GC(1396) CMS: 147244K->147430K(393216K)
[2022-03-27T21:10:32.524+0800][2483.868s] GC(1396) Metaspace: 49915K->49915K(1095680K)
[2022-03-27T21:10:32.524+0800][2483.868s] GC(1396) Pause Young (Allocation Failure) 234M->150M(490M) 1.963ms
[2022-03-27T21:10:32.524+0800][2483.868s] GC(1396) User=0.00s Sys=0.00s Real=0.00s
[2022-03-27T21:10:32.774+0800][2484.117s] GC(1397) Pause Young (Allocation Failure)
[2022-03-27T21:10:32.774+0800][2484.117s] GC(1397) Using 4 workers of 4 for evacuation
[2022-03-27T21:10:32.776+0800][2484.119s] GC(1397) ParNew: 93965K->7915K(109248K)
[2022-03-27T21:10:32.776+0800][2484.119s] GC(1397) CMS: 147430K->147736K(393216K)
[2022-03-27T21:10:32.776+0800][2484.119s] GC(1397) Metaspace: 49915K->49915K(1095680K)
[2022-03-27T21:10:32.776+0800][2484.119s] GC(1397) Pause Young (Allocation Failure) 235M->152M(490M) 1.950ms
[2022-03-27T21:10:32.776+0800][2484.119s] GC(1397) User=0.00s Sys=0.00s Real=0.00s
[2022-03-27T21:10:33.037+0800][2484.380s] GC(1398) Pause Young (Allocation Failure)
[2022-03-27T21:10:33.037+0800][2484.380s] GC(1398) Using 4 workers of 4 for evacuation
[2022-03-27T21:10:33.039+0800][2484.382s] GC(1398) ParNew: 95339K->6603K(109248K)
[2022-03-27T21:10:33.039+0800][2484.382s] GC(1398) CMS: 147736K->147983K(393216K)
[2022-03-27T21:10:33.039+0800][2484.382s] GC(1398) Metaspace: 49915K->49915K(1095680K)
[2022-03-27T21:10:33.039+0800][2484.382s] GC(1398) Pause Young (Allocation Failure) 237M->150M(490M) 2.014ms
[2022-03-27T21:10:33.039+0800][2484.382s] GC(1398) User=0.00s Sys=0.00s Real=0.00s
[2022-03-27T21:10:33.274+0800][2484.617s] GC(1399) Pause Young (Allocation Failure)
[2022-03-27T21:10:33.274+0800][2484.618s] GC(1399) Using 4 workers of 4 for evacuation
[2022-03-27T21:10:33.276+0800][2484.620s] GC(1399) ParNew: 94027K->8229K(109248K)
[2022-03-27T21:10:33.276+0800][2484.620s] GC(1399) CMS: 147983K->148311K(393216K)
[2022-03-27T21:10:33.276+0800][2484.620s] GC(1399) Metaspace: 49915K->49915K(1095680K)
[2022-03-27T21:10:33.276+0800][2484.620s] GC(1399) Pause Young (Allocation Failure) 236M->152M(490M) 2.254ms
[2022-03-27T21:10:33.276+0800][2484.620s] GC(1399) User=0.00s Sys=0.00s Real=0.00s
[2022-03-27T21:10:33.495+0800][2484.839s] GC(1400) Pause Young (Allocation Failure)
[2022-03-27T21:10:33.496+0800][2484.839s] GC(1400) Using 4 workers of 4 for evacuation
[2022-03-27T21:10:33.497+0800][2484.841s] GC(1400) ParNew: 95653K->6536K(109248K)
[2022-03-27T21:10:33.497+0800][2484.841s] GC(1400) CMS: 148311K->148580K(393216K)
[2022-03-27T21:10:33.497+0800][2484.841s] GC(1400) Metaspace: 49915K->49915K(1095680K)
[2022-03-27T21:10:33.497+0800][2484.841s] GC(1400) Pause Young (Allocation Failure) 238M->151M(490M) 1.967ms
[2022-03-27T21:10:33.497+0800][2484.841s] GC(1400) User=0.01s Sys=0.00s Real=0.00s
[2022-03-27T21:10:33.619+0800][2484.963s] GC(1401) Pause Young (Allocation Failure)
[2022-03-27T21:10:33.619+0800][2484.963s] GC(1401) Using 4 workers of 4 for evacuation
[2022-03-27T21:10:33.621+0800][2484.964s] GC(1401) ParNew: 93960K->6497K(109248K)
[2022-03-27T21:10:33.621+0800][2484.964s] GC(1401) CMS: 148580K->149419K(393216K)
[2022-03-27T21:10:33.621+0800][2484.964s] GC(1401) Metaspace: 49915K->49915K(1095680K)
[2022-03-27T21:10:33.621+0800][2484.964s] GC(1401) Pause Young (Allocation Failure) 236M->152M(490M) 1.774ms
[2022-03-27T21:10:33.621+0800][2484.964s] GC(1401) User=0.01s Sys=0.00s Real=0.01s
[2022-03-27T21:10:33.738+0800][2485.081s] GC(1402) Pause Young (Allocation Failure)
[2022-03-27T21:10:33.738+0800][2485.081s] GC(1402) Using 4 workers of 4 for evacuation
[2022-03-27T21:10:33.740+0800][2485.083s] GC(1402) ParNew: 93921K->7189K(109248K)
[2022-03-27T21:10:33.740+0800][2485.083s] GC(1402) CMS: 149419K->149678K(393216K)
[2022-03-27T21:10:33.740+0800][2485.083s] GC(1402) Metaspace: 49916K->49916K(1095680K)
[2022-03-27T21:10:33.740+0800][2485.083s] GC(1402) Pause Young (Allocation Failure) 237M->153M(490M) 2.030ms
[2022-03-27T21:10:33.740+0800][2485.083s] GC(1402) User=0.01s Sys=0.00s Real=0.01s
[2022-03-27T21:10:33.934+0800][2485.278s] GC(1403) Pause Young (Allocation Failure)
[2022-03-27T21:10:33.934+0800][2485.278s] GC(1403) Using 4 workers of 4 for evacuation
[2022-03-27T21:10:33.936+0800][2485.279s] GC(1403) ParNew: 94613K->6706K(109248K)
[2022-03-27T21:10:33.936+0800][2485.279s] GC(1403) CMS: 149678K->150147K(393216K)
[2022-03-27T21:10:33.936+0800][2485.279s] GC(1403) Metaspace: 49916K->49916K(1095680K)
[2022-03-27T21:10:33.936+0800][2485.279s] GC(1403) Pause Young (Allocation Failure) 238M->153M(490M) 1.943ms
[2022-03-27T21:10:33.936+0800][2485.279s] GC(1403) User=0.01s Sys=0.00s Real=0.00s
[2022-03-27T21:10:34.141+0800][2485.485s] GC(1404) Pause Young (Allocation Failure)
[2022-03-27T21:10:34.141+0800][2485.485s] GC(1404) Using 4 workers of 4 for evacuation
[2022-03-27T21:10:34.143+0800][2485.487s] GC(1404) ParNew: 94130K->7633K(109248K)
[2022-03-27T21:10:34.143+0800][2485.487s] GC(1404) CMS: 150147K->150439K(393216K)
[2022-03-27T21:10:34.143+0800][2485.487s] GC(1404) Metaspace: 49916K->49916K(1095680K)
[2022-03-27T21:10:34.143+0800][2485.487s] GC(1404) Pause Young (Allocation Failure) 238M->154M(490M) 2.273ms
[2022-03-27T21:10:34.143+0800][2485.487s] GC(1404) User=0.01s Sys=0.01s Real=0.00s
[2022-03-27T21:10:34.338+0800][2485.681s] GC(1405) Pause Young (Allocation Failure)
[2022-03-27T21:10:34.338+0800][2485.681s] GC(1405) Using 4 workers of 4 for evacuation
[2022-03-27T21:10:34.340+0800][2485.683s] GC(1405) ParNew: 94646K->6263K(109248K)
[2022-03-27T21:10:34.340+0800][2485.683s] GC(1405) CMS: 150439K->151033K(393216K)
[2022-03-27T21:10:34.340+0800][2485.683s] GC(1405) Metaspace: 49917K->49917K(1095680K)
[2022-03-27T21:10:34.340+0800][2485.683s] GC(1405) Pause Young (Allocation Failure) 239M->153M(490M) 2.239ms
[2022-03-27T21:10:34.340+0800][2485.683s] GC(1405) User=0.01s Sys=0.00s Real=0.01s
[2022-03-27T21:10:34.625+0800][2485.969s] GC(1406) Pause Young (Allocation Failure)
[2022-03-27T21:10:34.626+0800][2485.969s] GC(1406) Using 4 workers of 4 for evacuation
[2022-03-27T21:10:34.627+0800][2485.971s] GC(1406) ParNew: 93687K->5718K(109248K)
[2022-03-27T21:10:34.627+0800][2485.971s] GC(1406) CMS: 151033K->151435K(393216K)
[2022-03-27T21:10:34.627+0800][2485.971s] GC(1406) Metaspace: 49920K->49920K(1095680K)
[2022-03-27T21:10:34.627+0800][2485.971s] GC(1406) Pause Young (Allocation Failure) 238M->153M(490M) 1.852ms
[2022-03-27T21:10:34.627+0800][2485.971s] GC(1406) User=0.01s Sys=0.00s Real=0.00s
[2022-03-27T21:10:34.937+0800][2486.280s] GC(1407) Pause Young (Allocation Failure)
[2022-03-27T21:10:34.937+0800][2486.280s] GC(1407) Using 4 workers of 4 for evacuation
[2022-03-27T21:10:34.939+0800][2486.282s] GC(1407) ParNew: 93142K->6710K(109248K)
[2022-03-27T21:10:34.939+0800][2486.282s] GC(1407) CMS: 151435K->151616K(393216K)
[2022-03-27T21:10:34.939+0800][2486.282s] GC(1407) Metaspace: 49920K->49920K(1095680K)
[2022-03-27T21:10:34.939+0800][2486.282s] GC(1407) Pause Young (Allocation Failure) 238M->154M(490M) 2.359ms
[2022-03-27T21:10:34.939+0800][2486.282s] GC(1407) User=0.01s Sys=0.00s Real=0.00s
[2022-03-27T21:10:35.235+0800][2486.578s] GC(1408) Pause Young (Allocation Failure)
[2022-03-27T21:10:35.235+0800][2486.578s] GC(1408) Using 4 workers of 4 for evacuation
[2022-03-27T21:10:35.237+0800][2486.580s] GC(1408) ParNew: 94134K->5622K(109248K)
[2022-03-27T21:10:35.237+0800][2486.580s] GC(1408) CMS: 151616K->151957K(393216K)
[2022-03-27T21:10:35.237+0800][2486.580s] GC(1408) Metaspace: 49920K->49920K(1095680K)
[2022-03-27T21:10:35.237+0800][2486.580s] GC(1408) Pause Young (Allocation Failure) 239M->153M(490M) 2.141ms
[2022-03-27T21:10:35.237+0800][2486.580s] GC(1408) User=0.01s Sys=0.00s Real=0.00s
[2022-03-27T21:10:35.511+0800][2486.855s] GC(1409) Pause Young (Allocation Failure)
[2022-03-27T21:10:35.511+0800][2486.855s] GC(1409) Using 4 workers of 4 for evacuation
[2022-03-27T21:10:35.513+0800][2486.856s] GC(1409) ParNew: 93046K->6839K(109248K)
[2022-03-27T21:10:35.513+0800][2486.856s] GC(1409) CMS: 151957K->152226K(393216K)
[2022-03-27T21:10:35.513+0800][2486.856s] GC(1409) Metaspace: 49920K->49920K(1095680K)
[2022-03-27T21:10:35.513+0800][2486.856s] GC(1409) Pause Young (Allocation Failure) 239M->155M(490M) 1.888ms
[2022-03-27T21:10:35.513+0800][2486.856s] GC(1409) User=0.01s Sys=0.00s Real=0.00s
[2022-03-27T21:10:35.791+0800][2487.134s] GC(1410) Pause Young (Allocation Failure)
[2022-03-27T21:10:35.791+0800][2487.134s] GC(1410) Using 4 workers of 4 for evacuation
[2022-03-27T21:10:35.793+0800][2487.136s] GC(1410) ParNew: 94263K->6782K(109248K)
[2022-03-27T21:10:35.793+0800][2487.137s] GC(1410) CMS: 152226K->152411K(393216K)
[2022-03-27T21:10:35.793+0800][2487.137s] GC(1410) Metaspace: 49920K->49920K(1095680K)
[2022-03-27T21:10:35.793+0800][2487.137s] GC(1410) Pause Young (Allocation Failure) 240M->155M(490M) 2.147ms
[2022-03-27T21:10:35.793+0800][2487.137s] GC(1410) User=0.01s Sys=0.00s Real=0.00s
[2022-03-27T21:10:36.101+0800][2487.444s] GC(1411) Pause Young (Allocation Failure)
[2022-03-27T21:10:36.101+0800][2487.444s] GC(1411) Using 4 workers of 4 for evacuation
[2022-03-27T21:10:36.102+0800][2487.446s] GC(1411) ParNew: 94206K->5915K(109248K)
[2022-03-27T21:10:36.102+0800][2487.446s] GC(1411) CMS: 152411K->152671K(393216K)
[2022-03-27T21:10:36.102+0800][2487.446s] GC(1411) Metaspace: 49920K->49920K(1095680K)
[2022-03-27T21:10:36.102+0800][2487.446s] GC(1411) Pause Young (Allocation Failure) 240M->154M(490M) 1.945ms
[2022-03-27T21:10:36.103+0800][2487.446s] GC(1411) User=0.00s Sys=0.00s Real=0.00s
[2022-03-27T21:10:36.412+0800][2487.756s] GC(1412) Pause Young (Allocation Failure)
[2022-03-27T21:10:36.412+0800][2487.756s] GC(1412) Using 4 workers of 4 for evacuation
[2022-03-27T21:10:36.414+0800][2487.758s] GC(1412) ParNew: 93339K->7420K(109248K)
[2022-03-27T21:10:36.414+0800][2487.758s] GC(1412) CMS: 152671K->152988K(393216K)
[2022-03-27T21:10:36.414+0800][2487.758s] GC(1412) Metaspace: 49920K->49920K(1095680K)
[2022-03-27T21:10:36.414+0800][2487.758s] GC(1412) Pause Young (Allocation Failure) 240M->156M(490M) 1.977ms
[2022-03-27T21:10:36.414+0800][2487.758s] GC(1412) User=0.00s Sys=0.00s Real=0.00s
[2022-03-27T21:10:36.706+0800][2488.049s] GC(1413) Pause Young (Allocation Failure)
[2022-03-27T21:10:36.706+0800][2488.050s] GC(1413) Using 4 workers of 4 for evacuation
[2022-03-27T21:10:36.708+0800][2488.051s] GC(1413) ParNew: 94844K->7664K(109248K)
[2022-03-27T21:10:36.708+0800][2488.051s] GC(1413) CMS: 152988K->153244K(393216K)
[2022-03-27T21:10:36.708+0800][2488.051s] GC(1413) Metaspace: 49920K->49920K(1095680K)
[2022-03-27T21:10:36.708+0800][2488.052s] GC(1413) Pause Young (Allocation Failure) 242M->157M(490M) 2.040ms
[2022-03-27T21:10:36.708+0800][2488.052s] GC(1413) User=0.00s Sys=0.00s Real=0.00s
[2022-03-27T21:10:36.997+0800][2488.340s] GC(1414) Pause Young (Allocation Failure)
[2022-03-27T21:10:36.997+0800][2488.340s] GC(1414) Using 4 workers of 4 for evacuation
[2022-03-27T21:10:36.999+0800][2488.342s] GC(1414) ParNew: 95088K->9028K(109248K)
[2022-03-27T21:10:36.999+0800][2488.342s] GC(1414) CMS: 153244K->153524K(393216K)
[2022-03-27T21:10:36.999+0800][2488.342s] GC(1414) Metaspace: 49920K->49920K(1095680K)
[2022-03-27T21:10:36.999+0800][2488.342s] GC(1414) Pause Young (Allocation Failure) 242M->158M(490M) 2.142ms
[2022-03-27T21:10:36.999+0800][2488.342s] GC(1414) User=0.01s Sys=0.00s Real=0.00s
[2022-03-27T21:10:37.322+0800][2488.666s] GC(1415) Pause Young (Allocation Failure)
[2022-03-27T21:10:37.322+0800][2488.666s] GC(1415) Using 4 workers of 4 for evacuation
[2022-03-27T21:10:37.324+0800][2488.668s] GC(1415) ParNew: 96452K->8236K(109248K)
[2022-03-27T21:10:37.324+0800][2488.668s] GC(1415) CMS: 153524K->153820K(393216K)
[2022-03-27T21:10:37.324+0800][2488.668s] GC(1415) Metaspace: 49920K->49920K(1095680K)
[2022-03-27T21:10:37.324+0800][2488.668s] GC(1415) Pause Young (Allocation Failure) 244M->158M(490M) 2.010ms
[2022-03-27T21:10:37.324+0800][2488.668s] GC(1415) User=0.00s Sys=0.00s Real=0.00s
[2022-03-27T21:10:37.637+0800][2488.980s] GC(1416) Pause Young (Allocation Failure)
[2022-03-27T21:10:37.637+0800][2488.980s] GC(1416) Using 4 workers of 4 for evacuation
[2022-03-27T21:10:37.639+0800][2488.982s] GC(1416) ParNew: 95660K->9570K(109248K)
[2022-03-27T21:10:37.639+0800][2488.982s] GC(1416) CMS: 153820K->154078K(393216K)
[2022-03-27T21:10:37.639+0800][2488.982s] GC(1416) Metaspace: 49920K->49920K(1095680K)
[2022-03-27T21:10:37.639+0800][2488.982s] GC(1416) Pause Young (Allocation Failure) 243M->159M(490M) 2.507ms
[2022-03-27T21:10:37.639+0800][2488.983s] GC(1416) User=0.00s Sys=0.00s Real=0.00s
[2022-03-27T21:10:37.888+0800][2489.232s] GC(1417) Pause Young (Allocation Failure)
[2022-03-27T21:10:37.888+0800][2489.232s] GC(1417) Using 4 workers of 4 for evacuation
[2022-03-27T21:10:37.890+0800][2489.234s] GC(1417) ParNew: 96849K->8426K(109248K)
[2022-03-27T21:10:37.890+0800][2489.234s] GC(1417) CMS: 154078K->154363K(393216K)
[2022-03-27T21:10:37.890+0800][2489.234s] GC(1417) Metaspace: 49920K->49920K(1095680K)
[2022-03-27T21:10:37.890+0800][2489.234s] GC(1417) Pause Young (Allocation Failure) 245M->158M(490M) 2.022ms
[2022-03-27T21:10:37.890+0800][2489.234s] GC(1417) User=0.00s Sys=0.00s Real=0.01s
[2022-03-27T21:10:37.969+0800][2489.313s] GC(1418) Pause Young (Allocation Failure)
[2022-03-27T21:10:37.969+0800][2489.313s] GC(1418) Using 4 workers of 4 for evacuation
[2022-03-27T21:10:37.972+0800][2489.315s] GC(1418) ParNew: 95850K->12476K(109248K)
[2022-03-27T21:10:37.972+0800][2489.315s] GC(1418) CMS: 154363K->154653K(393216K)
[2022-03-27T21:10:37.972+0800][2489.315s] GC(1418) Metaspace: 49920K->49920K(1095680K)
[2022-03-27T21:10:37.972+0800][2489.315s] GC(1418) Pause Young (Allocation Failure) 244M->163M(490M) 2.229ms
[2022-03-27T21:10:37.972+0800][2489.315s] GC(1418) User=0.00s Sys=0.00s Real=0.01s
[2022-03-27T21:10:38.075+0800][2489.418s] GC(1419) Pause Young (Allocation Failure)
[2022-03-27T21:10:38.075+0800][2489.418s] GC(1419) Using 4 workers of 4 for evacuation
[2022-03-27T21:10:38.077+0800][2489.420s] GC(1419) ParNew: 99900K->13561K(109248K)
[2022-03-27T21:10:38.077+0800][2489.420s] GC(1419) CMS: 154653K->155065K(393216K)
[2022-03-27T21:10:38.077+0800][2489.420s] GC(1419) Metaspace: 49920K->49920K(1095680K)
[2022-03-27T21:10:38.077+0800][2489.420s] GC(1419) Pause Young (Allocation Failure) 248M->164M(490M) 2.354ms
[2022-03-27T21:10:38.077+0800][2489.420s] GC(1419) User=0.01s Sys=0.00s Real=0.00s
[2022-03-27T21:10:41.720+0800][2493.064s] GC(1420) Pause Young (Allocation Failure)
[2022-03-27T21:10:41.720+0800][2493.064s] GC(1420) Using 4 workers of 4 for evacuation
[2022-03-27T21:10:41.723+0800][2493.066s] GC(1420) ParNew: 100796K->13504K(109248K)
[2022-03-27T21:10:41.723+0800][2493.066s] GC(1420) CMS: 155065K->155445K(393216K)
[2022-03-27T21:10:41.723+0800][2493.066s] GC(1420) Metaspace: 49920K->49920K(1095680K)
[2022-03-27T21:10:41.723+0800][2493.066s] GC(1420) Pause Young (Allocation Failure) 249M->164M(490M) 2.698ms
[2022-03-27T21:10:41.723+0800][2493.066s] GC(1420) User=0.00s Sys=0.00s Real=0.00s
[2022-03-27T21:10:41.915+0800][2493.259s] GC(1421) Pause Young (Allocation Failure)
[2022-03-27T21:10:41.915+0800][2493.259s] GC(1421) Using 4 workers of 4 for evacuation
[2022-03-27T21:10:41.919+0800][2493.263s] GC(1421) ParNew: 100928K->12187K(109248K)
[2022-03-27T21:10:41.919+0800][2493.263s] GC(1421) CMS: 155445K->156733K(393216K)
[2022-03-27T21:10:41.919+0800][2493.263s] GC(1421) Metaspace: 49921K->49921K(1095680K)
[2022-03-27T21:10:41.919+0800][2493.263s] GC(1421) Pause Young (Allocation Failure) 250M->164M(490M) 4.104ms
[2022-03-27T21:10:41.919+0800][2493.263s] GC(1421) User=0.01s Sys=0.01s Real=0.00s
[2022-03-27T21:10:42.225+0800][2493.569s] GC(1422) Pause Young (Allocation Failure)
[2022-03-27T21:10:42.226+0800][2493.569s] GC(1422) Using 4 workers of 4 for evacuation
[2022-03-27T21:10:42.228+0800][2493.572s] GC(1422) ParNew: 99611K->8401K(109248K)
[2022-03-27T21:10:42.229+0800][2493.572s] GC(1422) CMS: 156733K->159558K(393216K)
[2022-03-27T21:10:42.229+0800][2493.572s] GC(1422) Metaspace: 49921K->49921K(1095680K)
[2022-03-27T21:10:42.229+0800][2493.572s] GC(1422) Pause Young (Allocation Failure) 250M->164M(490M) 3.136ms
[2022-03-27T21:10:42.229+0800][2493.572s] GC(1422) User=0.01s Sys=0.00s Real=0.00s
[2022-03-27T21:10:42.542+0800][2493.885s] GC(1423) Pause Young (Allocation Failure)
[2022-03-27T21:10:42.542+0800][2493.886s] GC(1423) Using 4 workers of 4 for evacuation
[2022-03-27T21:10:42.545+0800][2493.888s] GC(1423) ParNew: 95825K->9730K(109248K)
[2022-03-27T21:10:42.545+0800][2493.888s] GC(1423) CMS: 159558K->159987K(393216K)
[2022-03-27T21:10:42.545+0800][2493.888s] GC(1423) Metaspace: 49921K->49921K(1095680K)
[2022-03-27T21:10:42.545+0800][2493.888s] GC(1423) Pause Young (Allocation Failure) 249M->165M(490M) 2.656ms
[2022-03-27T21:10:42.545+0800][2493.888s] GC(1423) User=0.00s Sys=0.00s Real=0.00s
[2022-03-27T21:10:42.837+0800][2494.180s] GC(1424) Pause Young (Allocation Failure)
[2022-03-27T21:10:42.837+0800][2494.180s] GC(1424) Using 4 workers of 4 for evacuation
[2022-03-27T21:10:42.839+0800][2494.183s] GC(1424) ParNew: 97154K->10982K(109248K)
[2022-03-27T21:10:42.839+0800][2494.183s] GC(1424) CMS: 159987K->160536K(393216K)
[2022-03-27T21:10:42.839+0800][2494.183s] GC(1424) Metaspace: 49921K->49921K(1095680K)
[2022-03-27T21:10:42.839+0800][2494.183s] GC(1424) Pause Young (Allocation Failure) 251M->167M(490M) 2.606ms
[2022-03-27T21:10:42.839+0800][2494.183s] GC(1424) User=0.00s Sys=0.00s Real=0.00s
[2022-03-27T21:10:43.115+0800][2494.458s] GC(1425) Pause Young (Allocation Failure)
[2022-03-27T21:10:43.115+0800][2494.458s] GC(1425) Using 4 workers of 4 for evacuation
[2022-03-27T21:10:43.117+0800][2494.461s] GC(1425) ParNew: 98406K->9469K(109248K)
[2022-03-27T21:10:43.117+0800][2494.461s] GC(1425) CMS: 160536K->161257K(393216K)
[2022-03-27T21:10:43.117+0800][2494.461s] GC(1425) Metaspace: 49921K->49921K(1095680K)
[2022-03-27T21:10:43.117+0800][2494.461s] GC(1425) Pause Young (Allocation Failure) 252M->166M(490M) 2.266ms
[2022-03-27T21:10:43.117+0800][2494.461s] GC(1425) User=0.01s Sys=0.00s Real=0.00s
[2022-03-27T21:10:43.412+0800][2494.756s] GC(1426) Pause Young (Allocation Failure)
[2022-03-27T21:10:43.413+0800][2494.756s] GC(1426) Using 4 workers of 4 for evacuation
[2022-03-27T21:10:43.415+0800][2494.758s] GC(1426) ParNew: 96893K->11970K(109248K)
[2022-03-27T21:10:43.415+0800][2494.758s] GC(1426) CMS: 161257K->161366K(393216K)
[2022-03-27T21:10:43.415+0800][2494.758s] GC(1426) Metaspace: 49921K->49921K(1095680K)
[2022-03-27T21:10:43.415+0800][2494.758s] GC(1426) Pause Young (Allocation Failure) 252M->169M(490M) 2.240ms
[2022-03-27T21:10:43.415+0800][2494.758s] GC(1426) User=0.01s Sys=0.00s Real=0.00s
[2022-03-27T21:10:43.696+0800][2495.039s] GC(1427) Pause Young (Allocation Failure)
[2022-03-27T21:10:43.696+0800][2495.039s] GC(1427) Using 4 workers of 4 for evacuation
[2022-03-27T21:10:43.698+0800][2495.041s] GC(1427) ParNew: 99394K->10355K(109248K)
[2022-03-27T21:10:43.698+0800][2495.042s] GC(1427) CMS: 161366K->161376K(393216K)
[2022-03-27T21:10:43.698+0800][2495.042s] GC(1427) Metaspace: 49921K->49921K(1095680K)
[2022-03-27T21:10:43.698+0800][2495.042s] GC(1427) Pause Young (Allocation Failure) 254M->167M(490M) 2.452ms
[2022-03-27T21:10:43.698+0800][2495.042s] GC(1427) User=0.01s Sys=0.00s Real=0.00s
[2022-03-27T21:10:43.991+0800][2495.334s] GC(1428) Pause Young (Allocation Failure)
[2022-03-27T21:10:43.991+0800][2495.334s] GC(1428) Using 4 workers of 4 for evacuation
[2022-03-27T21:10:43.993+0800][2495.337s] GC(1428) ParNew: 97779K->12500K(109248K)
[2022-03-27T21:10:43.993+0800][2495.337s] GC(1428) CMS: 161376K->161690K(393216K)
[2022-03-27T21:10:43.993+0800][2495.337s] GC(1428) Metaspace: 49921K->49921K(1095680K)
[2022-03-27T21:10:43.994+0800][2495.337s] GC(1428) Pause Young (Allocation Failure) 253M->170M(490M) 2.779ms
[2022-03-27T21:10:43.994+0800][2495.337s] GC(1428) User=0.01s Sys=0.00s Real=0.00s
[2022-03-27T21:10:44.314+0800][2495.657s] GC(1429) Pause Young (Allocation Failure)
[2022-03-27T21:10:44.314+0800][2495.657s] GC(1429) Using 4 workers of 4 for evacuation
[2022-03-27T21:10:44.317+0800][2495.660s] GC(1429) ParNew: 99924K->7427K(109248K)
[2022-03-27T21:10:44.317+0800][2495.660s] GC(1429) CMS: 161690K->165178K(393216K)
[2022-03-27T21:10:44.317+0800][2495.660s] GC(1429) Metaspace: 49921K->49921K(1095680K)
[2022-03-27T21:10:44.317+0800][2495.660s] GC(1429) Pause Young (Allocation Failure) 255M->168M(490M) 3.148ms
[2022-03-27T21:10:44.317+0800][2495.660s] GC(1429) User=0.01s Sys=0.01s Real=0.00s
[2022-03-27T21:10:44.629+0800][2495.973s] GC(1430) Pause Young (Allocation Failure)
[2022-03-27T21:10:44.630+0800][2495.973s] GC(1430) Using 4 workers of 4 for evacuation
[2022-03-27T21:10:44.631+0800][2495.975s] GC(1430) ParNew: 94851K->5761K(109248K)
[2022-03-27T21:10:44.631+0800][2495.975s] GC(1430) CMS: 165178K->165840K(393216K)
[2022-03-27T21:10:44.631+0800][2495.975s] GC(1430) Metaspace: 49921K->49921K(1095680K)
[2022-03-27T21:10:44.631+0800][2495.975s] GC(1430) Pause Young (Allocation Failure) 253M->167M(490M) 2.029ms
[2022-03-27T21:10:44.631+0800][2495.975s] GC(1430) User=0.00s Sys=0.00s Real=0.01s
[2022-03-27T21:10:44.938+0800][2496.282s] GC(1431) Pause Young (Allocation Failure)
[2022-03-27T21:10:44.938+0800][2496.282s] GC(1431) Using 4 workers of 4 for evacuation
[2022-03-27T21:10:44.941+0800][2496.285s] GC(1431) ParNew: 93185K->7914K(109248K)
[2022-03-27T21:10:44.941+0800][2496.285s] GC(1431) CMS: 165840K->166220K(393216K)
[2022-03-27T21:10:44.941+0800][2496.285s] GC(1431) Metaspace: 49921K->49921K(1095680K)
[2022-03-27T21:10:44.941+0800][2496.285s] GC(1431) Pause Young (Allocation Failure) 252M->170M(490M) 3.108ms
[2022-03-27T21:10:44.941+0800][2496.285s] GC(1431) User=0.01s Sys=0.00s Real=0.01s
[2022-03-27T21:10:45.238+0800][2496.582s] GC(1432) Pause Young (Allocation Failure)
[2022-03-27T21:10:45.239+0800][2496.582s] GC(1432) Using 4 workers of 4 for evacuation
[2022-03-27T21:10:45.240+0800][2496.584s] GC(1432) ParNew: 95338K->6524K(109248K)
[2022-03-27T21:10:45.241+0800][2496.584s] GC(1432) CMS: 166220K->166718K(393216K)
[2022-03-27T21:10:45.241+0800][2496.584s] GC(1432) Metaspace: 49921K->49921K(1095680K)
[2022-03-27T21:10:45.241+0800][2496.584s] GC(1432) Pause Young (Allocation Failure) 255M->169M(490M) 2.113ms
[2022-03-27T21:10:45.241+0800][2496.584s] GC(1432) User=0.01s Sys=0.00s Real=0.01s
[2022-03-27T21:10:45.526+0800][2496.870s] GC(1433) Pause Young (Allocation Failure)
[2022-03-27T21:10:45.526+0800][2496.870s] GC(1433) Using 4 workers of 4 for evacuation
[2022-03-27T21:10:45.528+0800][2496.872s] GC(1433) ParNew: 93948K->7575K(109248K)
[2022-03-27T21:10:45.528+0800][2496.872s] GC(1433) CMS: 166718K->166998K(393216K)
[2022-03-27T21:10:45.528+0800][2496.872s] GC(1433) Metaspace: 49921K->49921K(1095680K)
[2022-03-27T21:10:45.528+0800][2496.872s] GC(1433) Pause Young (Allocation Failure) 254M->170M(490M) 2.151ms
[2022-03-27T21:10:45.528+0800][2496.872s] GC(1433) User=0.00s Sys=0.01s Real=0.00s
[2022-03-27T21:10:45.833+0800][2497.176s] GC(1434) Pause Young (Allocation Failure)
[2022-03-27T21:10:45.833+0800][2497.176s] GC(1434) Using 4 workers of 4 for evacuation
[2022-03-27T21:10:45.835+0800][2497.179s] GC(1434) ParNew: 94999K->6334K(109248K)
[2022-03-27T21:10:45.835+0800][2497.179s] GC(1434) CMS: 166998K->167443K(393216K)
[2022-03-27T21:10:45.835+0800][2497.179s] GC(1434) Metaspace: 49921K->49921K(1095680K)
[2022-03-27T21:10:45.835+0800][2497.179s] GC(1434) Pause Young (Allocation Failure) 255M->169M(490M) 2.585ms
[2022-03-27T21:10:45.835+0800][2497.179s] GC(1434) User=0.01s Sys=0.00s Real=0.00s
[2022-03-27T21:10:46.141+0800][2497.485s] GC(1435) Pause Young (Allocation Failure)
[2022-03-27T21:10:46.141+0800][2497.485s] GC(1435) Using 4 workers of 4 for evacuation
[2022-03-27T21:10:46.143+0800][2497.486s] GC(1435) ParNew: 93758K->7803K(109248K)
[2022-03-27T21:10:46.143+0800][2497.487s] GC(1435) CMS: 167443K->167902K(393216K)
[2022-03-27T21:10:46.143+0800][2497.487s] GC(1435) Metaspace: 49921K->49921K(1095680K)
[2022-03-27T21:10:46.143+0800][2497.487s] GC(1435) Pause Young (Allocation Failure) 255M->171M(490M) 2.052ms
[2022-03-27T21:10:46.143+0800][2497.487s] GC(1435) User=0.00s Sys=0.00s Real=0.00s
[2022-03-27T21:10:46.446+0800][2497.789s] GC(1436) Pause Young (Allocation Failure)
[2022-03-27T21:10:46.446+0800][2497.790s] GC(1436) Using 4 workers of 4 for evacuation
[2022-03-27T21:10:46.448+0800][2497.792s] GC(1436) ParNew: 95227K->6613K(109248K)
[2022-03-27T21:10:46.448+0800][2497.792s] GC(1436) CMS: 167902K->168181K(393216K)
[2022-03-27T21:10:46.448+0800][2497.792s] GC(1436) Metaspace: 49921K->49921K(1095680K)
[2022-03-27T21:10:46.448+0800][2497.792s] GC(1436) Pause Young (Allocation Failure) 256M->170M(490M) 2.150ms
[2022-03-27T21:10:46.448+0800][2497.792s] GC(1436) User=0.01s Sys=0.00s Real=0.00s
[2022-03-27T21:10:46.742+0800][2498.085s] GC(1437) Pause Young (Allocation Failure)
[2022-03-27T21:10:46.742+0800][2498.085s] GC(1437) Using 4 workers of 4 for evacuation
[2022-03-27T21:10:46.745+0800][2498.088s] GC(1437) ParNew: 94037K->7602K(109248K)
[2022-03-27T21:10:46.745+0800][2498.088s] GC(1437) CMS: 168181K->168516K(393216K)
[2022-03-27T21:10:46.745+0800][2498.088s] GC(1437) Metaspace: 49921K->49921K(1095680K)
[2022-03-27T21:10:46.745+0800][2498.088s] GC(1437) Pause Young (Allocation Failure) 256M->171M(490M) 2.700ms
[2022-03-27T21:10:46.745+0800][2498.088s] GC(1437) User=0.01s Sys=0.00s Real=0.00s
[2022-03-27T21:10:47.029+0800][2498.372s] GC(1438) Pause Young (Allocation Failure)
[2022-03-27T21:10:47.029+0800][2498.372s] GC(1438) Using 4 workers of 4 for evacuation
[2022-03-27T21:10:47.031+0800][2498.374s] GC(1438) ParNew: 95026K->6525K(109248K)
[2022-03-27T21:10:47.031+0800][2498.374s] GC(1438) CMS: 168516K->168890K(393216K)
[2022-03-27T21:10:47.031+0800][2498.374s] GC(1438) Metaspace: 49921K->49921K(1095680K)
[2022-03-27T21:10:47.031+0800][2498.374s] GC(1438) Pause Young (Allocation Failure) 257M->171M(490M) 2.140ms
[2022-03-27T21:10:47.031+0800][2498.374s] GC(1438) User=0.00s Sys=0.00s Real=0.01s
[2022-03-27T21:10:47.376+0800][2498.719s] GC(1439) Pause Young (Allocation Failure)
[2022-03-27T21:10:47.376+0800][2498.719s] GC(1439) Using 4 workers of 4 for evacuation
[2022-03-27T21:10:47.378+0800][2498.721s] GC(1439) ParNew: 93949K->7345K(109248K)
[2022-03-27T21:10:47.378+0800][2498.721s] GC(1439) CMS: 168890K->169759K(393216K)
[2022-03-27T21:10:47.378+0800][2498.721s] GC(1439) Metaspace: 49921K->49921K(1095680K)
[2022-03-27T21:10:47.378+0800][2498.721s] GC(1439) Pause Young (Allocation Failure) 256M->172M(490M) 2.254ms
[2022-03-27T21:10:47.378+0800][2498.721s] GC(1439) User=0.01s Sys=0.00s Real=0.00s
[2022-03-27T21:10:47.693+0800][2499.036s] GC(1440) Pause Young (Allocation Failure)
[2022-03-27T21:10:47.693+0800][2499.036s] GC(1440) Using 4 workers of 4 for evacuation
[2022-03-27T21:10:47.695+0800][2499.039s] GC(1440) ParNew: 94769K->6555K(109248K)
[2022-03-27T21:10:47.695+0800][2499.039s] GC(1440) CMS: 169759K->170194K(393216K)
[2022-03-27T21:10:47.695+0800][2499.039s] GC(1440) Metaspace: 49921K->49921K(1095680K)
[2022-03-27T21:10:47.695+0800][2499.039s] GC(1440) Pause Young (Allocation Failure) 258M->172M(490M) 2.261ms
[2022-03-27T21:10:47.695+0800][2499.039s] GC(1440) User=0.01s Sys=0.00s Real=0.00s
[2022-03-27T21:10:48.037+0800][2499.380s] GC(1441) Pause Young (Allocation Failure)
[2022-03-27T21:10:48.037+0800][2499.380s] GC(1441) Using 4 workers of 4 for evacuation
[2022-03-27T21:10:48.039+0800][2499.382s] GC(1441) ParNew: 93979K->8361K(109248K)
[2022-03-27T21:10:48.039+0800][2499.382s] GC(1441) CMS: 170194K->170407K(393216K)
[2022-03-27T21:10:48.039+0800][2499.382s] GC(1441) Metaspace: 49921K->49921K(1095680K)
[2022-03-27T21:10:48.039+0800][2499.383s] GC(1441) Pause Young (Allocation Failure) 257M->174M(490M) 2.284ms
[2022-03-27T21:10:48.039+0800][2499.383s] GC(1441) User=0.00s Sys=0.00s Real=0.00s
[2022-03-27T21:10:48.364+0800][2499.707s] GC(1442) Pause Young (Allocation Failure)
[2022-03-27T21:10:48.364+0800][2499.707s] GC(1442) Using 4 workers of 4 for evacuation
[2022-03-27T21:10:48.366+0800][2499.709s] GC(1442) ParNew: 95785K->6311K(109248K)
[2022-03-27T21:10:48.366+0800][2499.709s] GC(1442) CMS: 170407K->170860K(393216K)
[2022-03-27T21:10:48.366+0800][2499.709s] GC(1442) Metaspace: 49921K->49921K(1095680K)
[2022-03-27T21:10:48.366+0800][2499.709s] GC(1442) Pause Young (Allocation Failure) 259M->173M(490M) 2.147ms
[2022-03-27T21:10:48.366+0800][2499.709s] GC(1442) User=0.01s Sys=0.00s Real=0.00s
[2022-03-27T21:10:48.649+0800][2499.993s] GC(1443) Pause Young (Allocation Failure)
[2022-03-27T21:10:48.649+0800][2499.993s] GC(1443) Using 4 workers of 4 for evacuation
[2022-03-27T21:10:48.651+0800][2499.995s] GC(1443) ParNew: 93735K->7303K(109248K)
[2022-03-27T21:10:48.651+0800][2499.995s] GC(1443) CMS: 170860K->171314K(393216K)
[2022-03-27T21:10:48.651+0800][2499.995s] GC(1443) Metaspace: 49921K->49921K(1095680K)
[2022-03-27T21:10:48.651+0800][2499.995s] GC(1443) Pause Young (Allocation Failure) 258M->174M(490M) 1.870ms
[2022-03-27T21:10:48.651+0800][2499.995s] GC(1443) User=0.00s Sys=0.00s Real=0.01s
[2022-03-27T21:10:48.927+0800][2500.270s] GC(1444) Pause Young (Allocation Failure)
[2022-03-27T21:10:48.927+0800][2500.270s] GC(1444) Using 4 workers of 4 for evacuation
[2022-03-27T21:10:48.929+0800][2500.272s] GC(1444) ParNew: 94727K->6424K(109248K)
[2022-03-27T21:10:48.929+0800][2500.272s] GC(1444) CMS: 171314K->171596K(393216K)
[2022-03-27T21:10:48.929+0800][2500.272s] GC(1444) Metaspace: 49921K->49921K(1095680K)
[2022-03-27T21:10:48.929+0800][2500.272s] GC(1444) Pause Young (Allocation Failure) 259M->173M(490M) 2.162ms
[2022-03-27T21:10:48.929+0800][2500.272s] GC(1444) User=0.00s Sys=0.00s Real=0.00s
[2022-03-27T21:10:49.222+0800][2500.566s] GC(1445) Pause Young (Allocation Failure)
[2022-03-27T21:10:49.222+0800][2500.566s] GC(1445) Using 4 workers of 4 for evacuation
[2022-03-27T21:10:49.224+0800][2500.568s] GC(1445) ParNew: 93848K->7685K(109248K)
[2022-03-27T21:10:49.224+0800][2500.568s] GC(1445) CMS: 171596K->171840K(393216K)
[2022-03-27T21:10:49.224+0800][2500.568s] GC(1445) Metaspace: 49921K->49921K(1095680K)
[2022-03-27T21:10:49.224+0800][2500.568s] GC(1445) Pause Young (Allocation Failure) 259M->175M(490M) 2.063ms
[2022-03-27T21:10:49.224+0800][2500.568s] GC(1445) User=0.00s Sys=0.00s Real=0.00s
[2022-03-27T21:10:49.555+0800][2500.899s] GC(1446) Pause Young (Allocation Failure)
[2022-03-27T21:10:49.556+0800][2500.899s] GC(1446) Using 4 workers of 4 for evacuation
[2022-03-27T21:10:49.558+0800][2500.901s] GC(1446) ParNew: 95109K->7039K(109248K)
[2022-03-27T21:10:49.558+0800][2500.901s] GC(1446) CMS: 171840K->172220K(393216K)
[2022-03-27T21:10:49.558+0800][2500.901s] GC(1446) Metaspace: 49921K->49921K(1095680K)
[2022-03-27T21:10:49.558+0800][2500.901s] GC(1446) Pause Young (Allocation Failure) 260M->175M(490M) 2.255ms
[2022-03-27T21:10:49.558+0800][2500.901s] GC(1446) User=0.00s Sys=0.00s Real=0.00s
[2022-03-27T21:10:49.851+0800][2501.194s] GC(1447) Pause Young (Allocation Failure)
[2022-03-27T21:10:49.851+0800][2501.194s] GC(1447) Using 4 workers of 4 for evacuation
[2022-03-27T21:10:49.853+0800][2501.197s] GC(1447) ParNew: 94463K->8898K(109248K)
[2022-03-27T21:10:49.853+0800][2501.197s] GC(1447) CMS: 172220K->172682K(393216K)
[2022-03-27T21:10:49.853+0800][2501.197s] GC(1447) Metaspace: 49921K->49921K(1095680K)
[2022-03-27T21:10:49.853+0800][2501.197s] GC(1447) Pause Young (Allocation Failure) 260M->177M(490M) 2.224ms
[2022-03-27T21:10:49.853+0800][2501.197s] GC(1447) User=0.00s Sys=0.00s Real=0.00s
[2022-03-27T21:10:50.180+0800][2501.524s] GC(1448) Pause Young (Allocation Failure)
[2022-03-27T21:10:50.180+0800][2501.524s] GC(1448) Using 4 workers of 4 for evacuation
[2022-03-27T21:10:50.183+0800][2501.526s] GC(1448) ParNew: 96322K->8569K(109248K)
[2022-03-27T21:10:50.183+0800][2501.526s] GC(1448) CMS: 172682K->172976K(393216K)
[2022-03-27T21:10:50.183+0800][2501.526s] GC(1448) Metaspace: 49921K->49921K(1095680K)
[2022-03-27T21:10:50.183+0800][2501.526s] GC(1448) Pause Young (Allocation Failure) 262M->177M(490M) 2.304ms
[2022-03-27T21:10:50.183+0800][2501.526s] GC(1448) User=0.01s Sys=0.00s Real=0.00s
[2022-03-27T21:10:50.432+0800][2501.775s] GC(1449) Pause Young (Allocation Failure)
[2022-03-27T21:10:50.432+0800][2501.775s] GC(1449) Using 4 workers of 4 for evacuation
[2022-03-27T21:10:50.434+0800][2501.777s] GC(1449) ParNew: 95993K->8856K(109248K)
[2022-03-27T21:10:50.434+0800][2501.777s] GC(1449) CMS: 172976K->173269K(393216K)
[2022-03-27T21:10:50.434+0800][2501.777s] GC(1449) Metaspace: 49921K->49921K(1095680K)
[2022-03-27T21:10:50.434+0800][2501.777s] GC(1449) Pause Young (Allocation Failure) 262M->177M(490M) 2.464ms
[2022-03-27T21:10:50.434+0800][2501.778s] GC(1449) User=0.00s Sys=0.00s Real=0.00s
[2022-03-27T21:10:50.744+0800][2502.087s] GC(1450) Pause Young (Allocation Failure)
[2022-03-27T21:10:50.744+0800][2502.087s] GC(1450) Using 4 workers of 4 for evacuation
[2022-03-27T21:10:50.746+0800][2502.090s] GC(1450) ParNew: 96280K->8484K(109248K)
[2022-03-27T21:10:50.747+0800][2502.090s] GC(1450) CMS: 173269K->173646K(393216K)
[2022-03-27T21:10:50.747+0800][2502.090s] GC(1450) Metaspace: 49921K->49921K(1095680K)
[2022-03-27T21:10:50.747+0800][2502.090s] GC(1450) Pause Young (Allocation Failure) 263M->177M(490M) 2.627ms
[2022-03-27T21:10:50.747+0800][2502.090s] GC(1450) User=0.00s Sys=0.00s Real=0.00s
[2022-03-27T21:10:51.047+0800][2502.390s] GC(1451) Pause Young (Allocation Failure)
[2022-03-27T21:10:51.047+0800][2502.390s] GC(1451) Using 4 workers of 4 for evacuation
[2022-03-27T21:10:51.049+0800][2502.393s] GC(1451) ParNew: 95908K->8784K(109248K)
[2022-03-27T21:10:51.049+0800][2502.393s] GC(1451) CMS: 173646K->173964K(393216K)
[2022-03-27T21:10:51.049+0800][2502.393s] GC(1451) Metaspace: 49921K->49921K(1095680K)
[2022-03-27T21:10:51.049+0800][2502.393s] GC(1451) Pause Young (Allocation Failure) 263M->178M(490M) 2.521ms
[2022-03-27T21:10:51.049+0800][2502.393s] GC(1451) User=0.01s Sys=0.00s Real=0.00s
[2022-03-27T21:10:51.366+0800][2502.709s] GC(1452) Pause Young (Allocation Failure)
[2022-03-27T21:10:51.366+0800][2502.709s] GC(1452) Using 4 workers of 4 for evacuation
[2022-03-27T21:10:51.368+0800][2502.711s] GC(1452) ParNew: 96208K->8077K(109248K)
[2022-03-27T21:10:51.368+0800][2502.711s] GC(1452) CMS: 173964K->174187K(393216K)
[2022-03-27T21:10:51.368+0800][2502.711s] GC(1452) Metaspace: 49921K->49921K(1095680K)
[2022-03-27T21:10:51.368+0800][2502.711s] GC(1452) Pause Young (Allocation Failure) 263M->177M(490M) 2.194ms
[2022-03-27T21:10:51.368+0800][2502.711s] GC(1452) User=0.01s Sys=0.00s Real=0.00s
[2022-03-27T21:10:51.658+0800][2503.001s] GC(1453) Pause Young (Allocation Failure)
[2022-03-27T21:10:51.658+0800][2503.002s] GC(1453) Using 4 workers of 4 for evacuation
[2022-03-27T21:10:51.660+0800][2503.004s] GC(1453) ParNew: 95501K->9676K(109248K)
[2022-03-27T21:10:51.660+0800][2503.004s] GC(1453) CMS: 174187K->174529K(393216K)
[2022-03-27T21:10:51.660+0800][2503.004s] GC(1453) Metaspace: 49921K->49921K(1095680K)
[2022-03-27T21:10:51.660+0800][2503.004s] GC(1453) Pause Young (Allocation Failure) 263M->179M(490M) 2.133ms
[2022-03-27T21:10:51.660+0800][2503.004s] GC(1453) User=0.00s Sys=0.00s Real=0.01s
[2022-03-27T21:10:51.952+0800][2503.295s] GC(1454) Pause Young (Allocation Failure)
[2022-03-27T21:10:51.952+0800][2503.295s] GC(1454) Using 4 workers of 4 for evacuation
[2022-03-27T21:10:51.954+0800][2503.297s] GC(1454) ParNew: 97100K->8654K(109248K)
[2022-03-27T21:10:51.954+0800][2503.298s] GC(1454) CMS: 174529K->175006K(393216K)
[2022-03-27T21:10:51.954+0800][2503.298s] GC(1454) Metaspace: 49921K->49921K(1095680K)
[2022-03-27T21:10:51.954+0800][2503.298s] GC(1454) Pause Young (Allocation Failure) 265M->179M(490M) 2.473ms
[2022-03-27T21:10:51.954+0800][2503.298s] GC(1454) User=0.00s Sys=0.01s Real=0.00s
[2022-03-27T21:10:52.254+0800][2503.598s] GC(1455) Pause Young (Allocation Failure)
[2022-03-27T21:10:52.254+0800][2503.598s] GC(1455) Using 4 workers of 4 for evacuation
[2022-03-27T21:10:52.257+0800][2503.600s] GC(1455) ParNew: 96078K->8457K(109248K)
[2022-03-27T21:10:52.257+0800][2503.600s] GC(1455) CMS: 175006K->176408K(393216K)
[2022-03-27T21:10:52.257+0800][2503.600s] GC(1455) Metaspace: 49921K->49921K(1095680K)
[2022-03-27T21:10:52.257+0800][2503.600s] GC(1455) Pause Young (Allocation Failure) 264M->180M(490M) 2.394ms
[2022-03-27T21:10:52.257+0800][2503.600s] GC(1455) User=0.01s Sys=0.00s Real=0.00s
[2022-03-27T21:10:52.527+0800][2503.871s] GC(1456) Pause Young (Allocation Failure)
[2022-03-27T21:10:52.527+0800][2503.871s] GC(1456) Using 4 workers of 4 for evacuation
[2022-03-27T21:10:52.529+0800][2503.873s] GC(1456) ParNew: 95783K->7822K(109248K)
[2022-03-27T21:10:52.529+0800][2503.873s] GC(1456) CMS: 176408K->176837K(393216K)
[2022-03-27T21:10:52.529+0800][2503.873s] GC(1456) Metaspace: 49921K->49921K(1095680K)
[2022-03-27T21:10:52.529+0800][2503.873s] GC(1456) Pause Young (Allocation Failure) 265M->180M(490M) 2.210ms
[2022-03-27T21:10:52.529+0800][2503.873s] GC(1456) User=0.01s Sys=0.00s Real=0.00s
[2022-03-27T21:10:52.833+0800][2504.177s] GC(1457) Pause Young (Allocation Failure)
[2022-03-27T21:10:52.833+0800][2504.177s] GC(1457) Using 4 workers of 4 for evacuation
[2022-03-27T21:10:52.835+0800][2504.179s] GC(1457) ParNew: 95246K->7065K(109248K)
[2022-03-27T21:10:52.835+0800][2504.179s] GC(1457) CMS: 176837K->177014K(393216K)
[2022-03-27T21:10:52.835+0800][2504.179s] GC(1457) Metaspace: 49921K->49921K(1095680K)
[2022-03-27T21:10:52.835+0800][2504.179s] GC(1457) Pause Young (Allocation Failure) 265M->179M(490M) 1.922ms
[2022-03-27T21:10:52.835+0800][2504.179s] GC(1457) User=0.01s Sys=0.00s Real=0.00s
[2022-03-27T21:10:52.947+0800][2504.290s] GC(1458) Pause Young (Allocation Failure)
[2022-03-27T21:10:52.947+0800][2504.290s] GC(1458) Using 4 workers of 4 for evacuation
[2022-03-27T21:10:52.949+0800][2504.292s] GC(1458) ParNew: 94489K->11334K(109248K)
[2022-03-27T21:10:52.949+0800][2504.293s] GC(1458) CMS: 177014K->177341K(393216K)
[2022-03-27T21:10:52.949+0800][2504.293s] GC(1458) Metaspace: 49924K->49924K(1095680K)
[2022-03-27T21:10:52.949+0800][2504.293s] GC(1458) Pause Young (Allocation Failure) 265M->184M(490M) 2.601ms
[2022-03-27T21:10:52.949+0800][2504.293s] GC(1458) User=0.01s Sys=0.00s Real=0.00s
[2022-03-27T21:10:53.073+0800][2504.416s] GC(1459) Pause Young (Allocation Failure)
[2022-03-27T21:10:53.073+0800][2504.416s] GC(1459) Using 4 workers of 4 for evacuation
[2022-03-27T21:10:53.075+0800][2504.418s] GC(1459) ParNew: 98758K->13226K(109248K)
[2022-03-27T21:10:53.075+0800][2504.418s] GC(1459) CMS: 177341K->177584K(393216K)
[2022-03-27T21:10:53.075+0800][2504.418s] GC(1459) Metaspace: 49924K->49924K(1095680K)
[2022-03-27T21:10:53.075+0800][2504.418s] GC(1459) Pause Young (Allocation Failure) 269M->186M(490M) 2.213ms
[2022-03-27T21:10:53.075+0800][2504.418s] GC(1459) User=0.00s Sys=0.00s Real=0.00s
[2022-03-27T21:10:53.857+0800][2505.201s] GC(1460) Pause Young (Allocation Failure)
[2022-03-27T21:10:53.874+0800][2505.218s] GC(1460) Using 4 workers of 4 for evacuation
[2022-03-27T21:10:53.879+0800][2505.223s] GC(1460) ParNew: 100650K->11149K(109248K)
[2022-03-27T21:10:53.880+0800][2505.223s] GC(1460) CMS: 177584K->177839K(393216K)
[2022-03-27T21:10:53.880+0800][2505.223s] GC(1460) Metaspace: 49924K->49924K(1095680K)
[2022-03-27T21:10:53.880+0800][2505.223s] GC(1460) Pause Young (Allocation Failure) 271M->184M(490M) 22.404ms
[2022-03-27T21:10:53.880+0800][2505.223s] GC(1460) User=0.01s Sys=0.00s Real=0.03s
[2022-03-27T21:10:57.611+0800][2508.955s] GC(1461) Pause Young (Allocation Failure)
[2022-03-27T21:10:57.611+0800][2508.955s] GC(1461) Using 4 workers of 4 for evacuation
[2022-03-27T21:10:57.615+0800][2508.958s] GC(1461) ParNew: 98573K->8301K(109248K)
[2022-03-27T21:10:57.615+0800][2508.958s] GC(1461) CMS: 177839K->180760K(393216K)
[2022-03-27T21:10:57.615+0800][2508.958s] GC(1461) Metaspace: 49924K->49924K(1095680K)
[2022-03-27T21:10:57.615+0800][2508.958s] GC(1461) Pause Young (Allocation Failure) 269M->184M(490M) 3.659ms
[2022-03-27T21:10:57.615+0800][2508.958s] GC(1461) User=0.01s Sys=0.00s Real=0.00s
[2022-03-27T21:10:57.813+0800][2509.157s] GC(1462) Pause Young (Allocation Failure)
[2022-03-27T21:10:57.813+0800][2509.157s] GC(1462) Using 4 workers of 4 for evacuation
[2022-03-27T21:10:57.817+0800][2509.160s] GC(1462) ParNew: 95725K->8142K(109248K)
[2022-03-27T21:10:57.817+0800][2509.160s] GC(1462) CMS: 180760K->181355K(393216K)
[2022-03-27T21:10:57.817+0800][2509.160s] GC(1462) Metaspace: 49929K->49929K(1095680K)
[2022-03-27T21:10:57.817+0800][2509.160s] GC(1462) Pause Young (Allocation Failure) 270M->185M(490M) 3.951ms
[2022-03-27T21:10:57.817+0800][2509.160s] GC(1462) User=0.01s Sys=0.00s Real=0.00s
[2022-03-27T21:10:58.122+0800][2509.466s] GC(1463) Pause Young (Allocation Failure)
[2022-03-27T21:10:58.122+0800][2509.466s] GC(1463) Using 4 workers of 4 for evacuation
[2022-03-27T21:10:58.125+0800][2509.468s] GC(1463) ParNew: 95566K->10004K(109248K)
[2022-03-27T21:10:58.125+0800][2509.469s] GC(1463) CMS: 181355K->181853K(393216K)
[2022-03-27T21:10:58.125+0800][2509.469s] GC(1463) Metaspace: 49929K->49929K(1095680K)
[2022-03-27T21:10:58.125+0800][2509.469s] GC(1463) Pause Young (Allocation Failure) 270M->187M(490M) 2.787ms
[2022-03-27T21:10:58.125+0800][2509.469s] GC(1463) User=0.00s Sys=0.00s Real=0.00s
[2022-03-27T21:10:58.402+0800][2509.745s] GC(1464) Pause Young (Allocation Failure)
[2022-03-27T21:10:58.402+0800][2509.745s] GC(1464) Using 4 workers of 4 for evacuation
[2022-03-27T21:10:58.404+0800][2509.747s] GC(1464) ParNew: 97428K->9053K(109248K)
[2022-03-27T21:10:58.404+0800][2509.747s] GC(1464) CMS: 181853K->182700K(393216K)
[2022-03-27T21:10:58.404+0800][2509.747s] GC(1464) Metaspace: 49929K->49929K(1095680K)
[2022-03-27T21:10:58.404+0800][2509.748s] GC(1464) Pause Young (Allocation Failure) 272M->187M(490M) 2.317ms
[2022-03-27T21:10:58.404+0800][2509.748s] GC(1464) User=0.00s Sys=0.00s Real=0.00s
[2022-03-27T21:10:58.674+0800][2510.017s] GC(1465) Pause Young (Allocation Failure)
[2022-03-27T21:10:58.674+0800][2510.017s] GC(1465) Using 4 workers of 4 for evacuation
[2022-03-27T21:10:58.677+0800][2510.020s] GC(1465) ParNew: 96477K->7214K(109248K)
[2022-03-27T21:10:58.677+0800][2510.020s] GC(1465) CMS: 182700K->183095K(393216K)
[2022-03-27T21:10:58.677+0800][2510.020s] GC(1465) Metaspace: 49929K->49929K(1095680K)
[2022-03-27T21:10:58.677+0800][2510.020s] GC(1465) Pause Young (Allocation Failure) 272M->185M(490M) 3.463ms
[2022-03-27T21:10:58.677+0800][2510.021s] GC(1465) User=0.01s Sys=0.00s Real=0.00s
[2022-03-27T21:10:58.991+0800][2510.335s] GC(1466) Pause Young (Allocation Failure)
[2022-03-27T21:10:58.991+0800][2510.335s] GC(1466) Using 4 workers of 4 for evacuation
[2022-03-27T21:10:58.997+0800][2510.340s] GC(1466) ParNew: 94638K->8383K(109248K)
[2022-03-27T21:10:58.997+0800][2510.340s] GC(1466) CMS: 183095K->183325K(393216K)
[2022-03-27T21:10:58.997+0800][2510.340s] GC(1466) Metaspace: 49929K->49929K(1095680K)
[2022-03-27T21:10:58.997+0800][2510.340s] GC(1466) Pause Young (Allocation Failure) 271M->187M(490M) 5.518ms
[2022-03-27T21:10:58.997+0800][2510.340s] GC(1466) User=0.02s Sys=0.00s Real=0.00s
[2022-03-27T21:10:59.330+0800][2510.674s] GC(1467) Pause Young (Allocation Failure)
[2022-03-27T21:10:59.330+0800][2510.674s] GC(1467) Using 4 workers of 4 for evacuation
[2022-03-27T21:10:59.332+0800][2510.676s] GC(1467) ParNew: 95807K->11420K(109248K)
[2022-03-27T21:10:59.332+0800][2510.676s] GC(1467) CMS: 183325K->183342K(393216K)
[2022-03-27T21:10:59.332+0800][2510.676s] GC(1467) Metaspace: 49929K->49929K(1095680K)
[2022-03-27T21:10:59.332+0800][2510.676s] GC(1467) Pause Young (Allocation Failure) 272M->190M(490M) 2.164ms
[2022-03-27T21:10:59.332+0800][2510.676s] GC(1467) User=0.00s Sys=0.00s Real=0.00s
[2022-03-27T21:10:59.642+0800][2510.986s] GC(1468) Pause Young (Allocation Failure)
[2022-03-27T21:10:59.642+0800][2510.986s] GC(1468) Using 4 workers of 4 for evacuation
[2022-03-27T21:10:59.644+0800][2510.988s] GC(1468) ParNew: 98844K->9758K(109248K)
[2022-03-27T21:10:59.644+0800][2510.988s] GC(1468) CMS: 183342K->183353K(393216K)
[2022-03-27T21:10:59.644+0800][2510.988s] GC(1468) Metaspace: 49929K->49929K(1095680K)
[2022-03-27T21:10:59.644+0800][2510.988s] GC(1468) Pause Young (Allocation Failure) 275M->188M(490M) 2.109ms
[2022-03-27T21:10:59.644+0800][2510.988s] GC(1468) User=0.00s Sys=0.00s Real=0.00s
[2022-03-27T21:10:59.946+0800][2511.290s] GC(1469) Pause Young (Allocation Failure)
[2022-03-27T21:10:59.947+0800][2511.290s] GC(1469) Using 4 workers of 4 for evacuation
[2022-03-27T21:10:59.949+0800][2511.292s] GC(1469) ParNew: 97182K->11155K(109248K)
[2022-03-27T21:10:59.949+0800][2511.292s] GC(1469) CMS: 183353K->183419K(393216K)
[2022-03-27T21:10:59.949+0800][2511.292s] GC(1469) Metaspace: 49929K->49929K(1095680K)
[2022-03-27T21:10:59.949+0800][2511.292s] GC(1469) Pause Young (Allocation Failure) 273M->190M(490M) 2.793ms
[2022-03-27T21:10:59.949+0800][2511.293s] GC(1469) User=0.01s Sys=0.00s Real=0.00s
[2022-03-27T21:11:00.255+0800][2511.598s] GC(1470) Pause Young (Allocation Failure)
[2022-03-27T21:11:00.255+0800][2511.599s] GC(1470) Using 4 workers of 4 for evacuation
[2022-03-27T21:11:00.258+0800][2511.601s] GC(1470) ParNew: 98579K->7409K(109248K)
[2022-03-27T21:11:00.258+0800][2511.601s] GC(1470) CMS: 183419K->187157K(393216K)
[2022-03-27T21:11:00.258+0800][2511.601s] GC(1470) Metaspace: 49929K->49929K(1095680K)
[2022-03-27T21:11:00.258+0800][2511.601s] GC(1470) Pause Young (Allocation Failure) 275M->190M(490M) 3.000ms
[2022-03-27T21:11:00.258+0800][2511.601s] GC(1470) User=0.01s Sys=0.00s Real=0.00s
[2022-03-27T21:11:00.547+0800][2511.890s] GC(1471) Pause Young (Allocation Failure)
[2022-03-27T21:11:00.547+0800][2511.890s] GC(1471) Using 4 workers of 4 for evacuation
[2022-03-27T21:11:00.549+0800][2511.892s] GC(1471) ParNew: 94833K->6542K(109248K)
[2022-03-27T21:11:00.549+0800][2511.892s] GC(1471) CMS: 187157K->187683K(393216K)
[2022-03-27T21:11:00.549+0800][2511.892s] GC(1471) Metaspace: 49929K->49929K(1095680K)
[2022-03-27T21:11:00.549+0800][2511.892s] GC(1471) Pause Young (Allocation Failure) 275M->189M(490M) 2.179ms
[2022-03-27T21:11:00.549+0800][2511.892s] GC(1471) User=0.00s Sys=0.00s Real=0.00s
[2022-03-27T21:11:00.853+0800][2512.197s] GC(1472) Pause Young (Allocation Failure)
[2022-03-27T21:11:00.853+0800][2512.197s] GC(1472) Using 4 workers of 4 for evacuation
[2022-03-27T21:11:00.855+0800][2512.198s] GC(1472) ParNew: 93966K->6432K(109248K)
[2022-03-27T21:11:00.855+0800][2512.198s] GC(1472) CMS: 187683K->187947K(393216K)
[2022-03-27T21:11:00.855+0800][2512.198s] GC(1472) Metaspace: 49929K->49929K(1095680K)
[2022-03-27T21:11:00.855+0800][2512.198s] GC(1472) Pause Young (Allocation Failure) 275M->189M(490M) 1.889ms
[2022-03-27T21:11:00.855+0800][2512.198s] GC(1472) User=0.00s Sys=0.00s Real=0.00s
[2022-03-27T21:11:01.149+0800][2512.493s] GC(1473) Pause Young (Allocation Failure)
[2022-03-27T21:11:01.150+0800][2512.493s] GC(1473) Using 4 workers of 4 for evacuation
[2022-03-27T21:11:01.151+0800][2512.495s] GC(1473) ParNew: 93856K->7875K(109248K)
[2022-03-27T21:11:01.151+0800][2512.495s] GC(1473) CMS: 187947K->188250K(393216K)
[2022-03-27T21:11:01.151+0800][2512.495s] GC(1473) Metaspace: 49929K->49929K(1095680K)
[2022-03-27T21:11:01.151+0800][2512.495s] GC(1473) Pause Young (Allocation Failure) 275M->191M(490M) 2.017ms
[2022-03-27T21:11:01.151+0800][2512.495s] GC(1473) User=0.01s Sys=0.00s Real=0.01s
[2022-03-27T21:11:01.481+0800][2512.824s] GC(1474) Pause Young (Allocation Failure)
[2022-03-27T21:11:01.481+0800][2512.824s] GC(1474) Using 4 workers of 4 for evacuation
[2022-03-27T21:11:01.483+0800][2512.826s] GC(1474) ParNew: 95299K->6661K(109248K)
[2022-03-27T21:11:01.483+0800][2512.827s] GC(1474) CMS: 188250K->188596K(393216K)
[2022-03-27T21:11:01.483+0800][2512.827s] GC(1474) Metaspace: 49929K->49929K(1095680K)
[2022-03-27T21:11:01.483+0800][2512.827s] GC(1474) Pause Young (Allocation Failure) 276M->190M(490M) 2.447ms
[2022-03-27T21:11:01.483+0800][2512.827s] GC(1474) User=0.00s Sys=0.00s Real=0.00s
[2022-03-27T21:11:01.818+0800][2513.162s] GC(1475) Pause Young (Allocation Failure)
[2022-03-27T21:11:01.818+0800][2513.162s] GC(1475) Using 4 workers of 4 for evacuation
[2022-03-27T21:11:01.820+0800][2513.164s] GC(1475) ParNew: 94085K->7464K(109248K)
[2022-03-27T21:11:01.820+0800][2513.164s] GC(1475) CMS: 188596K->188911K(393216K)
[2022-03-27T21:11:01.820+0800][2513.164s] GC(1475) Metaspace: 49929K->49929K(1095680K)
[2022-03-27T21:11:01.820+0800][2513.164s] GC(1475) Pause Young (Allocation Failure) 276M->191M(490M) 2.029ms
[2022-03-27T21:11:01.820+0800][2513.164s] GC(1475) User=0.01s Sys=0.00s Real=0.01s
[2022-03-27T21:11:02.165+0800][2513.508s] GC(1476) Pause Young (Allocation Failure)
[2022-03-27T21:11:02.165+0800][2513.508s] GC(1476) Using 4 workers of 4 for evacuation
[2022-03-27T21:11:02.168+0800][2513.511s] GC(1476) ParNew: 94888K->6436K(109248K)
[2022-03-27T21:11:02.168+0800][2513.511s] GC(1476) CMS: 188911K->189261K(393216K)
[2022-03-27T21:11:02.168+0800][2513.511s] GC(1476) Metaspace: 49929K->49929K(1095680K)
[2022-03-27T21:11:02.168+0800][2513.511s] GC(1476) Pause Young (Allocation Failure) 277M->191M(490M) 3.078ms
[2022-03-27T21:11:02.168+0800][2513.511s] GC(1476) User=0.01s Sys=0.00s Real=0.00s
[2022-03-27T21:11:02.499+0800][2513.842s] GC(1477) Pause Young (Allocation Failure)
[2022-03-27T21:11:02.499+0800][2513.842s] GC(1477) Using 4 workers of 4 for evacuation
[2022-03-27T21:11:02.502+0800][2513.845s] GC(1477) ParNew: 93860K->8961K(109248K)
[2022-03-27T21:11:02.502+0800][2513.845s] GC(1477) CMS: 189261K->189813K(393216K)
[2022-03-27T21:11:02.502+0800][2513.845s] GC(1477) Metaspace: 49929K->49929K(1095680K)
[2022-03-27T21:11:02.502+0800][2513.845s] GC(1477) Pause Young (Allocation Failure) 276M->194M(490M) 2.959ms
[2022-03-27T21:11:02.502+0800][2513.845s] GC(1477) User=0.01s Sys=0.00s Real=0.01s
[2022-03-27T21:11:02.837+0800][2514.181s] GC(1478) Pause Young (Allocation Failure)
[2022-03-27T21:11:02.837+0800][2514.181s] GC(1478) Using 4 workers of 4 for evacuation
[2022-03-27T21:11:02.844+0800][2514.187s] GC(1478) ParNew: 96385K->8731K(109248K)
[2022-03-27T21:11:02.844+0800][2514.187s] GC(1478) CMS: 189813K->190120K(393216K)
[2022-03-27T21:11:02.844+0800][2514.187s] GC(1478) Metaspace: 49929K->49929K(1095680K)
[2022-03-27T21:11:02.844+0800][2514.187s] GC(1478) Pause Young (Allocation Failure) 279M->194M(490M) 6.635ms
[2022-03-27T21:11:02.844+0800][2514.187s] GC(1478) User=0.02s Sys=0.00s Real=0.01s
[2022-03-27T21:11:03.199+0800][2514.542s] GC(1479) Pause Young (Allocation Failure)
[2022-03-27T21:11:03.199+0800][2514.542s] GC(1479) Using 4 workers of 4 for evacuation
[2022-03-27T21:11:03.201+0800][2514.544s] GC(1479) ParNew: 96155K->10449K(109248K)
[2022-03-27T21:11:03.201+0800][2514.544s] GC(1479) CMS: 190120K->190450K(393216K)
[2022-03-27T21:11:03.201+0800][2514.544s] GC(1479) Metaspace: 49929K->49929K(1095680K)
[2022-03-27T21:11:03.201+0800][2514.544s] GC(1479) Pause Young (Allocation Failure) 279M->196M(490M) 2.231ms
[2022-03-27T21:11:03.201+0800][2514.545s] GC(1479) User=0.01s Sys=0.00s Real=0.01s
[2022-03-27T21:11:03.490+0800][2514.833s] GC(1480) Pause Young (Allocation Failure)
[2022-03-27T21:11:03.490+0800][2514.834s] GC(1480) Using 4 workers of 4 for evacuation
[2022-03-27T21:11:03.493+0800][2514.836s] GC(1480) ParNew: 97873K->10215K(109248K)
[2022-03-27T21:11:03.493+0800][2514.836s] GC(1480) CMS: 190450K->190767K(393216K)
[2022-03-27T21:11:03.493+0800][2514.836s] GC(1480) Metaspace: 49929K->49929K(1095680K)
[2022-03-27T21:11:03.493+0800][2514.836s] GC(1480) Pause Young (Allocation Failure) 281M->196M(490M) 2.546ms
[2022-03-27T21:11:03.493+0800][2514.836s] GC(1480) User=0.01s Sys=0.00s Real=0.00s
[2022-03-27T21:11:03.797+0800][2515.140s] GC(1481) Pause Young (Allocation Failure)
[2022-03-27T21:11:03.797+0800][2515.140s] GC(1481) Using 4 workers of 4 for evacuation
[2022-03-27T21:11:03.799+0800][2515.143s] GC(1481) ParNew: 97596K->9967K(109248K)
[2022-03-27T21:11:03.799+0800][2515.143s] GC(1481) CMS: 190767K->191177K(393216K)
[2022-03-27T21:11:03.799+0800][2515.143s] GC(1481) Metaspace: 49929K->49929K(1095680K)
[2022-03-27T21:11:03.799+0800][2515.143s] GC(1481) Pause Young (Allocation Failure) 281M->196M(490M) 2.513ms
[2022-03-27T21:11:03.799+0800][2515.143s] GC(1481) User=0.01s Sys=0.00s Real=0.00s
[2022-03-27T21:11:04.135+0800][2515.478s] GC(1482) Pause Young (Allocation Failure)
[2022-03-27T21:11:04.135+0800][2515.478s] GC(1482) Using 4 workers of 4 for evacuation
[2022-03-27T21:11:04.138+0800][2515.481s] GC(1482) ParNew: 97391K->9366K(109248K)
[2022-03-27T21:11:04.138+0800][2515.481s] GC(1482) CMS: 191177K->191450K(393216K)
[2022-03-27T21:11:04.138+0800][2515.481s] GC(1482) Metaspace: 49929K->49929K(1095680K)
[2022-03-27T21:11:04.138+0800][2515.481s] GC(1482) Pause Young (Allocation Failure) 281M->196M(490M) 2.877ms
[2022-03-27T21:11:04.138+0800][2515.481s] GC(1482) User=0.01s Sys=0.00s Real=0.00s
[2022-03-27T21:11:04.428+0800][2515.771s] GC(1483) Pause Young (Allocation Failure)
[2022-03-27T21:11:04.428+0800][2515.771s] GC(1483) Using 4 workers of 4 for evacuation
[2022-03-27T21:11:04.430+0800][2515.774s] GC(1483) ParNew: 96790K->10276K(109248K)
[2022-03-27T21:11:04.430+0800][2515.774s] GC(1483) CMS: 191450K->191712K(393216K)
[2022-03-27T21:11:04.430+0800][2515.774s] GC(1483) Metaspace: 49929K->49929K(1095680K)
[2022-03-27T21:11:04.430+0800][2515.774s] GC(1483) Pause Young (Allocation Failure) 281M->197M(490M) 2.606ms
[2022-03-27T21:11:04.430+0800][2515.774s] GC(1483) User=0.01s Sys=0.00s Real=0.01s
[2022-03-27T21:11:04.713+0800][2516.057s] GC(1484) Pause Young (Allocation Failure)
[2022-03-27T21:11:04.713+0800][2516.057s] GC(1484) Using 4 workers of 4 for evacuation
[2022-03-27T21:11:04.715+0800][2516.059s] GC(1484) ParNew: 97700K->10109K(109248K)
[2022-03-27T21:11:04.715+0800][2516.059s] GC(1484) CMS: 191712K->192222K(393216K)
[2022-03-27T21:11:04.715+0800][2516.059s] GC(1484) Metaspace: 49929K->49929K(1095680K)
[2022-03-27T21:11:04.716+0800][2516.059s] GC(1484) Pause Young (Allocation Failure) 282M->197M(490M) 2.321ms
[2022-03-27T21:11:04.716+0800][2516.059s] GC(1484) User=0.00s Sys=0.00s Real=0.00s
[2022-03-27T21:11:04.985+0800][2516.328s] GC(1485) Pause Young (Allocation Failure)
[2022-03-27T21:11:04.985+0800][2516.328s] GC(1485) Using 4 workers of 4 for evacuation
[2022-03-27T21:11:04.987+0800][2516.331s] GC(1485) ParNew: 97533K->8606K(109248K)
[2022-03-27T21:11:04.987+0800][2516.331s] GC(1485) CMS: 192222K->193481K(393216K)
[2022-03-27T21:11:04.987+0800][2516.331s] GC(1485) Metaspace: 49929K->49929K(1095680K)
[2022-03-27T21:11:04.987+0800][2516.331s] GC(1485) Pause Young (Allocation Failure) 282M->197M(490M) 2.490ms
[2022-03-27T21:11:04.987+0800][2516.331s] GC(1485) User=0.01s Sys=0.00s Real=0.00s
[2022-03-27T21:11:05.273+0800][2516.616s] GC(1486) Pause Young (Allocation Failure)
[2022-03-27T21:11:05.273+0800][2516.616s] GC(1486) Using 4 workers of 4 for evacuation
[2022-03-27T21:11:05.275+0800][2516.618s] GC(1486) ParNew: 96030K->8652K(109248K)
[2022-03-27T21:11:05.275+0800][2516.618s] GC(1486) CMS: 193481K->193735K(393216K)
[2022-03-27T21:11:05.275+0800][2516.618s] GC(1486) Metaspace: 49929K->49929K(1095680K)
[2022-03-27T21:11:05.275+0800][2516.618s] GC(1486) Pause Young (Allocation Failure) 282M->197M(490M) 2.275ms
[2022-03-27T21:11:05.275+0800][2516.619s] GC(1486) User=0.00s Sys=0.00s Real=0.00s
[2022-03-27T21:11:05.549+0800][2516.893s] GC(1487) Pause Young (Allocation Failure)
[2022-03-27T21:11:05.549+0800][2516.893s] GC(1487) Using 4 workers of 4 for evacuation
[2022-03-27T21:11:05.551+0800][2516.895s] GC(1487) ParNew: 96076K->7578K(109248K)
[2022-03-27T21:11:05.551+0800][2516.895s] GC(1487) CMS: 193735K->195170K(393216K)
[2022-03-27T21:11:05.551+0800][2516.895s] GC(1487) Metaspace: 49929K->49929K(1095680K)
[2022-03-27T21:11:05.551+0800][2516.895s] GC(1487) Pause Young (Allocation Failure) 283M->197M(490M) 2.325ms
[2022-03-27T21:11:05.552+0800][2516.895s] GC(1487) User=0.00s Sys=0.00s Real=0.01s
[2022-03-27T21:11:05.854+0800][2517.198s] GC(1488) Pause Young (Allocation Failure)
[2022-03-27T21:11:05.854+0800][2517.198s] GC(1488) Using 4 workers of 4 for evacuation
[2022-03-27T21:11:05.856+0800][2517.199s] GC(1488) ParNew: 95002K->6982K(109248K)
[2022-03-27T21:11:05.856+0800][2517.200s] GC(1488) CMS: 195170K->195488K(393216K)
[2022-03-27T21:11:05.856+0800][2517.200s] GC(1488) Metaspace: 49929K->49929K(1095680K)
[2022-03-27T21:11:05.856+0800][2517.200s] GC(1488) Pause Young (Allocation Failure) 283M->197M(490M) 1.994ms
[2022-03-27T21:11:05.856+0800][2517.200s] GC(1488) User=0.01s Sys=0.01s Real=0.00s
[2022-03-27T21:11:06.149+0800][2517.492s] GC(1489) Pause Young (Allocation Failure)
[2022-03-27T21:11:06.149+0800][2517.492s] GC(1489) Using 4 workers of 4 for evacuation
[2022-03-27T21:11:06.151+0800][2517.494s] GC(1489) ParNew: 94406K->7047K(109248K)
[2022-03-27T21:11:06.151+0800][2517.494s] GC(1489) CMS: 195488K->195890K(393216K)
[2022-03-27T21:11:06.151+0800][2517.494s] GC(1489) Metaspace: 49929K->49929K(1095680K)
[2022-03-27T21:11:06.151+0800][2517.494s] GC(1489) Pause Young (Allocation Failure) 283M->198M(490M) 2.082ms
[2022-03-27T21:11:06.151+0800][2517.494s] GC(1489) User=0.00s Sys=0.00s Real=0.01s
[2022-03-27T21:11:06.421+0800][2517.765s] GC(1490) Pause Young (Allocation Failure)
[2022-03-27T21:11:06.421+0800][2517.765s] GC(1490) Using 4 workers of 4 for evacuation
[2022-03-27T21:11:06.423+0800][2517.767s] GC(1490) ParNew: 94471K->7335K(109248K)
[2022-03-27T21:11:06.423+0800][2517.767s] GC(1490) CMS: 195890K->196203K(393216K)
[2022-03-27T21:11:06.423+0800][2517.767s] GC(1490) Metaspace: 49929K->49929K(1095680K)
[2022-03-27T21:11:06.423+0800][2517.767s] GC(1490) Pause Young (Allocation Failure) 283M->198M(490M) 2.192ms
[2022-03-27T21:11:06.423+0800][2517.767s] GC(1490) User=0.01s Sys=0.00s Real=0.00s
[2022-03-27T21:11:06.720+0800][2518.063s] GC(1491) Pause Young (Allocation Failure)
[2022-03-27T21:11:06.720+0800][2518.063s] GC(1491) Using 4 workers of 4 for evacuation
[2022-03-27T21:11:06.722+0800][2518.065s] GC(1491) ParNew: 94759K->7458K(109248K)
[2022-03-27T21:11:06.722+0800][2518.065s] GC(1491) CMS: 196203K->196501K(393216K)
[2022-03-27T21:11:06.722+0800][2518.065s] GC(1491) Metaspace: 49929K->49929K(1095680K)
[2022-03-27T21:11:06.722+0800][2518.065s] GC(1491) Pause Young (Allocation Failure) 284M->199M(490M) 2.213ms
[2022-03-27T21:11:06.722+0800][2518.065s] GC(1491) User=0.00s Sys=0.00s Real=0.00s
[2022-03-27T21:11:07.024+0800][2518.367s] GC(1492) Pause Young (Allocation Failure)
[2022-03-27T21:11:07.024+0800][2518.368s] GC(1492) Using 4 workers of 4 for evacuation
[2022-03-27T21:11:07.026+0800][2518.369s] GC(1492) ParNew: 94882K->8790K(109248K)
[2022-03-27T21:11:07.026+0800][2518.369s] GC(1492) CMS: 196501K->196750K(393216K)
[2022-03-27T21:11:07.026+0800][2518.369s] GC(1492) Metaspace: 49929K->49929K(1095680K)
[2022-03-27T21:11:07.026+0800][2518.369s] GC(1492) Pause Young (Allocation Failure) 284M->200M(490M) 1.952ms
[2022-03-27T21:11:07.026+0800][2518.369s] GC(1492) User=0.01s Sys=0.00s Real=0.00s
[2022-03-27T21:11:07.026+0800][2518.370s] GC(1493) Pause Initial Mark
[2022-03-27T21:11:07.027+0800][2518.370s] GC(1493) Pause Initial Mark 201M->201M(490M) 0.358ms
[2022-03-27T21:11:07.027+0800][2518.370s] GC(1493) User=0.00s Sys=0.00s Real=0.00s
[2022-03-27T21:11:07.027+0800][2518.370s] GC(1493) Concurrent Mark
[2022-03-27T21:11:07.027+0800][2518.370s] GC(1493) Using 4 workers of 4 for marking
[2022-03-27T21:11:07.036+0800][2518.379s] GC(1493) Concurrent Mark 9.250ms
[2022-03-27T21:11:07.036+0800][2518.379s] GC(1493) User=0.04s Sys=0.00s Real=0.01s
[2022-03-27T21:11:07.036+0800][2518.379s] GC(1493) Concurrent Preclean
[2022-03-27T21:11:07.037+0800][2518.381s] GC(1493) Concurrent Preclean 1.349ms
[2022-03-27T21:11:07.037+0800][2518.381s] GC(1493) User=0.00s Sys=0.00s Real=0.00s
[2022-03-27T21:11:07.037+0800][2518.381s] GC(1493) Concurrent Abortable Preclean
[2022-03-27T21:11:07.247+0800][2518.591s] GC(1493) Concurrent Abortable Preclean 209.741ms
[2022-03-27T21:11:07.247+0800][2518.591s] GC(1493) User=0.16s Sys=0.04s Real=0.21s
[2022-03-27T21:11:07.247+0800][2518.591s] GC(1493) Pause Remark
[2022-03-27T21:11:07.247+0800][2518.591s] GC(1494) Pause Young (CMS Final Remark)
[2022-03-27T21:11:07.247+0800][2518.591s] GC(1494) Using 4 workers of 4 for evacuation
[2022-03-27T21:11:07.250+0800][2518.593s] GC(1494) ParNew: 73490K->8256K(109248K)
[2022-03-27T21:11:07.250+0800][2518.593s] GC(1494) CMS: 196750K->197042K(393216K)
[2022-03-27T21:11:07.250+0800][2518.593s] GC(1494) Metaspace: 49929K->49929K(1095680K)
[2022-03-27T21:11:07.250+0800][2518.593s] GC(1494) Pause Young (CMS Final Remark) 263M->200M(490M) 2.284ms
[2022-03-27T21:11:07.250+0800][2518.593s] GC(1494) User=0.00s Sys=0.00s Real=0.01s
[2022-03-27T21:11:07.271+0800][2518.614s] GC(1493) Pause Remark 263M->200M(490M) 23.659ms
[2022-03-27T21:11:07.271+0800][2518.614s] GC(1493) User=0.03s Sys=0.00s Real=0.03s
[2022-03-27T21:11:07.271+0800][2518.615s] GC(1493) Concurrent Sweep
[2022-03-27T21:11:07.288+0800][2518.632s] GC(1493) Concurrent Sweep 16.931ms
[2022-03-27T21:11:07.288+0800][2518.632s] GC(1493) User=0.03s Sys=0.00s Real=0.01s
[2022-03-27T21:11:07.288+0800][2518.632s] GC(1493) Concurrent Reset
[2022-03-27T21:11:07.288+0800][2518.632s] GC(1493) Concurrent Reset 0.219ms
[2022-03-27T21:11:07.288+0800][2518.632s] GC(1493) User=0.00s Sys=0.00s Real=0.00s
[2022-03-27T21:11:07.288+0800][2518.632s] GC(1493) Old: 196750K->50648K(393216K)
[2022-03-27T21:11:07.581+0800][2518.924s] GC(1495) Pause Young (Allocation Failure)
[2022-03-27T21:11:07.581+0800][2518.924s] GC(1495) Using 4 workers of 4 for evacuation
[2022-03-27T21:11:07.584+0800][2518.927s] GC(1495) ParNew: 95680K->7439K(109248K)
[2022-03-27T21:11:07.584+0800][2518.927s] GC(1495) CMS: 50648K->50871K(393216K)
[2022-03-27T21:11:07.584+0800][2518.927s] GC(1495) Metaspace: 49899K->49899K(1095680K)
[2022-03-27T21:11:07.584+0800][2518.927s] GC(1495) Pause Young (Allocation Failure) 142M->56M(490M) 2.940ms
[2022-03-27T21:11:07.584+0800][2518.927s] GC(1495) User=0.01s Sys=0.00s Real=0.00s
[2022-03-27T21:11:07.879+0800][2519.222s] GC(1496) Pause Young (Allocation Failure)
[2022-03-27T21:11:07.879+0800][2519.222s] GC(1496) Using 4 workers of 4 for evacuation
[2022-03-27T21:11:07.881+0800][2519.224s] GC(1496) ParNew: 94863K->8974K(109248K)
[2022-03-27T21:11:07.881+0800][2519.224s] GC(1496) CMS: 50871K->51081K(393216K)
[2022-03-27T21:11:07.881+0800][2519.224s] GC(1496) Metaspace: 49899K->49899K(1095680K)
[2022-03-27T21:11:07.881+0800][2519.224s] GC(1496) Pause Young (Allocation Failure) 142M->58M(490M) 1.973ms
[2022-03-27T21:11:07.881+0800][2519.224s] GC(1496) User=0.01s Sys=0.00s Real=0.01s
[2022-03-27T21:11:07.975+0800][2519.318s] GC(1497) Pause Young (Allocation Failure)
[2022-03-27T21:11:07.975+0800][2519.318s] GC(1497) Using 4 workers of 4 for evacuation
[2022-03-27T21:11:07.977+0800][2519.320s] GC(1497) ParNew: 96398K->10290K(109248K)
[2022-03-27T21:11:07.977+0800][2519.320s] GC(1497) CMS: 51081K->51453K(393216K)
[2022-03-27T21:11:07.977+0800][2519.320s] GC(1497) Metaspace: 49899K->49899K(1095680K)
[2022-03-27T21:11:07.977+0800][2519.320s] GC(1497) Pause Young (Allocation Failure) 144M->60M(490M) 2.169ms
[2022-03-27T21:11:07.977+0800][2519.320s] GC(1497) User=0.01s Sys=0.01s Real=0.00s
[2022-03-27T21:11:08.079+0800][2519.423s] GC(1498) Pause Young (Allocation Failure)
[2022-03-27T21:11:08.081+0800][2519.424s] GC(1498) Using 4 workers of 4 for evacuation
[2022-03-27T21:11:08.083+0800][2519.426s] GC(1498) ParNew: 97714K->11521K(109248K)
[2022-03-27T21:11:08.083+0800][2519.426s] GC(1498) CMS: 51453K->51803K(393216K)
[2022-03-27T21:11:08.083+0800][2519.426s] GC(1498) Metaspace: 49899K->49899K(1095680K)
[2022-03-27T21:11:08.083+0800][2519.426s] GC(1498) Pause Young (Allocation Failure) 145M->61M(490M) 3.486ms
[2022-03-27T21:11:08.083+0800][2519.426s] GC(1498) User=0.01s Sys=0.00s Real=0.01s
[2022-03-27T21:11:09.244+0800][2520.588s] GC(1499) Pause Young (Allocation Failure)
[2022-03-27T21:11:09.261+0800][2520.605s] GC(1499) Using 4 workers of 4 for evacuation
[2022-03-27T21:11:09.266+0800][2520.609s] GC(1499) ParNew: 98945K->10719K(109248K)
[2022-03-27T21:11:09.266+0800][2520.609s] GC(1499) CMS: 51803K->52071K(393216K)
[2022-03-27T21:11:09.266+0800][2520.609s] GC(1499) Metaspace: 49899K->49899K(1095680K)
[2022-03-27T21:11:09.266+0800][2520.609s] GC(1499) Pause Young (Allocation Failure) 147M->61M(490M) 21.267ms
[2022-03-27T21:11:09.266+0800][2520.609s] GC(1499) User=0.01s Sys=0.00s Real=0.02s
[2022-03-27T21:11:12.556+0800][2523.899s] GC(1500) Pause Young (Allocation Failure)
[2022-03-27T21:11:12.556+0800][2523.900s] GC(1500) Using 4 workers of 4 for evacuation
[2022-03-27T21:11:12.558+0800][2523.902s] GC(1500) ParNew: 97937K->7912K(109248K)
[2022-03-27T21:11:12.558+0800][2523.902s] GC(1500) CMS: 52071K->55052K(393216K)
[2022-03-27T21:11:12.558+0800][2523.902s] GC(1500) Metaspace: 49899K->49899K(1095680K)
[2022-03-27T21:11:12.558+0800][2523.902s] GC(1500) Pause Young (Allocation Failure) 146M->61M(490M) 2.355ms
[2022-03-27T21:11:12.558+0800][2523.902s] GC(1500) User=0.01s Sys=0.00s Real=0.00s
[2022-03-27T21:11:12.804+0800][2524.147s] GC(1501) Pause Young (Allocation Failure)
[2022-03-27T21:11:12.804+0800][2524.148s] GC(1501) Using 4 workers of 4 for evacuation
[2022-03-27T21:11:12.806+0800][2524.150s] GC(1501) ParNew: 95336K->8420K(109248K)
[2022-03-27T21:11:12.806+0800][2524.150s] GC(1501) CMS: 55052K->55647K(393216K)
[2022-03-27T21:11:12.806+0800][2524.150s] GC(1501) Metaspace: 49901K->49901K(1095680K)
[2022-03-27T21:11:12.807+0800][2524.150s] GC(1501) Pause Young (Allocation Failure) 146M->62M(490M) 2.435ms
[2022-03-27T21:11:12.807+0800][2524.150s] GC(1501) User=0.01s Sys=0.00s Real=0.00s
[2022-03-27T21:11:13.239+0800][2524.582s] GC(1502) Pause Young (Allocation Failure)
[2022-03-27T21:11:13.239+0800][2524.582s] GC(1502) Using 4 workers of 4 for evacuation
[2022-03-27T21:11:13.241+0800][2524.584s] GC(1502) ParNew: 95538K->8883K(109248K)
[2022-03-27T21:11:13.241+0800][2524.584s] GC(1502) CMS: 55647K->56183K(393216K)
[2022-03-27T21:11:13.241+0800][2524.584s] GC(1502) Metaspace: 49906K->49906K(1095680K)
[2022-03-27T21:11:13.241+0800][2524.584s] GC(1502) Pause Young (Allocation Failure) 147M->63M(490M) 2.168ms
[2022-03-27T21:11:13.241+0800][2524.584s] GC(1502) User=0.00s Sys=0.00s Real=0.01s
[2022-03-27T21:14:39.211+0800][2730.554s] GC(1503) Pause Young (Allocation Failure)
[2022-03-27T21:14:39.211+0800][2730.554s] GC(1503) Using 4 workers of 4 for evacuation
[2022-03-27T21:14:39.214+0800][2730.557s] GC(1503) ParNew: 96293K->5770K(109248K)
[2022-03-27T21:14:39.214+0800][2730.557s] GC(1503) CMS: 56183K->56579K(393216K)
[2022-03-27T21:14:39.214+0800][2730.557s] GC(1503) Metaspace: 50733K->50733K(1095680K)
[2022-03-27T21:14:39.214+0800][2730.557s] GC(1503) Pause Young (Allocation Failure) 148M->60M(490M) 3.348ms
[2022-03-27T21:14:39.214+0800][2730.557s] GC(1503) User=0.02s Sys=0.00s Real=0.00s
[2022-03-27T21:14:39.278+0800][2730.621s] GC(1504) Pause Young (Allocation Failure)
[2022-03-27T21:14:39.278+0800][2730.621s] GC(1504) Using 4 workers of 4 for evacuation
[2022-03-27T21:14:39.281+0800][2730.624s] GC(1504) ParNew: 93194K->4506K(109248K)
[2022-03-27T21:14:39.281+0800][2730.624s] GC(1504) CMS: 56579K->57366K(393216K)
[2022-03-27T21:14:39.281+0800][2730.624s] GC(1504) Metaspace: 50805K->50805K(1095680K)
[2022-03-27T21:14:39.281+0800][2730.624s] GC(1504) Pause Young (Allocation Failure) 146M->60M(490M) 3.038ms
[2022-03-27T21:14:39.281+0800][2730.624s] GC(1504) User=0.01s Sys=0.00s Real=0.01s
[2022-03-27T21:14:39.484+0800][2730.827s] GC(1505) Pause Young (Allocation Failure)
[2022-03-27T21:14:39.484+0800][2730.827s] GC(1505) Using 4 workers of 4 for evacuation
[2022-03-27T21:14:39.488+0800][2730.831s] GC(1505) ParNew: 91930K->6054K(109248K)
[2022-03-27T21:14:39.488+0800][2730.831s] GC(1505) CMS: 57366K->57561K(393216K)
[2022-03-27T21:14:39.488+0800][2730.831s] GC(1505) Metaspace: 50955K->50955K(1095680K)
[2022-03-27T21:14:39.488+0800][2730.831s] GC(1505) Pause Young (Allocation Failure) 145M->62M(490M) 3.802ms
[2022-03-27T21:14:39.488+0800][2730.831s] GC(1505) User=0.02s Sys=0.00s Real=0.00s
[2022-03-27T23:01:44.834+0800][9155.936s] GC(1506) Pause Young (Allocation Failure)
[2022-03-27T23:01:44.868+0800][9155.970s] GC(1506) Using 4 workers of 4 for evacuation
[2022-03-27T23:01:44.923+0800][9156.025s] GC(1506) ParNew: 93478K->8848K(109248K)
[2022-03-27T23:01:44.923+0800][9156.025s] GC(1506) CMS: 57561K->57568K(393216K)
[2022-03-27T23:01:44.923+0800][9156.025s] GC(1506) Metaspace: 51109K->51109K(1095680K)
[2022-03-27T23:01:44.923+0800][9156.025s] GC(1506) Pause Young (Allocation Failure) 147M->64M(490M) 89.613ms
[2022-03-27T23:01:44.923+0800][9156.025s] GC(1506) User=0.03s Sys=0.10s Real=0.09s
[2022-03-27T23:01:48.271+0800][9159.372s] GC(1507) Pause Young (Allocation Failure)
[2022-03-27T23:01:48.271+0800][9159.372s] GC(1507) Using 4 workers of 4 for evacuation
[2022-03-27T23:01:48.278+0800][9159.379s] GC(1507) ParNew: 96272K->12235K(109248K)
[2022-03-27T23:01:48.278+0800][9159.379s] GC(1507) CMS: 57568K->57574K(393216K)
[2022-03-27T23:01:48.278+0800][9159.379s] GC(1507) Metaspace: 51155K->51155K(1095680K)
[2022-03-27T23:01:48.278+0800][9159.379s] GC(1507) Pause Young (Allocation Failure) 150M->68M(490M) 7.112ms
[2022-03-27T23:01:48.278+0800][9159.379s] GC(1507) User=0.02s Sys=0.01s Real=0.00s
[2022-03-27T23:01:48.335+0800][9159.436s] GC(1508) Pause Young (Allocation Failure)
[2022-03-27T23:01:48.335+0800][9159.436s] GC(1508) Using 4 workers of 4 for evacuation
[2022-03-27T23:01:48.340+0800][9159.442s] GC(1508) ParNew: 99659K->12191K(109248K)
[2022-03-27T23:01:48.340+0800][9159.442s] GC(1508) CMS: 57574K->57614K(393216K)
[2022-03-27T23:01:48.340+0800][9159.442s] GC(1508) Metaspace: 51203K->51203K(1095680K)
[2022-03-27T23:01:48.340+0800][9159.442s] GC(1508) Pause Young (Allocation Failure) 153M->68M(490M) 5.561ms
[2022-03-27T23:01:48.340+0800][9159.442s] GC(1508) User=0.01s Sys=0.01s Real=0.01s
[2022-03-27T23:01:49.711+0800][9160.812s] GC(1509) Pause Young (Allocation Failure)
[2022-03-27T23:01:49.711+0800][9160.813s] GC(1509) Using 4 workers of 4 for evacuation
[2022-03-27T23:01:49.721+0800][9160.822s] GC(1509) ParNew: 99615K->14928K(109248K)
[2022-03-27T23:01:49.721+0800][9160.822s] GC(1509) CMS: 57614K->58243K(393216K)
[2022-03-27T23:01:49.721+0800][9160.822s] GC(1509) Metaspace: 51323K->51323K(1095680K)
[2022-03-27T23:01:49.721+0800][9160.822s] GC(1509) Pause Young (Allocation Failure) 153M->71M(490M) 10.031ms
[2022-03-27T23:01:49.721+0800][9160.822s] GC(1509) User=0.03s Sys=0.00s Real=0.01s
[2022-03-27T23:13:34.584+0800][9865.671s] GC(1510) Pause Young (Allocation Failure)
[2022-03-27T23:13:34.584+0800][9865.671s] GC(1510) Using 4 workers of 4 for evacuation
[2022-03-27T23:13:34.641+0800][9865.727s] GC(1510) ParNew: 102333K->18419K(109248K)
[2022-03-27T23:13:34.641+0800][9865.727s] GC(1510) CMS: 58243K->58485K(393216K)
[2022-03-27T23:13:34.641+0800][9865.727s] GC(1510) Metaspace: 51497K->51497K(1095680K)
[2022-03-27T23:13:34.641+0800][9865.727s] GC(1510) Pause Young (Allocation Failure) 156M->75M(490M) 56.822ms
[2022-03-27T23:13:34.641+0800][9865.727s] GC(1510) User=0.09s Sys=0.13s Real=0.06s
[2022-03-27T23:13:34.696+0800][9865.782s] GC(1511) Pause Young (Allocation Failure)
[2022-03-27T23:13:34.696+0800][9865.782s] GC(1511) Using 4 workers of 4 for evacuation
[2022-03-27T23:13:34.707+0800][9865.794s] GC(1511) ParNew: 105843K->12899K(109248K)
[2022-03-27T23:13:34.707+0800][9865.794s] GC(1511) CMS: 58485K->59872K(393216K)
[2022-03-27T23:13:34.707+0800][9865.794s] GC(1511) Metaspace: 51509K->51509K(1095680K)
[2022-03-27T23:13:34.707+0800][9865.794s] GC(1511) Pause Young (Allocation Failure) 160M->71M(490M) 11.541ms
[2022-03-27T23:13:34.707+0800][9865.794s] GC(1511) User=0.04s Sys=0.01s Real=0.01s
[2022-03-27T23:13:35.515+0800][9866.602s] GC(1512) Pause Young (Allocation Failure)
[2022-03-27T23:13:35.515+0800][9866.602s] GC(1512) Using 4 workers of 4 for evacuation
[2022-03-27T23:13:35.527+0800][9866.614s] GC(1512) ParNew: 100323K->20403K(109248K)
[2022-03-27T23:13:35.527+0800][9866.614s] GC(1512) CMS: 59872K->60021K(393216K)
[2022-03-27T23:13:35.527+0800][9866.614s] GC(1512) Metaspace: 51564K->51564K(1095680K)
[2022-03-27T23:13:35.527+0800][9866.614s] GC(1512) Pause Young (Allocation Failure) 156M->78M(490M) 11.936ms
[2022-03-27T23:13:35.527+0800][9866.614s] GC(1512) User=0.05s Sys=0.00s Real=0.01s
[2022-03-27T23:18:00.151+0800][10131.232s] GC(1513) Pause Young (Allocation Failure)
[2022-03-27T23:18:00.152+0800][10131.233s] GC(1513) Using 4 workers of 4 for evacuation
[2022-03-27T23:18:00.213+0800][10131.294s] GC(1513) ParNew: 107827K->20589K(109248K)
[2022-03-27T23:18:00.213+0800][10131.294s] GC(1513) CMS: 60021K->61440K(393216K)
[2022-03-27T23:18:00.213+0800][10131.294s] GC(1513) Metaspace: 51629K->51629K(1095680K)
[2022-03-27T23:18:00.213+0800][10131.294s] GC(1513) Pause Young (Allocation Failure) 163M->80M(490M) 61.310ms
[2022-03-27T23:18:00.213+0800][10131.294s] GC(1513) User=0.11s Sys=0.14s Real=0.06s
[2022-03-27T23:18:00.275+0800][10131.356s] GC(1514) Pause Young (Allocation Failure)
[2022-03-27T23:18:00.275+0800][10131.356s] GC(1514) Using 4 workers of 4 for evacuation
[2022-03-27T23:18:00.288+0800][10131.369s] GC(1514) ParNew: 108013K->14538K(109248K)
[2022-03-27T23:18:00.288+0800][10131.369s] GC(1514) CMS: 61440K->63838K(393216K)
[2022-03-27T23:18:00.288+0800][10131.369s] GC(1514) Metaspace: 51646K->51646K(1095680K)
[2022-03-27T23:18:00.288+0800][10131.369s] GC(1514) Pause Young (Allocation Failure) 165M->76M(490M) 12.497ms
[2022-03-27T23:18:00.288+0800][10131.369s] GC(1514) User=0.03s Sys=0.01s Real=0.01s
[2022-03-27T23:18:01.042+0800][10132.123s] GC(1515) Pause Young (Allocation Failure)
[2022-03-27T23:18:01.042+0800][10132.123s] GC(1515) Using 4 workers of 4 for evacuation
[2022-03-27T23:18:01.054+0800][10132.135s] GC(1515) ParNew: 101962K->21267K(109248K)
[2022-03-27T23:18:01.054+0800][10132.135s] GC(1515) CMS: 63838K->64697K(393216K)
[2022-03-27T23:18:01.055+0800][10132.135s] GC(1515) Metaspace: 51679K->51679K(1095680K)
[2022-03-27T23:18:01.055+0800][10132.135s] GC(1515) Pause Young (Allocation Failure) 161M->83M(490M) 12.251ms
[2022-03-27T23:18:01.055+0800][10132.136s] GC(1515) User=0.05s Sys=0.01s Real=0.01s
[2022-03-27T23:22:53.774+0800][10424.848s] GC(1516) Pause Young (Allocation Failure)
[2022-03-27T23:22:53.774+0800][10424.849s] GC(1516) Using 4 workers of 4 for evacuation
[2022-03-27T23:22:53.781+0800][10424.856s] GC(1516) ParNew: 108675K->18394K(109248K)
[2022-03-27T23:22:53.781+0800][10424.856s] GC(1516) CMS: 64697K->64848K(393216K)
[2022-03-27T23:22:53.781+0800][10424.856s] GC(1516) Metaspace: 51755K->51755K(1095680K)
[2022-03-27T23:22:53.781+0800][10424.856s] GC(1516) Pause Young (Allocation Failure) 169M->81M(490M) 7.554ms
[2022-03-27T23:22:53.781+0800][10424.856s] GC(1516) User=0.02s Sys=0.00s Real=0.01s
[2022-03-27T23:22:53.807+0800][10424.882s] GC(1517) Pause Young (Allocation Failure)
[2022-03-27T23:22:53.807+0800][10424.882s] GC(1517) Using 4 workers of 4 for evacuation
[2022-03-27T23:22:53.816+0800][10424.891s] GC(1517) ParNew: 105818K->18937K(109248K)
[2022-03-27T23:22:53.816+0800][10424.891s] GC(1517) CMS: 64848K->68613K(393216K)
[2022-03-27T23:22:53.816+0800][10424.891s] GC(1517) Metaspace: 51761K->51761K(1095680K)
[2022-03-27T23:22:53.816+0800][10424.891s] GC(1517) Pause Young (Allocation Failure) 166M->85M(490M) 9.092ms
[2022-03-27T23:22:53.816+0800][10424.891s] GC(1517) User=0.02s Sys=0.01s Real=0.01s
[2022-03-27T23:22:54.321+0800][10425.396s] GC(1518) Pause Young (Allocation Failure)
[2022-03-27T23:22:54.322+0800][10425.396s] GC(1518) Using 4 workers of 4 for evacuation
[2022-03-27T23:22:54.329+0800][10425.403s] GC(1518) ParNew: 106361K->14788K(109248K)
[2022-03-27T23:22:54.329+0800][10425.404s] GC(1518) CMS: 68613K->69357K(393216K)
[2022-03-27T23:22:54.329+0800][10425.404s] GC(1518) Metaspace: 51790K->51790K(1095680K)
[2022-03-27T23:22:54.329+0800][10425.404s] GC(1518) Pause Young (Allocation Failure) 170M->82M(490M) 7.331ms
[2022-03-27T23:22:54.329+0800][10425.404s] GC(1518) User=0.03s Sys=0.01s Real=0.00s
[2022-03-27T23:36:13.241+0800][11224.329s] GC(1519) Pause Young (Allocation Failure)
[2022-03-27T23:36:13.242+0800][11224.330s] GC(1519) Using 4 workers of 4 for evacuation
[2022-03-27T23:36:13.308+0800][11224.396s] GC(1519) ParNew: 102212K->21345K(109248K)
[2022-03-27T23:36:13.308+0800][11224.396s] GC(1519) CMS: 69357K->69455K(393216K)
[2022-03-27T23:36:13.308+0800][11224.396s] GC(1519) Metaspace: 51837K->51837K(1095680K)
[2022-03-27T23:36:13.308+0800][11224.396s] GC(1519) Pause Young (Allocation Failure) 167M->88M(490M) 66.651ms
[2022-03-27T23:36:13.308+0800][11224.396s] GC(1519) User=0.05s Sys=0.15s Real=0.06s
[2022-03-27T23:36:13.384+0800][11224.472s] GC(1520) Pause Young (Allocation Failure)
[2022-03-27T23:36:13.384+0800][11224.472s] GC(1520) Using 4 workers of 4 for evacuation
[2022-03-27T23:36:13.452+0800][11224.539s] GC(1520) ParNew: 108769K->15445K(109248K)
[2022-03-27T23:36:13.452+0800][11224.539s] GC(1520) CMS: 69455K->72691K(393216K)
[2022-03-27T23:36:13.452+0800][11224.539s] GC(1520) Metaspace: 51847K->51847K(1095680K)
[2022-03-27T23:36:13.452+0800][11224.539s] GC(1520) Pause Young (Allocation Failure) 174M->86M(490M) 67.334ms
[2022-03-27T23:36:13.452+0800][11224.540s] GC(1520) User=0.04s Sys=0.03s Real=0.07s
[2022-03-27T23:36:14.043+0800][11225.131s] GC(1521) Pause Young (Allocation Failure)
[2022-03-27T23:36:14.043+0800][11225.131s] GC(1521) Using 4 workers of 4 for evacuation
[2022-03-27T23:36:14.059+0800][11225.147s] GC(1521) ParNew: 102869K->14387K(109248K)
[2022-03-27T23:36:14.059+0800][11225.147s] GC(1521) CMS: 72691K->73385K(393216K)
[2022-03-27T23:36:14.059+0800][11225.147s] GC(1521) Metaspace: 51884K->51884K(1095680K)
[2022-03-27T23:36:14.059+0800][11225.147s] GC(1521) Pause Young (Allocation Failure) 171M->85M(490M) 15.689ms
[2022-03-27T23:36:14.059+0800][11225.147s] GC(1521) User=0.02s Sys=0.01s Real=0.01s
[2022-03-28T00:27:05.204+0800][14276.202s] GC(1522) Pause Young (Allocation Failure)
[2022-03-28T00:27:05.208+0800][14276.205s] GC(1522) Using 4 workers of 4 for evacuation
[2022-03-28T00:27:05.311+0800][14276.309s] GC(1522) ParNew: 101811K->17336K(109248K)
[2022-03-28T00:27:05.311+0800][14276.309s] GC(1522) CMS: 73385K->73480K(393216K)
[2022-03-28T00:27:05.311+0800][14276.309s] GC(1522) Metaspace: 51941K->51941K(1097728K)
[2022-03-28T00:27:05.311+0800][14276.309s] GC(1522) Pause Young (Allocation Failure) 171M->88M(490M) 106.769ms
[2022-03-28T00:27:05.311+0800][14276.309s] GC(1522) User=0.06s Sys=0.18s Real=0.11s
[2022-03-28T00:27:06.595+0800][14277.593s] GC(1523) Pause Young (Allocation Failure)
[2022-03-28T00:27:06.595+0800][14277.593s] GC(1523) Using 4 workers of 4 for evacuation
[2022-03-28T00:27:06.644+0800][14277.642s] GC(1523) ParNew: 104760K->13054K(109248K)
[2022-03-28T00:27:06.644+0800][14277.642s] GC(1523) CMS: 73480K->75915K(393216K)
[2022-03-28T00:27:06.644+0800][14277.642s] GC(1523) Metaspace: 51949K->51949K(1097728K)
[2022-03-28T00:27:06.645+0800][14277.642s] GC(1523) Pause Young (Allocation Failure) 174M->86M(490M) 49.404ms
[2022-03-28T00:27:06.645+0800][14277.642s] GC(1523) User=0.04s Sys=0.03s Real=0.05s
[2022-03-28T00:27:06.704+0800][14277.702s] GC(1524) Pause Young (Allocation Failure)
[2022-03-28T00:27:06.705+0800][14277.702s] GC(1524) Using 4 workers of 4 for evacuation
[2022-03-28T00:27:06.733+0800][14277.731s] GC(1524) ParNew: 100478K->19340K(109248K)
[2022-03-28T00:27:06.733+0800][14277.731s] GC(1524) CMS: 75915K->77388K(393216K)
[2022-03-28T00:27:06.733+0800][14277.731s] GC(1524) Metaspace: 51952K->51952K(1097728K)
[2022-03-28T00:27:06.733+0800][14277.731s] GC(1524) Pause Young (Allocation Failure) 172M->94M(490M) 28.675ms
[2022-03-28T00:27:06.733+0800][14277.731s] GC(1524) User=0.03s Sys=0.02s Real=0.03s
[2022-03-28T00:27:11.124+0800][14282.121s] GC(1525) Pause Young (Allocation Failure)
[2022-03-28T00:27:11.124+0800][14282.121s] GC(1525) Using 4 workers of 4 for evacuation
[2022-03-28T00:27:11.140+0800][14282.138s] GC(1525) ParNew: 106764K->18019K(109248K)
[2022-03-28T00:27:11.140+0800][14282.138s] GC(1525) CMS: 77388K->77478K(393216K)
[2022-03-28T00:27:11.140+0800][14282.138s] GC(1525) Metaspace: 51968K->51968K(1097728K)
[2022-03-28T00:27:11.140+0800][14282.138s] GC(1525) Pause Young (Allocation Failure) 179M->93M(490M) 16.752ms
[2022-03-28T00:27:11.140+0800][14282.138s] GC(1525) User=0.04s Sys=0.01s Real=0.02s
[2022-03-28T10:52:37.737+0800][18869.840s] GC(1526) Pause Young (Allocation Failure)
[2022-03-28T10:52:37.743+0800][18869.846s] GC(1526) Using 4 workers of 4 for evacuation
[2022-03-28T10:52:37.801+0800][18869.903s] GC(1526) ParNew: 105440K->16190K(109248K)
[2022-03-28T10:52:37.801+0800][18869.903s] GC(1526) CMS: 77478K->79095K(393216K)
[2022-03-28T10:52:37.801+0800][18869.903s] GC(1526) Metaspace: 52307K->52307K(1097728K)
[2022-03-28T10:52:37.801+0800][18869.903s] GC(1526) Pause Young (Allocation Failure) 178M->93M(490M) 64.867ms
[2022-03-28T10:52:37.801+0800][18869.903s] GC(1526) User=0.04s Sys=0.11s Real=0.07s
[2022-03-28T10:52:37.908+0800][18870.010s] GC(1527) Pause Young (Allocation Failure)
[2022-03-28T10:52:37.908+0800][18870.010s] GC(1527) Using 4 workers of 4 for evacuation
[2022-03-28T10:52:37.950+0800][18870.053s] GC(1527) ParNew: 103614K->20225K(109248K)
[2022-03-28T10:52:37.950+0800][18870.053s] GC(1527) CMS: 79095K->81388K(393216K)
[2022-03-28T10:52:37.950+0800][18870.053s] GC(1527) Metaspace: 52349K->52349K(1097728K)
[2022-03-28T10:52:37.950+0800][18870.053s] GC(1527) Pause Young (Allocation Failure) 178M->99M(490M) 42.413ms
[2022-03-28T10:52:37.950+0800][18870.053s] GC(1527) User=0.03s Sys=0.02s Real=0.05s
[2022-03-28T10:52:38.374+0800][18870.477s] GC(1528) Pause Young (Allocation Failure)
[2022-03-28T10:52:38.374+0800][18870.477s] GC(1528) Using 4 workers of 4 for evacuation
[2022-03-28T10:52:38.381+0800][18870.484s] GC(1528) ParNew: 107649K->16114K(109248K)
[2022-03-28T10:52:38.381+0800][18870.484s] GC(1528) CMS: 81388K->81472K(393216K)
[2022-03-28T10:52:38.381+0800][18870.484s] GC(1528) Metaspace: 52368K->52368K(1097728K)
[2022-03-28T10:52:38.381+0800][18870.484s] GC(1528) Pause Young (Allocation Failure) 184M->95M(490M) 6.796ms
[2022-03-28T10:52:38.381+0800][18870.484s] GC(1528) User=0.02s Sys=0.01s Real=0.01s
[2022-03-28T11:48:07.374+0800][22149.466s] GC(1529) Pause Young (Allocation Failure)
[2022-03-28T11:48:07.375+0800][22149.467s] GC(1529) Using 4 workers of 4 for evacuation
[2022-03-28T11:48:07.443+0800][22149.534s] GC(1529) ParNew: 103538K->21824K(109248K)
[2022-03-28T11:48:07.443+0800][22149.534s] GC(1529) CMS: 81472K->82513K(393216K)
[2022-03-28T11:48:07.443+0800][22149.534s] GC(1529) Metaspace: 52373K->52373K(1097728K)
[2022-03-28T11:48:07.443+0800][22149.535s] GC(1529) Pause Young (Allocation Failure) 180M->101M(490M) 71.702ms
[2022-03-28T11:48:07.443+0800][22149.535s] GC(1529) User=0.04s Sys=0.16s Real=0.07s
[2022-03-28T13:27:23.225+0800][24857.775s] Heap
[2022-03-28T13:27:23.225+0800][24857.776s]  par new generation   total 109248K, used 50488K [0x00000007e0000000, 0x00000007e8000000, 0x00000007e8000000)
[2022-03-28T13:27:23.226+0800][24857.776s]   eden space 87424K,  32% used [0x00000007e0000000, 0x00000007e1bfe370, 0x00000007e5560000)
[2022-03-28T13:27:23.226+0800][24857.776s]   from space 21824K, 100% used [0x00000007e6ab0000, 0x00000007e8000000, 0x00000007e8000000)
[2022-03-28T13:27:23.226+0800][24857.776s]   to   space 21824K,   0% used [0x00000007e5560000, 0x00000007e5560000, 0x00000007e6ab0000)
[2022-03-28T13:27:23.226+0800][24857.776s]  concurrent mark-sweep generation total 393216K, used 82513K [0x00000007e8000000, 0x0000000800000000, 0x0000000800000000)
[2022-03-28T13:27:23.226+0800][24857.776s]  Metaspace       used 52470K, capacity 53593K, committed 53956K, reserved 1097728K
[2022-03-28T13:27:23.226+0800][24857.776s]   class space    used 5682K, capacity 6064K, committed 6140K, reserved 1048576K
