[2022-03-28T13:48:35.984+0800][0.011s] Using Concurrent Mark Sweep
[2022-03-28T13:48:35.984+0800][0.011s] Heap address: 0x00000007e0000000, size: 512 MB, Compressed Oops mode: Zero based, Oop shift amount: 3
[2022-03-28T13:48:38.313+0800][2.341s] GC(0) Pause Young (Allocation Failure)
[2022-03-28T13:48:38.313+0800][2.341s] GC(0) Using 4 workers of 4 for evacuation
[2022-03-28T13:48:38.322+0800][2.349s] GC(0) ParNew: 87424K->10272K(109248K)
[2022-03-28T13:48:38.322+0800][2.349s] GC(0) CMS: 0K->0K(393216K)
[2022-03-28T13:48:38.322+0800][2.349s] GC(0) Metaspace: 14524K->14524K(1062912K)
[2022-03-28T13:48:38.322+0800][2.350s] GC(0) Pause Young (Allocation Failure) 85M->10M(490M) 8.609ms
[2022-03-28T13:48:38.322+0800][2.350s] GC(0) User=0.02s Sys=0.01s Real=0.01s
[2022-03-28T13:48:39.212+0800][3.239s] GC(1) Pause Young (Allocation Failure)
[2022-03-28T13:48:39.212+0800][3.239s] GC(1) Using 4 workers of 4 for evacuation
[2022-03-28T13:48:39.223+0800][3.250s] GC(1) ParNew: 97696K->14600K(109248K)
[2022-03-28T13:48:39.223+0800][3.250s] GC(1) CMS: 0K->0K(393216K)
[2022-03-28T13:48:39.223+0800][3.250s] GC(1) Metaspace: 23352K->23352K(1071104K)
[2022-03-28T13:48:39.223+0800][3.250s] GC(1) Pause Young (Allocation Failure) 95M->14M(490M) 10.954ms
[2022-03-28T13:48:39.223+0800][3.250s] GC(1) User=0.04s Sys=0.01s Real=0.01s
[2022-03-28T13:48:39.223+0800][3.251s] GC(2) Pause Initial Mark
[2022-03-28T13:48:39.226+0800][3.253s] GC(2) Pause Initial Mark 15M->15M(490M) 2.632ms
[2022-03-28T13:48:39.226+0800][3.253s] GC(2) User=0.00s Sys=0.00s Real=0.00s
[2022-03-28T13:48:39.226+0800][3.253s] GC(2) Concurrent Mark
[2022-03-28T13:48:39.226+0800][3.254s] GC(2) Using 4 workers of 4 for marking
[2022-03-28T13:48:39.226+0800][3.254s] GC(2) Concurrent Mark 0.409ms
[2022-03-28T13:48:39.226+0800][3.254s] GC(2) User=0.01s Sys=0.00s Real=0.00s
[2022-03-28T13:48:39.226+0800][3.254s] GC(2) Concurrent Preclean
[2022-03-28T13:48:39.227+0800][3.255s] GC(2) Concurrent Preclean 0.887ms
[2022-03-28T13:48:39.227+0800][3.255s] GC(2) User=0.00s Sys=0.00s Real=0.00s
[2022-03-28T13:48:39.227+0800][3.255s] GC(2) Pause Remark
[2022-03-28T13:48:39.235+0800][3.263s] GC(2) Pause Remark 15M->15M(490M) 7.808ms
[2022-03-28T13:48:39.235+0800][3.263s] GC(2) User=0.02s Sys=0.00s Real=0.01s
[2022-03-28T13:48:39.235+0800][3.263s] GC(2) Concurrent Sweep
[2022-03-28T13:48:39.236+0800][3.263s] GC(3) Pause Young (GCLocker Initiated GC)
[2022-03-28T13:48:39.236+0800][3.263s] GC(3) Using 4 workers of 4 for evacuation
[2022-03-28T13:48:39.243+0800][3.271s] GC(3) ParNew: 16189K->18326K(109248K)
[2022-03-28T13:48:39.243+0800][3.271s] GC(3) CMS: 0K->0K(393216K)
[2022-03-28T13:48:39.243+0800][3.271s] GC(3) Metaspace: 23357K->23357K(1071104K)
[2022-03-28T13:48:39.243+0800][3.271s] GC(3) Pause Young (GCLocker Initiated GC) 15M->17M(490M) 7.382ms
[2022-03-28T13:48:39.243+0800][3.271s] GC(3) User=0.02s Sys=0.00s Real=0.01s
[2022-03-28T13:48:39.243+0800][3.271s] GC(2) Concurrent Sweep 7.902ms
[2022-03-28T13:48:39.243+0800][3.271s] GC(2) User=0.02s Sys=0.00s Real=0.01s
[2022-03-28T13:48:39.244+0800][3.271s] GC(2) Concurrent Reset
[2022-03-28T13:48:39.248+0800][3.276s] GC(2) Concurrent Reset 4.388ms
[2022-03-28T13:48:39.248+0800][3.276s] GC(2) User=0.01s Sys=0.01s Real=0.00s
[2022-03-28T13:48:39.248+0800][3.276s] GC(2) Old: 0K->0K(393216K)
[2022-03-28T13:48:39.849+0800][3.876s] GC(4) Pause Young (Allocation Failure)
[2022-03-28T13:48:39.849+0800][3.877s] GC(4) Using 4 workers of 4 for evacuation
[2022-03-28T13:48:39.858+0800][3.885s] GC(4) ParNew: 105750K->21613K(109248K)
[2022-03-28T13:48:39.858+0800][3.886s] GC(4) CMS: 0K->0K(393216K)
[2022-03-28T13:48:39.858+0800][3.886s] GC(4) Metaspace: 27264K->27264K(1073152K)
[2022-03-28T13:48:39.858+0800][3.886s] GC(4) Pause Young (Allocation Failure) 103M->21M(490M) 9.048ms
[2022-03-28T13:48:39.858+0800][3.886s] GC(4) User=0.03s Sys=0.00s Real=0.01s
[2022-03-28T13:48:40.013+0800][4.041s] GC(5) Pause Young (Allocation Failure)
[2022-03-28T13:48:40.013+0800][4.041s] GC(5) Using 4 workers of 4 for evacuation
[2022-03-28T13:48:40.023+0800][4.050s] GC(5) ParNew: 109037K->21824K(109248K)
[2022-03-28T13:48:40.023+0800][4.050s] GC(5) CMS: 0K->212K(393216K)
[2022-03-28T13:48:40.023+0800][4.050s] GC(5) Metaspace: 28430K->28430K(1075200K)
[2022-03-28T13:48:40.023+0800][4.050s] GC(5) Pause Young (Allocation Failure) 106M->21M(490M) 9.552ms
[2022-03-28T13:48:40.023+0800][4.051s] GC(5) User=0.04s Sys=0.00s Real=0.01s
[2022-03-28T13:48:40.385+0800][4.413s] GC(6) Pause Young (Allocation Failure)
[2022-03-28T13:48:40.385+0800][4.413s] GC(6) Using 4 workers of 4 for evacuation
[2022-03-28T13:48:40.393+0800][4.421s] GC(6) ParNew: 109248K->21824K(109248K)
[2022-03-28T13:48:40.393+0800][4.421s] GC(6) CMS: 212K->212K(393216K)
[2022-03-28T13:48:40.393+0800][4.421s] GC(6) Metaspace: 31089K->31089K(1077248K)
[2022-03-28T13:48:40.393+0800][4.421s] GC(6) Pause Young (Allocation Failure) 106M->21M(490M) 7.868ms
[2022-03-28T13:48:40.393+0800][4.421s] GC(6) User=0.03s Sys=0.00s Real=0.01s
[2022-03-28T13:48:40.749+0800][4.776s] GC(7) Pause Young (Allocation Failure)
[2022-03-28T13:48:40.749+0800][4.777s] GC(7) Using 4 workers of 4 for evacuation
[2022-03-28T13:48:40.758+0800][4.786s] GC(7) ParNew: 109248K->21824K(109248K)
[2022-03-28T13:48:40.758+0800][4.786s] GC(7) CMS: 212K->1529K(393216K)
[2022-03-28T13:48:40.758+0800][4.786s] GC(7) Metaspace: 34865K->34865K(1081344K)
[2022-03-28T13:48:40.758+0800][4.786s] GC(7) Pause Young (Allocation Failure) 106M->22M(490M) 9.523ms
[2022-03-28T13:48:40.758+0800][4.786s] GC(7) User=0.03s Sys=0.00s Real=0.01s
[2022-03-28T13:48:49.100+0800][13.127s] GC(8) Pause Young (Allocation Failure)
[2022-03-28T13:48:49.100+0800][13.128s] GC(8) Using 4 workers of 4 for evacuation
[2022-03-28T13:48:49.118+0800][13.145s] GC(8) ParNew: 109248K->21824K(109248K)
[2022-03-28T13:48:49.118+0800][13.146s] GC(8) CMS: 1529K->8055K(393216K)
[2022-03-28T13:48:49.118+0800][13.146s] GC(8) Metaspace: 39081K->39081K(1085440K)
[2022-03-28T13:48:49.118+0800][13.146s] GC(8) Pause Young (Allocation Failure) 108M->29M(490M) 18.283ms
[2022-03-28T13:48:49.118+0800][13.146s] GC(8) User=0.06s Sys=0.01s Real=0.01s
[2022-03-28T13:48:49.118+0800][13.146s] GC(9) Pause Initial Mark
[2022-03-28T13:48:49.121+0800][13.148s] GC(9) Pause Initial Mark 29M->29M(490M) 2.521ms
[2022-03-28T13:48:49.121+0800][13.148s] GC(9) User=0.01s Sys=0.00s Real=0.01s
[2022-03-28T13:48:49.121+0800][13.148s] GC(9) Concurrent Mark
[2022-03-28T13:48:49.121+0800][13.148s] GC(9) Using 4 workers of 4 for marking
[2022-03-28T13:48:49.125+0800][13.153s] GC(9) Concurrent Mark 4.470ms
[2022-03-28T13:48:49.126+0800][13.153s] GC(9) User=0.01s Sys=0.00s Real=0.00s
[2022-03-28T13:48:49.126+0800][13.153s] GC(9) Concurrent Preclean
[2022-03-28T13:48:49.126+0800][13.154s] GC(9) Concurrent Preclean 0.519ms
[2022-03-28T13:48:49.126+0800][13.154s] GC(9) User=0.00s Sys=0.00s Real=0.00s
[2022-03-28T13:48:49.126+0800][13.154s] GC(9) Pause Remark
[2022-03-28T13:48:49.126+0800][13.154s] GC(10) Pause Young (CMS Final Remark)
[2022-03-28T13:48:49.126+0800][13.154s] GC(10) Using 4 workers of 4 for evacuation
[2022-03-28T13:48:49.138+0800][13.166s] GC(10) ParNew: 23030K->21824K(109248K)
[2022-03-28T13:48:49.138+0800][13.166s] GC(10) CMS: 8055K->16472K(393216K)
[2022-03-28T13:48:49.138+0800][13.166s] GC(10) Metaspace: 39153K->39153K(1085440K)
[2022-03-28T13:48:49.138+0800][13.166s] GC(10) Pause Young (CMS Final Remark) 30M->37M(490M) 12.130ms
[2022-03-28T13:48:49.138+0800][13.166s] GC(10) User=0.04s Sys=0.01s Real=0.01s
[2022-03-28T13:48:49.148+0800][13.175s] GC(9) Pause Remark 30M->37M(490M) 21.729ms
[2022-03-28T13:48:49.148+0800][13.175s] GC(9) User=0.06s Sys=0.01s Real=0.02s
[2022-03-28T13:48:49.148+0800][13.176s] GC(9) Concurrent Sweep
[2022-03-28T13:48:49.152+0800][13.179s] GC(9) Concurrent Sweep 3.914ms
[2022-03-28T13:48:49.152+0800][13.179s] GC(9) User=0.01s Sys=0.00s Real=0.01s
[2022-03-28T13:48:49.152+0800][13.180s] GC(9) Concurrent Reset
[2022-03-28T13:48:49.155+0800][13.183s] GC(9) Concurrent Reset 3.246ms
[2022-03-28T13:48:49.155+0800][13.183s] GC(9) User=0.01s Sys=0.00s Real=0.00s
[2022-03-28T13:48:49.155+0800][13.183s] GC(9) Old: 8055K->16471K(393216K)
[2022-03-28T15:55:41.761+0800][7625.587s] GC(11) Pause Young (Allocation Failure)
[2022-03-28T15:55:41.766+0800][7625.590s] GC(11) Using 4 workers of 4 for evacuation
[2022-03-28T15:55:41.864+0800][7625.688s] GC(11) ParNew: 109248K->14874K(109248K)
[2022-03-28T15:55:41.864+0800][7625.688s] GC(11) CMS: 16471K->18666K(393216K)
[2022-03-28T15:55:41.864+0800][7625.688s] GC(11) Metaspace: 40446K->40446K(1085440K)
[2022-03-28T15:55:41.864+0800][7625.688s] GC(11) Pause Young (Allocation Failure) 122M->32M(490M) 102.990ms
[2022-03-28T15:55:41.864+0800][7625.688s] GC(11) User=0.05s Sys=0.16s Real=0.10s
[2022-03-28T18:28:44.971+0800][16808.565s] GC(12) Pause Young (Allocation Failure)
[2022-03-28T18:28:44.979+0800][16808.572s] GC(12) Using 4 workers of 4 for evacuation
[2022-03-28T18:28:45.027+0800][16808.621s] GC(12) ParNew: 102298K->19638K(109248K)
[2022-03-28T18:28:45.027+0800][16808.621s] GC(12) CMS: 18666K->18668K(393216K)
[2022-03-28T18:28:45.027+0800][16808.621s] GC(12) Metaspace: 40784K->40784K(1085440K)
[2022-03-28T18:28:45.027+0800][16808.621s] GC(12) Pause Young (Allocation Failure) 118M->37M(490M) 58.363ms
[2022-03-28T18:28:45.027+0800][16808.621s] GC(12) User=0.03s Sys=0.10s Real=0.06s
[2022-03-29T10:45:05.253+0800][26055.325s] GC(13) Pause Young (Allocation Failure)
[2022-03-29T10:45:05.263+0800][26055.335s] GC(13) Using 4 workers of 4 for evacuation
[2022-03-29T10:45:05.366+0800][26055.437s] GC(13) ParNew: 107062K->11875K(109248K)
[2022-03-29T10:45:05.366+0800][26055.437s] GC(13) CMS: 18668K->23594K(393216K)
[2022-03-29T10:45:05.366+0800][26055.437s] GC(13) Metaspace: 40985K->40985K(1085440K)
[2022-03-29T10:45:05.367+0800][26055.438s] GC(13) Pause Young (Allocation Failure) 122M->34M(490M) 115.456ms
[2022-03-29T10:45:05.367+0800][26055.438s] GC(13) User=0.05s Sys=0.17s Real=0.11s
[2022-03-29T15:25:26.456+0800][36560.073s] GC(14) Pause Young (Allocation Failure)
[2022-03-29T15:25:26.463+0800][36560.079s] GC(14) Using 4 workers of 4 for evacuation
[2022-03-29T15:25:26.518+0800][36560.134s] GC(14) ParNew: 99299K->10623K(109248K)
[2022-03-29T15:25:26.518+0800][36560.134s] GC(14) CMS: 23594K->23779K(393216K)
[2022-03-29T15:25:26.518+0800][36560.134s] GC(14) Metaspace: 41020K->41020K(1085440K)
[2022-03-29T15:25:26.519+0800][36560.134s] GC(14) Pause Young (Allocation Failure) 120M->33M(490M) 63.803ms
[2022-03-29T15:25:26.519+0800][36560.134s] GC(14) User=0.04s Sys=0.09s Real=0.06s
[2022-03-29T21:48:42.364+0800][47246.382s] GC(15) Pause Young (Allocation Failure)
[2022-03-29T21:48:42.376+0800][47246.393s] GC(15) Using 4 workers of 4 for evacuation
[2022-03-29T21:48:42.564+0800][47246.581s] GC(15) ParNew: 98047K->11227K(109248K)
[2022-03-29T21:48:42.564+0800][47246.581s] GC(15) CMS: 23779K->24776K(393216K)
[2022-03-29T21:48:42.564+0800][47246.581s] GC(15) Metaspace: 41023K->41023K(1085440K)
[2022-03-29T21:48:42.566+0800][47246.582s] GC(15) Pause Young (Allocation Failure) 118M->35M(490M) 204.823ms
[2022-03-29T21:48:42.566+0800][47246.582s] GC(15) User=0.04s Sys=0.20s Real=0.20s
[2022-03-30T00:42:49.702+0800][57693.412s] GC(16) Pause Young (Allocation Failure)
[2022-03-30T00:42:49.718+0800][57693.425s] GC(16) Using 4 workers of 4 for evacuation
[2022-03-30T00:42:49.851+0800][57693.558s] GC(16) ParNew: 98651K->8383K(109248K)
[2022-03-30T00:42:49.851+0800][57693.558s] GC(16) CMS: 24776K->25586K(393216K)
[2022-03-30T00:42:49.851+0800][57693.558s] GC(16) Metaspace: 41023K->41023K(1085440K)
[2022-03-30T00:42:49.852+0800][57693.558s] GC(16) Pause Young (Allocation Failure) 120M->33M(490M) 152.506ms
[2022-03-30T00:42:49.852+0800][57693.558s] GC(16) User=0.04s Sys=0.17s Real=0.16s
[2022-03-30T11:45:44.857+0800][67809.373s] GC(17) Pause Young (Allocation Failure)
[2022-03-30T11:45:44.865+0800][67809.380s] GC(17) Using 4 workers of 4 for evacuation
[2022-03-30T11:45:44.916+0800][67809.431s] GC(17) ParNew: 95807K->5915K(109248K)
[2022-03-30T11:45:44.916+0800][67809.431s] GC(17) CMS: 25586K->30045K(393216K)
[2022-03-30T11:45:44.916+0800][67809.431s] GC(17) Metaspace: 41136K->41136K(1087488K)
[2022-03-30T11:45:44.916+0800][67809.431s] GC(17) Pause Young (Allocation Failure) 118M->35M(490M) 60.127ms
[2022-03-30T11:45:44.916+0800][67809.431s] GC(17) User=0.03s Sys=0.06s Real=0.06s
[2022-03-30T16:42:46.029+0800][78432.883s] GC(18) Pause Young (Allocation Failure)
[2022-03-30T16:42:46.035+0800][78432.888s] GC(18) Using 4 workers of 4 for evacuation
[2022-03-30T16:42:46.052+0800][78432.906s] GC(18) ParNew: 93339K->3207K(109248K)
[2022-03-30T16:42:46.052+0800][78432.906s] GC(18) CMS: 30045K->30052K(393216K)
[2022-03-30T16:42:46.053+0800][78432.906s] GC(18) Metaspace: 41139K->41139K(1087488K)
[2022-03-30T16:42:46.053+0800][78432.907s] GC(18) Pause Young (Allocation Failure) 120M->32M(490M) 24.716ms
[2022-03-30T16:42:46.053+0800][78432.907s] GC(18) User=0.01s Sys=0.03s Real=0.03s
[2022-03-31T00:15:08.258+0800][89177.733s] GC(19) Pause Young (Allocation Failure)
[2022-03-31T00:15:08.265+0800][89177.738s] GC(19) Using 4 workers of 4 for evacuation
[2022-03-31T00:15:08.324+0800][89177.798s] GC(19) ParNew: 90631K->2341K(109248K)
[2022-03-31T00:15:08.324+0800][89177.798s] GC(19) CMS: 30052K->30744K(393216K)
[2022-03-31T00:15:08.324+0800][89177.798s] GC(19) Metaspace: 41139K->41139K(1087488K)
[2022-03-31T00:15:08.325+0800][89177.798s] GC(19) Pause Young (Allocation Failure) 117M->32M(490M) 67.733ms
[2022-03-31T00:15:08.325+0800][89177.798s] GC(19) User=0.02s Sys=0.05s Real=0.07s
[2022-03-31T14:32:05.564+0800][99863.572s] GC(20) Pause Young (Allocation Failure)
[2022-03-31T14:32:05.572+0800][99863.579s] GC(20) Using 4 workers of 4 for evacuation
[2022-03-31T14:32:05.617+0800][99863.624s] GC(20) ParNew: 89765K->1658K(109248K)
[2022-03-31T14:32:05.617+0800][99863.624s] GC(20) CMS: 30744K->31235K(393216K)
[2022-03-31T14:32:05.617+0800][99863.625s] GC(20) Metaspace: 41139K->41139K(1087488K)
[2022-03-31T14:32:05.618+0800][99863.625s] GC(20) Pause Young (Allocation Failure) 117M->32M(490M) 54.468ms
[2022-03-31T14:32:05.618+0800][99863.625s] GC(20) User=0.02s Sys=0.06s Real=0.05s
[2022-03-31T22:49:41.400+0800][110607.183s] GC(21) Pause Young (Allocation Failure)
[2022-03-31T22:49:41.408+0800][110607.191s] GC(21) Using 4 workers of 4 for evacuation
[2022-03-31T22:49:41.450+0800][110607.232s] GC(21) ParNew: 89082K->675K(109248K)
[2022-03-31T22:49:41.450+0800][110607.233s] GC(21) CMS: 31235K->32229K(393216K)
[2022-03-31T22:49:41.450+0800][110607.233s] GC(21) Metaspace: 41139K->41139K(1087488K)
[2022-03-31T22:49:41.450+0800][110607.233s] GC(21) Pause Young (Allocation Failure) 117M->32M(490M) 51.612ms
[2022-03-31T22:49:41.450+0800][110607.233s] GC(21) User=0.02s Sys=0.06s Real=0.06s
